  Determining projects to restore...
  Restored /tmp/story66-counter-postgresql-35ux5jxk/samples/Hexalith.EventStore.Sample/Hexalith.EventStore.Sample.csproj (in 131 ms).
  Restored /tmp/story66-counter-postgresql-35ux5jxk/references/Hexalith.Commons/src/libraries/Hexalith.Commons.UniqueIds/Hexalith.Commons.UniqueIds.csproj (in 236 ms).
  Restored /tmp/story66-counter-postgresql-35ux5jxk/src/Hexalith.EventStore.Contracts/Hexalith.EventStore.Contracts.csproj (in 166 ms).
  Restored /home/administrator/projects/hexalith/eventstore/src/Hexalith.EventStore.Admin.Abstractions/Hexalith.EventStore.Admin.Abstractions.csproj (in 237 ms).
  Restored /tmp/story66-counter-postgresql-35ux5jxk/references/Hexalith.Tenants/src/Hexalith.Tenants.Contracts/Hexalith.Tenants.Contracts.csproj (in 237 ms).
  Restored /tmp/story66-counter-postgresql-35ux5jxk/src/Hexalith.EventStore.Gateway/Hexalith.EventStore.Gateway.csproj (in 189 ms).
  Restored /tmp/story66-counter-postgresql-35ux5jxk/src/Hexalith.EventStore/Hexalith.EventStore.csproj (in 259 ms).
  Restored /tmp/story66-counter-postgresql-35ux5jxk/src/Hexalith.EventStore.Testing/Hexalith.EventStore.Testing.csproj (in 259 ms).
  Restored /tmp/story66-counter-postgresql-35ux5jxk/src/Hexalith.EventStore.Server/Hexalith.EventStore.Server.csproj (in 190 ms).
  Restored /home/administrator/projects/hexalith/eventstore/src/Hexalith.EventStore.Gateway/Hexalith.EventStore.Gateway.csproj (in 191 ms).
  Restored /tmp/story66-counter-postgresql-35ux5jxk/src/Hexalith.EventStore.Testing.Integration/Hexalith.EventStore.Testing.Integration.csproj (in 204 ms).
  Restored /tmp/story66-counter-postgresql-35ux5jxk/tests/Hexalith.EventStore.Server.LiveSidecar.Tests/Hexalith.EventStore.Server.LiveSidecar.Tests.csproj (in 544 ms).
  8 of 20 projects are up-to-date for restore.
  Hexalith.Commons.UniqueIds -> /tmp/story66-counter-postgresql-35ux5jxk/references/Hexalith.Commons/src/libraries/Hexalith.Commons.UniqueIds/bin/Debug/net10.0/Hexalith.Commons.UniqueIds.dll
  Successfully created package '/home/administrator/projects/hexalith/eventstore/references/Hexalith.Commons/src/libraries/Hexalith.Commons.UniqueIds/bin/Debug/Hexalith.Commons.UniqueIds.1.0.0.nupkg'.
  Successfully created package '/home/administrator/projects/hexalith/eventstore/references/Hexalith.Commons/src/libraries/Hexalith.Commons.UniqueIds/bin/Debug/Hexalith.Commons.UniqueIds.1.0.0.snupkg'.
CSC : error CS0006: Metadata file '/tmp/story66-counter-postgresql-35ux5jxk/references/Hexalith.Commons/src/libraries/Hexalith.Commons.UniqueIds/obj/Debug/net10.0/ref/Hexalith.Commons.UniqueIds.dll' could not be found [/tmp/story66-counter-postgresql-35ux5jxk/src/Hexalith.EventStore.Contracts/Hexalith.EventStore.Contracts.csproj]
  Hexalith.EventStore.ServiceDefaults -> /tmp/story66-counter-postgresql-35ux5jxk/src/Hexalith.EventStore.ServiceDefaults/bin/Debug/net10.0/Hexalith.EventStore.ServiceDefaults.dll
  Hexalith.Commons.UniqueIds -> /tmp/story66-counter-postgresql-35ux5jxk/references/Hexalith.Commons/src/libraries/Hexalith.Commons.UniqueIds/bin/Debug/net10.0/Hexalith.Commons.UniqueIds.dll
  Successfully created package '/home/administrator/projects/hexalith/eventstore/references/Hexalith.Commons/src/libraries/Hexalith.Commons.UniqueIds/bin/Debug/Hexalith.Commons.UniqueIds.3.110.0.nupkg'.
  Successfully created package '/home/administrator/projects/hexalith/eventstore/references/Hexalith.Commons/src/libraries/Hexalith.Commons.UniqueIds/bin/Debug/Hexalith.Commons.UniqueIds.3.110.0.snupkg'.
  Hexalith.EventStore.Contracts -> /tmp/story66-counter-postgresql-35ux5jxk/src/Hexalith.EventStore.Contracts/bin/Debug/net10.0/Hexalith.EventStore.Contracts.dll
CSC : error CS0006: Metadata file '/tmp/story66-counter-postgresql-35ux5jxk/src/Hexalith.EventStore.Contracts/obj/Debug/net10.0/ref/Hexalith.EventStore.Contracts.dll' could not be found [/tmp/story66-counter-postgresql-35ux5jxk/references/Hexalith.Tenants/src/Hexalith.Tenants.Contracts/Hexalith.Tenants.Contracts.csproj]

Build FAILED.

CSC : error CS0006: Metadata file '/tmp/story66-counter-postgresql-35ux5jxk/references/Hexalith.Commons/src/libraries/Hexalith.Commons.UniqueIds/obj/Debug/net10.0/ref/Hexalith.Commons.UniqueIds.dll' could not be found [/tmp/story66-counter-postgresql-35ux5jxk/src/Hexalith.EventStore.Contracts/Hexalith.EventStore.Contracts.csproj]
CSC : error CS0006: Metadata file '/tmp/story66-counter-postgresql-35ux5jxk/src/Hexalith.EventStore.Contracts/obj/Debug/net10.0/ref/Hexalith.EventStore.Contracts.dll' could not be found [/tmp/story66-counter-postgresql-35ux5jxk/references/Hexalith.Tenants/src/Hexalith.Tenants.Contracts/Hexalith.Tenants.Contracts.csproj]
    0 Warning(s)
    2 Error(s)

Time Elapsed 00:00:04.53
