Validating isolated package-only consumer for Hexalith.EventStore.Contracts...
  Determining projects to restore...
  Restored /tmp/eventstore-package-consumer-uhnvw3it/PackageConsumer.csproj (in 748 ms).
  PackageConsumer -> /tmp/eventstore-package-consumer-uhnvw3it/bin/Release/net10.0/PackageConsumer.dll

Build succeeded.
    0 Warning(s)
    0 Error(s)

Time Elapsed 00:00:00.46
Validating isolated package-only consumer for Hexalith.EventStore.Client...
  Determining projects to restore...
  Restored /tmp/eventstore-package-consumer-kt81a6j1/PackageConsumer.csproj (in 2.37 sec).
  PackageConsumer -> /tmp/eventstore-package-consumer-kt81a6j1/bin/Release/net10.0/PackageConsumer.dll

Build succeeded.
    0 Warning(s)
    0 Error(s)

Time Elapsed 00:00:00.54
Validating isolated package-only consumer for Hexalith.EventStore.DomainService...
  Determining projects to restore...
  Restored /tmp/eventstore-package-consumer-w2fbbews/PackageConsumer.csproj (in 2.01 sec).
  PackageConsumer -> /tmp/eventstore-package-consumer-w2fbbews/bin/Release/net10.0/PackageConsumer.dll

Build succeeded.
    0 Warning(s)
    0 Error(s)

Time Elapsed 00:00:00.65
Validated 3 isolated package-only consumers and 0 isolated tool consumers at version 999.0.0-ci-test.
