pack-release-packages: normalized shared CI test version 0.0.0-ci-test to 999.0.0-ci-test for package dependency validation.
dotnet pack src/Hexalith.EventStore.Contracts/Hexalith.EventStore.Contracts.csproj --configuration Release --output /tmp/story-6-6-private-replay-packages -p:Version=999.0.0-ci-test -p:GeneratePackageOnBuild=false -p:UseHexalithProjectReferences=false
  Determining projects to restore...
  Restored /home/administrator/projects/hexalith/eventstore/src/Hexalith.EventStore.Contracts/Hexalith.EventStore.Contracts.csproj (in 194 ms).
  Hexalith.EventStore.Contracts -> /home/administrator/projects/hexalith/eventstore/src/Hexalith.EventStore.Contracts/bin/Release/net10.0/Hexalith.EventStore.Contracts.dll
  Successfully created package '/tmp/story-6-6-private-replay-packages/Hexalith.EventStore.Contracts.999.0.0-ci-test.nupkg'.
dotnet pack src/Hexalith.EventStore.Client/Hexalith.EventStore.Client.csproj --configuration Release --output /tmp/story-6-6-private-replay-packages -p:Version=999.0.0-ci-test -p:GeneratePackageOnBuild=false -p:UseHexalithProjectReferences=false
  Determining projects to restore...
  Restored /home/administrator/projects/hexalith/eventstore/src/Hexalith.EventStore.Client/Hexalith.EventStore.Client.csproj (in 270 ms).
  1 of 2 projects are up-to-date for restore.
  Hexalith.EventStore.Contracts -> /home/administrator/projects/hexalith/eventstore/src/Hexalith.EventStore.Contracts/bin/Release/net10.0/Hexalith.EventStore.Contracts.dll
  Hexalith.EventStore.Client -> /home/administrator/projects/hexalith/eventstore/src/Hexalith.EventStore.Client/bin/Release/net10.0/Hexalith.EventStore.Client.dll
  Successfully created package '/tmp/story-6-6-private-replay-packages/Hexalith.EventStore.Client.999.0.0-ci-test.nupkg'.
dotnet pack src/Hexalith.EventStore.Server/Hexalith.EventStore.Server.csproj --configuration Release --output /tmp/story-6-6-private-replay-packages -p:Version=999.0.0-ci-test -p:GeneratePackageOnBuild=false -p:UseHexalithProjectReferences=false
  Determining projects to restore...
  Restored /home/administrator/projects/hexalith/eventstore/src/Hexalith.EventStore.ServiceDefaults/Hexalith.EventStore.ServiceDefaults.csproj (in 247 ms).
  Restored /home/administrator/projects/hexalith/eventstore/src/Hexalith.EventStore.DomainService/Hexalith.EventStore.DomainService.csproj (in 251 ms).
  Restored /home/administrator/projects/hexalith/eventstore/src/Hexalith.EventStore.Server/Hexalith.EventStore.Server.csproj (in 248 ms).
  2 of 5 projects are up-to-date for restore.
  Hexalith.EventStore.Contracts -> /home/administrator/projects/hexalith/eventstore/src/Hexalith.EventStore.Contracts/bin/Release/net10.0/Hexalith.EventStore.Contracts.dll
  Hexalith.EventStore.Client -> /home/administrator/projects/hexalith/eventstore/src/Hexalith.EventStore.Client/bin/Release/net10.0/Hexalith.EventStore.Client.dll
  Hexalith.EventStore.ServiceDefaults -> /home/administrator/projects/hexalith/eventstore/src/Hexalith.EventStore.ServiceDefaults/bin/Release/net10.0/Hexalith.EventStore.ServiceDefaults.dll
  Hexalith.EventStore.DomainService -> /home/administrator/projects/hexalith/eventstore/src/Hexalith.EventStore.DomainService/bin/Release/net10.0/Hexalith.EventStore.DomainService.dll
  Hexalith.EventStore.Server -> /home/administrator/projects/hexalith/eventstore/src/Hexalith.EventStore.Server/bin/Release/net10.0/Hexalith.EventStore.Server.dll
  Successfully created package '/tmp/story-6-6-private-replay-packages/Hexalith.EventStore.Server.999.0.0-ci-test.nupkg'.
dotnet pack src/Hexalith.EventStore.SignalR/Hexalith.EventStore.SignalR.csproj --configuration Release --output /tmp/story-6-6-private-replay-packages -p:Version=999.0.0-ci-test -p:GeneratePackageOnBuild=false -p:UseHexalithProjectReferences=false
  Determining projects to restore...
  Restored /home/administrator/projects/hexalith/eventstore/src/Hexalith.EventStore.SignalR/Hexalith.EventStore.SignalR.csproj (in 269 ms).
  1 of 2 projects are up-to-date for restore.
  Hexalith.EventStore.Contracts -> /home/administrator/projects/hexalith/eventstore/src/Hexalith.EventStore.Contracts/bin/Release/net10.0/Hexalith.EventStore.Contracts.dll
  Hexalith.EventStore.SignalR -> /home/administrator/projects/hexalith/eventstore/src/Hexalith.EventStore.SignalR/bin/Release/net10.0/Hexalith.EventStore.SignalR.dll
  Successfully created package '/tmp/story-6-6-private-replay-packages/Hexalith.EventStore.SignalR.999.0.0-ci-test.nupkg'.
dotnet pack src/Hexalith.EventStore.Testing/Hexalith.EventStore.Testing.csproj --configuration Release --output /tmp/story-6-6-private-replay-packages -p:Version=999.0.0-ci-test -p:GeneratePackageOnBuild=false -p:UseHexalithProjectReferences=false
  Determining projects to restore...
  Restored /home/administrator/projects/hexalith/eventstore/src/Hexalith.EventStore.Testing/Hexalith.EventStore.Testing.csproj (in 227 ms).
  5 of 6 projects are up-to-date for restore.
  Hexalith.EventStore.Contracts -> /home/administrator/projects/hexalith/eventstore/src/Hexalith.EventStore.Contracts/bin/Release/net10.0/Hexalith.EventStore.Contracts.dll
  Hexalith.EventStore.ServiceDefaults -> /home/administrator/projects/hexalith/eventstore/src/Hexalith.EventStore.ServiceDefaults/bin/Release/net10.0/Hexalith.EventStore.ServiceDefaults.dll
  Hexalith.EventStore.Client -> /home/administrator/projects/hexalith/eventstore/src/Hexalith.EventStore.Client/bin/Release/net10.0/Hexalith.EventStore.Client.dll
  Hexalith.EventStore.DomainService -> /home/administrator/projects/hexalith/eventstore/src/Hexalith.EventStore.DomainService/bin/Release/net10.0/Hexalith.EventStore.DomainService.dll
  Hexalith.EventStore.Server -> /home/administrator/projects/hexalith/eventstore/src/Hexalith.EventStore.Server/bin/Release/net10.0/Hexalith.EventStore.Server.dll
  Hexalith.EventStore.Testing -> /home/administrator/projects/hexalith/eventstore/src/Hexalith.EventStore.Testing/bin/Release/net10.0/Hexalith.EventStore.Testing.dll
  Successfully created package '/tmp/story-6-6-private-replay-packages/Hexalith.EventStore.Testing.999.0.0-ci-test.nupkg'.
dotnet pack src/Hexalith.EventStore.Testing.Integration/Hexalith.EventStore.Testing.Integration.csproj --configuration Release --output /tmp/story-6-6-private-replay-packages -p:Version=999.0.0-ci-test -p:GeneratePackageOnBuild=false -p:UseHexalithProjectReferences=false
  Determining projects to restore...
  Restored /home/administrator/projects/hexalith/eventstore/src/Hexalith.EventStore.Testing.Integration/Hexalith.EventStore.Testing.Integration.csproj (in 250 ms).
  6 of 7 projects are up-to-date for restore.
  Hexalith.EventStore.Contracts -> /home/administrator/projects/hexalith/eventstore/src/Hexalith.EventStore.Contracts/bin/Release/net10.0/Hexalith.EventStore.Contracts.dll
  Hexalith.EventStore.Client -> /home/administrator/projects/hexalith/eventstore/src/Hexalith.EventStore.Client/bin/Release/net10.0/Hexalith.EventStore.Client.dll
  Hexalith.EventStore.ServiceDefaults -> /home/administrator/projects/hexalith/eventstore/src/Hexalith.EventStore.ServiceDefaults/bin/Release/net10.0/Hexalith.EventStore.ServiceDefaults.dll
  Hexalith.EventStore.DomainService -> /home/administrator/projects/hexalith/eventstore/src/Hexalith.EventStore.DomainService/bin/Release/net10.0/Hexalith.EventStore.DomainService.dll
  Hexalith.EventStore.Server -> /home/administrator/projects/hexalith/eventstore/src/Hexalith.EventStore.Server/bin/Release/net10.0/Hexalith.EventStore.Server.dll
  Hexalith.EventStore.Testing -> /home/administrator/projects/hexalith/eventstore/src/Hexalith.EventStore.Testing/bin/Release/net10.0/Hexalith.EventStore.Testing.dll
  Hexalith.EventStore.Testing.Integration -> /home/administrator/projects/hexalith/eventstore/src/Hexalith.EventStore.Testing.Integration/bin/Release/net10.0/Hexalith.EventStore.Testing.Integration.dll
  Successfully created package '/tmp/story-6-6-private-replay-packages/Hexalith.EventStore.Testing.Integration.999.0.0-ci-test.nupkg'.
dotnet pack src/Hexalith.EventStore.Aspire/Hexalith.EventStore.Aspire.csproj --configuration Release --output /tmp/story-6-6-private-replay-packages -p:Version=999.0.0-ci-test -p:GeneratePackageOnBuild=false -p:UseHexalithProjectReferences=false
  Determining projects to restore...
  Restored /home/administrator/projects/hexalith/eventstore/src/Hexalith.EventStore.Aspire/Hexalith.EventStore.Aspire.csproj (in 277 ms).
  Hexalith.EventStore.Aspire -> /home/administrator/projects/hexalith/eventstore/src/Hexalith.EventStore.Aspire/bin/Release/net10.0/Hexalith.EventStore.Aspire.dll
  Successfully created package '/tmp/story-6-6-private-replay-packages/Hexalith.EventStore.Aspire.999.0.0-ci-test.nupkg'.
dotnet pack src/Hexalith.EventStore.ServiceDefaults/Hexalith.EventStore.ServiceDefaults.csproj --configuration Release --output /tmp/story-6-6-private-replay-packages -p:Version=999.0.0-ci-test -p:GeneratePackageOnBuild=false -p:UseHexalithProjectReferences=false
  Determining projects to restore...
  All projects are up-to-date for restore.
  Hexalith.EventStore.ServiceDefaults -> /home/administrator/projects/hexalith/eventstore/src/Hexalith.EventStore.ServiceDefaults/bin/Release/net10.0/Hexalith.EventStore.ServiceDefaults.dll
  Successfully created package '/tmp/story-6-6-private-replay-packages/Hexalith.EventStore.ServiceDefaults.999.0.0-ci-test.nupkg'.
dotnet pack src/Hexalith.EventStore.DomainService/Hexalith.EventStore.DomainService.csproj --configuration Release --output /tmp/story-6-6-private-replay-packages -p:Version=999.0.0-ci-test -p:GeneratePackageOnBuild=false -p:UseHexalithProjectReferences=false
  Determining projects to restore...
  All projects are up-to-date for restore.
  Hexalith.EventStore.Contracts -> /home/administrator/projects/hexalith/eventstore/src/Hexalith.EventStore.Contracts/bin/Release/net10.0/Hexalith.EventStore.Contracts.dll
  Hexalith.EventStore.Client -> /home/administrator/projects/hexalith/eventstore/src/Hexalith.EventStore.Client/bin/Release/net10.0/Hexalith.EventStore.Client.dll
  Hexalith.EventStore.ServiceDefaults -> /home/administrator/projects/hexalith/eventstore/src/Hexalith.EventStore.ServiceDefaults/bin/Release/net10.0/Hexalith.EventStore.ServiceDefaults.dll
  Hexalith.EventStore.DomainService -> /home/administrator/projects/hexalith/eventstore/src/Hexalith.EventStore.DomainService/bin/Release/net10.0/Hexalith.EventStore.DomainService.dll
  Successfully created package '/tmp/story-6-6-private-replay-packages/Hexalith.EventStore.DomainService.999.0.0-ci-test.nupkg'.
dotnet pack src/Hexalith.EventStore.RestApi.Generators/Hexalith.EventStore.RestApi.Generators.csproj --configuration Release --output /tmp/story-6-6-private-replay-packages -p:Version=999.0.0-ci-test -p:GeneratePackageOnBuild=false -p:UseHexalithProjectReferences=false
  Determining projects to restore...
  Restored /home/administrator/projects/hexalith/eventstore/src/Hexalith.EventStore.RestApi.Generators/Hexalith.EventStore.RestApi.Generators.csproj (in 223 ms).
  Hexalith.EventStore.RestApi.Generators -> /home/administrator/projects/hexalith/eventstore/src/Hexalith.EventStore.RestApi.Generators/bin/Release/netstandard2.0/Hexalith.EventStore.RestApi.Generators.dll
  Successfully created package '/tmp/story-6-6-private-replay-packages/Hexalith.EventStore.RestApi.Generators.999.0.0-ci-test.nupkg'.
dotnet pack src/Hexalith.EventStore.Gateway/Hexalith.EventStore.Gateway.csproj --configuration Release --output /tmp/story-6-6-private-replay-packages -p:Version=999.0.0-ci-test -p:GeneratePackageOnBuild=false -p:UseHexalithProjectReferences=false
  Determining projects to restore...
  Restored /home/administrator/projects/hexalith/eventstore/src/Hexalith.EventStore.Admin.Abstractions/Hexalith.EventStore.Admin.Abstractions.csproj (in 238 ms).
  Restored /home/administrator/projects/hexalith/eventstore/src/Hexalith.EventStore.Gateway/Hexalith.EventStore.Gateway.csproj (in 238 ms).
  5 of 7 projects are up-to-date for restore.
  Hexalith.EventStore.Contracts -> /home/administrator/projects/hexalith/eventstore/src/Hexalith.EventStore.Contracts/bin/Release/net10.0/Hexalith.EventStore.Contracts.dll
  Hexalith.EventStore.Client -> /home/administrator/projects/hexalith/eventstore/src/Hexalith.EventStore.Client/bin/Release/net10.0/Hexalith.EventStore.Client.dll
  Hexalith.EventStore.ServiceDefaults -> /home/administrator/projects/hexalith/eventstore/src/Hexalith.EventStore.ServiceDefaults/bin/Release/net10.0/Hexalith.EventStore.ServiceDefaults.dll
  Hexalith.EventStore.Admin.Abstractions -> /home/administrator/projects/hexalith/eventstore/src/Hexalith.EventStore.Admin.Abstractions/bin/Release/net10.0/Hexalith.EventStore.Admin.Abstractions.dll
  Hexalith.EventStore.DomainService -> /home/administrator/projects/hexalith/eventstore/src/Hexalith.EventStore.DomainService/bin/Release/net10.0/Hexalith.EventStore.DomainService.dll
  Hexalith.EventStore.Server -> /home/administrator/projects/hexalith/eventstore/src/Hexalith.EventStore.Server/bin/Release/net10.0/Hexalith.EventStore.Server.dll
  Hexalith.EventStore.Gateway -> /home/administrator/projects/hexalith/eventstore/src/Hexalith.EventStore.Gateway/bin/Release/net10.0/Hexalith.EventStore.Gateway.dll
  Successfully created package '/tmp/story-6-6-private-replay-packages/Hexalith.EventStore.Gateway.999.0.0-ci-test.nupkg'.
dotnet pack src/Hexalith.EventStore.Admin.Abstractions/Hexalith.EventStore.Admin.Abstractions.csproj --configuration Release --output /tmp/story-6-6-private-replay-packages -p:Version=999.0.0-ci-test -p:GeneratePackageOnBuild=false -p:UseHexalithProjectReferences=false
  Determining projects to restore...
  All projects are up-to-date for restore.
  Hexalith.EventStore.Contracts -> /home/administrator/projects/hexalith/eventstore/src/Hexalith.EventStore.Contracts/bin/Release/net10.0/Hexalith.EventStore.Contracts.dll
  Hexalith.EventStore.Admin.Abstractions -> /home/administrator/projects/hexalith/eventstore/src/Hexalith.EventStore.Admin.Abstractions/bin/Release/net10.0/Hexalith.EventStore.Admin.Abstractions.dll
  Successfully created package '/tmp/story-6-6-private-replay-packages/Hexalith.EventStore.Admin.Abstractions.999.0.0-ci-test.nupkg'.
dotnet pack src/Hexalith.EventStore.Admin.Cli/Hexalith.EventStore.Admin.Cli.csproj --configuration Release --output /tmp/story-6-6-private-replay-packages -p:Version=999.0.0-ci-test -p:GeneratePackageOnBuild=false -p:UseHexalithProjectReferences=false
  Determining projects to restore...
  Restored /home/administrator/projects/hexalith/eventstore/src/Hexalith.EventStore.Admin.Cli/Hexalith.EventStore.Admin.Cli.csproj (in 203 ms).
  2 of 3 projects are up-to-date for restore.
  Hexalith.EventStore.Contracts -> /home/administrator/projects/hexalith/eventstore/src/Hexalith.EventStore.Contracts/bin/Release/net10.0/Hexalith.EventStore.Contracts.dll
  Hexalith.EventStore.Admin.Abstractions -> /home/administrator/projects/hexalith/eventstore/src/Hexalith.EventStore.Admin.Abstractions/bin/Release/net10.0/Hexalith.EventStore.Admin.Abstractions.dll
  Hexalith.EventStore.Admin.Cli -> /home/administrator/projects/hexalith/eventstore/src/Hexalith.EventStore.Admin.Cli/bin/Release/net10.0/Hexalith.EventStore.Admin.Cli.dll
  Hexalith.EventStore.Admin.Cli -> /home/administrator/projects/hexalith/eventstore/src/Hexalith.EventStore.Admin.Cli/bin/Release/net10.0/Hexalith.EventStore.Admin.Cli.dll
  Hexalith.EventStore.Admin.Cli -> /home/administrator/projects/hexalith/eventstore/src/Hexalith.EventStore.Admin.Cli/bin/Release/net10.0/publish/
  Successfully created package '/tmp/story-6-6-private-replay-packages/Hexalith.EventStore.Admin.Cli.999.0.0-ci-test.nupkg'.
dotnet pack src/Hexalith.EventStore.Admin.Server/Hexalith.EventStore.Admin.Server.csproj --configuration Release --output /tmp/story-6-6-private-replay-packages -p:Version=999.0.0-ci-test -p:GeneratePackageOnBuild=false -p:UseHexalithProjectReferences=false
  Determining projects to restore...
  Restored /home/administrator/projects/hexalith/eventstore/src/Hexalith.EventStore.Admin.Server/Hexalith.EventStore.Admin.Server.csproj (in 191 ms).
  2 of 3 projects are up-to-date for restore.
  Hexalith.EventStore.Contracts -> /home/administrator/projects/hexalith/eventstore/src/Hexalith.EventStore.Contracts/bin/Release/net10.0/Hexalith.EventStore.Contracts.dll
  Hexalith.EventStore.Admin.Abstractions -> /home/administrator/projects/hexalith/eventstore/src/Hexalith.EventStore.Admin.Abstractions/bin/Release/net10.0/Hexalith.EventStore.Admin.Abstractions.dll
  Hexalith.EventStore.Admin.Server -> /home/administrator/projects/hexalith/eventstore/src/Hexalith.EventStore.Admin.Server/bin/Release/net10.0/Hexalith.EventStore.Admin.Server.dll
  Successfully created package '/tmp/story-6-6-private-replay-packages/Hexalith.EventStore.Admin.Server.999.0.0-ci-test.nupkg'.
