  Determining projects to restore...
  All projects are up-to-date for restore.
  Hexalith.Commons.UniqueIds -> /home/administrator/projects/hexalith/eventstore/references/Hexalith.Commons/src/libraries/Hexalith.Commons.UniqueIds/bin/Debug/net10.0/Hexalith.Commons.UniqueIds.dll
  Successfully created package '/home/administrator/projects/hexalith/eventstore/references/Hexalith.Commons/src/libraries/Hexalith.Commons.UniqueIds/bin/Debug/Hexalith.Commons.UniqueIds.1.0.0.nupkg'.
  Successfully created package '/home/administrator/projects/hexalith/eventstore/references/Hexalith.Commons/src/libraries/Hexalith.Commons.UniqueIds/bin/Debug/Hexalith.Commons.UniqueIds.1.0.0.snupkg'.
  Hexalith.EventStore.Contracts -> /home/administrator/projects/hexalith/eventstore/src/Hexalith.EventStore.Contracts/bin/Debug/net10.0/Hexalith.EventStore.Contracts.dll
  Hexalith.EventStore.Admin.Abstractions -> /home/administrator/projects/hexalith/eventstore/src/Hexalith.EventStore.Admin.Abstractions/bin/Debug/net10.0/Hexalith.EventStore.Admin.Abstractions.dll
  Hexalith.EventStore.Client -> /home/administrator/projects/hexalith/eventstore/src/Hexalith.EventStore.Client/bin/Debug/net10.0/Hexalith.EventStore.Client.dll
  Hexalith.EventStore.ServiceDefaults -> /home/administrator/projects/hexalith/eventstore/src/Hexalith.EventStore.ServiceDefaults/bin/Debug/net10.0/Hexalith.EventStore.ServiceDefaults.dll
  Hexalith.EventStore.DomainService -> /home/administrator/projects/hexalith/eventstore/src/Hexalith.EventStore.DomainService/bin/Debug/net10.0/Hexalith.EventStore.DomainService.dll
  Hexalith.EventStore.Server -> /home/administrator/projects/hexalith/eventstore/src/Hexalith.EventStore.Server/bin/Debug/net10.0/Hexalith.EventStore.Server.dll
  Hexalith.EventStore.Gateway -> /home/administrator/projects/hexalith/eventstore/src/Hexalith.EventStore.Gateway/bin/Debug/net10.0/Hexalith.EventStore.Gateway.dll
  Hexalith.EventStore -> /home/administrator/projects/hexalith/eventstore/src/Hexalith.EventStore/bin/Debug/net10.0/Hexalith.EventStore.dll
  Hexalith.EventStore.Testing -> /home/administrator/projects/hexalith/eventstore/src/Hexalith.EventStore.Testing/bin/Debug/net10.0/Hexalith.EventStore.Testing.dll
/home/administrator/projects/hexalith/eventstore/tests/Hexalith.EventStore.Client.Tests/Aggregates/EventStoreAggregateTests.cs(51,13): error CS0200: Property or indexer 'EventEnvelope.Metadata' cannot be assigned to -- it is read only [/home/administrator/projects/hexalith/eventstore/tests/Hexalith.EventStore.Client.Tests/Hexalith.EventStore.Client.Tests.csproj]
/home/administrator/projects/hexalith/eventstore/tests/Hexalith.EventStore.Client.Tests/Aggregates/EventStoreAggregateTests.cs(53,17): error CS0200: Property or indexer 'EventMetadata.SequenceNumber' cannot be assigned to -- it is read only [/home/administrator/projects/hexalith/eventstore/tests/Hexalith.EventStore.Client.Tests/Hexalith.EventStore.Client.Tests.csproj]
/home/administrator/projects/hexalith/eventstore/tests/Hexalith.EventStore.Client.Tests/Aggregates/EventStoreAggregateTests.cs(55,17): error CS0200: Property or indexer 'EventMetadata.MetadataVersion' cannot be assigned to -- it is read only [/home/administrator/projects/hexalith/eventstore/tests/Hexalith.EventStore.Client.Tests/Hexalith.EventStore.Client.Tests.csproj]
/home/administrator/projects/hexalith/eventstore/tests/Hexalith.EventStore.Client.Tests/Aggregates/EventStoreAggregateTests.cs(58,13): error CS0200: Property or indexer 'EventEnvelope.Payload' cannot be assigned to -- it is read only [/home/administrator/projects/hexalith/eventstore/tests/Hexalith.EventStore.Client.Tests/Hexalith.EventStore.Client.Tests.csproj]

Build FAILED.

/home/administrator/projects/hexalith/eventstore/tests/Hexalith.EventStore.Client.Tests/Aggregates/EventStoreAggregateTests.cs(51,13): error CS0200: Property or indexer 'EventEnvelope.Metadata' cannot be assigned to -- it is read only [/home/administrator/projects/hexalith/eventstore/tests/Hexalith.EventStore.Client.Tests/Hexalith.EventStore.Client.Tests.csproj]
/home/administrator/projects/hexalith/eventstore/tests/Hexalith.EventStore.Client.Tests/Aggregates/EventStoreAggregateTests.cs(53,17): error CS0200: Property or indexer 'EventMetadata.SequenceNumber' cannot be assigned to -- it is read only [/home/administrator/projects/hexalith/eventstore/tests/Hexalith.EventStore.Client.Tests/Hexalith.EventStore.Client.Tests.csproj]
/home/administrator/projects/hexalith/eventstore/tests/Hexalith.EventStore.Client.Tests/Aggregates/EventStoreAggregateTests.cs(55,17): error CS0200: Property or indexer 'EventMetadata.MetadataVersion' cannot be assigned to -- it is read only [/home/administrator/projects/hexalith/eventstore/tests/Hexalith.EventStore.Client.Tests/Hexalith.EventStore.Client.Tests.csproj]
/home/administrator/projects/hexalith/eventstore/tests/Hexalith.EventStore.Client.Tests/Aggregates/EventStoreAggregateTests.cs(58,13): error CS0200: Property or indexer 'EventEnvelope.Payload' cannot be assigned to -- it is read only [/home/administrator/projects/hexalith/eventstore/tests/Hexalith.EventStore.Client.Tests/Hexalith.EventStore.Client.Tests.csproj]
    0 Warning(s)
    4 Error(s)

Time Elapsed 00:00:05.89
