  Determining projects to restore...
  Restored /tmp/p1r-commit-snapshot-eywqzeo0/references/Hexalith.Commons/src/libraries/Hexalith.Commons.UniqueIds/Hexalith.Commons.UniqueIds.csproj (in 184 ms).
  10 of 11 projects are up-to-date for restore.
  Hexalith.Commons.UniqueIds -> /tmp/p1r-commit-snapshot-eywqzeo0/references/Hexalith.Commons/src/libraries/Hexalith.Commons.UniqueIds/bin/Debug/net10.0/Hexalith.Commons.UniqueIds.dll
  Successfully created package '/tmp/p1r-commit-snapshot-eywqzeo0/references/Hexalith.Commons/src/libraries/Hexalith.Commons.UniqueIds/bin/Debug/Hexalith.Commons.UniqueIds.1.0.0.nupkg'.
  Successfully created package '/tmp/p1r-commit-snapshot-eywqzeo0/references/Hexalith.Commons/src/libraries/Hexalith.Commons.UniqueIds/bin/Debug/Hexalith.Commons.UniqueIds.1.0.0.snupkg'.
  Hexalith.EventStore.Contracts -> /tmp/p1r-commit-snapshot-eywqzeo0/src/Hexalith.EventStore.Contracts/bin/Debug/net10.0/Hexalith.EventStore.Contracts.dll
  Hexalith.EventStore.Admin.Abstractions -> /tmp/p1r-commit-snapshot-eywqzeo0/src/Hexalith.EventStore.Admin.Abstractions/bin/Debug/net10.0/Hexalith.EventStore.Admin.Abstractions.dll
  Hexalith.EventStore.Client -> /tmp/p1r-commit-snapshot-eywqzeo0/src/Hexalith.EventStore.Client/bin/Debug/net10.0/Hexalith.EventStore.Client.dll
  Hexalith.EventStore.ServiceDefaults -> /tmp/p1r-commit-snapshot-eywqzeo0/src/Hexalith.EventStore.ServiceDefaults/bin/Debug/net10.0/Hexalith.EventStore.ServiceDefaults.dll
  Hexalith.EventStore.DomainService -> /tmp/p1r-commit-snapshot-eywqzeo0/src/Hexalith.EventStore.DomainService/bin/Debug/net10.0/Hexalith.EventStore.DomainService.dll
  Hexalith.EventStore.Server -> /tmp/p1r-commit-snapshot-eywqzeo0/src/Hexalith.EventStore.Server/bin/Debug/net10.0/Hexalith.EventStore.Server.dll
  Hexalith.EventStore.Gateway -> /tmp/p1r-commit-snapshot-eywqzeo0/src/Hexalith.EventStore.Gateway/bin/Debug/net10.0/Hexalith.EventStore.Gateway.dll
  Hexalith.EventStore -> /tmp/p1r-commit-snapshot-eywqzeo0/src/Hexalith.EventStore/bin/Debug/net10.0/Hexalith.EventStore.dll
  Hexalith.EventStore.Testing -> /tmp/p1r-commit-snapshot-eywqzeo0/src/Hexalith.EventStore.Testing/bin/Debug/net10.0/Hexalith.EventStore.Testing.dll
  Hexalith.EventStore.Client.Tests -> /tmp/p1r-commit-snapshot-eywqzeo0/tests/Hexalith.EventStore.Client.Tests/bin/Debug/net10.0/Hexalith.EventStore.Client.Tests.dll

Build succeeded.
    0 Warning(s)
    0 Error(s)

Time Elapsed 00:00:13.42
