  Determining projects to restore...
  Restored /tmp/p1r-commit-snapshot-eywqzeo0/samples/Hexalith.EventStore.Sample.Contracts/Hexalith.EventStore.Sample.Contracts.csproj (in 216 ms).
  Restored /tmp/p1r-commit-snapshot-eywqzeo0/references/Hexalith.Tenants/src/Hexalith.Tenants.Contracts/Hexalith.Tenants.Contracts.csproj (in 216 ms).
  Restored /tmp/p1r-commit-snapshot-eywqzeo0/samples/Hexalith.EventStore.Sample/Hexalith.EventStore.Sample.csproj (in 216 ms).
  Restored /tmp/p1r-commit-snapshot-eywqzeo0/tests/Hexalith.EventStore.Server.Tests/Hexalith.EventStore.Server.Tests.csproj (in 220 ms).
  10 of 14 projects are up-to-date for restore.
  Hexalith.Commons.UniqueIds -> /tmp/p1r-commit-snapshot-eywqzeo0/references/Hexalith.Commons/src/libraries/Hexalith.Commons.UniqueIds/bin/Debug/net10.0/Hexalith.Commons.UniqueIds.dll
  Hexalith.EventStore.Contracts -> /tmp/p1r-commit-snapshot-eywqzeo0/src/Hexalith.EventStore.Contracts/bin/Debug/net10.0/Hexalith.EventStore.Contracts.dll
  Hexalith.EventStore.Client -> /tmp/p1r-commit-snapshot-eywqzeo0/src/Hexalith.EventStore.Client/bin/Debug/net10.0/Hexalith.EventStore.Client.dll
  Hexalith.EventStore.ServiceDefaults -> /tmp/p1r-commit-snapshot-eywqzeo0/src/Hexalith.EventStore.ServiceDefaults/bin/Debug/net10.0/Hexalith.EventStore.ServiceDefaults.dll
  Hexalith.EventStore.DomainService -> /tmp/p1r-commit-snapshot-eywqzeo0/src/Hexalith.EventStore.DomainService/bin/Debug/net10.0/Hexalith.EventStore.DomainService.dll
  Hexalith.EventStore.Sample.Contracts -> /tmp/p1r-commit-snapshot-eywqzeo0/samples/Hexalith.EventStore.Sample.Contracts/bin/Debug/net10.0/Hexalith.EventStore.Sample.Contracts.dll
  Hexalith.EventStore.Sample -> /tmp/p1r-commit-snapshot-eywqzeo0/samples/Hexalith.EventStore.Sample/bin/Debug/net10.0/Hexalith.EventStore.Sample.dll
  Hexalith.Commons.UniqueIds -> /tmp/p1r-commit-snapshot-eywqzeo0/references/Hexalith.Commons/src/libraries/Hexalith.Commons.UniqueIds/bin/Debug/net10.0/Hexalith.Commons.UniqueIds.dll
  Successfully created package '/tmp/p1r-commit-snapshot-eywqzeo0/references/Hexalith.Commons/src/libraries/Hexalith.Commons.UniqueIds/bin/Debug/Hexalith.Commons.UniqueIds.3.113.0.nupkg'.
  Successfully created package '/tmp/p1r-commit-snapshot-eywqzeo0/references/Hexalith.Commons/src/libraries/Hexalith.Commons.UniqueIds/bin/Debug/Hexalith.Commons.UniqueIds.3.113.0.snupkg'.
  Hexalith.EventStore.Contracts -> /tmp/p1r-commit-snapshot-eywqzeo0/src/Hexalith.EventStore.Contracts/bin/Debug/net10.0/Hexalith.EventStore.Contracts.dll
  Hexalith.Tenants.Contracts -> /tmp/p1r-commit-snapshot-eywqzeo0/references/Hexalith.Tenants/src/Hexalith.Tenants.Contracts/bin/Debug/net10.0/Hexalith.Tenants.Contracts.dll
  Hexalith.EventStore.Admin.Abstractions -> /tmp/p1r-commit-snapshot-eywqzeo0/src/Hexalith.EventStore.Admin.Abstractions/bin/Debug/net10.0/Hexalith.EventStore.Admin.Abstractions.dll
  Hexalith.EventStore.Server -> /tmp/p1r-commit-snapshot-eywqzeo0/src/Hexalith.EventStore.Server/bin/Debug/net10.0/Hexalith.EventStore.Server.dll
  Hexalith.EventStore.Gateway -> /tmp/p1r-commit-snapshot-eywqzeo0/src/Hexalith.EventStore.Gateway/bin/Debug/net10.0/Hexalith.EventStore.Gateway.dll
  Hexalith.EventStore -> /tmp/p1r-commit-snapshot-eywqzeo0/src/Hexalith.EventStore/bin/Debug/net10.0/Hexalith.EventStore.dll
  Hexalith.EventStore.Testing -> /tmp/p1r-commit-snapshot-eywqzeo0/src/Hexalith.EventStore.Testing/bin/Debug/net10.0/Hexalith.EventStore.Testing.dll
  Hexalith.EventStore.Server.Tests -> /tmp/p1r-commit-snapshot-eywqzeo0/tests/Hexalith.EventStore.Server.Tests/bin/Debug/net10.0/Hexalith.EventStore.Server.Tests.dll

Build succeeded.
    0 Warning(s)
    0 Error(s)

Time Elapsed 00:00:18.17
