_bmad-output/implementation-artifacts/evidence/6-1-p1r-remediation/baseline-preexisting.diff:10: trailing whitespace.
+ 
_bmad-output/implementation-artifacts/evidence/6-1-p1r-remediation/baseline-preexisting.diff:32: trailing whitespace.
+ 
_bmad-output/implementation-artifacts/evidence/6-1-p1r-remediation/baseline-preexisting.diff:51: trailing whitespace.
+ 
_bmad-output/implementation-artifacts/evidence/6-1-p1r-remediation/baseline-preexisting.diff:69: trailing whitespace.
+ 
_bmad-output/implementation-artifacts/evidence/6-1-p1r-remediation/baseline-preexisting.diff:81: trailing whitespace.
+ 
_bmad-output/implementation-artifacts/evidence/6-1-p1r-remediation/baseline-preexisting.diff:98: trailing whitespace.
+ 
_bmad-output/implementation-artifacts/evidence/6-1-p1r-remediation/baseline-preexisting.diff:105: trailing whitespace.
+ 
_bmad-output/implementation-artifacts/evidence/6-1-p1r-remediation/baseline-preexisting.diff:122: trailing whitespace.
+ 
_bmad-output/implementation-artifacts/evidence/6-1-p1r-remediation/baseline-preexisting.diff:132: trailing whitespace.
+ 
_bmad-output/implementation-artifacts/evidence/6-1-p1r-remediation/baseline-preexisting.diff:136: trailing whitespace.
+ 
_bmad-output/implementation-artifacts/evidence/6-1-p1r-remediation/baseline-preexisting.diff:140: trailing whitespace.
+ 
_bmad-output/implementation-artifacts/evidence/6-1-p1r-remediation/baseline-preexisting.diff:150: trailing whitespace.
+ 
_bmad-output/implementation-artifacts/evidence/6-1-p1r-remediation/baseline-preexisting.diff:155: trailing whitespace.
+ 
_bmad-output/implementation-artifacts/evidence/6-1-p1r-remediation/baseline-preexisting.diff:166: trailing whitespace.
+ 
_bmad-output/implementation-artifacts/evidence/6-1-p1r-remediation/baseline-preexisting.diff:171: trailing whitespace.
+ 
_bmad-output/implementation-artifacts/evidence/6-1-p1r-remediation/baseline-preexisting.diff:187: trailing whitespace.
+ 
_bmad-output/implementation-artifacts/evidence/6-1-p1r-remediation/baseline-preexisting.diff:192: trailing whitespace.
+ 
_bmad-output/implementation-artifacts/evidence/6-1-p1r-remediation/baseline-preexisting.diff:201: trailing whitespace.
+ 
_bmad-output/implementation-artifacts/evidence/6-1-p1r-remediation/baseline-preexisting.diff:208: trailing whitespace.
+ 
_bmad-output/implementation-artifacts/evidence/6-1-p1r-remediation/baseline-preexisting.diff:218: trailing whitespace.
+ 
_bmad-output/implementation-artifacts/evidence/6-1-p1r-remediation/baseline-preexisting.diff:223: trailing whitespace.
+ 
_bmad-output/implementation-artifacts/evidence/6-1-p1r-remediation/baseline-preexisting.diff:229: trailing whitespace.
+ 
_bmad-output/implementation-artifacts/evidence/6-1-p1r-remediation/baseline-preexisting.diff:233: trailing whitespace.
+ 
_bmad-output/implementation-artifacts/evidence/6-1-p1r-remediation/baseline-preexisting.diff:247: trailing whitespace.
+ 
_bmad-output/implementation-artifacts/evidence/6-1-p1r-remediation/baseline-preexisting.diff:264: trailing whitespace.
+ 
_bmad-output/implementation-artifacts/evidence/6-1-p1r-remediation/baseline-preexisting.diff:284: trailing whitespace.
+ 
_bmad-output/implementation-artifacts/evidence/6-1-p1r-remediation/baseline-preexisting.diff:310: trailing whitespace.
+ 
_bmad-output/implementation-artifacts/evidence/6-1-p1r-remediation/baseline-preexisting.diff:315: trailing whitespace.
+ 
_bmad-output/implementation-artifacts/evidence/6-1-p1r-remediation/baseline-preexisting.diff:366: trailing whitespace.
+ 
_bmad-output/implementation-artifacts/evidence/6-1-p1r-remediation/baseline-preexisting.diff:393: trailing whitespace.
+ 
_bmad-output/implementation-artifacts/evidence/6-1-p1r-remediation/baseline-preexisting.diff:398: trailing whitespace.
+ 
_bmad-output/implementation-artifacts/evidence/6-1-p1r-remediation/baseline-preexisting.diff:440: trailing whitespace.
+ 
_bmad-output/implementation-artifacts/evidence/6-1-p1r-remediation/baseline-preexisting.diff:444: trailing whitespace.
+ 
_bmad-output/implementation-artifacts/evidence/6-1-p1r-remediation/baseline-preexisting.diff:472: trailing whitespace.
+ 
_bmad-output/implementation-artifacts/evidence/6-1-p1r-remediation/baseline-preexisting.diff:476: trailing whitespace.
+ 
_bmad-output/implementation-artifacts/evidence/6-1-p1r-remediation/baseline-preexisting.diff:481: trailing whitespace.
+ 
_bmad-output/implementation-artifacts/evidence/6-1-p1r-remediation/baseline-preexisting.diff:507: trailing whitespace.
+ 
_bmad-output/implementation-artifacts/evidence/6-1-p1r-remediation/baseline-preexisting.diff:513: trailing whitespace.
+ 
_bmad-output/implementation-artifacts/evidence/6-1-p1r-remediation/baseline-preexisting.diff:517: trailing whitespace.
+ 
_bmad-output/implementation-artifacts/evidence/6-1-p1r-remediation/baseline-preexisting.diff:525: trailing whitespace.
+ 
_bmad-output/implementation-artifacts/evidence/6-1-p1r-remediation/baseline-preexisting.diff:530: trailing whitespace.
+ 
_bmad-output/implementation-artifacts/evidence/6-1-p1r-remediation/baseline-preexisting.diff:533: trailing whitespace.
+ 
_bmad-output/implementation-artifacts/evidence/6-1-p1r-remediation/baseline-preexisting.diff:548: trailing whitespace.
+ 
_bmad-output/implementation-artifacts/evidence/6-1-p1r-remediation/baseline-preexisting.diff:552: trailing whitespace.
+ 
_bmad-output/implementation-artifacts/evidence/6-1-p1r-remediation/baseline-preexisting.diff:555: trailing whitespace.
+ 
_bmad-output/implementation-artifacts/evidence/6-1-p1r-remediation/baseline-preexisting.diff:567: trailing whitespace.
+ 
_bmad-output/implementation-artifacts/evidence/6-1-p1r-remediation/baseline-preexisting.diff:578: trailing whitespace.
+ 
_bmad-output/implementation-artifacts/evidence/6-1-p1r-remediation/baseline-preexisting.diff:583: trailing whitespace.
+ 
_bmad-output/implementation-artifacts/evidence/6-1-p1r-remediation/baseline-preexisting.diff:590: trailing whitespace.
+ 
_bmad-output/implementation-artifacts/evidence/6-1-p1r-remediation/baseline-preexisting.diff:606: trailing whitespace.
+ 
_bmad-output/implementation-artifacts/evidence/6-1-p1r-remediation/baseline-preexisting.diff:621: trailing whitespace.
+ 
_bmad-output/implementation-artifacts/evidence/6-1-p1r-remediation/baseline-preexisting.diff:642: trailing whitespace.
+ 
_bmad-output/implementation-artifacts/evidence/6-1-p1r-remediation/baseline-preexisting.diff:680: trailing whitespace.
+ 
_bmad-output/implementation-artifacts/evidence/6-1-p1r-remediation/baseline-preexisting.diff:700: trailing whitespace.
+ 
_bmad-output/implementation-artifacts/evidence/6-1-p1r-remediation/baseline-preexisting.diff:724: trailing whitespace.
+ 
_bmad-output/implementation-artifacts/evidence/6-1-p1r-remediation/baseline-preexisting.diff:759: trailing whitespace.
+ 
_bmad-output/implementation-artifacts/evidence/6-1-p1r-remediation/baseline-preexisting.diff:830: trailing whitespace.
+ 
_bmad-output/implementation-artifacts/evidence/6-1-p1r-remediation/baseline-preexisting.diff:844: trailing whitespace.
+ 
_bmad-output/implementation-artifacts/evidence/6-1-p1r-remediation/baseline-preexisting.diff:849: trailing whitespace.
+ 
_bmad-output/implementation-artifacts/evidence/6-1-p1r-remediation/baseline-preexisting.diff:922: trailing whitespace.
+ 
_bmad-output/implementation-artifacts/evidence/6-1-p1r-remediation/receipts/failed-live-attempt-1/live-persistence.log:400: trailing whitespace.
+      Difference     |  |    |    |    |    |    |              |    |    |    |    |    |    |    |    |    |    |    |    |        
_bmad-output/implementation-artifacts/evidence/6-1-p1r-remediation/receipts/failed-live-attempt-1/live-persistence.log:401: trailing whitespace.
+                     | \|/  \|/  \|/  \|/  \|/  \|/            \|/  \|/  \|/  \|/  \|/  \|/  \|/  \|/  \|/  \|/  \|/  \|/  \|/       
_bmad-output/implementation-artifacts/evidence/6-1-p1r-remediation/receipts/failed-live-attempt-1/live-persistence.log:402: trailing whitespace.
+      Index          | 0    1    2    3    4    5    6    7    8    9    10   11   12   13   14   15   16   17   18   19   20   ...  
_bmad-output/implementation-artifacts/evidence/6-1-p1r-remediation/receipts/failed-live-attempt-1/live-persistence.log:403: trailing whitespace.
+      Expected Value | 7    f    6    a    a    8    7    b    5    5    e    f    5    7    1    2    d    6    b    5    9    ...  
_bmad-output/implementation-artifacts/evidence/6-1-p1r-remediation/receipts/failed-live-attempt-1/live-persistence.log:404: trailing whitespace.
+      Actual Value   | 4    b    4    f    2    9    7    b    7    3    0    1    d    8    e    4    e    a    a    f    3    ...  
_bmad-output/implementation-artifacts/evidence/6-1-p1r-remediation/receipts/failed-live-attempt-1/live-persistence.log:405: trailing whitespace.
+      Expected Code  | 55   102  54   97   97   56   55   98   53   53   101  102  53   55   49   50   100  54   98   53   57   ...  
_bmad-output/implementation-artifacts/evidence/6-1-p1r-remediation/receipts/failed-live-attempt-1/live-persistence.log:406: trailing whitespace.
+      Actual Code    | 52   98   52   102  50   57   55   98   55   51   48   49   100  56   101  52   101  97   97   102  51   ...  
_bmad-output/implementation-artifacts/evidence/6-1-p1r-remediation/receipts/failed-live-attempt-1/live-persistence.log:407: trailing whitespace.
+      
_bmad-output/implementation-artifacts/evidence/6-1-p1r-remediation/receipts/failed-live-attempt-1/live-persistence.log:408: trailing whitespace.
+      Difference     |       |    |    |    |    |    |    |    |    |    |    |    |    |                   |    |    |    |    |        
_bmad-output/implementation-artifacts/evidence/6-1-p1r-remediation/receipts/failed-live-attempt-1/live-persistence.log:409: trailing whitespace.
+                     |      \|/  \|/  \|/  \|/  \|/  \|/  \|/  \|/  \|/  \|/  \|/  \|/  \|/                 \|/  \|/  \|/  \|/  \|/       
_bmad-output/implementation-artifacts/evidence/6-1-p1r-remediation/receipts/failed-live-attempt-1/live-persistence.log:410: trailing whitespace.
+      Index          | ...  20   21   22   23   24   25   26   27   28   29   30   31   32   33   34   35   36   37   38   39   40   ...  
_bmad-output/implementation-artifacts/evidence/6-1-p1r-remediation/receipts/failed-live-attempt-1/live-persistence.log:411: trailing whitespace.
+      Expected Value | ...  9    9    2    0    8    7    6    7    9    9    2    0    0    b    5    d    b    d    f    0    b    ...  
_bmad-output/implementation-artifacts/evidence/6-1-p1r-remediation/receipts/failed-live-attempt-1/live-persistence.log:412: trailing whitespace.
+      Actual Value   | ...  3    a    1    4    b    2    2    4    e    6    b    2    b    b    5    d    1    4    8    3    a    ...  
_bmad-output/implementation-artifacts/evidence/6-1-p1r-remediation/receipts/failed-live-attempt-1/live-persistence.log:413: trailing whitespace.
+      Expected Code  | ...  57   57   50   48   56   55   54   55   57   57   50   48   48   98   53   100  98   100  102  48   98   ...  
_bmad-output/implementation-artifacts/evidence/6-1-p1r-remediation/receipts/failed-live-attempt-1/live-persistence.log:414: trailing whitespace.
+      Actual Code    | ...  51   97   49   52   98   50   50   52   101  54   98   50   98   98   53   100  49   52   56   51   97   ...  
_bmad-output/implementation-artifacts/evidence/6-1-p1r-remediation/receipts/failed-live-attempt-1/live-persistence.log:415: trailing whitespace.
+      
_bmad-output/implementation-artifacts/evidence/6-1-p1r-remediation/receipts/failed-live-attempt-1/live-persistence.log:416: trailing whitespace.
+      Difference     |       |    |    |    |    |    |    |    |    |    |         |         |    |    |    |    |    |    |    |        
_bmad-output/implementation-artifacts/evidence/6-1-p1r-remediation/receipts/failed-live-attempt-1/live-persistence.log:417: trailing whitespace.
+                     |      \|/  \|/  \|/  \|/  \|/  \|/  \|/  \|/  \|/  \|/       \|/       \|/  \|/  \|/  \|/  \|/  \|/  \|/  \|/       
_bmad-output/implementation-artifacts/evidence/6-1-p1r-remediation/receipts/failed-live-attempt-1/live-persistence.log:418: trailing whitespace.
+      Index          | ...  42   43   44   45   46   47   48   49   50   51   52   53   54   55   56   57   58   59   60   61   62   ...  
_bmad-output/implementation-artifacts/evidence/6-1-p1r-remediation/receipts/failed-live-attempt-1/live-persistence.log:419: trailing whitespace.
+      Expected Value | ...  8    0    2    8    a    c    f    1    1    b    5    e    9    2    4    3    8    6    8    6    9    ...  
_bmad-output/implementation-artifacts/evidence/6-1-p1r-remediation/receipts/failed-live-attempt-1/live-persistence.log:420: trailing whitespace.
+      Actual Value   | ...  d    1    7    e    7    d    d    6    8    c    5    2    9    f    1    1    3    1    2    c    d    ...  
_bmad-output/implementation-artifacts/evidence/6-1-p1r-remediation/receipts/failed-live-attempt-1/live-persistence.log:421: trailing whitespace.
+      Expected Code  | ...  56   48   50   56   97   99   102  49   49   98   53   101  57   50   52   51   56   54   56   54   57   ...  
_bmad-output/implementation-artifacts/evidence/6-1-p1r-remediation/receipts/failed-live-attempt-1/live-persistence.log:422: trailing whitespace.
+      Actual Code    | ...  100  49   55   101  55   100  100  54   56   99   53   50   57   102  49   49   51   49   50   99   100  ...  
_bmad-output/implementation-artifacts/evidence/6-1-p1r-remediation/receipts/pre-review-packet/source-candidate.diff:10: trailing whitespace.
+ 
_bmad-output/implementation-artifacts/evidence/6-1-p1r-remediation/receipts/pre-review-packet/source-candidate.diff:32: trailing whitespace.
+ 
_bmad-output/implementation-artifacts/evidence/6-1-p1r-remediation/receipts/pre-review-packet/source-candidate.diff:51: trailing whitespace.
+ 
_bmad-output/implementation-artifacts/evidence/6-1-p1r-remediation/receipts/pre-review-packet/source-candidate.diff:70: trailing whitespace.
+ 
_bmad-output/implementation-artifacts/evidence/6-1-p1r-remediation/receipts/pre-review-packet/source-candidate.diff:98: trailing whitespace.
+ 
_bmad-output/implementation-artifacts/evidence/6-1-p1r-remediation/receipts/pre-review-packet/source-candidate.diff:106: trailing whitespace.
+ 
_bmad-output/implementation-artifacts/evidence/6-1-p1r-remediation/receipts/pre-review-packet/source-candidate.diff:139: trailing whitespace.
+ 
_bmad-output/implementation-artifacts/evidence/6-1-p1r-remediation/receipts/pre-review-packet/source-candidate.diff:149: trailing whitespace.
+ 
_bmad-output/implementation-artifacts/evidence/6-1-p1r-remediation/receipts/pre-review-packet/source-candidate.diff:153: trailing whitespace.
+ 
_bmad-output/implementation-artifacts/evidence/6-1-p1r-remediation/receipts/pre-review-packet/source-candidate.diff:157: trailing whitespace.
+ 
_bmad-output/implementation-artifacts/evidence/6-1-p1r-remediation/receipts/pre-review-packet/source-candidate.diff:167: trailing whitespace.
+ 
_bmad-output/implementation-artifacts/evidence/6-1-p1r-remediation/receipts/pre-review-packet/source-candidate.diff:172: trailing whitespace.
+ 
_bmad-output/implementation-artifacts/evidence/6-1-p1r-remediation/receipts/pre-review-packet/source-candidate.diff:183: trailing whitespace.
+ 
_bmad-output/implementation-artifacts/evidence/6-1-p1r-remediation/receipts/pre-review-packet/source-candidate.diff:188: trailing whitespace.
+ 
_bmad-output/implementation-artifacts/evidence/6-1-p1r-remediation/receipts/pre-review-packet/source-candidate.diff:204: trailing whitespace.
+ 
_bmad-output/implementation-artifacts/evidence/6-1-p1r-remediation/receipts/pre-review-packet/source-candidate.diff:209: trailing whitespace.
+ 
_bmad-output/implementation-artifacts/evidence/6-1-p1r-remediation/receipts/pre-review-packet/source-candidate.diff:218: trailing whitespace.
+ 
_bmad-output/implementation-artifacts/evidence/6-1-p1r-remediation/receipts/pre-review-packet/source-candidate.diff:225: trailing whitespace.
+ 
_bmad-output/implementation-artifacts/evidence/6-1-p1r-remediation/receipts/pre-review-packet/source-candidate.diff:235: trailing whitespace.
+ 
_bmad-output/implementation-artifacts/evidence/6-1-p1r-remediation/receipts/pre-review-packet/source-candidate.diff:240: trailing whitespace.
+ 
_bmad-output/implementation-artifacts/evidence/6-1-p1r-remediation/receipts/pre-review-packet/source-candidate.diff:246: trailing whitespace.
+ 
_bmad-output/implementation-artifacts/evidence/6-1-p1r-remediation/receipts/pre-review-packet/source-candidate.diff:250: trailing whitespace.
+ 
_bmad-output/implementation-artifacts/evidence/6-1-p1r-remediation/receipts/pre-review-packet/source-candidate.diff:264: trailing whitespace.
+ 
_bmad-output/implementation-artifacts/evidence/6-1-p1r-remediation/receipts/pre-review-packet/source-candidate.diff:281: trailing whitespace.
+ 
_bmad-output/implementation-artifacts/evidence/6-1-p1r-remediation/receipts/pre-review-packet/source-candidate.diff:301: trailing whitespace.
+ 
_bmad-output/implementation-artifacts/evidence/6-1-p1r-remediation/receipts/pre-review-packet/source-candidate.diff:327: trailing whitespace.
+ 
_bmad-output/implementation-artifacts/evidence/6-1-p1r-remediation/receipts/pre-review-packet/source-candidate.diff:332: trailing whitespace.
+ 
_bmad-output/implementation-artifacts/evidence/6-1-p1r-remediation/receipts/pre-review-packet/source-candidate.diff:383: trailing whitespace.
+ 
_bmad-output/implementation-artifacts/evidence/6-1-p1r-remediation/receipts/pre-review-packet/source-candidate.diff:410: trailing whitespace.
+ 
_bmad-output/implementation-artifacts/evidence/6-1-p1r-remediation/receipts/pre-review-packet/source-candidate.diff:415: trailing whitespace.
+ 
_bmad-output/implementation-artifacts/evidence/6-1-p1r-remediation/receipts/pre-review-packet/source-candidate.diff:457: trailing whitespace.
+ 
_bmad-output/implementation-artifacts/evidence/6-1-p1r-remediation/receipts/pre-review-packet/source-candidate.diff:461: trailing whitespace.
+ 
_bmad-output/implementation-artifacts/evidence/6-1-p1r-remediation/receipts/pre-review-packet/source-candidate.diff:492: trailing whitespace.
+ 
_bmad-output/implementation-artifacts/evidence/6-1-p1r-remediation/receipts/pre-review-packet/source-candidate.diff:496: trailing whitespace.
+ 
_bmad-output/implementation-artifacts/evidence/6-1-p1r-remediation/receipts/pre-review-packet/source-candidate.diff:501: trailing whitespace.
+ 
_bmad-output/implementation-artifacts/evidence/6-1-p1r-remediation/receipts/pre-review-packet/source-candidate.diff:527: trailing whitespace.
+ 
_bmad-output/implementation-artifacts/evidence/6-1-p1r-remediation/receipts/pre-review-packet/source-candidate.diff:533: trailing whitespace.
+ 
_bmad-output/implementation-artifacts/evidence/6-1-p1r-remediation/receipts/pre-review-packet/source-candidate.diff:537: trailing whitespace.
+ 
_bmad-output/implementation-artifacts/evidence/6-1-p1r-remediation/receipts/pre-review-packet/source-candidate.diff:545: trailing whitespace.
+ 
_bmad-output/implementation-artifacts/evidence/6-1-p1r-remediation/receipts/pre-review-packet/source-candidate.diff:550: trailing whitespace.
+ 
_bmad-output/implementation-artifacts/evidence/6-1-p1r-remediation/receipts/pre-review-packet/source-candidate.diff:553: trailing whitespace.
+ 
_bmad-output/implementation-artifacts/evidence/6-1-p1r-remediation/receipts/pre-review-packet/source-candidate.diff:569: trailing whitespace.
+ 
_bmad-output/implementation-artifacts/evidence/6-1-p1r-remediation/receipts/pre-review-packet/source-candidate.diff:573: trailing whitespace.
+ 
_bmad-output/implementation-artifacts/evidence/6-1-p1r-remediation/receipts/pre-review-packet/source-candidate.diff:578: trailing whitespace.
+ 
_bmad-output/implementation-artifacts/evidence/6-1-p1r-remediation/receipts/pre-review-packet/source-candidate.diff:591: trailing whitespace.
+ 
_bmad-output/implementation-artifacts/evidence/6-1-p1r-remediation/receipts/pre-review-packet/source-candidate.diff:602: trailing whitespace.
+ 
_bmad-output/implementation-artifacts/evidence/6-1-p1r-remediation/receipts/pre-review-packet/source-candidate.diff:607: trailing whitespace.
+ 
_bmad-output/implementation-artifacts/evidence/6-1-p1r-remediation/receipts/pre-review-packet/source-candidate.diff:614: trailing whitespace.
+ 
_bmad-output/implementation-artifacts/evidence/6-1-p1r-remediation/receipts/pre-review-packet/source-candidate.diff:618: trailing whitespace.
+ 
_bmad-output/implementation-artifacts/evidence/6-1-p1r-remediation/receipts/pre-review-packet/source-candidate.diff:623: trailing whitespace.
+ 
_bmad-output/implementation-artifacts/evidence/6-1-p1r-remediation/receipts/pre-review-packet/source-candidate.diff:640: trailing whitespace.
+ 
_bmad-output/implementation-artifacts/evidence/6-1-p1r-remediation/receipts/pre-review-packet/source-candidate.diff:657: trailing whitespace.
+ 
_bmad-output/implementation-artifacts/evidence/6-1-p1r-remediation/receipts/pre-review-packet/source-candidate.diff:667: trailing whitespace.
+ 
_bmad-output/implementation-artifacts/evidence/6-1-p1r-remediation/receipts/pre-review-packet/source-candidate.diff:689: trailing whitespace.
+ 
_bmad-output/implementation-artifacts/evidence/6-1-p1r-remediation/receipts/pre-review-packet/source-candidate.diff:737: trailing whitespace.
+ 
_bmad-output/implementation-artifacts/evidence/6-1-p1r-remediation/receipts/pre-review-packet/source-candidate.diff:741: trailing whitespace.
+ 
_bmad-output/implementation-artifacts/evidence/6-1-p1r-remediation/receipts/pre-review-packet/source-candidate.diff:750: trailing whitespace.
+ 
_bmad-output/implementation-artifacts/evidence/6-1-p1r-remediation/receipts/pre-review-packet/source-candidate.diff:753: trailing whitespace.
+ 
_bmad-output/implementation-artifacts/evidence/6-1-p1r-remediation/receipts/pre-review-packet/source-candidate.diff:757: trailing whitespace.
+ 
_bmad-output/implementation-artifacts/evidence/6-1-p1r-remediation/receipts/pre-review-packet/source-candidate.diff:761: trailing whitespace.
+ 
_bmad-output/implementation-artifacts/evidence/6-1-p1r-remediation/receipts/pre-review-packet/source-candidate.diff:765: trailing whitespace.
+ 
_bmad-output/implementation-artifacts/evidence/6-1-p1r-remediation/receipts/pre-review-packet/source-candidate.diff:769: trailing whitespace.
+ 
_bmad-output/implementation-artifacts/evidence/6-1-p1r-remediation/receipts/pre-review-packet/source-candidate.diff:773: trailing whitespace.
+ 
_bmad-output/implementation-artifacts/evidence/6-1-p1r-remediation/receipts/pre-review-packet/source-candidate.diff:777: trailing whitespace.
+ 
_bmad-output/implementation-artifacts/evidence/6-1-p1r-remediation/receipts/pre-review-packet/source-candidate.diff:781: trailing whitespace.
+ 
_bmad-output/implementation-artifacts/evidence/6-1-p1r-remediation/receipts/pre-review-packet/source-candidate.diff:785: trailing whitespace.
+ 
_bmad-output/implementation-artifacts/evidence/6-1-p1r-remediation/receipts/pre-review-packet/source-candidate.diff:790: trailing whitespace.
+ 
_bmad-output/implementation-artifacts/evidence/6-1-p1r-remediation/receipts/pre-review-packet/source-candidate.diff:795: trailing whitespace.
+ 
_bmad-output/implementation-artifacts/evidence/6-1-p1r-remediation/receipts/pre-review-packet/source-candidate.diff:800: trailing whitespace.
+ 
_bmad-output/implementation-artifacts/evidence/6-1-p1r-remediation/receipts/pre-review-packet/source-candidate.diff:805: trailing whitespace.
+ 
_bmad-output/implementation-artifacts/evidence/6-1-p1r-remediation/receipts/pre-review-packet/source-candidate.diff:810: trailing whitespace.
+ 
_bmad-output/implementation-artifacts/evidence/6-1-p1r-remediation/receipts/pre-review-packet/source-candidate.diff:815: trailing whitespace.
+ 
_bmad-output/implementation-artifacts/evidence/6-1-p1r-remediation/receipts/pre-review-packet/source-candidate.diff:820: trailing whitespace.
+ 
_bmad-output/implementation-artifacts/evidence/6-1-p1r-remediation/receipts/pre-review-packet/source-candidate.diff:825: trailing whitespace.
+ 
_bmad-output/implementation-artifacts/evidence/6-1-p1r-remediation/receipts/pre-review-packet/source-candidate.diff:830: trailing whitespace.
+ 
_bmad-output/implementation-artifacts/evidence/6-1-p1r-remediation/receipts/pre-review-packet/source-candidate.diff:835: trailing whitespace.
+ 
_bmad-output/implementation-artifacts/evidence/6-1-p1r-remediation/receipts/pre-review-packet/source-candidate.diff:840: trailing whitespace.
+ 
_bmad-output/implementation-artifacts/evidence/6-1-p1r-remediation/receipts/pre-review-packet/source-candidate.diff:845: trailing whitespace.
+ 
_bmad-output/implementation-artifacts/evidence/6-1-p1r-remediation/receipts/pre-review-packet/source-candidate.diff:860: trailing whitespace.
+ 
_bmad-output/implementation-artifacts/evidence/6-1-p1r-remediation/receipts/pre-review-packet/source-candidate.diff:880: trailing whitespace.
+ 
_bmad-output/implementation-artifacts/evidence/6-1-p1r-remediation/receipts/pre-review-packet/source-candidate.diff:904: trailing whitespace.
+ 
_bmad-output/implementation-artifacts/evidence/6-1-p1r-remediation/receipts/pre-review-packet/source-candidate.diff:939: trailing whitespace.
+ 
_bmad-output/implementation-artifacts/evidence/6-1-p1r-remediation/receipts/pre-review-packet/source-candidate.diff:987: trailing whitespace.
+ 
_bmad-output/implementation-artifacts/evidence/6-1-p1r-remediation/receipts/pre-review-packet/source-candidate.diff:995: trailing whitespace.
+ 
_bmad-output/implementation-artifacts/evidence/6-1-p1r-remediation/receipts/pre-review-packet/source-candidate.diff:1004: trailing whitespace.
+ 
_bmad-output/implementation-artifacts/evidence/6-1-p1r-remediation/receipts/pre-review-packet/source-candidate.diff:1033: trailing whitespace.
+ 
_bmad-output/implementation-artifacts/evidence/6-1-p1r-remediation/receipts/pre-review-packet/source-candidate.diff:1054: trailing whitespace.
+ 
_bmad-output/implementation-artifacts/evidence/6-1-p1r-remediation/receipts/pre-review-packet/source-candidate.diff:1059: trailing whitespace.
+ 
_bmad-output/implementation-artifacts/evidence/6-1-p1r-remediation/receipts/pre-review-packet/source-candidate.diff:1073: trailing whitespace.
+ 
_bmad-output/implementation-artifacts/evidence/6-1-p1r-remediation/receipts/pre-review-packet/source-candidate.diff:1086: trailing whitespace.
+ 
_bmad-output/implementation-artifacts/evidence/6-1-p1r-remediation/receipts/pre-review-packet/source-candidate.diff:1091: trailing whitespace.
+ 
_bmad-output/implementation-artifacts/evidence/6-1-p1r-remediation/receipts/pre-review-packet/source-candidate.diff:1114: trailing whitespace.
+ 
_bmad-output/implementation-artifacts/evidence/6-1-p1r-remediation/receipts/pre-review-packet/source-candidate.diff:1118: trailing whitespace.
+ 
_bmad-output/implementation-artifacts/evidence/6-1-p1r-remediation/receipts/pre-review-packet/source-candidate.diff:1192: trailing whitespace.
+ 
_bmad-output/implementation-artifacts/evidence/6-1-p1r-remediation/receipts/pre-review-packet/source-candidate.diff:1206: trailing whitespace.
+ 
_bmad-output/implementation-artifacts/evidence/6-1-p1r-remediation/receipts/pre-review-packet/source-candidate.diff:1211: trailing whitespace.
+ 
_bmad-output/implementation-artifacts/evidence/6-1-p1r-remediation/receipts/pre-review-packet/source-candidate.diff:1239: trailing whitespace.
+ 
_bmad-output/implementation-artifacts/evidence/6-1-p1r-remediation/receipts/pre-review-packet/source-candidate.diff:1241: trailing whitespace.
+ 
_bmad-output/implementation-artifacts/evidence/6-1-p1r-remediation/receipts/pre-review-packet/source-candidate.diff:1253: trailing whitespace.
+ 
_bmad-output/implementation-artifacts/evidence/6-1-p1r-remediation/receipts/pre-review-packet/source-candidate.diff:1264: trailing whitespace.
+ 
_bmad-output/implementation-artifacts/evidence/6-1-p1r-remediation/receipts/pre-review-packet/source-candidate.diff:1266: trailing whitespace.
+ 
_bmad-output/implementation-artifacts/evidence/6-1-p1r-remediation/receipts/pre-review-packet/source-candidate.diff:1270: trailing whitespace.
+ 
_bmad-output/implementation-artifacts/evidence/6-1-p1r-remediation/receipts/pre-review-packet/source-candidate.diff:1362: trailing whitespace.
+ 
_bmad-output/implementation-artifacts/evidence/6-1-p1r-remediation/receipts/pre-review-packet/source-candidate.diff:1381: trailing whitespace.
+ 
_bmad-output/implementation-artifacts/evidence/6-1-p1r-remediation/receipts/pre-review-packet/source-candidate.diff:1384: trailing whitespace.
+ 
_bmad-output/implementation-artifacts/evidence/6-1-p1r-remediation/receipts/pre-review-packet/source-candidate.diff:1452: trailing whitespace.
+ 
_bmad-output/implementation-artifacts/evidence/6-1-p1r-remediation/receipts/pre-review-packet/source-candidate.diff:1459: trailing whitespace.
+ 
_bmad-output/implementation-artifacts/evidence/6-1-p1r-remediation/receipts/pre-review-packet/source-candidate.diff:1461: trailing whitespace.
+ 
_bmad-output/implementation-artifacts/evidence/6-1-p1r-remediation/receipts/pre-review-packet/source-candidate.diff:1471: trailing whitespace.
+ 
_bmad-output/implementation-artifacts/evidence/6-1-p1r-remediation/receipts/pre-review-packet/source-candidate.diff:1480: trailing whitespace.
+ 
_bmad-output/implementation-artifacts/evidence/6-1-p1r-remediation/receipts/pre-review-packet/source-candidate.diff:1496: trailing whitespace.
+ 
_bmad-output/implementation-artifacts/evidence/6-1-p1r-remediation/receipts/pre-review-packet/source-candidate.diff:1562: trailing whitespace.
+ 
_bmad-output/implementation-artifacts/evidence/6-1-p1r-remediation/receipts/pre-review-packet/source-candidate.diff:1660: trailing whitespace.
+ 
_bmad-output/implementation-artifacts/evidence/6-1-p1r-remediation/receipts/pre-review-packet/source-candidate.diff:1703: trailing whitespace.
+ 
_bmad-output/implementation-artifacts/evidence/6-1-p1r-remediation/receipts/pre-review-packet/source-candidate.diff:1712: trailing whitespace.
+ 
_bmad-output/implementation-artifacts/evidence/6-1-p1r-remediation/receipts/pre-review-packet/source-candidate.diff:1763: trailing whitespace.
+ 
_bmad-output/implementation-artifacts/evidence/6-1-p1r-remediation/receipts/pre-review-packet/source-candidate.diff:1772: trailing whitespace.
+ 
_bmad-output/implementation-artifacts/evidence/6-1-p1r-remediation/source-candidate.diff:10: trailing whitespace.
+ 
_bmad-output/implementation-artifacts/evidence/6-1-p1r-remediation/source-candidate.diff:32: trailing whitespace.
+ 
_bmad-output/implementation-artifacts/evidence/6-1-p1r-remediation/source-candidate.diff:51: trailing whitespace.
+ 
_bmad-output/implementation-artifacts/evidence/6-1-p1r-remediation/source-candidate.diff:70: trailing whitespace.
+ 
_bmad-output/implementation-artifacts/evidence/6-1-p1r-remediation/source-candidate.diff:98: trailing whitespace.
+ 
_bmad-output/implementation-artifacts/evidence/6-1-p1r-remediation/source-candidate.diff:106: trailing whitespace.
+ 
_bmad-output/implementation-artifacts/evidence/6-1-p1r-remediation/source-candidate.diff:139: trailing whitespace.
+ 
_bmad-output/implementation-artifacts/evidence/6-1-p1r-remediation/source-candidate.diff:149: trailing whitespace.
+ 
_bmad-output/implementation-artifacts/evidence/6-1-p1r-remediation/source-candidate.diff:153: trailing whitespace.
+ 
_bmad-output/implementation-artifacts/evidence/6-1-p1r-remediation/source-candidate.diff:157: trailing whitespace.
+ 
_bmad-output/implementation-artifacts/evidence/6-1-p1r-remediation/source-candidate.diff:167: trailing whitespace.
+ 
_bmad-output/implementation-artifacts/evidence/6-1-p1r-remediation/source-candidate.diff:172: trailing whitespace.
+ 
_bmad-output/implementation-artifacts/evidence/6-1-p1r-remediation/source-candidate.diff:183: trailing whitespace.
+ 
_bmad-output/implementation-artifacts/evidence/6-1-p1r-remediation/source-candidate.diff:188: trailing whitespace.
+ 
_bmad-output/implementation-artifacts/evidence/6-1-p1r-remediation/source-candidate.diff:204: trailing whitespace.
+ 
_bmad-output/implementation-artifacts/evidence/6-1-p1r-remediation/source-candidate.diff:209: trailing whitespace.
+ 
_bmad-output/implementation-artifacts/evidence/6-1-p1r-remediation/source-candidate.diff:218: trailing whitespace.
+ 
_bmad-output/implementation-artifacts/evidence/6-1-p1r-remediation/source-candidate.diff:225: trailing whitespace.
+ 
_bmad-output/implementation-artifacts/evidence/6-1-p1r-remediation/source-candidate.diff:235: trailing whitespace.
+ 
_bmad-output/implementation-artifacts/evidence/6-1-p1r-remediation/source-candidate.diff:240: trailing whitespace.
+ 
_bmad-output/implementation-artifacts/evidence/6-1-p1r-remediation/source-candidate.diff:246: trailing whitespace.
+ 
_bmad-output/implementation-artifacts/evidence/6-1-p1r-remediation/source-candidate.diff:250: trailing whitespace.
+ 
_bmad-output/implementation-artifacts/evidence/6-1-p1r-remediation/source-candidate.diff:264: trailing whitespace.
+ 
_bmad-output/implementation-artifacts/evidence/6-1-p1r-remediation/source-candidate.diff:281: trailing whitespace.
+ 
_bmad-output/implementation-artifacts/evidence/6-1-p1r-remediation/source-candidate.diff:301: trailing whitespace.
+ 
_bmad-output/implementation-artifacts/evidence/6-1-p1r-remediation/source-candidate.diff:327: trailing whitespace.
+ 
_bmad-output/implementation-artifacts/evidence/6-1-p1r-remediation/source-candidate.diff:332: trailing whitespace.
+ 
_bmad-output/implementation-artifacts/evidence/6-1-p1r-remediation/source-candidate.diff:383: trailing whitespace.
+ 
_bmad-output/implementation-artifacts/evidence/6-1-p1r-remediation/source-candidate.diff:410: trailing whitespace.
+ 
_bmad-output/implementation-artifacts/evidence/6-1-p1r-remediation/source-candidate.diff:415: trailing whitespace.
+ 
_bmad-output/implementation-artifacts/evidence/6-1-p1r-remediation/source-candidate.diff:538: trailing whitespace.
+ 
_bmad-output/implementation-artifacts/evidence/6-1-p1r-remediation/source-candidate.diff:542: trailing whitespace.
+ 
_bmad-output/implementation-artifacts/evidence/6-1-p1r-remediation/source-candidate.diff:573: trailing whitespace.
+ 
_bmad-output/implementation-artifacts/evidence/6-1-p1r-remediation/source-candidate.diff:577: trailing whitespace.
+ 
_bmad-output/implementation-artifacts/evidence/6-1-p1r-remediation/source-candidate.diff:582: trailing whitespace.
+ 
_bmad-output/implementation-artifacts/evidence/6-1-p1r-remediation/source-candidate.diff:608: trailing whitespace.
+ 
_bmad-output/implementation-artifacts/evidence/6-1-p1r-remediation/source-candidate.diff:614: trailing whitespace.
+ 
_bmad-output/implementation-artifacts/evidence/6-1-p1r-remediation/source-candidate.diff:618: trailing whitespace.
+ 
_bmad-output/implementation-artifacts/evidence/6-1-p1r-remediation/source-candidate.diff:626: trailing whitespace.
+ 
_bmad-output/implementation-artifacts/evidence/6-1-p1r-remediation/source-candidate.diff:631: trailing whitespace.
+ 
_bmad-output/implementation-artifacts/evidence/6-1-p1r-remediation/source-candidate.diff:634: trailing whitespace.
+ 
_bmad-output/implementation-artifacts/evidence/6-1-p1r-remediation/source-candidate.diff:650: trailing whitespace.
+ 
_bmad-output/implementation-artifacts/evidence/6-1-p1r-remediation/source-candidate.diff:654: trailing whitespace.
+ 
_bmad-output/implementation-artifacts/evidence/6-1-p1r-remediation/source-candidate.diff:659: trailing whitespace.
+ 
_bmad-output/implementation-artifacts/evidence/6-1-p1r-remediation/source-candidate.diff:672: trailing whitespace.
+ 
_bmad-output/implementation-artifacts/evidence/6-1-p1r-remediation/source-candidate.diff:683: trailing whitespace.
+ 
_bmad-output/implementation-artifacts/evidence/6-1-p1r-remediation/source-candidate.diff:688: trailing whitespace.
+ 
_bmad-output/implementation-artifacts/evidence/6-1-p1r-remediation/source-candidate.diff:695: trailing whitespace.
+ 
_bmad-output/implementation-artifacts/evidence/6-1-p1r-remediation/source-candidate.diff:699: trailing whitespace.
+ 
_bmad-output/implementation-artifacts/evidence/6-1-p1r-remediation/source-candidate.diff:704: trailing whitespace.
+ 
_bmad-output/implementation-artifacts/evidence/6-1-p1r-remediation/source-candidate.diff:721: trailing whitespace.
+ 
_bmad-output/implementation-artifacts/evidence/6-1-p1r-remediation/source-candidate.diff:739: trailing whitespace.
+ 
_bmad-output/implementation-artifacts/evidence/6-1-p1r-remediation/source-candidate.diff:749: trailing whitespace.
+ 
_bmad-output/implementation-artifacts/evidence/6-1-p1r-remediation/source-candidate.diff:767: trailing whitespace.
+ 
_bmad-output/implementation-artifacts/evidence/6-1-p1r-remediation/source-candidate.diff:817: trailing whitespace.
+ 
_bmad-output/implementation-artifacts/evidence/6-1-p1r-remediation/source-candidate.diff:821: trailing whitespace.
+ 
_bmad-output/implementation-artifacts/evidence/6-1-p1r-remediation/source-candidate.diff:830: trailing whitespace.
+ 
_bmad-output/implementation-artifacts/evidence/6-1-p1r-remediation/source-candidate.diff:833: trailing whitespace.
+ 
_bmad-output/implementation-artifacts/evidence/6-1-p1r-remediation/source-candidate.diff:837: trailing whitespace.
+ 
_bmad-output/implementation-artifacts/evidence/6-1-p1r-remediation/source-candidate.diff:841: trailing whitespace.
+ 
_bmad-output/implementation-artifacts/evidence/6-1-p1r-remediation/source-candidate.diff:845: trailing whitespace.
+ 
_bmad-output/implementation-artifacts/evidence/6-1-p1r-remediation/source-candidate.diff:849: trailing whitespace.
+ 
_bmad-output/implementation-artifacts/evidence/6-1-p1r-remediation/source-candidate.diff:853: trailing whitespace.
+ 
_bmad-output/implementation-artifacts/evidence/6-1-p1r-remediation/source-candidate.diff:857: trailing whitespace.
+ 
_bmad-output/implementation-artifacts/evidence/6-1-p1r-remediation/source-candidate.diff:861: trailing whitespace.
+ 
_bmad-output/implementation-artifacts/evidence/6-1-p1r-remediation/source-candidate.diff:865: trailing whitespace.
+ 
_bmad-output/implementation-artifacts/evidence/6-1-p1r-remediation/source-candidate.diff:870: trailing whitespace.
+ 
_bmad-output/implementation-artifacts/evidence/6-1-p1r-remediation/source-candidate.diff:875: trailing whitespace.
+ 
_bmad-output/implementation-artifacts/evidence/6-1-p1r-remediation/source-candidate.diff:880: trailing whitespace.
+ 
_bmad-output/implementation-artifacts/evidence/6-1-p1r-remediation/source-candidate.diff:885: trailing whitespace.
+ 
_bmad-output/implementation-artifacts/evidence/6-1-p1r-remediation/source-candidate.diff:890: trailing whitespace.
+ 
_bmad-output/implementation-artifacts/evidence/6-1-p1r-remediation/source-candidate.diff:895: trailing whitespace.
+ 
_bmad-output/implementation-artifacts/evidence/6-1-p1r-remediation/source-candidate.diff:900: trailing whitespace.
+ 
_bmad-output/implementation-artifacts/evidence/6-1-p1r-remediation/source-candidate.diff:905: trailing whitespace.
+ 
_bmad-output/implementation-artifacts/evidence/6-1-p1r-remediation/source-candidate.diff:910: trailing whitespace.
+ 
_bmad-output/implementation-artifacts/evidence/6-1-p1r-remediation/source-candidate.diff:915: trailing whitespace.
+ 
_bmad-output/implementation-artifacts/evidence/6-1-p1r-remediation/source-candidate.diff:920: trailing whitespace.
+ 
_bmad-output/implementation-artifacts/evidence/6-1-p1r-remediation/source-candidate.diff:925: trailing whitespace.
+ 
_bmad-output/implementation-artifacts/evidence/6-1-p1r-remediation/source-candidate.diff:940: trailing whitespace.
+ 
_bmad-output/implementation-artifacts/evidence/6-1-p1r-remediation/source-candidate.diff:960: trailing whitespace.
+ 
_bmad-output/implementation-artifacts/evidence/6-1-p1r-remediation/source-candidate.diff:984: trailing whitespace.
+ 
_bmad-output/implementation-artifacts/evidence/6-1-p1r-remediation/source-candidate.diff:1019: trailing whitespace.
+ 
_bmad-output/implementation-artifacts/evidence/6-1-p1r-remediation/source-candidate.diff:1067: trailing whitespace.
+ 
_bmad-output/implementation-artifacts/evidence/6-1-p1r-remediation/source-candidate.diff:1075: trailing whitespace.
+ 
_bmad-output/implementation-artifacts/evidence/6-1-p1r-remediation/source-candidate.diff:1084: trailing whitespace.
+ 
_bmad-output/implementation-artifacts/evidence/6-1-p1r-remediation/source-candidate.diff:1113: trailing whitespace.
+ 
_bmad-output/implementation-artifacts/evidence/6-1-p1r-remediation/source-candidate.diff:1134: trailing whitespace.
+ 
_bmad-output/implementation-artifacts/evidence/6-1-p1r-remediation/source-candidate.diff:1139: trailing whitespace.
+ 
_bmad-output/implementation-artifacts/evidence/6-1-p1r-remediation/source-candidate.diff:1153: trailing whitespace.
+ 
_bmad-output/implementation-artifacts/evidence/6-1-p1r-remediation/source-candidate.diff:1166: trailing whitespace.
+ 
_bmad-output/implementation-artifacts/evidence/6-1-p1r-remediation/source-candidate.diff:1171: trailing whitespace.
+ 
_bmad-output/implementation-artifacts/evidence/6-1-p1r-remediation/source-candidate.diff:1194: trailing whitespace.
+ 
_bmad-output/implementation-artifacts/evidence/6-1-p1r-remediation/source-candidate.diff:1198: trailing whitespace.
+ 
_bmad-output/implementation-artifacts/evidence/6-1-p1r-remediation/source-candidate.diff:1298: trailing whitespace.
+ 
_bmad-output/implementation-artifacts/evidence/6-1-p1r-remediation/source-candidate.diff:1312: trailing whitespace.
+ 
_bmad-output/implementation-artifacts/evidence/6-1-p1r-remediation/source-candidate.diff:1317: trailing whitespace.
+ 
_bmad-output/implementation-artifacts/evidence/6-1-p1r-remediation/source-candidate.diff:1345: trailing whitespace.
+ 
_bmad-output/implementation-artifacts/evidence/6-1-p1r-remediation/source-candidate.diff:1347: trailing whitespace.
+ 
_bmad-output/implementation-artifacts/evidence/6-1-p1r-remediation/source-candidate.diff:1359: trailing whitespace.
+ 
_bmad-output/implementation-artifacts/evidence/6-1-p1r-remediation/source-candidate.diff:1370: trailing whitespace.
+ 
_bmad-output/implementation-artifacts/evidence/6-1-p1r-remediation/source-candidate.diff:1372: trailing whitespace.
+ 
_bmad-output/implementation-artifacts/evidence/6-1-p1r-remediation/source-candidate.diff:1376: trailing whitespace.
+ 
_bmad-output/implementation-artifacts/evidence/6-1-p1r-remediation/source-candidate.diff:1584: trailing whitespace.
+ 
_bmad-output/implementation-artifacts/evidence/6-1-p1r-remediation/source-candidate.diff:1603: trailing whitespace.
+ 
_bmad-output/implementation-artifacts/evidence/6-1-p1r-remediation/source-candidate.diff:1606: trailing whitespace.
+ 
_bmad-output/implementation-artifacts/evidence/6-1-p1r-remediation/source-candidate.diff:1674: trailing whitespace.
+ 
_bmad-output/implementation-artifacts/evidence/6-1-p1r-remediation/source-candidate.diff:1681: trailing whitespace.
+ 
_bmad-output/implementation-artifacts/evidence/6-1-p1r-remediation/source-candidate.diff:1683: trailing whitespace.
+ 
_bmad-output/implementation-artifacts/evidence/6-1-p1r-remediation/source-candidate.diff:1693: trailing whitespace.
+ 
_bmad-output/implementation-artifacts/evidence/6-1-p1r-remediation/source-candidate.diff:1702: trailing whitespace.
+ 
_bmad-output/implementation-artifacts/evidence/6-1-p1r-remediation/source-candidate.diff:1718: trailing whitespace.
+ 
_bmad-output/implementation-artifacts/evidence/6-1-p1r-remediation/source-candidate.diff:1784: trailing whitespace.
+ 
_bmad-output/implementation-artifacts/evidence/6-1-p1r-remediation/source-candidate.diff:1882: trailing whitespace.
+ 
_bmad-output/implementation-artifacts/evidence/6-1-p1r-remediation/source-candidate.diff:1925: trailing whitespace.
+ 
_bmad-output/implementation-artifacts/evidence/6-1-p1r-remediation/source-candidate.diff:1934: trailing whitespace.
+ 
_bmad-output/implementation-artifacts/evidence/6-1-p1r-remediation/source-candidate.diff:1985: trailing whitespace.
+ 
_bmad-output/implementation-artifacts/evidence/6-1-p1r-remediation/source-candidate.diff:1995: trailing whitespace.
+ 
_bmad-output/implementation-artifacts/evidence/6-1-p1r-remediation/source-candidate.diff:2001: trailing whitespace.
+ 
