README.md: OK
sha256sum: artifacts/3.110.0/Domain-assets.json: No such file or directory
artifacts/3.110.0/Domain-assets.json: FAILED open or read
sha256sum: artifacts/3.110.0/Domain-lock.json: No such file or directory
artifacts/3.110.0/Domain-lock.json: FAILED open or read
sha256sum: artifacts/3.110.0/Host-assets.json: No such file or directory
artifacts/3.110.0/Host-assets.json: FAILED open or read
sha256sum: artifacts/3.110.0/Host-lock.json: No such file or directory
artifacts/3.110.0/Host-lock.json: FAILED open or read
sha256sum: artifacts/3.110.0/Probe-assets.json: No such file or directory
artifacts/3.110.0/Probe-assets.json: FAILED open or read
sha256sum: artifacts/3.110.0/Probe-lock.json: No such file or directory
artifacts/3.110.0/Probe-lock.json: FAILED open or read
sha256sum: artifacts/3.110.0-domain-loaded.json: No such file or directory
artifacts/3.110.0-domain-loaded.json: FAILED open or read
sha256sum: artifacts/3.110.0-host-loaded.json: No such file or directory
artifacts/3.110.0-host-loaded.json: FAILED open or read
sha256sum: artifacts/3.110.0-identity.json: No such file or directory
artifacts/3.110.0-identity.json: FAILED open or read
sha256sum: artifacts/3.70.1/Domain-assets.json: No such file or directory
artifacts/3.70.1/Domain-assets.json: FAILED open or read
sha256sum: artifacts/3.70.1/Domain-lock.json: No such file or directory
artifacts/3.70.1/Domain-lock.json: FAILED open or read
sha256sum: artifacts/3.70.1/Host-assets.json: No such file or directory
artifacts/3.70.1/Host-assets.json: FAILED open or read
sha256sum: artifacts/3.70.1/Host-lock.json: No such file or directory
artifacts/3.70.1/Host-lock.json: FAILED open or read
sha256sum: artifacts/3.70.1/Probe-assets.json: No such file or directory
artifacts/3.70.1/Probe-assets.json: FAILED open or read
sha256sum: artifacts/3.70.1/Probe-lock.json: No such file or directory
artifacts/3.70.1/Probe-lock.json: FAILED open or read
sha256sum: artifacts/3.70.1-domain-loaded.json: No such file or directory
artifacts/3.70.1-domain-loaded.json: FAILED open or read
sha256sum: artifacts/3.70.1-host-loaded.json: No such file or directory
artifacts/3.70.1-host-loaded.json: FAILED open or read
sha256sum: artifacts/3.70.1-identity.json: No such file or directory
artifacts/3.70.1-identity.json: FAILED open or read
sha256sum: artifacts/current/Domain-assets.json: No such file or directory
artifacts/current/Domain-assets.json: FAILED open or read
sha256sum: artifacts/current/Domain-lock.json: No such file or directory
artifacts/current/Domain-lock.json: FAILED open or read
sha256sum: artifacts/current/Host-assets.json: No such file or directory
artifacts/current/Host-assets.json: FAILED open or read
sha256sum: artifacts/current/Host-lock.json: No such file or directory
artifacts/current/Host-lock.json: FAILED open or read
sha256sum: artifacts/current/Probe-assets.json: No such file or directory
artifacts/current/Probe-assets.json: FAILED open or read
sha256sum: artifacts/current/Probe-lock.json: No such file or directory
artifacts/current/Probe-lock.json: FAILED open or read
sha256sum: artifacts/current-domain-loaded.json: No such file or directory
artifacts/current-domain-loaded.json: FAILED open or read
sha256sum: artifacts/current-host-loaded.json: No such file or directory
artifacts/current-host-loaded.json: FAILED open or read
sha256sum: artifacts/current-identity.json: No such file or directory
artifacts/current-identity.json: FAILED open or read
cleanup.json: OK
commands.json: OK
inventories/full-replay-3.110.0-to-3.70.1-default-after.json: OK
inventories/full-replay-3.110.0-to-3.70.1-default-before.json: OK
inventories/full-replay-3.110.0-to-current-default-after.json: OK
inventories/full-replay-3.110.0-to-current-default-before.json: OK
inventories/full-replay-3.70.1-to-3.110.0-default-after.json: OK
inventories/full-replay-3.70.1-to-3.110.0-default-before.json: OK
inventories/full-replay-current-to-3.110.0-default-after.json: OK
inventories/full-replay-current-to-3.110.0-default-before.json: OK
inventories/invalid-3.110.0-invalid-floor-after.json: OK
inventories/invalid-3.110.0-invalid-floor-before.json: OK
inventories/invalid-3.110.0-protected-after.json: OK
inventories/invalid-3.110.0-protected-before.json: OK
inventories/invalid-3.110.0-unknown-type-after.json: OK
inventories/invalid-3.110.0-unknown-type-before.json: OK
inventories/invalid-3.110.0-unknown-version-after.json: OK
inventories/invalid-3.110.0-unknown-version-before.json: OK
inventories/invalid-3.110.0-unreadable-after.json: OK
inventories/invalid-3.110.0-unreadable-before.json: OK
inventories/invalid-3.70.1-invalid-floor-after.json: OK
inventories/invalid-3.70.1-invalid-floor-before.json: OK
inventories/invalid-3.70.1-protected-after.json: OK
inventories/invalid-3.70.1-protected-before.json: OK
inventories/invalid-3.70.1-unknown-type-after.json: OK
inventories/invalid-3.70.1-unknown-type-before.json: OK
inventories/invalid-3.70.1-unknown-version-after.json: OK
inventories/invalid-3.70.1-unknown-version-before.json: OK
inventories/invalid-3.70.1-unreadable-after.json: OK
inventories/invalid-3.70.1-unreadable-before.json: OK
inventories/invalid-current-invalid-floor-after.json: OK
inventories/invalid-current-invalid-floor-before.json: OK
inventories/invalid-current-protected-after.json: OK
inventories/invalid-current-protected-before.json: OK
inventories/invalid-current-unknown-type-after.json: OK
inventories/invalid-current-unknown-type-before.json: OK
inventories/invalid-current-unknown-version-after.json: OK
inventories/invalid-current-unknown-version-before.json: OK
inventories/invalid-current-unreadable-after.json: OK
inventories/invalid-current-unreadable-before.json: OK
inventories/metadata-write-3.110.0-to-3.70.1-default-after.json: OK
inventories/metadata-write-3.110.0-to-3.70.1-default-before.json: OK
inventories/metadata-write-3.110.0-to-current-default-after.json: OK
inventories/metadata-write-3.110.0-to-current-default-before.json: OK
inventories/metadata-write-current-to-3.110.0-default-after.json: OK
inventories/metadata-write-current-to-3.110.0-default-before.json: OK
inventories/missing-event-3.110.0-to-3.70.1-interior-after.json: OK
inventories/missing-event-3.110.0-to-3.70.1-interior-before.json: OK
inventories/missing-event-3.110.0-to-3.70.1-tail-after.json: OK
inventories/missing-event-3.110.0-to-3.70.1-tail-before.json: OK
inventories/missing-event-3.110.0-to-current-interior-after.json: OK
inventories/missing-event-3.110.0-to-current-interior-before.json: OK
inventories/missing-event-3.110.0-to-current-tail-after.json: OK
inventories/missing-event-3.110.0-to-current-tail-before.json: OK
inventories/missing-event-3.70.1-to-3.110.0-interior-after.json: OK
inventories/missing-event-3.70.1-to-3.110.0-interior-before.json: OK
inventories/missing-event-3.70.1-to-3.110.0-tail-after.json: OK
inventories/missing-event-3.70.1-to-3.110.0-tail-before.json: OK
inventories/missing-event-current-to-3.110.0-interior-after.json: OK
inventories/missing-event-current-to-3.110.0-interior-before.json: OK
inventories/missing-event-current-to-3.110.0-tail-after.json: OK
inventories/missing-event-current-to-3.110.0-tail-before.json: OK
inventories/mixed-3.110.0-3.70.1-after.json: OK
inventories/mixed-3.110.0-3.70.1-before.json: OK
inventories/mixed-3.70.1-3.110.0-after.json: OK
inventories/mixed-3.70.1-3.110.0-before.json: OK
inventories/post-upgrade-restore-after.json: OK
inventories/post-upgrade-restore-before.json: OK
inventories/post-upgrade-restore-restored.json: OK
inventories/pre-upgrade-restore-after.json: OK
inventories/pre-upgrade-restore-before.json: OK
inventories/pre-upgrade-restore-restored.json: OK
inventories/retained-covered-3.110.0-to-3.70.1-default-after.json: OK
inventories/retained-covered-3.110.0-to-3.70.1-default-before.json: OK
inventories/retained-covered-3.110.0-to-current-default-after.json: OK
inventories/retained-covered-3.110.0-to-current-default-before.json: OK
inventories/retained-covered-3.70.1-to-3.110.0-default-after.json: OK
inventories/retained-covered-3.70.1-to-3.110.0-default-before.json: OK
inventories/retained-covered-current-to-3.110.0-default-after.json: OK
inventories/retained-covered-current-to-3.110.0-default-before.json: OK
inventories/retained-uncovered-3.110.0-to-3.70.1-absent-after.json: OK
inventories/retained-uncovered-3.110.0-to-3.70.1-absent-before.json: OK
inventories/retained-uncovered-3.110.0-to-3.70.1-non-covering-after.json: OK
inventories/retained-uncovered-3.110.0-to-3.70.1-non-covering-before.json: OK
inventories/retained-uncovered-3.110.0-to-current-absent-after.json: OK
inventories/retained-uncovered-3.110.0-to-current-absent-before.json: OK
inventories/retained-uncovered-3.110.0-to-current-non-covering-after.json: OK
inventories/retained-uncovered-3.110.0-to-current-non-covering-before.json: OK
inventories/retained-uncovered-3.70.1-to-3.110.0-absent-after.json: OK
inventories/retained-uncovered-3.70.1-to-3.110.0-absent-before.json: OK
inventories/retained-uncovered-3.70.1-to-3.110.0-non-covering-after.json: OK
inventories/retained-uncovered-3.70.1-to-3.110.0-non-covering-before.json: OK
inventories/retained-uncovered-current-to-3.110.0-absent-after.json: OK
inventories/retained-uncovered-current-to-3.110.0-absent-before.json: OK
inventories/retained-uncovered-current-to-3.110.0-non-covering-after.json: OK
inventories/retained-uncovered-current-to-3.110.0-non-covering-before.json: OK
inventories/snapshot-tail-3.110.0-to-3.70.1-default-after.json: OK
inventories/snapshot-tail-3.110.0-to-3.70.1-default-before.json: OK
inventories/snapshot-tail-3.110.0-to-current-default-after.json: OK
inventories/snapshot-tail-3.110.0-to-current-default-before.json: OK
inventories/snapshot-tail-3.70.1-to-3.110.0-default-after.json: OK
inventories/snapshot-tail-3.70.1-to-3.110.0-default-before.json: OK
inventories/snapshot-tail-current-to-3.110.0-default-after.json: OK
inventories/snapshot-tail-current-to-3.110.0-default-before.json: OK
manifest.json: OK
runtime-identity.json: OK
scenario-results.json: OK
shared-scope-comparison.json: OK
source-comparison.json: OK
source-input-closure.json: OK
sha256sum: WARNING: 27 listed files could not be read
