.editorconfig: OK
Directory.Build.props: OK
Directory.Build.targets: OK
Directory.Packages.props: OK
NuGet.Config: OK
README.md: OK
attempt-01-cleanup-recovery.json: OK
attempt-01/SHA256SUMS: OK
attempt-02-cleanup-recovery.json: OK
attempt-02/SHA256SUMS: OK
attempt-03/SHA256SUMS: OK
attempt-04/SHA256SUMS: OK
attempt-05-targeted/SHA256SUMS: OK
attempt-06/SHA256SUMS: OK
attempt-07/SHA256SUMS: OK
attempt-08/SHA256SUMS: OK
attempt-09-audit-reproduction/SHA256SUMS: OK
attempt-10/SHA256SUMS: OK
attempt-11/SHA256SUMS: OK
attempt-12/SHA256SUMS: OK
attempt-13/SHA256SUMS: OK
attempt-14/SHA256SUMS: OK
attempt-15/SHA256SUMS: OK
attempt-16/SHA256SUMS: OK
attempt-17/SHA256SUMS: OK
attempt-18/SHA256SUMS: OK
attempt-19/SHA256SUMS: OK
attempt-20/SHA256SUMS: OK
attempt-21/SHA256SUMS: OK
current-checks.json: OK
domain/AssertCounter.cs: OK
domain/CounterAggregate.cs: OK
domain/CounterIncremented.cs: OK
domain/CounterState.cs: OK
domain/CursorQueryHandler.cs: OK
domain/Domain.csproj: OK
domain/IncrementCounter.cs: OK
domain/Program.cs: OK
failed-attempt-cleanup-context.json: OK
host/Host.csproj: OK
host/Program.cs: OK
manifest.json: OK
probe/Probe.csproj: OK
probe/Program.cs: OK
run_verification.py: OK
scenario-results.json: OK
test_run_verification.py: OK
