  Determining projects to restore...
  All projects are up-to-date for restore.
  Hexalith.Commons.UniqueIds -> /home/administrator/projects/hexalith/eventstore/references/Hexalith.Commons/src/libraries/Hexalith.Commons.UniqueIds/bin/Debug/net10.0/Hexalith.Commons.UniqueIds.dll
  Hexalith.EventStore.Contracts -> /home/administrator/projects/hexalith/eventstore/src/Hexalith.EventStore.Contracts/bin/Debug/net10.0/Hexalith.EventStore.Contracts.dll
  Hexalith.EventStore.Client -> /home/administrator/projects/hexalith/eventstore/src/Hexalith.EventStore.Client/bin/Debug/net10.0/Hexalith.EventStore.Client.dll
  Hexalith.EventStore.ServiceDefaults -> /home/administrator/projects/hexalith/eventstore/src/Hexalith.EventStore.ServiceDefaults/bin/Debug/net10.0/Hexalith.EventStore.ServiceDefaults.dll
  Hexalith.EventStore.DomainService -> /home/administrator/projects/hexalith/eventstore/src/Hexalith.EventStore.DomainService/bin/Debug/net10.0/Hexalith.EventStore.DomainService.dll
  Hexalith.EventStore.Sample.Contracts -> /home/administrator/projects/hexalith/eventstore/samples/Hexalith.EventStore.Sample.Contracts/bin/Debug/net10.0/Hexalith.EventStore.Sample.Contracts.dll
  Hexalith.EventStore.Sample -> /home/administrator/projects/hexalith/eventstore/samples/Hexalith.EventStore.Sample/bin/Debug/net10.0/Hexalith.EventStore.Sample.dll
  Hexalith.Commons.UniqueIds -> /home/administrator/projects/hexalith/eventstore/references/Hexalith.Commons/src/libraries/Hexalith.Commons.UniqueIds/bin/Debug/net10.0/Hexalith.Commons.UniqueIds.dll
  Successfully created package '/home/administrator/projects/hexalith/eventstore/references/Hexalith.Commons/src/libraries/Hexalith.Commons.UniqueIds/bin/Debug/Hexalith.Commons.UniqueIds.3.113.0.nupkg'.
  Successfully created package '/home/administrator/projects/hexalith/eventstore/references/Hexalith.Commons/src/libraries/Hexalith.Commons.UniqueIds/bin/Debug/Hexalith.Commons.UniqueIds.3.113.0.snupkg'.
  Hexalith.EventStore.Contracts -> /home/administrator/projects/hexalith/eventstore/src/Hexalith.EventStore.Contracts/bin/Debug/net10.0/Hexalith.EventStore.Contracts.dll
  Hexalith.Tenants.Contracts -> /home/administrator/projects/hexalith/eventstore/references/Hexalith.Tenants/src/Hexalith.Tenants.Contracts/bin/Debug/net10.0/Hexalith.Tenants.Contracts.dll
  Hexalith.EventStore.Admin.Abstractions -> /home/administrator/projects/hexalith/eventstore/src/Hexalith.EventStore.Admin.Abstractions/bin/Debug/net10.0/Hexalith.EventStore.Admin.Abstractions.dll
  Hexalith.EventStore.Server -> /home/administrator/projects/hexalith/eventstore/src/Hexalith.EventStore.Server/bin/Debug/net10.0/Hexalith.EventStore.Server.dll
  Hexalith.EventStore.Gateway -> /home/administrator/projects/hexalith/eventstore/src/Hexalith.EventStore.Gateway/bin/Debug/net10.0/Hexalith.EventStore.Gateway.dll
  Hexalith.EventStore -> /home/administrator/projects/hexalith/eventstore/src/Hexalith.EventStore/bin/Debug/net10.0/Hexalith.EventStore.dll
  Hexalith.EventStore.Testing -> /home/administrator/projects/hexalith/eventstore/src/Hexalith.EventStore.Testing/bin/Debug/net10.0/Hexalith.EventStore.Testing.dll
/home/administrator/projects/hexalith/eventstore/tests/Hexalith.EventStore.Server.Tests/Actors/AggregateActorInfrastructureFailureTests.cs(75,44): error CS8198: An expression tree may not contain an out argument variable declaration. [/home/administrator/projects/hexalith/eventstore/tests/Hexalith.EventStore.Server.Tests/Hexalith.EventStore.Server.Tests.csproj]

Build FAILED.

/home/administrator/projects/hexalith/eventstore/tests/Hexalith.EventStore.Server.Tests/Actors/AggregateActorInfrastructureFailureTests.cs(75,44): error CS8198: An expression tree may not contain an out argument variable declaration. [/home/administrator/projects/hexalith/eventstore/tests/Hexalith.EventStore.Server.Tests/Hexalith.EventStore.Server.Tests.csproj]
    0 Warning(s)
    1 Error(s)

Time Elapsed 00:00:07.35
