xUnit.net v3 In-Process Runner v4.0.1+8ed8aa354c (64-bit .NET 10.0.12)
  Discovering: Hexalith.EventStore.Client.Tests
  Discovered:  Hexalith.EventStore.Client.Tests
  Starting:    Hexalith.EventStore.Client.Tests
info: Hexalith.EventStore.Client.Registration.EventStoreHostExtensions[0]
      EventStore activated: 2 domains (smoke-test [Aggregate: SmokeTestAggregate], smoke-test [Projection: SmokeTestProjection])
info: Hexalith.EventStore.Client.Registration.EventStoreHostExtensions[0]
      EventStore activated: 2 domains (smoke-test [Aggregate: SmokeTestAggregate], smoke-test [Projection: SmokeTestProjection])
info: Hexalith.EventStore.Client.Registration.EventStoreHostExtensions[0]
      EventStore activated: 0 domains
info: Hexalith.EventStore.Client.Registration.EventStoreHostExtensions[0]
      EventStore activated: 2 domains (smoke-test [Aggregate: SmokeTestAggregate], smoke-test [Projection: SmokeTestProjection])
info: Hexalith.EventStore.Client.Registration.EventStoreHostExtensions[0]
      EventStore activated: 2 domains (smoke-test [Aggregate: SmokeTestAggregate], smoke-test [Projection: SmokeTestProjection])
info: Hexalith.EventStore.Client.Registration.EventStoreHostExtensions[0]
      EventStore activated: 2 domains (smoke-test [Aggregate: SmokeTestAggregate], smoke-test [Projection: SmokeTestProjection])
info: Hexalith.EventStore.Client.Registration.EventStoreHostExtensions[0]
      EventStore activated: 2 domains (smoke-test [Aggregate: SmokeTestAggregate], smoke-test [Projection: SmokeTestProjection])
info: Hexalith.EventStore.Client.Registration.EventStoreHostExtensions[0]
      EventStore activated: 2 domains (smoke-test [Aggregate: SmokeTestAggregate], smoke-test [Projection: SmokeTestProjection])
info: Hexalith.EventStore.Client.Registration.EventStoreHostExtensions[0]
      EventStore activated: 2 domains (smoke-test [Aggregate: SmokeTestAggregate], smoke-test [Projection: SmokeTestProjection])
info: Hexalith.EventStore.Client.Registration.EventStoreHostExtensions[0]
      EventStore activated: 2 domains (smoke-test [Aggregate: SmokeTestAggregate], smoke-test [Projection: SmokeTestProjection])
info: Hexalith.EventStore.Client.Registration.EventStoreHostExtensions[0]
      EventStore activated: 2 domains (smoke-test [Aggregate: SmokeTestAggregate], smoke-test [Projection: SmokeTestProjection])
warn: Hexalith.EventStore.Client.Registration.EventStoreHostExtensions[0]
      UseEventStore() has already been called. Skipping duplicate activation.
  Finished:    Hexalith.EventStore.Client.Tests (ID = 'c2d1978986f2db4f732725dfeabdc21d7b30f8896fecf92cb7bcdcf9b2d4cbd9')
=== TEST EXECUTION SUMMARY ===
   Hexalith.EventStore.Client.Tests  Total: 1506, Errors: 0, Failed: 0, Skipped: 0, Not Run: 0, Time: 5.614s
