  Determining projects to restore...
  Restored /tmp/eventstore-command-state-pw08hwt0/src/Hexalith.EventStore.Contracts/Hexalith.EventStore.Contracts.csproj (in 238 ms).
  Restored /tmp/eventstore-command-state-pw08hwt0/src/Hexalith.EventStore.Client/Hexalith.EventStore.Client.csproj (in 238 ms).
  Restored /tmp/eventstore-command-state-pw08hwt0/references/Hexalith.Commons/src/libraries/Hexalith.Commons.UniqueIds/Hexalith.Commons.UniqueIds.csproj (in 238 ms).
  Restored /tmp/eventstore-command-state-pw08hwt0/src/Hexalith.EventStore.ServiceDefaults/Hexalith.EventStore.ServiceDefaults.csproj (in 238 ms).
  Restored /tmp/eventstore-command-state-pw08hwt0/src/Hexalith.EventStore.DomainService/Hexalith.EventStore.DomainService.csproj (in 238 ms).
  Restored /tmp/eventstore-command-state-pw08hwt0/src/Hexalith.EventStore.Server/Hexalith.EventStore.Server.csproj (in 238 ms).
  Restored /tmp/eventstore-command-state-pw08hwt0/tests/Hexalith.EventStore.Server.Tests/Hexalith.EventStore.Server.Tests.csproj (in 238 ms).
  Hexalith.Commons.UniqueIds -> /tmp/eventstore-command-state-pw08hwt0/references/Hexalith.Commons/src/libraries/Hexalith.Commons.UniqueIds/bin/Debug/net10.0/Hexalith.Commons.UniqueIds.dll
  Successfully created package '/tmp/eventstore-command-state-pw08hwt0/references/Hexalith.Commons/src/libraries/Hexalith.Commons.UniqueIds/bin/Debug/Hexalith.Commons.UniqueIds.1.0.0.nupkg'.
  Successfully created package '/tmp/eventstore-command-state-pw08hwt0/references/Hexalith.Commons/src/libraries/Hexalith.Commons.UniqueIds/bin/Debug/Hexalith.Commons.UniqueIds.1.0.0.snupkg'.
  Hexalith.EventStore.Contracts -> /tmp/eventstore-command-state-pw08hwt0/src/Hexalith.EventStore.Contracts/bin/Debug/net10.0/Hexalith.EventStore.Contracts.dll
  Hexalith.EventStore.Client -> /tmp/eventstore-command-state-pw08hwt0/src/Hexalith.EventStore.Client/bin/Debug/net10.0/Hexalith.EventStore.Client.dll
  Hexalith.EventStore.ServiceDefaults -> /tmp/eventstore-command-state-pw08hwt0/src/Hexalith.EventStore.ServiceDefaults/bin/Debug/net10.0/Hexalith.EventStore.ServiceDefaults.dll
  Hexalith.EventStore.DomainService -> /tmp/eventstore-command-state-pw08hwt0/src/Hexalith.EventStore.DomainService/bin/Debug/net10.0/Hexalith.EventStore.DomainService.dll
  Hexalith.EventStore.Server -> /tmp/eventstore-command-state-pw08hwt0/src/Hexalith.EventStore.Server/bin/Debug/net10.0/Hexalith.EventStore.Server.dll
  Hexalith.EventStore.Server.Tests -> /tmp/eventstore-command-state-pw08hwt0/tests/Hexalith.EventStore.Server.Tests/bin/Debug/net10.0/Hexalith.EventStore.Server.Tests.dll

Build succeeded.
    0 Warning(s)
    0 Error(s)

Time Elapsed 00:00:04.59
