xUnit.net v3 In-Process Runner v4.0.1+8ed8aa354c (64-bit .NET 10.0.12)
  Discovering: Hexalith.EventStore.Server.LiveSidecar.Tests
  Discovered:  Hexalith.EventStore.Server.LiveSidecar.Tests
  Starting:    Hexalith.EventStore.Server.LiveSidecar.Tests
info: Hexalith.EventStore.Server.Projections.ProjectionDiscoveryHostedService[1121]
      Projection discovery: domain 'global-administrators' -> immediate mode (fire-and-forget after persistence)
info: Hexalith.EventStore.Server.Projections.ProjectionDiscoveryHostedService[1121]
      Projection discovery: domain 'tenants' -> immediate mode (fire-and-forget after persistence)
info: Hexalith.EventStore.Server.Projections.ProjectionDiscoveryHostedService[1124]
      Projection discovery complete: 2 domains discovered. Default refresh interval: 0ms (0=immediate).
info: Hexalith.EventStore.Server.Projections.ActiveRebuildIndexCleanupService[1200]
      Active-rebuild-index cleanup service started: CadenceSeconds=60, Stage=ActiveRebuildIndexCleanupServiceStarted
warn: Hexalith.EventStore.DomainService.ReminderReconciler[200213]
      Reminder reconciliation is disabled; readiness stays degraded
info: Microsoft.Hosting.Lifetime[14]
      Now listening on: http://localhost:36323
info: Microsoft.Hosting.Lifetime[0]
      Application started. Press Ctrl+C to shut down.
info: Microsoft.Hosting.Lifetime[0]
      Hosting environment: Testing
info: Microsoft.Hosting.Lifetime[0]
      Content root path: /home/administrator/projects/hexalith/eventstore/tests/Hexalith.EventStore.Server.LiveSidecar.Tests/bin/Debug/net10.0
info: Hexalith.EventStore.Server.Actors.ETagActor[1053]
      Cold start detected for ETag actor warmup:d1b078d5df4c425ebece15627868964a. No prior state found.
info: Hexalith.EventStore.Server.Actors.ETagActor[1050]
      ETag regenerated for actor warmup:d1b078d5df4c425ebece15627868964a. New ETag prefix: d2FybXVw
warn: Hexalith.EventStore.DomainService.ReminderCallbackTokenFilter[200209]
      Reminder actor call denied at the app channel: ReasonCode=token-missing
warn: Hexalith.EventStore.DomainService.ReminderCallbackTokenFilter[200209]
      Reminder actor call denied at the app channel: ReasonCode=token-invalid
info: Hexalith.EventStore.Server.Actors.AggregateActor[2001]
      Stage transition: ActorId=tenant-a:counter:reminder-c235acf5899f4a4099fabf78646cb89e, Stage=Processing, CorrelationId=wrk-XJJ4K16ZGX5KC739KNNFDD0ZVP3Z6DXH7G29SSH3BAFCV90TM8XG, CausationId=wrk-XJJ4K16ZGX5KC739KNNFDD0ZVP3Z6DXH7G29SSH3BAFCV90TM8XG, TenantId=tenant-a, Domain=counter, AggregateId=reminder-c235acf5899f4a4099fabf78646cb89e, CommandType=IncrementCounter, DurationMs=15.1441
info: Hexalith.EventStore.Server.Actors.AggregateActor[0]
      State rehydrated: null for ActorId=tenant-a:counter:reminder-c235acf5899f4a4099fabf78646cb89e, CorrelationId=wrk-XJJ4K16ZGX5KC739KNNFDD0ZVP3Z6DXH7G29SSH3BAFCV90TM8XG
info: Hexalith.EventStore.Server.Actors.AggregateActor[0]
      Domain service result: Success for ActorId=tenant-a:counter:reminder-c235acf5899f4a4099fabf78646cb89e, CorrelationId=wrk-XJJ4K16ZGX5KC739KNNFDD0ZVP3Z6DXH7G29SSH3BAFCV90TM8XG
info: Hexalith.EventStore.Server.Actors.AggregateActor[3003]
      Domain service version not specified in command extensions, defaulting to v1: Tenant=tenant-a, Domain=counter, CorrelationId=wrk-XJJ4K16ZGX5KC739KNNFDD0ZVP3Z6DXH7G29SSH3BAFCV90TM8XG
info: Hexalith.EventStore.Server.Events.EventPersister[3001]
      Events persisted: CorrelationId=wrk-XJJ4K16ZGX5KC739KNNFDD0ZVP3Z6DXH7G29SSH3BAFCV90TM8XG, CausationId=wrk-XJJ4K16ZGX5KC739KNNFDD0ZVP3Z6DXH7G29SSH3BAFCV90TM8XG, TenantId=tenant-a, AggregateId=reminder-c235acf5899f4a4099fabf78646cb89e, EventCount=1, NewSequence=1, Stage=EventsPersisted
info: Hexalith.EventStore.Server.Actors.AggregateActor[2001]
      Stage transition: ActorId=tenant-a:counter:reminder-c235acf5899f4a4099fabf78646cb89e, Stage=EventsStored, CorrelationId=wrk-XJJ4K16ZGX5KC739KNNFDD0ZVP3Z6DXH7G29SSH3BAFCV90TM8XG, CausationId=wrk-XJJ4K16ZGX5KC739KNNFDD0ZVP3Z6DXH7G29SSH3BAFCV90TM8XG, TenantId=tenant-a, Domain=counter, AggregateId=reminder-c235acf5899f4a4099fabf78646cb89e, CommandType=IncrementCounter, DurationMs=68.7663
info: Hexalith.EventStore.Server.Actors.AggregateActor[2001]
      Stage transition: ActorId=tenant-a:counter:reminder-c235acf5899f4a4099fabf78646cb89e, Stage=EventsPublished, CorrelationId=wrk-XJJ4K16ZGX5KC739KNNFDD0ZVP3Z6DXH7G29SSH3BAFCV90TM8XG, CausationId=wrk-XJJ4K16ZGX5KC739KNNFDD0ZVP3Z6DXH7G29SSH3BAFCV90TM8XG, TenantId=tenant-a, Domain=counter, AggregateId=reminder-c235acf5899f4a4099fabf78646cb89e, CommandType=IncrementCounter, DurationMs=69.8441
info: Hexalith.EventStore.Server.Actors.AggregateActor[2001]
      Stage transition: ActorId=tenant-a:counter:reminder-c235acf5899f4a4099fabf78646cb89e, Stage=Completed, CorrelationId=wrk-XJJ4K16ZGX5KC739KNNFDD0ZVP3Z6DXH7G29SSH3BAFCV90TM8XG, CausationId=wrk-XJJ4K16ZGX5KC739KNNFDD0ZVP3Z6DXH7G29SSH3BAFCV90TM8XG, TenantId=tenant-a, Domain=counter, AggregateId=reminder-c235acf5899f4a4099fabf78646cb89e, CommandType=IncrementCounter, DurationMs=82.7163
info: Hexalith.EventStore.Server.Actors.AggregateActor[2004]
      Command completed summary: CorrelationId=wrk-XJJ4K16ZGX5KC739KNNFDD0ZVP3Z6DXH7G29SSH3BAFCV90TM8XG, CausationId=wrk-XJJ4K16ZGX5KC739KNNFDD0ZVP3Z6DXH7G29SSH3BAFCV90TM8XG, TenantId=tenant-a, Domain=counter, AggregateId=reminder-c235acf5899f4a4099fabf78646cb89e, CommandType=IncrementCounter, Status=Completed, DurationMs=83.0809, Stage=CommandCompleted
info: Hexalith.EventStore.DomainService.ReminderCoordinator[200202]
      Reminder submitted: ActorId=wra-T9ERFZCW2GGZFEJATE4GFBGGN3TNBYAYT8FSF77XMXQS0HR6H8G0, ReminderName=date-wrs-SRWVSACYTVK733WTZP6NSW5CYA8YZQECMD624FAFJ9RMJJ2H25E0, EffectId=XJJ4K16ZGX5KC739KNNFDD0ZVP3Z6DXH7G29SSH3BAFCV90TM8XG, TargetDisposition=Success, Replayed=False
info: Microsoft.Hosting.Lifetime[0]
      Application is shutting down...
info: Hexalith.EventStore.Server.Projections.ProjectionDiscoveryHostedService[1121]
      Projection discovery: domain 'global-administrators' -> immediate mode (fire-and-forget after persistence)
info: Hexalith.EventStore.Server.Projections.ProjectionDiscoveryHostedService[1121]
      Projection discovery: domain 'tenants' -> immediate mode (fire-and-forget after persistence)
info: Hexalith.EventStore.Server.Projections.ProjectionDiscoveryHostedService[1124]
      Projection discovery complete: 2 domains discovered. Default refresh interval: 0ms (0=immediate).
info: Hexalith.EventStore.Server.Projections.ActiveRebuildIndexCleanupService[1200]
      Active-rebuild-index cleanup service started: CadenceSeconds=60, Stage=ActiveRebuildIndexCleanupServiceStarted
warn: Hexalith.EventStore.DomainService.ReminderReconciler[200213]
      Reminder reconciliation is disabled; readiness stays degraded
info: Microsoft.Hosting.Lifetime[14]
      Now listening on: http://localhost:36323
info: Microsoft.Hosting.Lifetime[0]
      Application started. Press Ctrl+C to shut down.
info: Microsoft.Hosting.Lifetime[0]
      Hosting environment: Testing
info: Microsoft.Hosting.Lifetime[0]
      Content root path: /home/administrator/projects/hexalith/eventstore/tests/Hexalith.EventStore.Server.LiveSidecar.Tests/bin/Debug/net10.0
info: Hexalith.EventStore.Server.Actors.ETagActor[1053]
      Cold start detected for ETag actor warmup:35c601f747444ed496f7259d3b8e9514. No prior state found.
info: Hexalith.EventStore.Server.Actors.ETagActor[1050]
      ETag regenerated for actor warmup:35c601f747444ed496f7259d3b8e9514. New ETag prefix: d2FybXVw
info: Hexalith.EventStore.DomainService.ReminderCoordinator[200202]
      Reminder submitted: ActorId=wra-T9ERFZCW2GGZFEJATE4GFBGGN3TNBYAYT8FSF77XMXQS0HR6H8G0, ReminderName=date-wrs-SRWVSACYTVK733WTZP6NSW5CYA8YZQECMD624FAFJ9RMJJ2H25E0, EffectId=XJJ4K16ZGX5KC739KNNFDD0ZVP3Z6DXH7G29SSH3BAFCV90TM8XG, TargetDisposition=Success, Replayed=True
info: Hexalith.EventStore.DomainService.ReminderCoordinator[200202]
      Reminder submitted: ActorId=wra-T9ERFZCW2GGZFEJATE4GFBGGN3TNBYAYT8FSF77XMXQS0HR6H8G0, ReminderName=date-wrs-8D575X1MBF5AQVD81WSG6KVXVD0WCHAT3SDG4RD8ZEHAJ9JC5RDG, EffectId=XJJ4K16ZGX5KC739KNNFDD0ZVP3Z6DXH7G29SSH3BAFCV90TM8XG, TargetDisposition=Success, Replayed=True
info: Hexalith.EventStore.DomainService.ReminderReconciler[200210]
      Reminder reconciliation pass completed: Tenants=1, Candidates=1, Armed=1, Submitted=0, Cancelled=0, Unresolved=0, Quarantined=0, Incomplete=0
info: Microsoft.Hosting.Lifetime[0]
      Application is shutting down...
  Finished:    Hexalith.EventStore.Server.LiveSidecar.Tests (ID = 'c929bbbfdb9fb5c64afc6af44b98c3d339daa5307c96509b5cfdc4895a2fb300')
=== TEST EXECUTION SUMMARY ===
   Hexalith.EventStore.Server.LiveSidecar.Tests  Total: 1, Errors: 0, Failed: 0, Skipped: 0, Not Run: 0, Time: 7.377s
