control-client: passed
control-server: passed
registry-instance-disposal: killed
initial-atomic-participant-admission: killed
legacy-evidence-opt-in: killed
source-metadata-presence: killed
source-trust-before-callback: killed
v2-exact-canonical-tuple: killed
trust-disposal-after-time: killed
Traceback (most recent call last):
  File "/home/administrator/projects/hexalith/eventstore/scripts/verify-dapr-logical-model-guards.py", line 247, in <module>
    main()
    ~~~~^^
  File "/home/administrator/projects/hexalith/eventstore/scripts/verify-dapr-logical-model-guards.py", line 225, in main
    result, elapsed = execute(work, output, name, target, args.timeout)
                      ~~~~~~~^^^^^^^^^^^^^^^^^^^^^^^^^^^^^^^^^^^^^^^^^^
  File "/home/administrator/projects/hexalith/eventstore/scripts/verify-dapr-logical-model-guards.py", line 108, in execute
    build = run(["dotnet", "build", str(project), "--configuration", CONFIGURATION,
                 "-p:UseHexalithProjectReferences=" + ("true" if DEPENDENCY_MODE == "source" else "false"), "-m:1", "--nologo"],
                work, output / f"{label}-build.log", timeout)
  File "/home/administrator/projects/hexalith/eventstore/scripts/verify-dapr-logical-model-guards.py", line 68, in run
    raise RuntimeError("Pinned lane or imported helper inputs changed during the command")
RuntimeError: Pinned lane or imported helper inputs changed during the command
