["python3", "/tmp/story-6-6-native-dapr/run-live.py"]
{"scope": "Development native loopback only; no production qualification", "ports": {"redis": 51673, "placement": 34023, "scheduler": 40079}, "run_directory": "/tmp/story-6-6-native-run-5b1tfuw1", "binaries": {"redis-server": "0211f2f28f138d2d4253b7c2eaadb57e7371c047f4bc6e0a8a78d2221506befd", "placement": "6f47e7d80b882d0c0926f4d91225c780260cdbcb33415a6ff66dbf9d96196b11", "scheduler": "354afd6594bc54e7a42e851577aa978f4d05e23be117d946a94279e049fc4ca6"}}
Native prerequisites ready; starting the unchanged live assertion gate.
Live test exit code: 1
 down.
info: Microsoft.Hosting.Lifetime[0]
      Hosting environment: Testing
info: Microsoft.Hosting.Lifetime[0]
      Content root path: /home/administrator/projects/hexalith/eventstore/tests/Hexalith.EventStore.Server.LiveSidecar.Tests/bin/Debug/net10.0
info: Microsoft.Hosting.Lifetime[0]
      Application is shutting down...
    Hexalith.EventStore.Server.LiveSidecar.Tests.Events.DaprEventEvolutionLogicalReadbackLiveSidecarTests.TwoSidecarsAndRestartPreserveCommittedApplicationBytesAndMessageIdentity [FAIL]
      Collection fixture type 'Hexalith.EventStore.Server.LiveSidecar.Tests.Fixtures.DaprTestContainerFixture' threw in InitializeAsync
      ---- System.InvalidOperationException : daprd exited with code 1 during health check.
      stdout:
      time="2026-10-05T16:23:38.782922721+02:00" level=info msg="Starting Dapr Runtime -- version 1.18.4 -- commit 6d1c53f430205c0c0f3bc3589ce5a3ec3f6f1647" app_id=eventstore-live-172c9c06cf4a48e594a2f31d0e605dfc instance=DESKTOP-VIOG240 scope=dapr.runtime type=log ver=1.18.4
      time="2026-10-05T16:23:38.782977337+02:00" level=info msg="Log level set to: info" app_id=eventstore-live-172c9c06cf4a48e594a2f31d0e605dfc instance=DESKTOP-VIOG240 scope=dapr.runtime type=log ver=1.18.4
      time="2026-10-05T16:23:38.783950125+02:00" level=warning msg="mTLS is disabled. Skipping certificate request and tls validation" app_id=eventstore-live-172c9c06cf4a48e594a2f31d0e605dfc instance=DESKTOP-VIOG240 scope=dapr.runtime.security type=log ver=1.18.4
      time="2026-10-05T16:23:38.785825113+02:00" level=info msg="loading default configuration" app_id=eventstore-live-172c9c06cf4a48e594a2f31d0e605dfc instance=DESKTOP-VIOG240 scope=dapr.runtime type=log ver=1.18.4
      time="2026-10-05T16:23:38.785866814+02:00" level=info msg="Enabled features: HotReload WorkflowsRemoteActivityReminder" app_id=eventstore-live-172c9c06cf4a48e594a2f31d0e605dfc instance=DESKTOP-VIOG240 scope=dapr.runtime type=log ver=1.18.4
      time="2026-10-05T16:23:38.788029331+02:00" level=info msg="metric spec: {\"enabled\":true}" app_id=eventstore-live-172c9c06cf4a48e594a2f31d0e605dfc instance=DESKTOP-VIOG240 scope=dapr.runtime.diagnostics type=log ver=1.18.4
      time="2026-10-05T16:23:38.788112553+02:00" level=info msg="Using default latency distribution buckets: [1 2 3 4 5 6 8 10 13 16 20 25 30 40 50 65 80 100 130 160 200 250 300 400 500 650 800 1000 2000 5000 10000 20000 50000 100000]" app_id=eventstore-live-172c9c06cf4a48e594a2f31d0e605dfc instance=DESKTOP-VIOG240 scope=dapr.runtime.diagnostics type=log ver=1.18.4
      time="2026-10-05T16:23:38.788290469+02:00" level=warning msg="The default value for 'spec.metric.http.increasedCardinality' will change to 'false' in Dapr 1.15 or later" app_id=eventstore-live-172c9c06cf4a48e594a2f31d0e605dfc instance=DESKTOP-VIOG240 scope=dapr.runtime.diagnostics type=log ver=1.18.4
      time="2026-10-05T16:23:38.789016381+02:00" level=info msg="Watching directories: [/tmp/dapr-components-b16dd3656f954fdcb326236248f36dd9]" app_id=eventstore-live-172c9c06cf4a48e594a2f31d0e605dfc instance=DESKTOP-VIOG240 scope=dapr.runtime.hotreload.loader.disk type=log ver=1.18.4
      time="2026-10-05T16:23:38.789162155+02:00" level=fatal msg="Fatal error from runtime: failed to create watcher: failed to add target /tmp/dapr-components-b16dd3656f954fdcb326236248f36dd9: no space left on device" app_id=eventstore-live-172c9c06cf4a48e594a2f31d0e605dfc instance=DESKTOP-VIOG240 scope=dapr.runtime type=log ver=1.18.4
      
      stderr:
      
      Stack Trace:
        
        ----- Inner Stack Trace -----
        tests/Hexalith.EventStore.Server.LiveSidecar.Tests/Fixtures/DaprTestContainerFixture.cs(1339,0): at Hexalith.EventStore.Server.LiveSidecar.Tests.Fixtures.DaprTestContainerFixture.WaitForDaprHealthAsync()
        tests/Hexalith.EventStore.Server.LiveSidecar.Tests/Fixtures/DaprTestContainerFixture.cs(221,0): at Hexalith.EventStore.Server.LiveSidecar.Tests.Fixtures.DaprTestContainerFixture.InitializeAsync()
        tests/Hexalith.EventStore.Server.LiveSidecar.Tests/Fixtures/DaprTestContainerFixture.cs(241,0): at Hexalith.EventStore.Server.LiveSidecar.Tests.Fixtures.DaprTestContainerFixture.InitializeAsync()
  Finished:    Hexalith.EventStore.Server.LiveSidecar.Tests (ID = 'c929bbbfdb9fb5c64afc6af44b98c3d339daa5307c96509b5cfdc4895a2fb300')
=== TEST EXECUTION SUMMARY ===
   Hexalith.EventStore.Server.LiveSidecar.Tests  Total: 11, Errors: 0, Failed: 1, Skipped: 0, Not Run: 0, Time: 1.876s

All owned native prerequisite processes stopped.
