{"command": ["python3", "/tmp/story-6-6-native-dapr/run-live.py"], "environment_override": {"EVENTSTORE_TEST_DAPR_HOT_RELOAD": "false"}}
{"scope": "Development native loopback only; no production qualification", "ports": {"redis": 60629, "placement": 39617, "scheduler": 42165}, "run_directory": "/tmp/story-6-6-native-run-vrt9oj6p", "binaries": {"redis-server": "0211f2f28f138d2d4253b7c2eaadb57e7371c047f4bc6e0a8a78d2221506befd", "placement": "6f47e7d80b882d0c0926f4d91225c780260cdbcb33415a6ff66dbf9d96196b11", "scheduler": "354afd6594bc54e7a42e851577aa978f4d05e23be117d946a94279e049fc4ca6"}}
Native prerequisites ready; starting the unchanged live assertion gate.
Live test exit code: 0
edfe0548af856cd413e9ce68a5, Stage=Completed, CorrelationId=01M467DTPC3TCZFX91HSPR2WC3, CausationId=01M467DTPC3TCZFX91HSPR2WC3, TenantId=tenant-a, Domain=counter, AggregateId=evolution-ba9d08edfe0548af856cd413e9ce68a5, CommandType=IncrementCounter, DurationMs=84.4246
info: Hexalith.EventStore.Server.Actors.AggregateActor[2004]
      Command completed summary: CorrelationId=01M467DTPC3TCZFX91HSPR2WC3, CausationId=01M467DTPC3TCZFX91HSPR2WC3, TenantId=tenant-a, Domain=counter, AggregateId=evolution-ba9d08edfe0548af856cd413e9ce68a5, CommandType=IncrementCounter, Status=Completed, DurationMs=84.813, Stage=CommandCompleted
info: Hexalith.EventStore.Server.Projections.ProjectionDiscoveryHostedService[1121]
      Projection discovery: domain 'global-administrators' -> immediate mode (fire-and-forget after persistence)
info: Hexalith.EventStore.Server.Projections.ProjectionDiscoveryHostedService[1121]
      Projection discovery: domain 'tenants' -> immediate mode (fire-and-forget after persistence)
info: Hexalith.EventStore.Server.Projections.ProjectionDiscoveryHostedService[1124]
      Projection discovery complete: 2 domains discovered. Default refresh interval: 0ms (0=immediate).
info: Hexalith.EventStore.Server.Projections.ActiveRebuildIndexCleanupService[1200]
      Active-rebuild-index cleanup service started: CadenceSeconds=60, Stage=ActiveRebuildIndexCleanupServiceStarted
info: Microsoft.Hosting.Lifetime[14]
      Now listening on: http://localhost:35861
info: Microsoft.Hosting.Lifetime[0]
      Application started. Press Ctrl+C to shut down.
info: Microsoft.Hosting.Lifetime[0]
      Hosting environment: Testing
info: Microsoft.Hosting.Lifetime[0]
      Content root path: /home/administrator/projects/hexalith/eventstore/tests/Hexalith.EventStore.Server.LiveSidecar.Tests/bin/Debug/net10.0
info: Hexalith.EventStore.Server.Actors.AggregateActor[0]
      Duplicate command detected: MessageId=01M467DTPC3TCZFX91HSPR2WC3, CorrelationId=01M467DTPC3TCZFX91HSPR2WC3, ActorId=tenant-a:counter:evolution-ba9d08edfe0548af856cd413e9ce68a5. Returning cached result.
info: Microsoft.Hosting.Lifetime[0]
      Application is shutting down...
info: Hexalith.EventStore.Server.Projections.ProjectionDiscoveryHostedService[1121]
      Projection discovery: domain 'global-administrators' -> immediate mode (fire-and-forget after persistence)
info: Hexalith.EventStore.Server.Projections.ProjectionDiscoveryHostedService[1121]
      Projection discovery: domain 'tenants' -> immediate mode (fire-and-forget after persistence)
info: Hexalith.EventStore.Server.Projections.ProjectionDiscoveryHostedService[1124]
      Projection discovery complete: 2 domains discovered. Default refresh interval: 0ms (0=immediate).
info: Hexalith.EventStore.Server.Projections.ActiveRebuildIndexCleanupService[1200]
      Active-rebuild-index cleanup service started: CadenceSeconds=60, Stage=ActiveRebuildIndexCleanupServiceStarted
warn: Hexalith.EventStore.DomainService.ReminderReconciler[200213]
      Reminder reconciliation is disabled; readiness stays degraded
info: Microsoft.Hosting.Lifetime[14]
      Now listening on: http://localhost:37455
info: Microsoft.Hosting.Lifetime[0]
      Application started. Press Ctrl+C to shut down.
info: Microsoft.Hosting.Lifetime[0]
      Hosting environment: Testing
info: Microsoft.Hosting.Lifetime[0]
      Content root path: /home/administrator/projects/hexalith/eventstore/tests/Hexalith.EventStore.Server.LiveSidecar.Tests/bin/Debug/net10.0
info: Hexalith.EventStore.Server.Actors.ETagActor[1053]
      Cold start detected for ETag actor warmup:423ecce33bad4e3c8225c62b9c1d1b29. No prior state found.
info: Hexalith.EventStore.Server.Actors.ETagActor[1050]
      ETag regenerated for actor warmup:423ecce33bad4e3c8225c62b9c1d1b29. New ETag prefix: d2FybXVw
info: Hexalith.EventStore.Server.Actors.AggregateActor[0]
      Duplicate command detected: MessageId=01M467DTPC3TCZFX91HSPR2WC3, CorrelationId=01M467DTPC3TCZFX91HSPR2WC3, ActorId=tenant-a:counter:evolution-ba9d08edfe0548af856cd413e9ce68a5. Returning cached result.
info: Microsoft.Hosting.Lifetime[0]
      Application is shutting down...
info: Microsoft.Hosting.Lifetime[0]
      Application is shutting down...
  Finished:    Hexalith.EventStore.Server.LiveSidecar.Tests (ID = 'c929bbbfdb9fb5c64afc6af44b98c3d339daa5307c96509b5cfdc4895a2fb300')
=== TEST EXECUTION SUMMARY ===
   Hexalith.EventStore.Server.LiveSidecar.Tests  Total: 11, Errors: 0, Failed: 0, Skipped: 0, Not Run: 0, Time: 11.157s

All owned native prerequisite processes stopped.
