xUnit.net v3 In-Process Runner v4.0.1+8ed8aa354c (64-bit .NET 10.0.12)
  Discovering: Hexalith.EventStore.Client.Tests
  Discovered:  Hexalith.EventStore.Client.Tests
  Starting:    Hexalith.EventStore.Client.Tests
    Hexalith.EventStore.Client.Tests.Aggregates.BuiltInCancellationTests.CommandConverterCancellationStopsBeforeHandler(outcome: 2) [FAIL]
      Shouldly.ShouldAssertException : Task `) => aggregate.ProcessAsync(Command(), null, scope.Cancellation.Token`
          should throw
      System.OperationCanceledException
          but threw
      System.InvalidOperationException
      Stack Trace:
           at System.Threading.Tasks.ContinuationResultTaskFromResultTask`2.InnerInvoke()
           at System.Threading.ExecutionContext.RunFromThreadPoolDispatchLoop(Thread threadPoolThread, ExecutionContext executionContext, ContextCallback callback, Object state)
        --- End of stack trace from previous location ---
           at System.Runtime.ExceptionServices.ExceptionDispatchInfo.Throw()
           at System.Threading.ExecutionContext.RunFromThreadPoolDispatchLoop(Thread threadPoolThread, ExecutionContext executionContext, ContextCallback callback, Object state)
           at System.Threading.Tasks.Task.ExecuteWithThreadLocal(Task& currentTaskSlot, Thread threadPoolThread)
        --- End of stack trace from previous location ---
           at System.Runtime.ExceptionServices.ExceptionDispatchInfo.Throw()
           at System.Runtime.CompilerServices.TaskAwaiter.ThrowForNonSuccess(Task task)
           at System.Runtime.CompilerServices.TaskAwaiter.HandleNonSuccessAndDebuggerNotification(Task task, ConfigureAwaitOptions options)
           at System.Runtime.CompilerServices.TaskAwaiter`1.GetResult()
        tests/Hexalith.EventStore.Client.Tests/Aggregates/BuiltInCancellationTests.cs(153,0): at Hexalith.EventStore.Client.Tests.Aggregates.BuiltInCancellationTests.CommandConverterCancellationStopsBeforeHandler(Int32 outcome)
           at System.Runtime.ExceptionServices.ExceptionDispatchInfo.Throw()
           at System.Runtime.CompilerServices.TaskAwaiter.ThrowForNonSuccess(Task task)
           at System.Runtime.CompilerServices.TaskAwaiter.HandleNonSuccessAndDebuggerNotification(Task task, ConfigureAwaitOptions options)
        --- End of stack trace from previous location ---
           at System.Runtime.ExceptionServices.ExceptionDispatchInfo.Throw()
           at System.Runtime.CompilerServices.TaskAwaiter.ThrowForNonSuccess(Task task)
           at System.Runtime.CompilerServices.TaskAwaiter.HandleNonSuccessAndDebuggerNotification(Task task, ConfigureAwaitOptions options)
    Hexalith.EventStore.Client.Tests.Aggregates.BuiltInCancellationTests.CommandConverterCancellationStopsBeforeHandler(outcome: 3) [FAIL]
      Shouldly.ShouldAssertException : Task `) => aggregate.ProcessAsync(Command(), null, scope.Cancellation.Token`
          should throw
      System.OperationCanceledException
          but threw
      System.Text.Json.JsonException
      Stack Trace:
           at System.Threading.Tasks.ContinuationResultTaskFromResultTask`2.InnerInvoke()
           at System.Threading.ExecutionContext.RunFromThreadPoolDispatchLoop(Thread threadPoolThread, ExecutionContext executionContext, ContextCallback callback, Object state)
        --- End of stack trace from previous location ---
           at System.Runtime.ExceptionServices.ExceptionDispatchInfo.Throw()
           at System.Threading.ExecutionContext.RunFromThreadPoolDispatchLoop(Thread threadPoolThread, ExecutionContext executionContext, ContextCallback callback, Object state)
           at System.Threading.Tasks.Task.ExecuteWithThreadLocal(Task& currentTaskSlot, Thread threadPoolThread)
        --- End of stack trace from previous location ---
           at System.Runtime.ExceptionServices.ExceptionDispatchInfo.Throw()
           at System.Runtime.CompilerServices.TaskAwaiter.ThrowForNonSuccess(Task task)
           at System.Runtime.CompilerServices.TaskAwaiter.HandleNonSuccessAndDebuggerNotification(Task task, ConfigureAwaitOptions options)
           at System.Runtime.CompilerServices.TaskAwaiter`1.GetResult()
        tests/Hexalith.EventStore.Client.Tests/Aggregates/BuiltInCancellationTests.cs(153,0): at Hexalith.EventStore.Client.Tests.Aggregates.BuiltInCancellationTests.CommandConverterCancellationStopsBeforeHandler(Int32 outcome)
           at System.Runtime.ExceptionServices.ExceptionDispatchInfo.Throw()
           at System.Runtime.CompilerServices.TaskAwaiter.ThrowForNonSuccess(Task task)
           at System.Runtime.CompilerServices.TaskAwaiter.HandleNonSuccessAndDebuggerNotification(Task task, ConfigureAwaitOptions options)
        --- End of stack trace from previous location ---
           at System.Runtime.ExceptionServices.ExceptionDispatchInfo.Throw()
           at System.Runtime.CompilerServices.TaskAwaiter.ThrowForNonSuccess(Task task)
           at System.Runtime.CompilerServices.TaskAwaiter.HandleNonSuccessAndDebuggerNotification(Task task, ConfigureAwaitOptions options)
    Hexalith.EventStore.Client.Tests.Aggregates.BuiltInCancellationTests.RehydrationConverterCancellationStopsBeforeApplyAndHandler(shape: "json-direct-array", outcome: 2) [FAIL]
      Shouldly.ShouldAssertException : Task `) => aggregate.ProcessAsync(Command(), StateShape(shape), scope.Cancellation.Token`
          should throw
      System.OperationCanceledException
          but threw
      System.InvalidOperationException
      Stack Trace:
           at System.Threading.Tasks.ContinuationResultTaskFromResultTask`2.InnerInvoke()
           at System.Threading.ExecutionContext.RunFromThreadPoolDispatchLoop(Thread threadPoolThread, ExecutionContext executionContext, ContextCallback callback, Object state)
        --- End of stack trace from previous location ---
           at System.Runtime.ExceptionServices.ExceptionDispatchInfo.Throw()
           at System.Threading.ExecutionContext.RunFromThreadPoolDispatchLoop(Thread threadPoolThread, ExecutionContext executionContext, ContextCallback callback, Object state)
           at System.Threading.Tasks.Task.ExecuteWithThreadLocal(Task& currentTaskSlot, Thread threadPoolThread)
        --- End of stack trace from previous location ---
           at System.Runtime.ExceptionServices.ExceptionDispatchInfo.Throw()
           at System.Runtime.CompilerServices.TaskAwaiter.ThrowForNonSuccess(Task task)
           at System.Runtime.CompilerServices.TaskAwaiter.HandleNonSuccessAndDebuggerNotification(Task task, ConfigureAwaitOptions options)
           at System.Runtime.CompilerServices.TaskAwaiter`1.GetResult()
        tests/Hexalith.EventStore.Client.Tests/Aggregates/BuiltInCancellationTests.cs(191,0): at Hexalith.EventStore.Client.Tests.Aggregates.BuiltInCancellationTests.RehydrationConverterCancellationStopsBeforeApplyAndHandler(String shape, Int32 outcome)
           at System.Runtime.ExceptionServices.ExceptionDispatchInfo.Throw()
           at System.Runtime.CompilerServices.TaskAwaiter.ThrowForNonSuccess(Task task)
           at System.Runtime.CompilerServices.TaskAwaiter.HandleNonSuccessAndDebuggerNotification(Task task, ConfigureAwaitOptions options)
        --- End of stack trace from previous location ---
           at System.Runtime.ExceptionServices.ExceptionDispatchInfo.Throw()
           at System.Runtime.CompilerServices.TaskAwaiter.ThrowForNonSuccess(Task task)
           at System.Runtime.CompilerServices.TaskAwaiter.HandleNonSuccessAndDebuggerNotification(Task task, ConfigureAwaitOptions options)
    Hexalith.EventStore.Client.Tests.Aggregates.BuiltInCancellationTests.RehydrationConverterCancellationStopsBeforeApplyAndHandler(shape: "json-object-array", outcome: 3) [FAIL]
      Shouldly.ShouldAssertException : Task `) => aggregate.ProcessAsync(Command(), StateShape(shape), scope.Cancellation.Token`
          should throw
      System.OperationCanceledException
          but threw
      System.InvalidOperationException
      Stack Trace:
           at System.Threading.Tasks.ContinuationResultTaskFromResultTask`2.InnerInvoke()
           at System.Threading.ExecutionContext.RunFromThreadPoolDispatchLoop(Thread threadPoolThread, ExecutionContext executionContext, ContextCallback callback, Object state)
        --- End of stack trace from previous location ---
           at System.Runtime.ExceptionServices.ExceptionDispatchInfo.Throw()
           at System.Threading.ExecutionContext.RunFromThreadPoolDispatchLoop(Thread threadPoolThread, ExecutionContext executionContext, ContextCallback callback, Object state)
           at System.Threading.Tasks.Task.ExecuteWithThreadLocal(Task& currentTaskSlot, Thread threadPoolThread)
        --- End of stack trace from previous location ---
           at System.Runtime.ExceptionServices.ExceptionDispatchInfo.Throw()
           at System.Runtime.CompilerServices.TaskAwaiter.ThrowForNonSuccess(Task task)
           at System.Runtime.CompilerServices.TaskAwaiter.HandleNonSuccessAndDebuggerNotification(Task task, ConfigureAwaitOptions options)
           at System.Runtime.CompilerServices.TaskAwaiter`1.GetResult()
        tests/Hexalith.EventStore.Client.Tests/Aggregates/BuiltInCancellationTests.cs(191,0): at Hexalith.EventStore.Client.Tests.Aggregates.BuiltInCancellationTests.RehydrationConverterCancellationStopsBeforeApplyAndHandler(String shape, Int32 outcome)
           at System.Runtime.ExceptionServices.ExceptionDispatchInfo.Throw()
           at System.Runtime.CompilerServices.TaskAwaiter.ThrowForNonSuccess(Task task)
           at System.Runtime.CompilerServices.TaskAwaiter.HandleNonSuccessAndDebuggerNotification(Task task, ConfigureAwaitOptions options)
        --- End of stack trace from previous location ---
           at System.Runtime.ExceptionServices.ExceptionDispatchInfo.Throw()
           at System.Runtime.CompilerServices.TaskAwaiter.ThrowForNonSuccess(Task task)
           at System.Runtime.CompilerServices.TaskAwaiter.HandleNonSuccessAndDebuggerNotification(Task task, ConfigureAwaitOptions options)
    Hexalith.EventStore.Client.Tests.Aggregates.BuiltInCancellationTests.RehydrationConverterCancellationStopsBeforeApplyAndHandler(shape: "json-object-array", outcome: 2) [FAIL]
      Shouldly.ShouldAssertException : Task `) => aggregate.ProcessAsync(Command(), StateShape(shape), scope.Cancellation.Token`
          should throw
      System.OperationCanceledException
          but threw
      System.InvalidOperationException
      Stack Trace:
           at System.Threading.Tasks.ContinuationResultTaskFromResultTask`2.InnerInvoke()
           at System.Threading.ExecutionContext.RunFromThreadPoolDispatchLoop(Thread threadPoolThread, ExecutionContext executionContext, ContextCallback callback, Object state)
        --- End of stack trace from previous location ---
           at System.Runtime.ExceptionServices.ExceptionDispatchInfo.Throw()
           at System.Threading.ExecutionContext.RunFromThreadPoolDispatchLoop(Thread threadPoolThread, ExecutionContext executionContext, ContextCallback callback, Object state)
           at System.Threading.Tasks.Task.ExecuteWithThreadLocal(Task& currentTaskSlot, Thread threadPoolThread)
        --- End of stack trace from previous location ---
           at System.Runtime.ExceptionServices.ExceptionDispatchInfo.Throw()
           at System.Runtime.CompilerServices.TaskAwaiter.ThrowForNonSuccess(Task task)
           at System.Runtime.CompilerServices.TaskAwaiter.HandleNonSuccessAndDebuggerNotification(Task task, ConfigureAwaitOptions options)
           at System.Runtime.CompilerServices.TaskAwaiter`1.GetResult()
        tests/Hexalith.EventStore.Client.Tests/Aggregates/BuiltInCancellationTests.cs(191,0): at Hexalith.EventStore.Client.Tests.Aggregates.BuiltInCancellationTests.RehydrationConverterCancellationStopsBeforeApplyAndHandler(String shape, Int32 outcome)
           at System.Runtime.ExceptionServices.ExceptionDispatchInfo.Throw()
           at System.Runtime.CompilerServices.TaskAwaiter.ThrowForNonSuccess(Task task)
           at System.Runtime.CompilerServices.TaskAwaiter.HandleNonSuccessAndDebuggerNotification(Task task, ConfigureAwaitOptions options)
        --- End of stack trace from previous location ---
           at System.Runtime.ExceptionServices.ExceptionDispatchInfo.Throw()
           at System.Runtime.CompilerServices.TaskAwaiter.ThrowForNonSuccess(Task task)
           at System.Runtime.CompilerServices.TaskAwaiter.HandleNonSuccessAndDebuggerNotification(Task task, ConfigureAwaitOptions options)
    Hexalith.EventStore.Client.Tests.Aggregates.BuiltInCancellationTests.RehydrationConverterCancellationStopsBeforeApplyAndHandler(shape: "json-array", outcome: 3) [FAIL]
      Shouldly.ShouldAssertException : Task `) => aggregate.ProcessAsync(Command(), StateShape(shape), scope.Cancellation.Token`
          should throw
      System.OperationCanceledException
          but threw
      System.InvalidOperationException
      Stack Trace:
           at System.Threading.Tasks.ContinuationResultTaskFromResultTask`2.InnerInvoke()
           at System.Threading.ExecutionContext.RunFromThreadPoolDispatchLoop(Thread threadPoolThread, ExecutionContext executionContext, ContextCallback callback, Object state)
        --- End of stack trace from previous location ---
           at System.Runtime.ExceptionServices.ExceptionDispatchInfo.Throw()
           at System.Threading.ExecutionContext.RunFromThreadPoolDispatchLoop(Thread threadPoolThread, ExecutionContext executionContext, ContextCallback callback, Object state)
           at System.Threading.Tasks.Task.ExecuteWithThreadLocal(Task& currentTaskSlot, Thread threadPoolThread)
        --- End of stack trace from previous location ---
           at System.Runtime.ExceptionServices.ExceptionDispatchInfo.Throw()
           at System.Runtime.CompilerServices.TaskAwaiter.ThrowForNonSuccess(Task task)
           at System.Runtime.CompilerServices.TaskAwaiter.HandleNonSuccessAndDebuggerNotification(Task task, ConfigureAwaitOptions options)
           at System.Runtime.CompilerServices.TaskAwaiter`1.GetResult()
        tests/Hexalith.EventStore.Client.Tests/Aggregates/BuiltInCancellationTests.cs(191,0): at Hexalith.EventStore.Client.Tests.Aggregates.BuiltInCancellationTests.RehydrationConverterCancellationStopsBeforeApplyAndHandler(String shape, Int32 outcome)
           at System.Runtime.ExceptionServices.ExceptionDispatchInfo.Throw()
           at System.Runtime.CompilerServices.TaskAwaiter.ThrowForNonSuccess(Task task)
           at System.Runtime.CompilerServices.TaskAwaiter.HandleNonSuccessAndDebuggerNotification(Task task, ConfigureAwaitOptions options)
        --- End of stack trace from previous location ---
           at System.Runtime.ExceptionServices.ExceptionDispatchInfo.Throw()
           at System.Runtime.CompilerServices.TaskAwaiter.ThrowForNonSuccess(Task task)
           at System.Runtime.CompilerServices.TaskAwaiter.HandleNonSuccessAndDebuggerNotification(Task task, ConfigureAwaitOptions options)
    Hexalith.EventStore.Client.Tests.Aggregates.BuiltInCancellationTests.RehydrationConverterCancellationStopsBeforeApplyAndHandler(shape: "json-array", outcome: 2) [FAIL]
      Shouldly.ShouldAssertException : Task `) => aggregate.ProcessAsync(Command(), StateShape(shape), scope.Cancellation.Token`
          should throw
      System.OperationCanceledException
          but threw
      System.InvalidOperationException
      Stack Trace:
           at System.Threading.Tasks.ContinuationResultTaskFromResultTask`2.InnerInvoke()
           at System.Threading.ExecutionContext.RunFromThreadPoolDispatchLoop(Thread threadPoolThread, ExecutionContext executionContext, ContextCallback callback, Object state)
        --- End of stack trace from previous location ---
           at System.Runtime.ExceptionServices.ExceptionDispatchInfo.Throw()
           at System.Threading.ExecutionContext.RunFromThreadPoolDispatchLoop(Thread threadPoolThread, ExecutionContext executionContext, ContextCallback callback, Object state)
           at System.Threading.Tasks.Task.ExecuteWithThreadLocal(Task& currentTaskSlot, Thread threadPoolThread)
        --- End of stack trace from previous location ---
           at System.Runtime.ExceptionServices.ExceptionDispatchInfo.Throw()
           at System.Runtime.CompilerServices.TaskAwaiter.ThrowForNonSuccess(Task task)
           at System.Runtime.CompilerServices.TaskAwaiter.HandleNonSuccessAndDebuggerNotification(Task task, ConfigureAwaitOptions options)
           at System.Runtime.CompilerServices.TaskAwaiter`1.GetResult()
        tests/Hexalith.EventStore.Client.Tests/Aggregates/BuiltInCancellationTests.cs(191,0): at Hexalith.EventStore.Client.Tests.Aggregates.BuiltInCancellationTests.RehydrationConverterCancellationStopsBeforeApplyAndHandler(String shape, Int32 outcome)
           at System.Runtime.ExceptionServices.ExceptionDispatchInfo.Throw()
           at System.Runtime.CompilerServices.TaskAwaiter.ThrowForNonSuccess(Task task)
           at System.Runtime.CompilerServices.TaskAwaiter.HandleNonSuccessAndDebuggerNotification(Task task, ConfigureAwaitOptions options)
        --- End of stack trace from previous location ---
           at System.Runtime.ExceptionServices.ExceptionDispatchInfo.Throw()
           at System.Runtime.CompilerServices.TaskAwaiter.ThrowForNonSuccess(Task task)
           at System.Runtime.CompilerServices.TaskAwaiter.HandleNonSuccessAndDebuggerNotification(Task task, ConfigureAwaitOptions options)
    Hexalith.EventStore.Client.Tests.Aggregates.BuiltInCancellationTests.RehydrationConverterCancellationStopsBeforeApplyAndHandler(shape: "enumerable", outcome: 3) [FAIL]
      Shouldly.ShouldAssertException : Task `) => aggregate.ProcessAsync(Command(), StateShape(shape), scope.Cancellation.Token`
          should throw
      System.OperationCanceledException
          but threw
      System.InvalidOperationException
      Stack Trace:
           at System.Threading.Tasks.ContinuationResultTaskFromResultTask`2.InnerInvoke()
           at System.Threading.ExecutionContext.RunFromThreadPoolDispatchLoop(Thread threadPoolThread, ExecutionContext executionContext, ContextCallback callback, Object state)
        --- End of stack trace from previous location ---
           at System.Runtime.ExceptionServices.ExceptionDispatchInfo.Throw()
           at System.Threading.ExecutionContext.RunFromThreadPoolDispatchLoop(Thread threadPoolThread, ExecutionContext executionContext, ContextCallback callback, Object state)
           at System.Threading.Tasks.Task.ExecuteWithThreadLocal(Task& currentTaskSlot, Thread threadPoolThread)
        --- End of stack trace from previous location ---
           at System.Runtime.ExceptionServices.ExceptionDispatchInfo.Throw()
           at System.Runtime.CompilerServices.TaskAwaiter.ThrowForNonSuccess(Task task)
           at System.Runtime.CompilerServices.TaskAwaiter.HandleNonSuccessAndDebuggerNotification(Task task, ConfigureAwaitOptions options)
           at System.Runtime.CompilerServices.TaskAwaiter`1.GetResult()
        tests/Hexalith.EventStore.Client.Tests/Aggregates/BuiltInCancellationTests.cs(191,0): at Hexalith.EventStore.Client.Tests.Aggregates.BuiltInCancellationTests.RehydrationConverterCancellationStopsBeforeApplyAndHandler(String shape, Int32 outcome)
           at System.Runtime.ExceptionServices.ExceptionDispatchInfo.Throw()
           at System.Runtime.CompilerServices.TaskAwaiter.ThrowForNonSuccess(Task task)
           at System.Runtime.CompilerServices.TaskAwaiter.HandleNonSuccessAndDebuggerNotification(Task task, ConfigureAwaitOptions options)
        --- End of stack trace from previous location ---
           at System.Runtime.ExceptionServices.ExceptionDispatchInfo.Throw()
           at System.Runtime.CompilerServices.TaskAwaiter.ThrowForNonSuccess(Task task)
           at System.Runtime.CompilerServices.TaskAwaiter.HandleNonSuccessAndDebuggerNotification(Task task, ConfigureAwaitOptions options)
    Hexalith.EventStore.Client.Tests.Aggregates.BuiltInCancellationTests.RehydrationConverterCancellationStopsBeforeApplyAndHandler(shape: "enumerable", outcome: 2) [FAIL]
      Shouldly.ShouldAssertException : Task `) => aggregate.ProcessAsync(Command(), StateShape(shape), scope.Cancellation.Token`
          should throw
      System.OperationCanceledException
          but threw
      System.InvalidOperationException
      Stack Trace:
           at System.Threading.Tasks.ContinuationResultTaskFromResultTask`2.InnerInvoke()
           at System.Threading.ExecutionContext.RunFromThreadPoolDispatchLoop(Thread threadPoolThread, ExecutionContext executionContext, ContextCallback callback, Object state)
        --- End of stack trace from previous location ---
           at System.Runtime.ExceptionServices.ExceptionDispatchInfo.Throw()
           at System.Threading.ExecutionContext.RunFromThreadPoolDispatchLoop(Thread threadPoolThread, ExecutionContext executionContext, ContextCallback callback, Object state)
           at System.Threading.Tasks.Task.ExecuteWithThreadLocal(Task& currentTaskSlot, Thread threadPoolThread)
        --- End of stack trace from previous location ---
           at System.Runtime.ExceptionServices.ExceptionDispatchInfo.Throw()
           at System.Runtime.CompilerServices.TaskAwaiter.ThrowForNonSuccess(Task task)
           at System.Runtime.CompilerServices.TaskAwaiter.HandleNonSuccessAndDebuggerNotification(Task task, ConfigureAwaitOptions options)
           at System.Runtime.CompilerServices.TaskAwaiter`1.GetResult()
        tests/Hexalith.EventStore.Client.Tests/Aggregates/BuiltInCancellationTests.cs(191,0): at Hexalith.EventStore.Client.Tests.Aggregates.BuiltInCancellationTests.RehydrationConverterCancellationStopsBeforeApplyAndHandler(String shape, Int32 outcome)
           at System.Runtime.ExceptionServices.ExceptionDispatchInfo.Throw()
           at System.Runtime.CompilerServices.TaskAwaiter.ThrowForNonSuccess(Task task)
           at System.Runtime.CompilerServices.TaskAwaiter.HandleNonSuccessAndDebuggerNotification(Task task, ConfigureAwaitOptions options)
        --- End of stack trace from previous location ---
           at System.Runtime.ExceptionServices.ExceptionDispatchInfo.Throw()
           at System.Runtime.CompilerServices.TaskAwaiter.ThrowForNonSuccess(Task task)
           at System.Runtime.CompilerServices.TaskAwaiter.HandleNonSuccessAndDebuggerNotification(Task task, ConfigureAwaitOptions options)
    Hexalith.EventStore.Client.Tests.Aggregates.BuiltInCancellationTests.RehydrationConverterCancellationStopsBeforeApplyAndHandler(shape: "json-snapshot", outcome: 3) [FAIL]
      Shouldly.ShouldAssertException : Task `) => aggregate.ProcessAsync(Command(), StateShape(shape), scope.Cancellation.Token`
          should throw
      System.OperationCanceledException
          but threw
      System.InvalidOperationException
      Stack Trace:
           at System.Threading.Tasks.ContinuationResultTaskFromResultTask`2.InnerInvoke()
           at System.Threading.ExecutionContext.RunFromThreadPoolDispatchLoop(Thread threadPoolThread, ExecutionContext executionContext, ContextCallback callback, Object state)
        --- End of stack trace from previous location ---
           at System.Runtime.ExceptionServices.ExceptionDispatchInfo.Throw()
           at System.Threading.ExecutionContext.RunFromThreadPoolDispatchLoop(Thread threadPoolThread, ExecutionContext executionContext, ContextCallback callback, Object state)
           at System.Threading.Tasks.Task.ExecuteWithThreadLocal(Task& currentTaskSlot, Thread threadPoolThread)
        --- End of stack trace from previous location ---
           at System.Runtime.ExceptionServices.ExceptionDispatchInfo.Throw()
           at System.Runtime.CompilerServices.TaskAwaiter.ThrowForNonSuccess(Task task)
           at System.Runtime.CompilerServices.TaskAwaiter.HandleNonSuccessAndDebuggerNotification(Task task, ConfigureAwaitOptions options)
           at System.Runtime.CompilerServices.TaskAwaiter`1.GetResult()
        tests/Hexalith.EventStore.Client.Tests/Aggregates/BuiltInCancellationTests.cs(191,0): at Hexalith.EventStore.Client.Tests.Aggregates.BuiltInCancellationTests.RehydrationConverterCancellationStopsBeforeApplyAndHandler(String shape, Int32 outcome)
           at System.Runtime.ExceptionServices.ExceptionDispatchInfo.Throw()
           at System.Runtime.CompilerServices.TaskAwaiter.ThrowForNonSuccess(Task task)
           at System.Runtime.CompilerServices.TaskAwaiter.HandleNonSuccessAndDebuggerNotification(Task task, ConfigureAwaitOptions options)
        --- End of stack trace from previous location ---
           at System.Runtime.ExceptionServices.ExceptionDispatchInfo.Throw()
           at System.Runtime.CompilerServices.TaskAwaiter.ThrowForNonSuccess(Task task)
           at System.Runtime.CompilerServices.TaskAwaiter.HandleNonSuccessAndDebuggerNotification(Task task, ConfigureAwaitOptions options)
    Hexalith.EventStore.Client.Tests.Aggregates.BuiltInCancellationTests.RehydrationConverterCancellationStopsBeforeApplyAndHandler(shape: "json-snapshot", outcome: 2) [FAIL]
      Shouldly.ShouldAssertException : Task `) => aggregate.ProcessAsync(Command(), StateShape(shape), scope.Cancellation.Token`
          should throw
      System.OperationCanceledException
          but threw
      System.InvalidOperationException
      Stack Trace:
           at System.Threading.Tasks.ContinuationResultTaskFromResultTask`2.InnerInvoke()
           at System.Threading.ExecutionContext.RunFromThreadPoolDispatchLoop(Thread threadPoolThread, ExecutionContext executionContext, ContextCallback callback, Object state)
        --- End of stack trace from previous location ---
           at System.Runtime.ExceptionServices.ExceptionDispatchInfo.Throw()
           at System.Threading.ExecutionContext.RunFromThreadPoolDispatchLoop(Thread threadPoolThread, ExecutionContext executionContext, ContextCallback callback, Object state)
           at System.Threading.Tasks.Task.ExecuteWithThreadLocal(Task& currentTaskSlot, Thread threadPoolThread)
        --- End of stack trace from previous location ---
           at System.Runtime.ExceptionServices.ExceptionDispatchInfo.Throw()
           at System.Runtime.CompilerServices.TaskAwaiter.ThrowForNonSuccess(Task task)
           at System.Runtime.CompilerServices.TaskAwaiter.HandleNonSuccessAndDebuggerNotification(Task task, ConfigureAwaitOptions options)
           at System.Runtime.CompilerServices.TaskAwaiter`1.GetResult()
        tests/Hexalith.EventStore.Client.Tests/Aggregates/BuiltInCancellationTests.cs(191,0): at Hexalith.EventStore.Client.Tests.Aggregates.BuiltInCancellationTests.RehydrationConverterCancellationStopsBeforeApplyAndHandler(String shape, Int32 outcome)
           at System.Runtime.ExceptionServices.ExceptionDispatchInfo.Throw()
           at System.Runtime.CompilerServices.TaskAwaiter.ThrowForNonSuccess(Task task)
           at System.Runtime.CompilerServices.TaskAwaiter.HandleNonSuccessAndDebuggerNotification(Task task, ConfigureAwaitOptions options)
        --- End of stack trace from previous location ---
           at System.Runtime.ExceptionServices.ExceptionDispatchInfo.Throw()
           at System.Runtime.CompilerServices.TaskAwaiter.ThrowForNonSuccess(Task task)
           at System.Runtime.CompilerServices.TaskAwaiter.HandleNonSuccessAndDebuggerNotification(Task task, ConfigureAwaitOptions options)
    Hexalith.EventStore.Client.Tests.Aggregates.BuiltInCancellationTests.RehydrationConverterCancellationStopsBeforeApplyAndHandler(shape: "snapshot", outcome: 3) [FAIL]
      Shouldly.ShouldAssertException : Task `) => aggregate.ProcessAsync(Command(), StateShape(shape), scope.Cancellation.Token`
          should throw
      System.OperationCanceledException
          but threw
      System.InvalidOperationException
      Stack Trace:
           at System.Threading.Tasks.ContinuationResultTaskFromResultTask`2.InnerInvoke()
           at System.Threading.ExecutionContext.RunFromThreadPoolDispatchLoop(Thread threadPoolThread, ExecutionContext executionContext, ContextCallback callback, Object state)
        --- End of stack trace from previous location ---
           at System.Runtime.ExceptionServices.ExceptionDispatchInfo.Throw()
           at System.Threading.ExecutionContext.RunFromThreadPoolDispatchLoop(Thread threadPoolThread, ExecutionContext executionContext, ContextCallback callback, Object state)
           at System.Threading.Tasks.Task.ExecuteWithThreadLocal(Task& currentTaskSlot, Thread threadPoolThread)
        --- End of stack trace from previous location ---
           at System.Runtime.ExceptionServices.ExceptionDispatchInfo.Throw()
           at System.Runtime.CompilerServices.TaskAwaiter.ThrowForNonSuccess(Task task)
           at System.Runtime.CompilerServices.TaskAwaiter.HandleNonSuccessAndDebuggerNotification(Task task, ConfigureAwaitOptions options)
           at System.Runtime.CompilerServices.TaskAwaiter`1.GetResult()
        tests/Hexalith.EventStore.Client.Tests/Aggregates/BuiltInCancellationTests.cs(191,0): at Hexalith.EventStore.Client.Tests.Aggregates.BuiltInCancellationTests.RehydrationConverterCancellationStopsBeforeApplyAndHandler(String shape, Int32 outcome)
           at System.Runtime.ExceptionServices.ExceptionDispatchInfo.Throw()
           at System.Runtime.CompilerServices.TaskAwaiter.ThrowForNonSuccess(Task task)
           at System.Runtime.CompilerServices.TaskAwaiter.HandleNonSuccessAndDebuggerNotification(Task task, ConfigureAwaitOptions options)
        --- End of stack trace from previous location ---
           at System.Runtime.ExceptionServices.ExceptionDispatchInfo.Throw()
           at System.Runtime.CompilerServices.TaskAwaiter.ThrowForNonSuccess(Task task)
           at System.Runtime.CompilerServices.TaskAwaiter.HandleNonSuccessAndDebuggerNotification(Task task, ConfigureAwaitOptions options)
    Hexalith.EventStore.Client.Tests.Aggregates.BuiltInCancellationTests.RehydrationConverterCancellationStopsBeforeApplyAndHandler(shape: "snapshot", outcome: 2) [FAIL]
      Shouldly.ShouldAssertException : Task `) => aggregate.ProcessAsync(Command(), StateShape(shape), scope.Cancellation.Token`
          should throw
      System.OperationCanceledException
          but threw
      System.InvalidOperationException
      Stack Trace:
           at System.Threading.Tasks.ContinuationResultTaskFromResultTask`2.InnerInvoke()
           at System.Threading.ExecutionContext.RunFromThreadPoolDispatchLoop(Thread threadPoolThread, ExecutionContext executionContext, ContextCallback callback, Object state)
        --- End of stack trace from previous location ---
           at System.Runtime.ExceptionServices.ExceptionDispatchInfo.Throw()
           at System.Threading.ExecutionContext.RunFromThreadPoolDispatchLoop(Thread threadPoolThread, ExecutionContext executionContext, ContextCallback callback, Object state)
           at System.Threading.Tasks.Task.ExecuteWithThreadLocal(Task& currentTaskSlot, Thread threadPoolThread)
        --- End of stack trace from previous location ---
           at System.Runtime.ExceptionServices.ExceptionDispatchInfo.Throw()
           at System.Runtime.CompilerServices.TaskAwaiter.ThrowForNonSuccess(Task task)
           at System.Runtime.CompilerServices.TaskAwaiter.HandleNonSuccessAndDebuggerNotification(Task task, ConfigureAwaitOptions options)
           at System.Runtime.CompilerServices.TaskAwaiter`1.GetResult()
        tests/Hexalith.EventStore.Client.Tests/Aggregates/BuiltInCancellationTests.cs(191,0): at Hexalith.EventStore.Client.Tests.Aggregates.BuiltInCancellationTests.RehydrationConverterCancellationStopsBeforeApplyAndHandler(String shape, Int32 outcome)
           at System.Runtime.ExceptionServices.ExceptionDispatchInfo.Throw()
           at System.Runtime.CompilerServices.TaskAwaiter.ThrowForNonSuccess(Task task)
           at System.Runtime.CompilerServices.TaskAwaiter.HandleNonSuccessAndDebuggerNotification(Task task, ConfigureAwaitOptions options)
        --- End of stack trace from previous location ---
           at System.Runtime.ExceptionServices.ExceptionDispatchInfo.Throw()
           at System.Runtime.CompilerServices.TaskAwaiter.ThrowForNonSuccess(Task task)
           at System.Runtime.CompilerServices.TaskAwaiter.HandleNonSuccessAndDebuggerNotification(Task task, ConfigureAwaitOptions options)
    Hexalith.EventStore.Client.Tests.Aggregates.BuiltInCancellationTests.RehydrationConverterCancellationStopsBeforeApplyAndHandler(shape: "json-direct-array", outcome: 3) [FAIL]
      Shouldly.ShouldAssertException : Task `) => aggregate.ProcessAsync(Command(), StateShape(shape), scope.Cancellation.Token`
          should throw
      System.OperationCanceledException
          but threw
      System.InvalidOperationException
      Stack Trace:
           at System.Threading.Tasks.ContinuationResultTaskFromResultTask`2.InnerInvoke()
           at System.Threading.ExecutionContext.RunFromThreadPoolDispatchLoop(Thread threadPoolThread, ExecutionContext executionContext, ContextCallback callback, Object state)
        --- End of stack trace from previous location ---
           at System.Runtime.ExceptionServices.ExceptionDispatchInfo.Throw()
           at System.Threading.ExecutionContext.RunFromThreadPoolDispatchLoop(Thread threadPoolThread, ExecutionContext executionContext, ContextCallback callback, Object state)
           at System.Threading.Tasks.Task.ExecuteWithThreadLocal(Task& currentTaskSlot, Thread threadPoolThread)
        --- End of stack trace from previous location ---
           at System.Runtime.ExceptionServices.ExceptionDispatchInfo.Throw()
           at System.Runtime.CompilerServices.TaskAwaiter.ThrowForNonSuccess(Task task)
           at System.Runtime.CompilerServices.TaskAwaiter.HandleNonSuccessAndDebuggerNotification(Task task, ConfigureAwaitOptions options)
           at System.Runtime.CompilerServices.TaskAwaiter`1.GetResult()
        tests/Hexalith.EventStore.Client.Tests/Aggregates/BuiltInCancellationTests.cs(191,0): at Hexalith.EventStore.Client.Tests.Aggregates.BuiltInCancellationTests.RehydrationConverterCancellationStopsBeforeApplyAndHandler(String shape, Int32 outcome)
           at System.Runtime.ExceptionServices.ExceptionDispatchInfo.Throw()
           at System.Runtime.CompilerServices.TaskAwaiter.ThrowForNonSuccess(Task task)
           at System.Runtime.CompilerServices.TaskAwaiter.HandleNonSuccessAndDebuggerNotification(Task task, ConfigureAwaitOptions options)
        --- End of stack trace from previous location ---
           at System.Runtime.ExceptionServices.ExceptionDispatchInfo.Throw()
           at System.Runtime.CompilerServices.TaskAwaiter.ThrowForNonSuccess(Task task)
           at System.Runtime.CompilerServices.TaskAwaiter.HandleNonSuccessAndDebuggerNotification(Task task, ConfigureAwaitOptions options)
  Finished:    Hexalith.EventStore.Client.Tests (ID = 'c2d1978986f2db4f732725dfeabdc21d7b30f8896fecf92cb7bcdcf9b2d4cbd9')
=== TEST EXECUTION SUMMARY ===
   Hexalith.EventStore.Client.Tests  Total: 53, Errors: 0, Failed: 14, Skipped: 0, Not Run: 0, Time: 0.245s
