  Discovering: Hexalith.EventStore.Server.LiveSidecar.Tests
  Discovered:  Hexalith.EventStore.Server.LiveSidecar.Tests
  Starting:    Hexalith.EventStore.Server.LiveSidecar.Tests
    Hexalith.EventStore.Server.LiveSidecar.Tests.Events.CounterPostgresqlLogicalReadbackProbe.BoundedCounterWriterPreservesLogicalBytesAcrossTwoHostsAndRestart [FAIL]
      Shouldly.ShouldAssertException : Convert.ToHexStringLower(SHA256.HashData(Encoding.UTF8.GetBytes(original.MessageId)))
          should be
      "006064bdf4c7954550cdd289e0b7f6ecc28e467c95e6ee07b7ca68d3ae13a454"
          but was
      "1dfb94580bbe0bab198c62e94ff66710fea28c26e032f26b9fa36cbcdd721960"
          difference
      Difference     |  |    |    |    |    |         |    |    |    |    |    |    |    |    |    |    |    |    |    |    |        
                     | \|/  \|/  \|/  \|/  \|/       \|/  \|/  \|/  \|/  \|/  \|/  \|/  \|/  \|/  \|/  \|/  \|/  \|/  \|/  \|/       
      Index          | 0    1    2    3    4    5    6    7    8    9    10   11   12   13   14   15   16   17   18   19   20   ...  
      Expected Value | 0    0    6    0    6    4    b    d    f    4    c    7    9    5    4    5    5    0    c    d    d    ...  
      Actual Value   | 1    d    f    b    9    4    5    8    0    b    b    e    0    b    a    b    1    9    8    c    6    ...  
      Expected Code  | 48   48   54   48   54   52   98   100  102  52   99   55   57   53   52   53   53   48   99   100  100  ...  
      Actual Code    | 49   100  102  98   57   52   53   56   48   98   98   101  48   98   97   98   49   57   56   99   54   ...  
      
      Difference     |       |         |    |    |    |    |    |    |    |    |    |    |    |    |    |    |    |    |    |    |        
                     |      \|/       \|/  \|/  \|/  \|/  \|/  \|/  \|/  \|/  \|/  \|/  \|/  \|/  \|/  \|/  \|/  \|/  \|/  \|/  \|/       
      Index          | ...  22   23   24   25   26   27   28   29   30   31   32   33   34   35   36   37   38   39   40   41   42   ...  
      Expected Value | ...  8    9    e    0    b    7    f    6    e    c    c    2    8    e    4    6    7    c    9    5    e    ...  
      Actual Value   | ...  e    9    4    f    f    6    6    7    1    0    f    e    a    2    8    c    2    6    e    0    3    ...  
      Expected Code  | ...  56   57   101  48   98   55   102  54   101  99   99   50   56   101  52   54   55   99   57   53   101  ...  
      Actual Code    | ...  101  57   52   102  102  54   54   55   49   48   102  101  97   50   56   99   50   54   101  48   51   ...  
      
      Difference     |       |    |    |    |    |    |    |    |    |         |    |    |    |    |    |    |    |    |    |    |   
                     |      \|/  \|/  \|/  \|/  \|/  \|/  \|/  \|/  \|/       \|/  \|/  \|/  \|/  \|/  \|/  \|/  \|/  \|/  \|/  \|/  
      Index          | ...  43   44   45   46   47   48   49   50   51   52   53   54   55   56   57   58   59   60   61   62   63   
      Expected Value | ...  6    e    e    0    7    b    7    c    a    6    8    d    3    a    e    1    3    a    4    5    4    
      Actual Value   | ...  2    f    2    6    b    9    f    a    3    6    c    b    c    d    d    7    2    1    9    6    0    
      Expected Code  | ...  54   101  101  48   55   98   55   99   97   54   56   100  51   97   101  49   51   97   52   53   52   
      Actual Code    | ...  50   102  50   54   98   57   102  97   51   54   99   98   99   100  100  55   50   49   57   54   48   
      Stack Trace:
        /tmp/story66-counter-postgresql-ys35u2pp/tests/Hexalith.EventStore.Server.LiveSidecar.Tests/Events/CounterPostgresqlLogicalReadbackProbe.cs(41,0): at Hexalith.EventStore.Server.LiveSidecar.Tests.Events.CounterPostgresqlLogicalReadbackProbe.BoundedCounterWriterPreservesLogicalBytesAcrossTwoHostsAndRestart()
           at System.Runtime.ExceptionServices.ExceptionDispatchInfo.Throw()
           at System.Runtime.CompilerServices.TaskAwaiter.ThrowForNonSuccess(Task task)
           at System.Runtime.CompilerServices.TaskAwaiter.HandleNonSuccessAndDebuggerNotification(Task task, ConfigureAwaitOptions options)
        --- End of stack trace from previous location ---
           at System.Runtime.ExceptionServices.ExceptionDispatchInfo.Throw()
           at System.Runtime.CompilerServices.TaskAwaiter.ThrowForNonSuccess(Task task)
           at System.Runtime.CompilerServices.TaskAwaiter.HandleNonSuccessAndDebuggerNotification(Task task, ConfigureAwaitOptions options)
  Finished:    Hexalith.EventStore.Server.LiveSidecar.Tests (ID = 'f4ec690df5084849a74a15db232caadfca1fc1112da8ff650b021a0accaf2c40')
=== TEST EXECUTION SUMMARY ===
   Hexalith.EventStore.Server.LiveSidecar.Tests  Total: 1, Errors: 0, Failed: 1, Skipped: 0, Not Run: 0, Time: 11.247s
