xUnit.net v3 In-Process Runner v4.0.1+8ed8aa354c (64-bit .NET 10.0.12)
  Discovering: Hexalith.EventStore.Client.Tests
  Discovered:  Hexalith.EventStore.Client.Tests
  Starting:    Hexalith.EventStore.Client.Tests
    Hexalith.EventStore.Client.Tests.Streams.DirectoryAtomicAppendTests.OutOfScopeCommittedWriteAcceptsOrdinalZero [FAIL]
      Shouldly.ShouldAssertException : reduced.Receipt.Status
          should be
      "Accepted"
          but was
      "Blocked"
          difference
      Difference     |  |    |    |    |    |    |    |    |   
                     | \|/  \|/  \|/  \|/  \|/  \|/  \|/  \|/  
      Index          | 0    1    2    3    4    5    6    7    
      Expected Value | A    c    c    e    p    t    e    d    
      Actual Value   | B    l    o    c    k    e    d         
      Expected Code  | 65   99   99   101  112  116  101  100  
      Actual Code    | 66   108  111  99   107  101  100       
      Stack Trace:
        tests/Hexalith.EventStore.Client.Tests/Streams/DirectoryAtomicAppendTests.cs(84,0): at Hexalith.EventStore.Client.Tests.Streams.DirectoryAtomicAppendTests.OutOfScopeCommittedWriteAcceptsOrdinalZero()
           at System.Runtime.ExceptionServices.ExceptionDispatchInfo.Throw()
           at System.Runtime.CompilerServices.TaskAwaiter.ThrowForNonSuccess(Task task)
           at System.Runtime.CompilerServices.TaskAwaiter.HandleNonSuccessAndDebuggerNotification(Task task, ConfigureAwaitOptions options)
        --- End of stack trace from previous location ---
           at System.Runtime.ExceptionServices.ExceptionDispatchInfo.Throw()
           at System.Runtime.CompilerServices.TaskAwaiter.ThrowForNonSuccess(Task task)
           at System.Runtime.CompilerServices.TaskAwaiter.HandleNonSuccessAndDebuggerNotification(Task task, ConfigureAwaitOptions options)
info: Hexalith.EventStore.Client.Registration.EventStoreHostExtensions[0]
      EventStore activated: 2 domains (smoke-test [Aggregate: SmokeTestAggregate], smoke-test [Projection: SmokeTestProjection])
info: Hexalith.EventStore.Client.Registration.EventStoreHostExtensions[0]
      EventStore activated: 2 domains (smoke-test [Aggregate: SmokeTestAggregate], smoke-test [Projection: SmokeTestProjection])
info: Hexalith.EventStore.Client.Registration.EventStoreHostExtensions[0]
      EventStore activated: 2 domains (smoke-test [Aggregate: SmokeTestAggregate], smoke-test [Projection: SmokeTestProjection])
info: Hexalith.EventStore.Client.Registration.EventStoreHostExtensions[0]
      EventStore activated: 2 domains (smoke-test [Aggregate: SmokeTestAggregate], smoke-test [Projection: SmokeTestProjection])
info: Hexalith.EventStore.Client.Registration.EventStoreHostExtensions[0]
      EventStore activated: 2 domains (smoke-test [Aggregate: SmokeTestAggregate], smoke-test [Projection: SmokeTestProjection])
info: Hexalith.EventStore.Client.Registration.EventStoreHostExtensions[0]
      EventStore activated: 2 domains (smoke-test [Aggregate: SmokeTestAggregate], smoke-test [Projection: SmokeTestProjection])
info: Hexalith.EventStore.Client.Registration.EventStoreHostExtensions[0]
      EventStore activated: 2 domains (smoke-test [Aggregate: SmokeTestAggregate], smoke-test [Projection: SmokeTestProjection])
info: Hexalith.EventStore.Client.Registration.EventStoreHostExtensions[0]
      EventStore activated: 2 domains (smoke-test [Aggregate: SmokeTestAggregate], smoke-test [Projection: SmokeTestProjection])
info: Hexalith.EventStore.Client.Registration.EventStoreHostExtensions[0]
      EventStore activated: 0 domains
info: Hexalith.EventStore.Client.Registration.EventStoreHostExtensions[0]
      EventStore activated: 2 domains (smoke-test [Aggregate: SmokeTestAggregate], smoke-test [Projection: SmokeTestProjection])
warn: Hexalith.EventStore.Client.Registration.EventStoreHostExtensions[0]
      UseEventStore() has already been called. Skipping duplicate activation.
info: Hexalith.EventStore.Client.Registration.EventStoreHostExtensions[0]
      EventStore activated: 2 domains (smoke-test [Aggregate: SmokeTestAggregate], smoke-test [Projection: SmokeTestProjection])
  Finished:    Hexalith.EventStore.Client.Tests (ID = 'bf4483a0659908a330d68961b927b26e8f334fc148cc190ee8ecd2474c0eebc7')
=== TEST EXECUTION SUMMARY ===
   Hexalith.EventStore.Client.Tests  Total: 1529, Errors: 0, Failed: 1, Skipped: 0, Not Run: 0, Time: 4.068s
