  Determining projects to restore...
  Restored /tmp/story66-query-draft-work1/references/Hexalith.Commons/src/libraries/Hexalith.Commons.UniqueIds/Hexalith.Commons.UniqueIds.csproj (in 226 ms).
  Restored /tmp/story66-query-draft-work1/tests/Hexalith.EventStore.Server.Tests/Hexalith.EventStore.Server.Tests.csproj (in 231 ms).
  Restored /tmp/story66-query-draft-work1/src/Hexalith.EventStore.Contracts/Hexalith.EventStore.Contracts.csproj (in 226 ms).
  Restored /tmp/story66-query-draft-work1/src/Hexalith.EventStore.DomainService/Hexalith.EventStore.DomainService.csproj (in 226 ms).
  Restored /tmp/story66-query-draft-work1/src/Hexalith.EventStore.Client/Hexalith.EventStore.Client.csproj (in 226 ms).
  Restored /tmp/story66-query-draft-work1/src/Hexalith.EventStore.ServiceDefaults/Hexalith.EventStore.ServiceDefaults.csproj (in 226 ms).
  Restored /tmp/story66-query-draft-work1/src/Hexalith.EventStore.Server/Hexalith.EventStore.Server.csproj (in 227 ms).
  Hexalith.Commons.UniqueIds -> /tmp/story66-query-draft-work1/references/Hexalith.Commons/src/libraries/Hexalith.Commons.UniqueIds/bin/Debug/net10.0/Hexalith.Commons.UniqueIds.dll
  Successfully created package '/tmp/story66-query-draft-work1/references/Hexalith.Commons/src/libraries/Hexalith.Commons.UniqueIds/bin/Debug/Hexalith.Commons.UniqueIds.1.0.0.nupkg'.
  Successfully created package '/tmp/story66-query-draft-work1/references/Hexalith.Commons/src/libraries/Hexalith.Commons.UniqueIds/bin/Debug/Hexalith.Commons.UniqueIds.1.0.0.snupkg'.
  Hexalith.EventStore.Contracts -> /tmp/story66-query-draft-work1/src/Hexalith.EventStore.Contracts/bin/Debug/net10.0/Hexalith.EventStore.Contracts.dll
  Hexalith.EventStore.Client -> /tmp/story66-query-draft-work1/src/Hexalith.EventStore.Client/bin/Debug/net10.0/Hexalith.EventStore.Client.dll
  Hexalith.EventStore.ServiceDefaults -> /tmp/story66-query-draft-work1/src/Hexalith.EventStore.ServiceDefaults/bin/Debug/net10.0/Hexalith.EventStore.ServiceDefaults.dll
  Hexalith.EventStore.DomainService -> /tmp/story66-query-draft-work1/src/Hexalith.EventStore.DomainService/bin/Debug/net10.0/Hexalith.EventStore.DomainService.dll
/tmp/story66-query-draft-work1/src/Hexalith.EventStore.Server/Streams/ISourcePublicationOperationAuthority.cs(9,57): error CS0246: The type or namespace name 'IAnchoredStateTransitionAuthority' could not be found (are you missing a using directive or an assembly reference?) [/tmp/story66-query-draft-work1/src/Hexalith.EventStore.Server/Hexalith.EventStore.Server.csproj]
/tmp/story66-query-draft-work1/src/Hexalith.EventStore.Server/Streams/SourcePublicationIndexActor.cs(64,24): error CS0246: The type or namespace name 'AnchoredStateTransition' could not be found (are you missing a using directive or an assembly reference?) [/tmp/story66-query-draft-work1/src/Hexalith.EventStore.Server/Hexalith.EventStore.Server.csproj]
/tmp/story66-query-draft-work1/src/Hexalith.EventStore.Server/Streams/SourcePublicationIndexActor.cs(70,44): error CS0246: The type or namespace name 'AnchoredStateTransition' could not be found (are you missing a using directive or an assembly reference?) [/tmp/story66-query-draft-work1/src/Hexalith.EventStore.Server/Hexalith.EventStore.Server.csproj]
/tmp/story66-query-draft-work1/src/Hexalith.EventStore.Server/Security/DeletionConsumptionActor.cs(341,24): error CS0246: The type or namespace name 'AnchoredStateTransition' could not be found (are you missing a using directive or an assembly reference?) [/tmp/story66-query-draft-work1/src/Hexalith.EventStore.Server/Hexalith.EventStore.Server.csproj]
/tmp/story66-query-draft-work1/src/Hexalith.EventStore.Server/Security/DeletionConsumptionActor.cs(347,44): error CS0246: The type or namespace name 'AnchoredStateTransition' could not be found (are you missing a using directive or an assembly reference?) [/tmp/story66-query-draft-work1/src/Hexalith.EventStore.Server/Hexalith.EventStore.Server.csproj]
/tmp/story66-query-draft-work1/src/Hexalith.EventStore.Server/Security/IDeletionConsumptionAuthority.cs(9,50): error CS0246: The type or namespace name 'IAnchoredStateTransitionAuthority' could not be found (are you missing a using directive or an assembly reference?) [/tmp/story66-query-draft-work1/src/Hexalith.EventStore.Server/Hexalith.EventStore.Server.csproj]
/tmp/story66-query-draft-work1/src/Hexalith.EventStore.Server/Security/IDirectoryMigrationBoundaryAuthority.cs(6,57): error CS0246: The type or namespace name 'IAnchoredStateTransitionAuthority' could not be found (are you missing a using directive or an assembly reference?) [/tmp/story66-query-draft-work1/src/Hexalith.EventStore.Server/Hexalith.EventStore.Server.csproj]
/tmp/story66-query-draft-work1/src/Hexalith.EventStore.Server/Security/IInteractionOccurrenceAuthority.cs(6,52): error CS0246: The type or namespace name 'IAnchoredStateTransitionAuthority' could not be found (are you missing a using directive or an assembly reference?) [/tmp/story66-query-draft-work1/src/Hexalith.EventStore.Server/Hexalith.EventStore.Server.csproj]
/tmp/story66-query-draft-work1/src/Hexalith.EventStore.Server/Security/DirectoryMigrationBoundaryActor.cs(116,24): error CS0246: The type or namespace name 'AnchoredStateTransition' could not be found (are you missing a using directive or an assembly reference?) [/tmp/story66-query-draft-work1/src/Hexalith.EventStore.Server/Hexalith.EventStore.Server.csproj]
/tmp/story66-query-draft-work1/src/Hexalith.EventStore.Server/Security/DirectoryMigrationBoundaryActor.cs(122,44): error CS0246: The type or namespace name 'AnchoredStateTransition' could not be found (are you missing a using directive or an assembly reference?) [/tmp/story66-query-draft-work1/src/Hexalith.EventStore.Server/Hexalith.EventStore.Server.csproj]
/tmp/story66-query-draft-work1/src/Hexalith.EventStore.Server/Security/InteractionOccurrenceRegistryActor.cs(120,24): error CS0246: The type or namespace name 'AnchoredStateTransition' could not be found (are you missing a using directive or an assembly reference?) [/tmp/story66-query-draft-work1/src/Hexalith.EventStore.Server/Hexalith.EventStore.Server.csproj]
/tmp/story66-query-draft-work1/src/Hexalith.EventStore.Server/Security/InteractionOccurrenceRegistryActor.cs(126,44): error CS0246: The type or namespace name 'AnchoredStateTransition' could not be found (are you missing a using directive or an assembly reference?) [/tmp/story66-query-draft-work1/src/Hexalith.EventStore.Server/Hexalith.EventStore.Server.csproj]

Build FAILED.

/tmp/story66-query-draft-work1/src/Hexalith.EventStore.Server/Streams/ISourcePublicationOperationAuthority.cs(9,57): error CS0246: The type or namespace name 'IAnchoredStateTransitionAuthority' could not be found (are you missing a using directive or an assembly reference?) [/tmp/story66-query-draft-work1/src/Hexalith.EventStore.Server/Hexalith.EventStore.Server.csproj]
/tmp/story66-query-draft-work1/src/Hexalith.EventStore.Server/Streams/SourcePublicationIndexActor.cs(64,24): error CS0246: The type or namespace name 'AnchoredStateTransition' could not be found (are you missing a using directive or an assembly reference?) [/tmp/story66-query-draft-work1/src/Hexalith.EventStore.Server/Hexalith.EventStore.Server.csproj]
/tmp/story66-query-draft-work1/src/Hexalith.EventStore.Server/Streams/SourcePublicationIndexActor.cs(70,44): error CS0246: The type or namespace name 'AnchoredStateTransition' could not be found (are you missing a using directive or an assembly reference?) [/tmp/story66-query-draft-work1/src/Hexalith.EventStore.Server/Hexalith.EventStore.Server.csproj]
/tmp/story66-query-draft-work1/src/Hexalith.EventStore.Server/Security/DeletionConsumptionActor.cs(341,24): error CS0246: The type or namespace name 'AnchoredStateTransition' could not be found (are you missing a using directive or an assembly reference?) [/tmp/story66-query-draft-work1/src/Hexalith.EventStore.Server/Hexalith.EventStore.Server.csproj]
/tmp/story66-query-draft-work1/src/Hexalith.EventStore.Server/Security/DeletionConsumptionActor.cs(347,44): error CS0246: The type or namespace name 'AnchoredStateTransition' could not be found (are you missing a using directive or an assembly reference?) [/tmp/story66-query-draft-work1/src/Hexalith.EventStore.Server/Hexalith.EventStore.Server.csproj]
/tmp/story66-query-draft-work1/src/Hexalith.EventStore.Server/Security/IDeletionConsumptionAuthority.cs(9,50): error CS0246: The type or namespace name 'IAnchoredStateTransitionAuthority' could not be found (are you missing a using directive or an assembly reference?) [/tmp/story66-query-draft-work1/src/Hexalith.EventStore.Server/Hexalith.EventStore.Server.csproj]
/tmp/story66-query-draft-work1/src/Hexalith.EventStore.Server/Security/IDirectoryMigrationBoundaryAuthority.cs(6,57): error CS0246: The type or namespace name 'IAnchoredStateTransitionAuthority' could not be found (are you missing a using directive or an assembly reference?) [/tmp/story66-query-draft-work1/src/Hexalith.EventStore.Server/Hexalith.EventStore.Server.csproj]
/tmp/story66-query-draft-work1/src/Hexalith.EventStore.Server/Security/IInteractionOccurrenceAuthority.cs(6,52): error CS0246: The type or namespace name 'IAnchoredStateTransitionAuthority' could not be found (are you missing a using directive or an assembly reference?) [/tmp/story66-query-draft-work1/src/Hexalith.EventStore.Server/Hexalith.EventStore.Server.csproj]
/tmp/story66-query-draft-work1/src/Hexalith.EventStore.Server/Security/DirectoryMigrationBoundaryActor.cs(116,24): error CS0246: The type or namespace name 'AnchoredStateTransition' could not be found (are you missing a using directive or an assembly reference?) [/tmp/story66-query-draft-work1/src/Hexalith.EventStore.Server/Hexalith.EventStore.Server.csproj]
/tmp/story66-query-draft-work1/src/Hexalith.EventStore.Server/Security/DirectoryMigrationBoundaryActor.cs(122,44): error CS0246: The type or namespace name 'AnchoredStateTransition' could not be found (are you missing a using directive or an assembly reference?) [/tmp/story66-query-draft-work1/src/Hexalith.EventStore.Server/Hexalith.EventStore.Server.csproj]
/tmp/story66-query-draft-work1/src/Hexalith.EventStore.Server/Security/InteractionOccurrenceRegistryActor.cs(120,24): error CS0246: The type or namespace name 'AnchoredStateTransition' could not be found (are you missing a using directive or an assembly reference?) [/tmp/story66-query-draft-work1/src/Hexalith.EventStore.Server/Hexalith.EventStore.Server.csproj]
/tmp/story66-query-draft-work1/src/Hexalith.EventStore.Server/Security/InteractionOccurrenceRegistryActor.cs(126,44): error CS0246: The type or namespace name 'AnchoredStateTransition' could not be found (are you missing a using directive or an assembly reference?) [/tmp/story66-query-draft-work1/src/Hexalith.EventStore.Server/Hexalith.EventStore.Server.csproj]
    0 Warning(s)
    12 Error(s)

Time Elapsed 00:00:03.02
