  Discovering: Hexalith.EventStore.Client.Tests
  Discovered:  Hexalith.EventStore.Client.Tests
  Starting:    Hexalith.EventStore.Client.Tests
info: Hexalith.EventStore.Client.Registration.EventStoreHostExtensions[0]
      EventStore activated: 2 domains (smoke-test [Aggregate: SmokeTestAggregate], smoke-test [Projection: SmokeTestProjection])
info: Hexalith.EventStore.Client.Registration.EventStoreHostExtensions[0]
      EventStore activated: 2 domains (smoke-test [Aggregate: SmokeTestAggregate], smoke-test [Projection: SmokeTestProjection])
info: Hexalith.EventStore.Client.Registration.EventStoreHostExtensions[0]
      EventStore activated: 2 domains (smoke-test [Aggregate: SmokeTestAggregate], smoke-test [Projection: SmokeTestProjection])
info: Hexalith.EventStore.Client.Registration.EventStoreHostExtensions[0]
      EventStore activated: 2 domains (smoke-test [Aggregate: SmokeTestAggregate], smoke-test [Projection: SmokeTestProjection])
info: Hexalith.EventStore.Client.Registration.EventStoreHostExtensions[0]
      EventStore activated: 2 domains (smoke-test [Aggregate: SmokeTestAggregate], smoke-test [Projection: SmokeTestProjection])
info: Hexalith.EventStore.Client.Registration.EventStoreHostExtensions[0]
      EventStore activated: 2 domains (smoke-test [Aggregate: SmokeTestAggregate], smoke-test [Projection: SmokeTestProjection])
info: Hexalith.EventStore.Client.Registration.EventStoreHostExtensions[0]
      EventStore activated: 2 domains (smoke-test [Aggregate: SmokeTestAggregate], smoke-test [Projection: SmokeTestProjection])
info: Hexalith.EventStore.Client.Registration.EventStoreHostExtensions[0]
      EventStore activated: 2 domains (smoke-test [Aggregate: SmokeTestAggregate], smoke-test [Projection: SmokeTestProjection])
info: Hexalith.EventStore.Client.Registration.EventStoreHostExtensions[0]
      EventStore activated: 0 domains
info: Hexalith.EventStore.Client.Registration.EventStoreHostExtensions[0]
      EventStore activated: 2 domains (smoke-test [Aggregate: SmokeTestAggregate], smoke-test [Projection: SmokeTestProjection])
warn: Hexalith.EventStore.Client.Registration.EventStoreHostExtensions[0]
      UseEventStore() has already been called. Skipping duplicate activation.
info: Hexalith.EventStore.Client.Registration.EventStoreHostExtensions[0]
      EventStore activated: 2 domains (smoke-test [Aggregate: SmokeTestAggregate], smoke-test [Projection: SmokeTestProjection])
  Finished:    Hexalith.EventStore.Client.Tests (ID = 'bf4483a0659908a330d68961b927b26e8f334fc148cc190ee8ecd2474c0eebc7')
=== TEST EXECUTION SUMMARY ===
   Hexalith.EventStore.Client.Tests  Total: 1127, Errors: 0, Failed: 0, Skipped: 0, Not Run: 0, Time: 6.274s
