  Determining projects to restore...
  Restored /home/administrator/projects/hexalith/eventstore/src/Hexalith.EventStore.DomainService/Hexalith.EventStore.DomainService.csproj (in 273 ms).
  Restored /home/administrator/projects/hexalith/eventstore/src/Hexalith.EventStore.Contracts/Hexalith.EventStore.Contracts.csproj (in 274 ms).
  Restored /home/administrator/projects/hexalith/eventstore/src/Hexalith.EventStore.Admin.Abstractions/Hexalith.EventStore.Admin.Abstractions.csproj (in 274 ms).
  Restored /home/administrator/projects/hexalith/eventstore/src/Hexalith.EventStore.Testing/Hexalith.EventStore.Testing.csproj (in 274 ms).
  Restored /home/administrator/projects/hexalith/eventstore/src/Hexalith.EventStore.Server/Hexalith.EventStore.Server.csproj (in 274 ms).
  Restored /home/administrator/projects/hexalith/eventstore/src/Hexalith.EventStore.Gateway/Hexalith.EventStore.Gateway.csproj (in 274 ms).
  Restored /home/administrator/projects/hexalith/eventstore/src/Hexalith.EventStore.Client/Hexalith.EventStore.Client.csproj (in 274 ms).
  Restored /home/administrator/projects/hexalith/eventstore/src/Hexalith.EventStore/Hexalith.EventStore.csproj (in 274 ms).
  Restored /home/administrator/projects/hexalith/eventstore/tests/Hexalith.EventStore.Client.Tests/Hexalith.EventStore.Client.Tests.csproj (in 283 ms).
  2 of 11 projects are up-to-date for restore.
  Hexalith.Commons.UniqueIds -> /home/administrator/projects/hexalith/eventstore/references/Hexalith.Commons/src/libraries/Hexalith.Commons.UniqueIds/bin/Debug/net10.0/Hexalith.Commons.UniqueIds.dll
  Hexalith.EventStore.Contracts -> /home/administrator/projects/hexalith/eventstore/src/Hexalith.EventStore.Contracts/bin/Debug/net10.0/Hexalith.EventStore.Contracts.dll
  Hexalith.EventStore.Admin.Abstractions -> /home/administrator/projects/hexalith/eventstore/src/Hexalith.EventStore.Admin.Abstractions/bin/Debug/net10.0/Hexalith.EventStore.Admin.Abstractions.dll
  Hexalith.EventStore.Client -> /home/administrator/projects/hexalith/eventstore/src/Hexalith.EventStore.Client/bin/Debug/net10.0/Hexalith.EventStore.Client.dll
  Hexalith.EventStore.ServiceDefaults -> /home/administrator/projects/hexalith/eventstore/src/Hexalith.EventStore.ServiceDefaults/bin/Debug/net10.0/Hexalith.EventStore.ServiceDefaults.dll
  Hexalith.EventStore.DomainService -> /home/administrator/projects/hexalith/eventstore/src/Hexalith.EventStore.DomainService/bin/Debug/net10.0/Hexalith.EventStore.DomainService.dll
  Hexalith.EventStore.Server -> /home/administrator/projects/hexalith/eventstore/src/Hexalith.EventStore.Server/bin/Debug/net10.0/Hexalith.EventStore.Server.dll
  Hexalith.EventStore.Gateway -> /home/administrator/projects/hexalith/eventstore/src/Hexalith.EventStore.Gateway/bin/Debug/net10.0/Hexalith.EventStore.Gateway.dll
  Hexalith.EventStore -> /home/administrator/projects/hexalith/eventstore/src/Hexalith.EventStore/bin/Debug/net10.0/Hexalith.EventStore.dll
  Hexalith.EventStore.Testing -> /home/administrator/projects/hexalith/eventstore/src/Hexalith.EventStore.Testing/bin/Debug/net10.0/Hexalith.EventStore.Testing.dll
  Hexalith.EventStore.Client.Tests -> /home/administrator/projects/hexalith/eventstore/tests/Hexalith.EventStore.Client.Tests/bin/Debug/net10.0/Hexalith.EventStore.Client.Tests.dll

Build succeeded.
    0 Warning(s)
    0 Error(s)

Time Elapsed 00:00:07.65
