xUnit.net v3 In-Process Runner v4.0.1+8ed8aa354c (64-bit .NET 10.0.12)
  Discovering: Hexalith.EventStore.Server.Tests
  Discovered:  Hexalith.EventStore.Server.Tests
  Starting:    Hexalith.EventStore.Server.Tests
    Hexalith.EventStore.Server.Tests.Events.DaprLogicalReplayTests.DisposedRegistryEmptyTargetRefusesBeforeSigningOrSavingWithoutPoisoningSharedLoss [FAIL]
      Shouldly.ShouldAssertException : Task `fixture.Source.ReadFirstPageAsync(binding, 1, fixture.Trust, fixture.Key, budget, CancellationToken.None)`
          should throw
      System.ObjectDisposedException
          but did not
      Stack Trace:
           at System.Threading.Tasks.ContinuationResultTaskFromResultTask`2.InnerInvoke()
           at System.Threading.ExecutionContext.RunFromThreadPoolDispatchLoop(Thread threadPoolThread, ExecutionContext executionContext, ContextCallback callback, Object state)
        --- End of stack trace from previous location ---
           at System.Runtime.ExceptionServices.ExceptionDispatchInfo.Throw()
           at System.Threading.ExecutionContext.RunFromThreadPoolDispatchLoop(Thread threadPoolThread, ExecutionContext executionContext, ContextCallback callback, Object state)
           at System.Threading.Tasks.Task.ExecuteWithThreadLocal(Task& currentTaskSlot, Thread threadPoolThread)
        --- End of stack trace from previous location ---
           at System.Runtime.ExceptionServices.ExceptionDispatchInfo.Throw()
           at System.Runtime.CompilerServices.TaskAwaiter.ThrowForNonSuccess(Task task)
           at System.Runtime.CompilerServices.TaskAwaiter.HandleNonSuccessAndDebuggerNotification(Task task, ConfigureAwaitOptions options)
           at System.Runtime.CompilerServices.TaskAwaiter`1.GetResult()
        tests/Hexalith.EventStore.Server.Tests/Events/DaprLogicalReplayTests.cs(26,0): at Hexalith.EventStore.Server.Tests.Events.DaprLogicalReplayTests.DisposedRegistryEmptyTargetRefusesBeforeSigningOrSavingWithoutPoisoningSharedLoss()
           at System.Runtime.ExceptionServices.ExceptionDispatchInfo.Throw()
        tests/Hexalith.EventStore.Server.Tests/Events/DaprLogicalReplayTests.cs(28,0): at Hexalith.EventStore.Server.Tests.Events.DaprLogicalReplayTests.DisposedRegistryEmptyTargetRefusesBeforeSigningOrSavingWithoutPoisoningSharedLoss()
           at System.Runtime.ExceptionServices.ExceptionDispatchInfo.Throw()
           at System.Runtime.CompilerServices.TaskAwaiter.ThrowForNonSuccess(Task task)
           at System.Runtime.CompilerServices.TaskAwaiter.HandleNonSuccessAndDebuggerNotification(Task task, ConfigureAwaitOptions options)
        --- End of stack trace from previous location ---
           at System.Runtime.ExceptionServices.ExceptionDispatchInfo.Throw()
           at System.Runtime.CompilerServices.TaskAwaiter.ThrowForNonSuccess(Task task)
           at System.Runtime.CompilerServices.TaskAwaiter.HandleNonSuccessAndDebuggerNotification(Task task, ConfigureAwaitOptions options)
  Finished:    Hexalith.EventStore.Server.Tests (ID = 'a22c81c1644009a3e6b0a7fd61c21c28090d74900df170ecbf330b134b2940c6')
=== TEST EXECUTION SUMMARY ===
   Hexalith.EventStore.Server.Tests  Total: 1, Errors: 0, Failed: 1, Skipped: 0, Not Run: 0, Time: 0.443s
