  Determining projects to restore...
  Restored /tmp/story66-query-draft-work2/references/Hexalith.Commons/src/libraries/Hexalith.Commons.UniqueIds/Hexalith.Commons.UniqueIds.csproj (in 228 ms).
  Restored /tmp/story66-query-draft-work2/src/Hexalith.EventStore.ServiceDefaults/Hexalith.EventStore.ServiceDefaults.csproj (in 228 ms).
  Restored /tmp/story66-query-draft-work2/src/Hexalith.EventStore.Client/Hexalith.EventStore.Client.csproj (in 228 ms).
  Restored /tmp/story66-query-draft-work2/src/Hexalith.EventStore.Server/Hexalith.EventStore.Server.csproj (in 228 ms).
  Restored /tmp/story66-query-draft-work2/src/Hexalith.EventStore.Contracts/Hexalith.EventStore.Contracts.csproj (in 228 ms).
  Restored /tmp/story66-query-draft-work2/src/Hexalith.EventStore.DomainService/Hexalith.EventStore.DomainService.csproj (in 228 ms).
  Restored /tmp/story66-query-draft-work2/tests/Hexalith.EventStore.Server.Tests/Hexalith.EventStore.Server.Tests.csproj (in 228 ms).
  Hexalith.Commons.UniqueIds -> /tmp/story66-query-draft-work2/references/Hexalith.Commons/src/libraries/Hexalith.Commons.UniqueIds/bin/Debug/net10.0/Hexalith.Commons.UniqueIds.dll
  Successfully created package '/tmp/story66-query-draft-work2/references/Hexalith.Commons/src/libraries/Hexalith.Commons.UniqueIds/bin/Debug/Hexalith.Commons.UniqueIds.1.0.0.nupkg'.
  Successfully created package '/tmp/story66-query-draft-work2/references/Hexalith.Commons/src/libraries/Hexalith.Commons.UniqueIds/bin/Debug/Hexalith.Commons.UniqueIds.1.0.0.snupkg'.
  Hexalith.EventStore.Contracts -> /tmp/story66-query-draft-work2/src/Hexalith.EventStore.Contracts/bin/Debug/net10.0/Hexalith.EventStore.Contracts.dll
  Hexalith.EventStore.Client -> /tmp/story66-query-draft-work2/src/Hexalith.EventStore.Client/bin/Debug/net10.0/Hexalith.EventStore.Client.dll
  Hexalith.EventStore.ServiceDefaults -> /tmp/story66-query-draft-work2/src/Hexalith.EventStore.ServiceDefaults/bin/Debug/net10.0/Hexalith.EventStore.ServiceDefaults.dll
  Hexalith.EventStore.DomainService -> /tmp/story66-query-draft-work2/src/Hexalith.EventStore.DomainService/bin/Debug/net10.0/Hexalith.EventStore.DomainService.dll
  Hexalith.EventStore.Server -> /tmp/story66-query-draft-work2/src/Hexalith.EventStore.Server/bin/Debug/net10.0/Hexalith.EventStore.Server.dll
/tmp/story66-query-draft-work2/tests/Hexalith.EventStore.Server.Tests/Queries/DaprLogicalQueryFixture.cs(120,9): error CS1929: 'ServiceCollection' does not contain a definition for 'Add' and the best extension method overload 'ApplicationModelConventionExtensions.Add(IList<IApplicationModelConvention>, IControllerModelConvention)' requires a receiver of type 'System.Collections.Generic.IList<Microsoft.AspNetCore.Mvc.ApplicationModels.IApplicationModelConvention>' [/tmp/story66-query-draft-work2/tests/Hexalith.EventStore.Server.Tests/Hexalith.EventStore.Server.Tests.csproj]
/tmp/story66-query-draft-work2/tests/Hexalith.EventStore.Server.Tests/Queries/DaprLogicalQueryFixture.cs(50,28): error CA1822: Member 'Query' does not access instance data and can be marked as static (https://learn.microsoft.com/dotnet/fundamentals/code-analysis/quality-rules/ca1822) [/tmp/story66-query-draft-work2/tests/Hexalith.EventStore.Server.Tests/Hexalith.EventStore.Server.Tests.csproj]

Build FAILED.

/tmp/story66-query-draft-work2/tests/Hexalith.EventStore.Server.Tests/Queries/DaprLogicalQueryFixture.cs(120,9): error CS1929: 'ServiceCollection' does not contain a definition for 'Add' and the best extension method overload 'ApplicationModelConventionExtensions.Add(IList<IApplicationModelConvention>, IControllerModelConvention)' requires a receiver of type 'System.Collections.Generic.IList<Microsoft.AspNetCore.Mvc.ApplicationModels.IApplicationModelConvention>' [/tmp/story66-query-draft-work2/tests/Hexalith.EventStore.Server.Tests/Hexalith.EventStore.Server.Tests.csproj]
/tmp/story66-query-draft-work2/tests/Hexalith.EventStore.Server.Tests/Queries/DaprLogicalQueryFixture.cs(50,28): error CA1822: Member 'Query' does not access instance data and can be marked as static (https://learn.microsoft.com/dotnet/fundamentals/code-analysis/quality-rules/ca1822) [/tmp/story66-query-draft-work2/tests/Hexalith.EventStore.Server.Tests/Hexalith.EventStore.Server.Tests.csproj]
    0 Warning(s)
    2 Error(s)

Time Elapsed 00:00:04.36
