  Determining projects to restore...
  Restored /tmp/story66-query-final-debug-work/references/Hexalith.Commons/src/libraries/Hexalith.Commons.UniqueIds/Hexalith.Commons.UniqueIds.csproj (in 233 ms).
  Restored /tmp/story66-query-final-debug-work/src/Hexalith.EventStore.Server/Hexalith.EventStore.Server.csproj (in 233 ms).
  Restored /tmp/story66-query-final-debug-work/src/Hexalith.EventStore.Client/Hexalith.EventStore.Client.csproj (in 233 ms).
  Restored /tmp/story66-query-final-debug-work/src/Hexalith.EventStore.Contracts/Hexalith.EventStore.Contracts.csproj (in 233 ms).
  Restored /tmp/story66-query-final-debug-work/tests/Hexalith.EventStore.Server.Tests/Hexalith.EventStore.Server.Tests.csproj (in 233 ms).
  Restored /tmp/story66-query-final-debug-work/src/Hexalith.EventStore.ServiceDefaults/Hexalith.EventStore.ServiceDefaults.csproj (in 233 ms).
  Restored /tmp/story66-query-final-debug-work/src/Hexalith.EventStore.DomainService/Hexalith.EventStore.DomainService.csproj (in 232 ms).
  Hexalith.Commons.UniqueIds -> /tmp/story66-query-final-debug-work/references/Hexalith.Commons/src/libraries/Hexalith.Commons.UniqueIds/bin/Debug/net10.0/Hexalith.Commons.UniqueIds.dll
  Successfully created package '/tmp/story66-query-final-debug-work/references/Hexalith.Commons/src/libraries/Hexalith.Commons.UniqueIds/bin/Debug/Hexalith.Commons.UniqueIds.1.0.0.nupkg'.
  Successfully created package '/tmp/story66-query-final-debug-work/references/Hexalith.Commons/src/libraries/Hexalith.Commons.UniqueIds/bin/Debug/Hexalith.Commons.UniqueIds.1.0.0.snupkg'.
  Hexalith.EventStore.Contracts -> /tmp/story66-query-final-debug-work/src/Hexalith.EventStore.Contracts/bin/Debug/net10.0/Hexalith.EventStore.Contracts.dll
  Hexalith.EventStore.Client -> /tmp/story66-query-final-debug-work/src/Hexalith.EventStore.Client/bin/Debug/net10.0/Hexalith.EventStore.Client.dll
  Hexalith.EventStore.ServiceDefaults -> /tmp/story66-query-final-debug-work/src/Hexalith.EventStore.ServiceDefaults/bin/Debug/net10.0/Hexalith.EventStore.ServiceDefaults.dll
  Hexalith.EventStore.DomainService -> /tmp/story66-query-final-debug-work/src/Hexalith.EventStore.DomainService/bin/Debug/net10.0/Hexalith.EventStore.DomainService.dll
  Hexalith.EventStore.Server -> /tmp/story66-query-final-debug-work/src/Hexalith.EventStore.Server/bin/Debug/net10.0/Hexalith.EventStore.Server.dll
/tmp/story66-query-final-debug-work/tests/Hexalith.EventStore.Server.Tests/Queries/DaprLogicalQueryTests.cs(189,24): error CA1062: In externally visible method 'Task DaprLogicalQueryTests.EveryApplicationCallbackRefusesBeforeLaterCallbacks(string point, string loss)', validate parameter 'point' is non-null before using it. If appropriate, throw an 'ArgumentNullException' when the argument is 'null'. (https://learn.microsoft.com/dotnet/fundamentals/code-analysis/quality-rules/ca1062) [/tmp/story66-query-final-debug-work/tests/Hexalith.EventStore.Server.Tests/Hexalith.EventStore.Server.Tests.csproj]

Build FAILED.

/tmp/story66-query-final-debug-work/tests/Hexalith.EventStore.Server.Tests/Queries/DaprLogicalQueryTests.cs(189,24): error CA1062: In externally visible method 'Task DaprLogicalQueryTests.EveryApplicationCallbackRefusesBeforeLaterCallbacks(string point, string loss)', validate parameter 'point' is non-null before using it. If appropriate, throw an 'ArgumentNullException' when the argument is 'null'. (https://learn.microsoft.com/dotnet/fundamentals/code-analysis/quality-rules/ca1062) [/tmp/story66-query-final-debug-work/tests/Hexalith.EventStore.Server.Tests/Hexalith.EventStore.Server.Tests.csproj]
    0 Warning(s)
    1 Error(s)

Time Elapsed 00:00:04.07
