  Determining projects to restore...
  Restored /tmp/eventstore-command-state-ppbwcihl/references/Hexalith.Commons/src/libraries/Hexalith.Commons.UniqueIds/Hexalith.Commons.UniqueIds.csproj (in 221 ms).
  Restored /tmp/eventstore-command-state-ppbwcihl/src/Hexalith.EventStore.Client/Hexalith.EventStore.Client.csproj (in 222 ms).
  Restored /tmp/eventstore-command-state-ppbwcihl/src/Hexalith.EventStore.Contracts/Hexalith.EventStore.Contracts.csproj (in 222 ms).
  Restored /tmp/eventstore-command-state-ppbwcihl/src/Hexalith.EventStore.ServiceDefaults/Hexalith.EventStore.ServiceDefaults.csproj (in 222 ms).
  Restored /tmp/eventstore-command-state-ppbwcihl/src/Hexalith.EventStore.Server/Hexalith.EventStore.Server.csproj (in 221 ms).
  Restored /tmp/eventstore-command-state-ppbwcihl/src/Hexalith.EventStore.DomainService/Hexalith.EventStore.DomainService.csproj (in 221 ms).
  Restored /tmp/eventstore-command-state-ppbwcihl/tests/Hexalith.EventStore.Server.Tests/Hexalith.EventStore.Server.Tests.csproj (in 222 ms).
  Hexalith.Commons.UniqueIds -> /tmp/eventstore-command-state-ppbwcihl/references/Hexalith.Commons/src/libraries/Hexalith.Commons.UniqueIds/bin/Debug/net10.0/Hexalith.Commons.UniqueIds.dll
  Successfully created package '/tmp/eventstore-command-state-ppbwcihl/references/Hexalith.Commons/src/libraries/Hexalith.Commons.UniqueIds/bin/Debug/Hexalith.Commons.UniqueIds.1.0.0.nupkg'.
  Successfully created package '/tmp/eventstore-command-state-ppbwcihl/references/Hexalith.Commons/src/libraries/Hexalith.Commons.UniqueIds/bin/Debug/Hexalith.Commons.UniqueIds.1.0.0.snupkg'.
  Hexalith.EventStore.Contracts -> /tmp/eventstore-command-state-ppbwcihl/src/Hexalith.EventStore.Contracts/bin/Debug/net10.0/Hexalith.EventStore.Contracts.dll
  Hexalith.EventStore.Client -> /tmp/eventstore-command-state-ppbwcihl/src/Hexalith.EventStore.Client/bin/Debug/net10.0/Hexalith.EventStore.Client.dll
  Hexalith.EventStore.ServiceDefaults -> /tmp/eventstore-command-state-ppbwcihl/src/Hexalith.EventStore.ServiceDefaults/bin/Debug/net10.0/Hexalith.EventStore.ServiceDefaults.dll
  Hexalith.EventStore.DomainService -> /tmp/eventstore-command-state-ppbwcihl/src/Hexalith.EventStore.DomainService/bin/Debug/net10.0/Hexalith.EventStore.DomainService.dll
  Hexalith.EventStore.Server -> /tmp/eventstore-command-state-ppbwcihl/src/Hexalith.EventStore.Server/bin/Debug/net10.0/Hexalith.EventStore.Server.dll
/tmp/eventstore-command-state-ppbwcihl/tests/Hexalith.EventStore.Server.Tests/Events/DaprLogicalCommandStateTests.cs(224,59): error CS1061: 'EventEvolutionCapabilityLoss' does not contain a definition for 'ObserveLoss' and no accessible extension method 'ObserveLoss' accepting a first argument of type 'EventEvolutionCapabilityLoss' could be found (are you missing a using directive or an assembly reference?) [/tmp/eventstore-command-state-ppbwcihl/tests/Hexalith.EventStore.Server.Tests/Hexalith.EventStore.Server.Tests.csproj]

Build FAILED.

/tmp/eventstore-command-state-ppbwcihl/tests/Hexalith.EventStore.Server.Tests/Events/DaprLogicalCommandStateTests.cs(224,59): error CS1061: 'EventEvolutionCapabilityLoss' does not contain a definition for 'ObserveLoss' and no accessible extension method 'ObserveLoss' accepting a first argument of type 'EventEvolutionCapabilityLoss' could be found (are you missing a using directive or an assembly reference?) [/tmp/eventstore-command-state-ppbwcihl/tests/Hexalith.EventStore.Server.Tests/Hexalith.EventStore.Server.Tests.csproj]
    0 Warning(s)
    1 Error(s)

Time Elapsed 00:00:04.18
