Compiled linked source hashes (verified unchanged across compilation/run):
{
  "/home/administrator/projects/hexalith/eventstore/src/Hexalith.EventStore.Client/Handlers/LegacyCommandReplayInput.cs": "b99b5e808b3405f8c36799a570fd9e3ca6cce90982298cc315a3880ebd3b0f9d",
  "/home/administrator/projects/hexalith/eventstore/src/Hexalith.EventStore.Client/Handlers/LegacyCommandReplayJsonAdmission.cs": "065f32d04253649e19f960f2a09b9259c6c449368c0933a1dc068754edabdc27",
  "/home/administrator/projects/hexalith/eventstore/src/Hexalith.EventStore.Client/Handlers/DomainProcessorStateRehydrator.cs": "685b40ed7fcfa3788d236e43108b035118d5ed7781136dfd7795a3a807111516"
}

uppercase payload: Total=1
uppercase payload without gate control: Total=1
trailing comma: Total=7
comment: Total=7
base64 "YWJj": measured=3,actual=3
base64 "\u0059WJj": measured=3,actual=3
base64 "YQ==\n": measured=1,actual=1
base64 " YQ==\u0009": measured=1,actual=1
base64 "\u002f w==": measured=1,actual=1
base64 "\u0009": measured=0,actual=0
capitalized wrapper payload: Total=1
large raw ignored metadata name: Total=1
escaped-name default-Web event size: 100430
large escaped ignored metadata name: Total=1
base64 framework differential cases: 20000, mismatches: 0
independent timestamp metadata boundary controls: 30, mismatches: 0
escaped fixed metadata alias controls: 17, contradictory aliases rejected: 17
