The dotnet runtime version is '10.0.12'.
Formatting code files in workspace '/home/administrator/projects/hexalith/eventstore/src/Hexalith.EventStore.Server/Hexalith.EventStore.Server.csproj'.
Loading workspace.
Project Hexalith.EventStore.Server is using configuration from '/home/administrator/projects/hexalith/eventstore/.editorconfig'.
Project Hexalith.EventStore.Server is using configuration from '/home/administrator/projects/hexalith/eventstore/src/Hexalith.EventStore.Server/DomainServices/.editorconfig'.
Project Hexalith.EventStore.Server is using configuration from '/home/administrator/projects/hexalith/eventstore/src/Hexalith.EventStore.Server/Events/.editorconfig'.
Project Hexalith.EventStore.Server is using configuration from '/home/administrator/projects/hexalith/eventstore/src/Hexalith.EventStore.Server/obj/Debug/net10.0/Hexalith.EventStore.Server.GeneratedMSBuildEditorConfig.editorconfig'.
Project Hexalith.EventStore.Server is using configuration from '/home/administrator/.dotnet/sdk/10.0.401/Sdks/Microsoft.NET.Sdk/analyzers/build/config/analysislevel_10_default.globalconfig'.
Project Hexalith.EventStore.Contracts is using configuration from '/home/administrator/projects/hexalith/eventstore/.editorconfig'.
Project Hexalith.EventStore.Contracts is using configuration from '/home/administrator/projects/hexalith/eventstore/src/Hexalith.EventStore.Contracts/obj/Debug/net10.0/Hexalith.EventStore.Contracts.GeneratedMSBuildEditorConfig.editorconfig'.
Project Hexalith.EventStore.Contracts is using configuration from '/home/administrator/.dotnet/sdk/10.0.401/Sdks/Microsoft.NET.Sdk/analyzers/build/config/analysislevel_10_default.globalconfig'.
Project Hexalith.Commons.UniqueIds is using configuration from '/home/administrator/projects/hexalith/eventstore/.editorconfig'.
Project Hexalith.Commons.UniqueIds is using configuration from '/home/administrator/projects/hexalith/eventstore/references/Hexalith.Commons/.editorconfig'.
Project Hexalith.Commons.UniqueIds is using configuration from '/home/administrator/projects/hexalith/eventstore/references/Hexalith.Commons/src/libraries/Hexalith.Commons.UniqueIds/obj/Debug/net10.0/Hexalith.Commons.UniqueIds.GeneratedMSBuildEditorConfig.editorconfig'.
Project Hexalith.Commons.UniqueIds is using configuration from '/home/administrator/.dotnet/sdk/10.0.401/Sdks/Microsoft.NET.Sdk/analyzers/build/config/analysislevel_10_default.globalconfig'.
Project Hexalith.EventStore.Client is using configuration from '/home/administrator/projects/hexalith/eventstore/.editorconfig'.
Project Hexalith.EventStore.Client is using configuration from '/home/administrator/projects/hexalith/eventstore/src/Hexalith.EventStore.Client/Aggregates/.editorconfig'.
Project Hexalith.EventStore.Client is using configuration from '/home/administrator/projects/hexalith/eventstore/src/Hexalith.EventStore.Client/Events/.editorconfig'.
Project Hexalith.EventStore.Client is using configuration from '/home/administrator/projects/hexalith/eventstore/src/Hexalith.EventStore.Client/obj/Debug/net10.0/Hexalith.EventStore.Client.GeneratedMSBuildEditorConfig.editorconfig'.
Project Hexalith.EventStore.Client is using configuration from '/home/administrator/.dotnet/sdk/10.0.401/Sdks/Microsoft.NET.Sdk/analyzers/build/config/analysislevel_10_default.globalconfig'.
Project Hexalith.EventStore.ServiceDefaults is using configuration from '/home/administrator/projects/hexalith/eventstore/.editorconfig'.
Project Hexalith.EventStore.ServiceDefaults is using configuration from '/home/administrator/projects/hexalith/eventstore/src/Hexalith.EventStore.ServiceDefaults/obj/Debug/net10.0/Hexalith.EventStore.ServiceDefaults.GeneratedMSBuildEditorConfig.editorconfig'.
Project Hexalith.EventStore.ServiceDefaults is using configuration from '/home/administrator/.dotnet/sdk/10.0.401/Sdks/Microsoft.NET.Sdk/analyzers/build/config/analysislevel_10_default.globalconfig'.
Project Hexalith.EventStore.DomainService is using configuration from '/home/administrator/projects/hexalith/eventstore/.editorconfig'.
Project Hexalith.EventStore.DomainService is using configuration from '/home/administrator/projects/hexalith/eventstore/src/Hexalith.EventStore.DomainService/obj/Debug/net10.0/Hexalith.EventStore.DomainService.GeneratedMSBuildEditorConfig.editorconfig'.
Project Hexalith.EventStore.DomainService is using configuration from '/home/administrator/.dotnet/sdk/10.0.401/Sdks/Microsoft.NET.Sdk/analyzers/build/config/analysislevel_10_default.globalconfig'.
Complete in 2102ms.
Determining formattable files.
Skipping referenced project 'Hexalith.EventStore.Contracts'.
Skipping referenced project 'Hexalith.Commons.UniqueIds'.
Skipping referenced project 'Hexalith.EventStore.Client'.
Skipping referenced project 'Hexalith.EventStore.ServiceDefaults'.
Skipping referenced project 'Hexalith.EventStore.DomainService'.
Complete in 170ms.
Running formatters.
Complete in 288ms.
Formatted code file '/home/administrator/projects/hexalith/eventstore/src/Hexalith.EventStore.Server/DomainServices/DaprAggregateStateReconstructor.cs'.
Formatted 1 of 453 files.
Format complete in 2584ms.
