warning: in the working copy of 'src/Hexalith.EventStore.Client/Queries/IQueryCursorCodec.cs', CRLF will be replaced by LF the next time Git touches it
warning: in the working copy of 'src/Hexalith.EventStore.Client/Queries/QueryContractResolver.cs', CRLF will be replaced by LF the next time Git touches it
warning: in the working copy of 'src/Hexalith.EventStore.Client/Queries/QueryCursorCodec.cs', CRLF will be replaced by LF the next time Git touches it
warning: in the working copy of 'src/Hexalith.EventStore.Client/Queries/QueryCursorScope.cs', CRLF will be replaced by LF the next time Git touches it
warning: in the working copy of 'src/Hexalith.EventStore.Client/Streams/AuthoritativeEventStreamReader.cs', CRLF will be replaced by LF the next time Git touches it
warning: in the working copy of 'src/Hexalith.EventStore.Client/Streams/AuthoritativeStreamReadDeadline.cs', CRLF will be replaced by LF the next time Git touches it
warning: in the working copy of 'src/Hexalith.EventStore.Client/Streams/DirectoryAtomicAppendClient.cs', CRLF will be replaced by LF the next time Git touches it
warning: in the working copy of 'src/Hexalith.EventStore.Client/Streams/ISourcePublicationDelivery.cs', CRLF will be replaced by LF the next time Git touches it
warning: in the working copy of 'src/Hexalith.EventStore.Client/Streams/ISourcePublicationIndexStore.cs', CRLF will be replaced by LF the next time Git touches it
warning: in the working copy of 'src/Hexalith.EventStore.Client/Streams/SourcePublicationDeliveryStatus.cs', CRLF will be replaced by LF the next time Git touches it
warning: in the working copy of 'src/Hexalith.EventStore.Client/Streams/SourcePublicationDispatcher.cs', CRLF will be replaced by LF the next time Git touches it
warning: in the working copy of 'src/Hexalith.EventStore.Client/Streams/SourcePublicationFeed.cs', CRLF will be replaced by LF the next time Git touches it
warning: in the working copy of 'src/Hexalith.EventStore.Contracts/Security/IIdentityHistoryCustody.cs', CRLF will be replaced by LF the next time Git touches it
warning: in the working copy of 'src/Hexalith.EventStore.Contracts/Streams/RetainedIdentityHistoryStream.cs', CRLF will be replaced by LF the next time Git touches it
warning: in the working copy of 'src/Hexalith.EventStore.Contracts/Streams/RetainedIdentityHistoryValidator.cs', CRLF will be replaced by LF the next time Git touches it
warning: in the working copy of 'src/Hexalith.EventStore.Contracts/Streams/SourcePublicationIndexState.cs', CRLF will be replaced by LF the next time Git touches it
warning: in the working copy of 'src/Hexalith.EventStore.PayloadProtection/InteractionOccurrenceProtector.cs', CRLF will be replaced by LF the next time Git touches it
warning: in the working copy of 'src/Hexalith.EventStore.Server/Actors/AggregateActor.cs', CRLF will be replaced by LF the next time Git touches it
warning: in the working copy of 'src/Hexalith.EventStore.Server/Security/DaprInteractionOccurrenceRegistry.cs', CRLF will be replaced by LF the next time Git touches it
warning: in the working copy of 'src/Hexalith.EventStore.Server/Security/DeletionConsumptionActor.cs', CRLF will be replaced by LF the next time Git touches it
warning: in the working copy of 'src/Hexalith.EventStore.Server/Security/DeletionConsumptionIdentity.cs', CRLF will be replaced by LF the next time Git touches it
warning: in the working copy of 'src/Hexalith.EventStore.Server/Security/DirectoryMigrationBoundaryActor.cs', CRLF will be replaced by LF the next time Git touches it
warning: in the working copy of 'src/Hexalith.EventStore.Server/Security/IDeletionConsumptionActor.cs', CRLF will be replaced by LF the next time Git touches it
warning: in the working copy of 'src/Hexalith.EventStore.Server/Security/IDeletionConsumptionAuthority.cs', CRLF will be replaced by LF the next time Git touches it
warning: in the working copy of 'src/Hexalith.EventStore.Server/Security/IDirectoryMigrationBoundaryAuthority.cs', CRLF will be replaced by LF the next time Git touches it
warning: in the working copy of 'src/Hexalith.EventStore.Server/Security/IInteractionOccurrenceAuthority.cs', CRLF will be replaced by LF the next time Git touches it
warning: in the working copy of 'src/Hexalith.EventStore.Server/Security/InteractionOccurrenceRegistryActor.cs', CRLF will be replaced by LF the next time Git touches it
warning: in the working copy of 'src/Hexalith.EventStore.Server/Security/RetainedIdentityHistorySourceReader.cs', CRLF will be replaced by LF the next time Git touches it
warning: in the working copy of 'src/Hexalith.EventStore.Server/Streams/DaprSourcePublicationIndexStore.cs', CRLF will be replaced by LF the next time Git touches it
warning: in the working copy of 'src/Hexalith.EventStore.Server/Streams/DaprSourcePublicationNamespaceSource.cs', CRLF will be replaced by LF the next time Git touches it
warning: in the working copy of 'src/Hexalith.EventStore.Server/Streams/DaprSourcePublicationWriterRegistration.cs', CRLF will be replaced by LF the next time Git touches it
warning: in the working copy of 'src/Hexalith.EventStore.Server/Streams/ISourcePublicationIndexActor.cs', CRLF will be replaced by LF the next time Git touches it
warning: in the working copy of 'src/Hexalith.EventStore.Server/Streams/ISourcePublicationOperationAuthority.cs', CRLF will be replaced by LF the next time Git touches it
warning: in the working copy of 'src/Hexalith.EventStore.Server/Streams/SourcePublicationIndexActor.cs', CRLF will be replaced by LF the next time Git touches it
warning: in the working copy of 'tests/Hexalith.EventStore.Client.Tests/Streams/AuthoritativeEventStreamReaderTests.cs', CRLF will be replaced by LF the next time Git touches it
warning: in the working copy of 'tests/Hexalith.EventStore.Client.Tests/Streams/DaprSourcePublicationIndexStoreTests.cs', CRLF will be replaced by LF the next time Git touches it
warning: in the working copy of 'tests/Hexalith.EventStore.Client.Tests/Streams/DirectoryAtomicAppendTests.cs', CRLF will be replaced by LF the next time Git touches it
warning: in the working copy of 'tests/Hexalith.EventStore.Client.Tests/Streams/SourcePublicationDispatcherFixture.cs', CRLF will be replaced by LF the next time Git touches it
warning: in the working copy of 'tests/Hexalith.EventStore.Client.Tests/Streams/SourcePublicationDispatcherTests.cs', CRLF will be replaced by LF the next time Git touches it
warning: in the working copy of 'tests/Hexalith.EventStore.Client.Tests/Streams/SourcePublicationFeedTests.cs', CRLF will be replaced by LF the next time Git touches it
warning: in the working copy of 'tests/Hexalith.EventStore.Client.Tests/Streams/SourcePublicationNamespaceTests.cs', CRLF will be replaced by LF the next time Git touches it
warning: in the working copy of 'tests/Hexalith.EventStore.PayloadProtection.Tests/InteractionOccurrenceProtectorTests.cs', CRLF will be replaced by LF the next time Git touches it
warning: in the working copy of 'tests/Hexalith.EventStore.Server.Tests/Actors/AggregateActorPublicationRegistrationTests.cs', CRLF will be replaced by LF the next time Git touches it
warning: in the working copy of 'tests/Hexalith.EventStore.Server.Tests/Security/DeletionConsumptionActorTests.cs', CRLF will be replaced by LF the next time Git touches it
warning: in the working copy of 'tests/Hexalith.EventStore.Server.Tests/Security/DeletionConsumptionFixture.cs', CRLF will be replaced by LF the next time Git touches it
warning: in the working copy of 'tests/Hexalith.EventStore.Server.Tests/Security/DirectoryMigrationBoundaryFixture.cs', CRLF will be replaced by LF the next time Git touches it
warning: in the working copy of 'tests/Hexalith.EventStore.Server.Tests/Security/DirectoryMigrationBoundaryTests.cs', CRLF will be replaced by LF the next time Git touches it
warning: in the working copy of 'tests/Hexalith.EventStore.Server.Tests/Security/InteractionOccurrenceFixture.cs', CRLF will be replaced by LF the next time Git touches it
warning: in the working copy of 'tests/Hexalith.EventStore.Server.Tests/Security/InteractionOccurrenceRegistryActorTests.cs', CRLF will be replaced by LF the next time Git touches it
warning: in the working copy of 'tests/Hexalith.EventStore.Server.Tests/Security/RetainedHistoryTimeProvider.cs', CRLF will be replaced by LF the next time Git touches it
warning: in the working copy of 'tests/Hexalith.EventStore.Server.Tests/Security/RetainedIdentityHistorySourceReaderTests.cs', CRLF will be replaced by LF the next time Git touches it
src/Hexalith.EventStore.Contracts/Streams/SourcePublicationIndexState.cs:19: new blank line at EOF.
src/Hexalith.EventStore.Server/Security/RetainedIdentityHistorySourceReader.cs:144: trailing whitespace.
+    
src/Hexalith.EventStore.Server/Security/RetainedIdentityHistorySourceReader.cs:151: trailing whitespace.
+    
