dotnet pack src/Hexalith.EventStore.Contracts/Hexalith.EventStore.Contracts.csproj --configuration Release --no-restore --output /tmp/eventstore-story-8-3-verification-20261008/packages-no-restore -p:Version=999.0.0-ci-test -p:GeneratePackageOnBuild=false -p:UseHexalithProjectReferences=false -m:1 -nodeReuse:false
  Hexalith.EventStore.Contracts -> /home/administrator/projects/hexalith/eventstore/src/Hexalith.EventStore.Contracts/bin/Release/net10.0/Hexalith.EventStore.Contracts.dll
  Successfully created package '/tmp/eventstore-story-8-3-verification-20261008/packages-no-restore/Hexalith.EventStore.Contracts.999.0.0-ci-test.nupkg'.
dotnet pack src/Hexalith.EventStore.Client/Hexalith.EventStore.Client.csproj --configuration Release --no-restore --output /tmp/eventstore-story-8-3-verification-20261008/packages-no-restore -p:Version=999.0.0-ci-test -p:GeneratePackageOnBuild=false -p:UseHexalithProjectReferences=false -m:1 -nodeReuse:false
  Hexalith.EventStore.Contracts -> /home/administrator/projects/hexalith/eventstore/src/Hexalith.EventStore.Contracts/bin/Release/net10.0/Hexalith.EventStore.Contracts.dll
  Hexalith.Commons.UniqueIds -> /home/administrator/projects/hexalith/eventstore/references/Hexalith.Commons/src/libraries/Hexalith.Commons.UniqueIds/bin/Release/net10.0/Hexalith.Commons.UniqueIds.dll
  Hexalith.EventStore.Client -> /home/administrator/projects/hexalith/eventstore/src/Hexalith.EventStore.Client/bin/Release/net10.0/Hexalith.EventStore.Client.dll
  Successfully created package '/tmp/eventstore-story-8-3-verification-20261008/packages-no-restore/Hexalith.EventStore.Client.999.0.0-ci-test.nupkg'.
dotnet pack src/Hexalith.EventStore.Server/Hexalith.EventStore.Server.csproj --configuration Release --no-restore --output /tmp/eventstore-story-8-3-verification-20261008/packages-no-restore -p:Version=999.0.0-ci-test -p:GeneratePackageOnBuild=false -p:UseHexalithProjectReferences=false -m:1 -nodeReuse:false
  Hexalith.EventStore.Contracts -> /home/administrator/projects/hexalith/eventstore/src/Hexalith.EventStore.Contracts/bin/Release/net10.0/Hexalith.EventStore.Contracts.dll
  Hexalith.Commons.UniqueIds -> /home/administrator/projects/hexalith/eventstore/references/Hexalith.Commons/src/libraries/Hexalith.Commons.UniqueIds/bin/Release/net10.0/Hexalith.Commons.UniqueIds.dll
  Hexalith.EventStore.Client -> /home/administrator/projects/hexalith/eventstore/src/Hexalith.EventStore.Client/bin/Release/net10.0/Hexalith.EventStore.Client.dll
  Hexalith.EventStore.ServiceDefaults -> /home/administrator/projects/hexalith/eventstore/src/Hexalith.EventStore.ServiceDefaults/bin/Release/net10.0/Hexalith.EventStore.ServiceDefaults.dll
  Hexalith.EventStore.DomainService -> /home/administrator/projects/hexalith/eventstore/src/Hexalith.EventStore.DomainService/bin/Release/net10.0/Hexalith.EventStore.DomainService.dll
  Hexalith.EventStore.Server -> /home/administrator/projects/hexalith/eventstore/src/Hexalith.EventStore.Server/bin/Release/net10.0/Hexalith.EventStore.Server.dll
  Successfully created package '/tmp/eventstore-story-8-3-verification-20261008/packages-no-restore/Hexalith.EventStore.Server.999.0.0-ci-test.nupkg'.
dotnet pack src/Hexalith.EventStore.SignalR/Hexalith.EventStore.SignalR.csproj --configuration Release --no-restore --output /tmp/eventstore-story-8-3-verification-20261008/packages-no-restore -p:Version=999.0.0-ci-test -p:GeneratePackageOnBuild=false -p:UseHexalithProjectReferences=false -m:1 -nodeReuse:false
  Hexalith.EventStore.Contracts -> /home/administrator/projects/hexalith/eventstore/src/Hexalith.EventStore.Contracts/bin/Release/net10.0/Hexalith.EventStore.Contracts.dll
  Hexalith.EventStore.SignalR -> /home/administrator/projects/hexalith/eventstore/src/Hexalith.EventStore.SignalR/bin/Release/net10.0/Hexalith.EventStore.SignalR.dll
  Successfully created package '/tmp/eventstore-story-8-3-verification-20261008/packages-no-restore/Hexalith.EventStore.SignalR.999.0.0-ci-test.nupkg'.
dotnet pack src/Hexalith.EventStore.Testing/Hexalith.EventStore.Testing.csproj --configuration Release --no-restore --output /tmp/eventstore-story-8-3-verification-20261008/packages-no-restore -p:Version=999.0.0-ci-test -p:GeneratePackageOnBuild=false -p:UseHexalithProjectReferences=false -m:1 -nodeReuse:false
  Hexalith.EventStore.Contracts -> /home/administrator/projects/hexalith/eventstore/src/Hexalith.EventStore.Contracts/bin/Release/net10.0/Hexalith.EventStore.Contracts.dll
  Hexalith.Commons.UniqueIds -> /home/administrator/projects/hexalith/eventstore/references/Hexalith.Commons/src/libraries/Hexalith.Commons.UniqueIds/bin/Release/net10.0/Hexalith.Commons.UniqueIds.dll
  Hexalith.EventStore.Client -> /home/administrator/projects/hexalith/eventstore/src/Hexalith.EventStore.Client/bin/Release/net10.0/Hexalith.EventStore.Client.dll
  Hexalith.EventStore.ServiceDefaults -> /home/administrator/projects/hexalith/eventstore/src/Hexalith.EventStore.ServiceDefaults/bin/Release/net10.0/Hexalith.EventStore.ServiceDefaults.dll
  Hexalith.EventStore.DomainService -> /home/administrator/projects/hexalith/eventstore/src/Hexalith.EventStore.DomainService/bin/Release/net10.0/Hexalith.EventStore.DomainService.dll
  Hexalith.EventStore.Server -> /home/administrator/projects/hexalith/eventstore/src/Hexalith.EventStore.Server/bin/Release/net10.0/Hexalith.EventStore.Server.dll
  Hexalith.EventStore.Testing -> /home/administrator/projects/hexalith/eventstore/src/Hexalith.EventStore.Testing/bin/Release/net10.0/Hexalith.EventStore.Testing.dll
  Successfully created package '/tmp/eventstore-story-8-3-verification-20261008/packages-no-restore/Hexalith.EventStore.Testing.999.0.0-ci-test.nupkg'.
dotnet pack src/Hexalith.EventStore.Testing.Integration/Hexalith.EventStore.Testing.Integration.csproj --configuration Release --no-restore --output /tmp/eventstore-story-8-3-verification-20261008/packages-no-restore -p:Version=999.0.0-ci-test -p:GeneratePackageOnBuild=false -p:UseHexalithProjectReferences=false -m:1 -nodeReuse:false
  Hexalith.EventStore.Contracts -> /home/administrator/projects/hexalith/eventstore/src/Hexalith.EventStore.Contracts/bin/Release/net10.0/Hexalith.EventStore.Contracts.dll
  Hexalith.Commons.UniqueIds -> /home/administrator/projects/hexalith/eventstore/references/Hexalith.Commons/src/libraries/Hexalith.Commons.UniqueIds/bin/Release/net10.0/Hexalith.Commons.UniqueIds.dll
  Hexalith.EventStore.Client -> /home/administrator/projects/hexalith/eventstore/src/Hexalith.EventStore.Client/bin/Release/net10.0/Hexalith.EventStore.Client.dll
  Hexalith.EventStore.ServiceDefaults -> /home/administrator/projects/hexalith/eventstore/src/Hexalith.EventStore.ServiceDefaults/bin/Release/net10.0/Hexalith.EventStore.ServiceDefaults.dll
  Hexalith.EventStore.DomainService -> /home/administrator/projects/hexalith/eventstore/src/Hexalith.EventStore.DomainService/bin/Release/net10.0/Hexalith.EventStore.DomainService.dll
  Hexalith.EventStore.Server -> /home/administrator/projects/hexalith/eventstore/src/Hexalith.EventStore.Server/bin/Release/net10.0/Hexalith.EventStore.Server.dll
  Hexalith.EventStore.Testing -> /home/administrator/projects/hexalith/eventstore/src/Hexalith.EventStore.Testing/bin/Release/net10.0/Hexalith.EventStore.Testing.dll
  Hexalith.EventStore.Testing.Integration -> /home/administrator/projects/hexalith/eventstore/src/Hexalith.EventStore.Testing.Integration/bin/Release/net10.0/Hexalith.EventStore.Testing.Integration.dll
  Successfully created package '/tmp/eventstore-story-8-3-verification-20261008/packages-no-restore/Hexalith.EventStore.Testing.Integration.999.0.0-ci-test.nupkg'.
dotnet pack src/Hexalith.EventStore.Aspire/Hexalith.EventStore.Aspire.csproj --configuration Release --no-restore --output /tmp/eventstore-story-8-3-verification-20261008/packages-no-restore -p:Version=999.0.0-ci-test -p:GeneratePackageOnBuild=false -p:UseHexalithProjectReferences=false -m:1 -nodeReuse:false
  Hexalith.EventStore.Aspire -> /home/administrator/projects/hexalith/eventstore/src/Hexalith.EventStore.Aspire/bin/Release/net10.0/Hexalith.EventStore.Aspire.dll
  Successfully created package '/tmp/eventstore-story-8-3-verification-20261008/packages-no-restore/Hexalith.EventStore.Aspire.999.0.0-ci-test.nupkg'.
dotnet pack src/Hexalith.EventStore.ServiceDefaults/Hexalith.EventStore.ServiceDefaults.csproj --configuration Release --no-restore --output /tmp/eventstore-story-8-3-verification-20261008/packages-no-restore -p:Version=999.0.0-ci-test -p:GeneratePackageOnBuild=false -p:UseHexalithProjectReferences=false -m:1 -nodeReuse:false
  Hexalith.EventStore.ServiceDefaults -> /home/administrator/projects/hexalith/eventstore/src/Hexalith.EventStore.ServiceDefaults/bin/Release/net10.0/Hexalith.EventStore.ServiceDefaults.dll
  Successfully created package '/tmp/eventstore-story-8-3-verification-20261008/packages-no-restore/Hexalith.EventStore.ServiceDefaults.999.0.0-ci-test.nupkg'.
dotnet pack src/Hexalith.EventStore.DomainService/Hexalith.EventStore.DomainService.csproj --configuration Release --no-restore --output /tmp/eventstore-story-8-3-verification-20261008/packages-no-restore -p:Version=999.0.0-ci-test -p:GeneratePackageOnBuild=false -p:UseHexalithProjectReferences=false -m:1 -nodeReuse:false
  Hexalith.EventStore.Contracts -> /home/administrator/projects/hexalith/eventstore/src/Hexalith.EventStore.Contracts/bin/Release/net10.0/Hexalith.EventStore.Contracts.dll
  Hexalith.EventStore.Client -> /home/administrator/projects/hexalith/eventstore/src/Hexalith.EventStore.Client/bin/Release/net10.0/Hexalith.EventStore.Client.dll
  Hexalith.EventStore.ServiceDefaults -> /home/administrator/projects/hexalith/eventstore/src/Hexalith.EventStore.ServiceDefaults/bin/Release/net10.0/Hexalith.EventStore.ServiceDefaults.dll
  Hexalith.EventStore.DomainService -> /home/administrator/projects/hexalith/eventstore/src/Hexalith.EventStore.DomainService/bin/Release/net10.0/Hexalith.EventStore.DomainService.dll
  Successfully created package '/tmp/eventstore-story-8-3-verification-20261008/packages-no-restore/Hexalith.EventStore.DomainService.999.0.0-ci-test.nupkg'.
dotnet pack src/Hexalith.EventStore.RestApi.Generators/Hexalith.EventStore.RestApi.Generators.csproj --configuration Release --no-restore --output /tmp/eventstore-story-8-3-verification-20261008/packages-no-restore -p:Version=999.0.0-ci-test -p:GeneratePackageOnBuild=false -p:UseHexalithProjectReferences=false -m:1 -nodeReuse:false
  Hexalith.EventStore.RestApi.Generators -> /home/administrator/projects/hexalith/eventstore/src/Hexalith.EventStore.RestApi.Generators/bin/Release/netstandard2.0/Hexalith.EventStore.RestApi.Generators.dll
  Successfully created package '/tmp/eventstore-story-8-3-verification-20261008/packages-no-restore/Hexalith.EventStore.RestApi.Generators.999.0.0-ci-test.nupkg'.
dotnet pack src/Hexalith.EventStore.Gateway/Hexalith.EventStore.Gateway.csproj --configuration Release --no-restore --output /tmp/eventstore-story-8-3-verification-20261008/packages-no-restore -p:Version=999.0.0-ci-test -p:GeneratePackageOnBuild=false -p:UseHexalithProjectReferences=false -m:1 -nodeReuse:false
  Hexalith.EventStore.Contracts -> /home/administrator/projects/hexalith/eventstore/src/Hexalith.EventStore.Contracts/bin/Release/net10.0/Hexalith.EventStore.Contracts.dll
  Hexalith.EventStore.Admin.Abstractions -> /home/administrator/projects/hexalith/eventstore/src/Hexalith.EventStore.Admin.Abstractions/bin/Release/net10.0/Hexalith.EventStore.Admin.Abstractions.dll
  Hexalith.EventStore.Client -> /home/administrator/projects/hexalith/eventstore/src/Hexalith.EventStore.Client/bin/Release/net10.0/Hexalith.EventStore.Client.dll
  Hexalith.EventStore.ServiceDefaults -> /home/administrator/projects/hexalith/eventstore/src/Hexalith.EventStore.ServiceDefaults/bin/Release/net10.0/Hexalith.EventStore.ServiceDefaults.dll
  Hexalith.EventStore.DomainService -> /home/administrator/projects/hexalith/eventstore/src/Hexalith.EventStore.DomainService/bin/Release/net10.0/Hexalith.EventStore.DomainService.dll
  Hexalith.EventStore.Server -> /home/administrator/projects/hexalith/eventstore/src/Hexalith.EventStore.Server/bin/Release/net10.0/Hexalith.EventStore.Server.dll
  Hexalith.EventStore.Gateway -> /home/administrator/projects/hexalith/eventstore/src/Hexalith.EventStore.Gateway/bin/Release/net10.0/Hexalith.EventStore.Gateway.dll
  Successfully created package '/tmp/eventstore-story-8-3-verification-20261008/packages-no-restore/Hexalith.EventStore.Gateway.999.0.0-ci-test.nupkg'.
dotnet pack src/Hexalith.EventStore.Admin.Abstractions/Hexalith.EventStore.Admin.Abstractions.csproj --configuration Release --no-restore --output /tmp/eventstore-story-8-3-verification-20261008/packages-no-restore -p:Version=999.0.0-ci-test -p:GeneratePackageOnBuild=false -p:UseHexalithProjectReferences=false -m:1 -nodeReuse:false
  Hexalith.EventStore.Contracts -> /home/administrator/projects/hexalith/eventstore/src/Hexalith.EventStore.Contracts/bin/Release/net10.0/Hexalith.EventStore.Contracts.dll
  Hexalith.EventStore.Admin.Abstractions -> /home/administrator/projects/hexalith/eventstore/src/Hexalith.EventStore.Admin.Abstractions/bin/Release/net10.0/Hexalith.EventStore.Admin.Abstractions.dll
  Successfully created package '/tmp/eventstore-story-8-3-verification-20261008/packages-no-restore/Hexalith.EventStore.Admin.Abstractions.999.0.0-ci-test.nupkg'.
dotnet pack src/Hexalith.EventStore.Admin.Cli/Hexalith.EventStore.Admin.Cli.csproj --configuration Release --no-restore --output /tmp/eventstore-story-8-3-verification-20261008/packages-no-restore -p:Version=999.0.0-ci-test -p:GeneratePackageOnBuild=false -p:UseHexalithProjectReferences=false -m:1 -nodeReuse:false
  Hexalith.EventStore.Contracts -> /home/administrator/projects/hexalith/eventstore/src/Hexalith.EventStore.Contracts/bin/Release/net10.0/Hexalith.EventStore.Contracts.dll
  Hexalith.EventStore.Admin.Abstractions -> /home/administrator/projects/hexalith/eventstore/src/Hexalith.EventStore.Admin.Abstractions/bin/Release/net10.0/Hexalith.EventStore.Admin.Abstractions.dll
  Hexalith.EventStore.Admin.Cli -> /home/administrator/projects/hexalith/eventstore/src/Hexalith.EventStore.Admin.Cli/bin/Release/net10.0/Hexalith.EventStore.Admin.Cli.dll
  Hexalith.EventStore.Admin.Cli -> /home/administrator/projects/hexalith/eventstore/src/Hexalith.EventStore.Admin.Cli/bin/Release/net10.0/Hexalith.EventStore.Admin.Cli.dll
  Hexalith.EventStore.Admin.Cli -> /home/administrator/projects/hexalith/eventstore/src/Hexalith.EventStore.Admin.Cli/bin/Release/net10.0/publish/
  Successfully created package '/tmp/eventstore-story-8-3-verification-20261008/packages-no-restore/Hexalith.EventStore.Admin.Cli.999.0.0-ci-test.nupkg'.
dotnet pack src/Hexalith.EventStore.Admin.Server/Hexalith.EventStore.Admin.Server.csproj --configuration Release --no-restore --output /tmp/eventstore-story-8-3-verification-20261008/packages-no-restore -p:Version=999.0.0-ci-test -p:GeneratePackageOnBuild=false -p:UseHexalithProjectReferences=false -m:1 -nodeReuse:false
  Hexalith.EventStore.Contracts -> /home/administrator/projects/hexalith/eventstore/src/Hexalith.EventStore.Contracts/bin/Release/net10.0/Hexalith.EventStore.Contracts.dll
  Hexalith.EventStore.Admin.Abstractions -> /home/administrator/projects/hexalith/eventstore/src/Hexalith.EventStore.Admin.Abstractions/bin/Release/net10.0/Hexalith.EventStore.Admin.Abstractions.dll
  Hexalith.EventStore.Admin.Server -> /home/administrator/projects/hexalith/eventstore/src/Hexalith.EventStore.Admin.Server/bin/Release/net10.0/Hexalith.EventStore.Admin.Server.dll
  Successfully created package '/tmp/eventstore-story-8-3-verification-20261008/packages-no-restore/Hexalith.EventStore.Admin.Server.999.0.0-ci-test.nupkg'.
Packed manifest-owned projects: 14
