xUnit.net v3 In-Process Runner v4.0.1+8ed8aa354c (64-bit .NET 10.0.12)
  Discovering: Hexalith.EventStore.Server.LiveSidecar.Tests
  Discovered:  Hexalith.EventStore.Server.LiveSidecar.Tests
  Starting:    Hexalith.EventStore.Server.LiveSidecar.Tests
info: Hexalith.EventStore.Server.Projections.ProjectionDiscoveryHostedService[1121]
      Projection discovery: domain 'global-administrators' -> immediate mode (fire-and-forget after persistence)
info: Hexalith.EventStore.Server.Projections.ProjectionDiscoveryHostedService[1121]
      Projection discovery: domain 'tenants' -> immediate mode (fire-and-forget after persistence)
info: Hexalith.EventStore.Server.Projections.ProjectionDiscoveryHostedService[1124]
      Projection discovery complete: 2 domains discovered. Default refresh interval: 0ms (0=immediate).
info: Hexalith.EventStore.Server.Projections.ActiveRebuildIndexCleanupService[1200]
      Active-rebuild-index cleanup service started: CadenceSeconds=60, Stage=ActiveRebuildIndexCleanupServiceStarted
warn: Hexalith.EventStore.DomainService.ReminderReconciler[200213]
      Reminder reconciliation is disabled; readiness stays degraded
info: Microsoft.Hosting.Lifetime[14]
      Now listening on: http://localhost:42681
info: Microsoft.Hosting.Lifetime[0]
      Application started. Press Ctrl+C to shut down.
info: Microsoft.Hosting.Lifetime[0]
      Hosting environment: Testing
info: Microsoft.Hosting.Lifetime[0]
      Content root path: /home/administrator/projects/hexalith/eventstore/tests/Hexalith.EventStore.Server.LiveSidecar.Tests/bin/Debug/net10.0
info: Hexalith.EventStore.Server.Actors.ETagActor[1053]
      Cold start detected for ETag actor warmup:f36f08154bb7473caaa550f375696bf8. No prior state found.
info: Hexalith.EventStore.Server.Actors.ETagActor[1050]
      ETag regenerated for actor warmup:f36f08154bb7473caaa550f375696bf8. New ETag prefix: d2FybXVw
info: Hexalith.EventStore.Server.Actors.AggregateActor[2001]
      Stage transition: ActorId=tenant-a:counter:evolution-c78622bad64948cf9be34ca337813d0f, Stage=Processing, CorrelationId=01M489VHJWNPJGZZ0Y8AYX29GT, CausationId=01M489VHJWNPJGZZ0Y8AYX29GT, TenantId=tenant-a, Domain=counter, AggregateId=evolution-c78622bad64948cf9be34ca337813d0f, CommandType=IncrementCounter, DurationMs=18.2739
info: Hexalith.EventStore.Server.Actors.AggregateActor[0]
      State rehydrated: null for ActorId=tenant-a:counter:evolution-c78622bad64948cf9be34ca337813d0f, CorrelationId=01M489VHJWNPJGZZ0Y8AYX29GT
info: Hexalith.EventStore.Server.Actors.AggregateActor[0]
      Domain service result: Success for ActorId=tenant-a:counter:evolution-c78622bad64948cf9be34ca337813d0f, CorrelationId=01M489VHJWNPJGZZ0Y8AYX29GT
info: Hexalith.EventStore.Server.Actors.AggregateActor[3003]
      Domain service version not specified in command extensions, defaulting to v1: Tenant=tenant-a, Domain=counter, CorrelationId=01M489VHJWNPJGZZ0Y8AYX29GT
info: Hexalith.EventStore.Server.Events.EventPersister[3001]
      Events persisted: CorrelationId=01M489VHJWNPJGZZ0Y8AYX29GT, CausationId=01M489VHJWNPJGZZ0Y8AYX29GT, TenantId=tenant-a, AggregateId=evolution-c78622bad64948cf9be34ca337813d0f, EventCount=1, NewSequence=1, Stage=EventsPersisted
info: Hexalith.EventStore.Server.Actors.AggregateActor[2001]
      Stage transition: ActorId=tenant-a:counter:evolution-c78622bad64948cf9be34ca337813d0f, Stage=EventsStored, CorrelationId=01M489VHJWNPJGZZ0Y8AYX29GT, CausationId=01M489VHJWNPJGZZ0Y8AYX29GT, TenantId=tenant-a, Domain=counter, AggregateId=evolution-c78622bad64948cf9be34ca337813d0f, CommandType=IncrementCounter, DurationMs=58.2198
info: Hexalith.EventStore.Server.Actors.AggregateActor[2001]
      Stage transition: ActorId=tenant-a:counter:evolution-c78622bad64948cf9be34ca337813d0f, Stage=EventsPublished, CorrelationId=01M489VHJWNPJGZZ0Y8AYX29GT, CausationId=01M489VHJWNPJGZZ0Y8AYX29GT, TenantId=tenant-a, Domain=counter, AggregateId=evolution-c78622bad64948cf9be34ca337813d0f, CommandType=IncrementCounter, DurationMs=59.3364
info: Hexalith.EventStore.Server.Actors.AggregateActor[2001]
      Stage transition: ActorId=tenant-a:counter:evolution-c78622bad64948cf9be34ca337813d0f, Stage=Completed, CorrelationId=01M489VHJWNPJGZZ0Y8AYX29GT, CausationId=01M489VHJWNPJGZZ0Y8AYX29GT, TenantId=tenant-a, Domain=counter, AggregateId=evolution-c78622bad64948cf9be34ca337813d0f, CommandType=IncrementCounter, DurationMs=70.7357
info: Hexalith.EventStore.Server.Actors.AggregateActor[2004]
      Command completed summary: CorrelationId=01M489VHJWNPJGZZ0Y8AYX29GT, CausationId=01M489VHJWNPJGZZ0Y8AYX29GT, TenantId=tenant-a, Domain=counter, AggregateId=evolution-c78622bad64948cf9be34ca337813d0f, CommandType=IncrementCounter, Status=Completed, DurationMs=71.1831, Stage=CommandCompleted
info: Hexalith.EventStore.Server.Projections.ProjectionDiscoveryHostedService[1121]
      Projection discovery: domain 'global-administrators' -> immediate mode (fire-and-forget after persistence)
info: Hexalith.EventStore.Server.Projections.ProjectionDiscoveryHostedService[1121]
      Projection discovery: domain 'tenants' -> immediate mode (fire-and-forget after persistence)
info: Hexalith.EventStore.Server.Projections.ProjectionDiscoveryHostedService[1124]
      Projection discovery complete: 2 domains discovered. Default refresh interval: 0ms (0=immediate).
info: Hexalith.EventStore.Server.Projections.ActiveRebuildIndexCleanupService[1200]
      Active-rebuild-index cleanup service started: CadenceSeconds=60, Stage=ActiveRebuildIndexCleanupServiceStarted
info: Microsoft.Hosting.Lifetime[14]
      Now listening on: http://localhost:41371
info: Microsoft.Hosting.Lifetime[0]
      Application started. Press Ctrl+C to shut down.
info: Microsoft.Hosting.Lifetime[0]
      Hosting environment: Testing
info: Microsoft.Hosting.Lifetime[0]
      Content root path: /home/administrator/projects/hexalith/eventstore/tests/Hexalith.EventStore.Server.LiveSidecar.Tests/bin/Debug/net10.0
info: Hexalith.EventStore.Server.Actors.AggregateActor[0]
      Duplicate command detected: MessageId=01M489VHJWNPJGZZ0Y8AYX29GT, CorrelationId=01M489VHJWNPJGZZ0Y8AYX29GT, ActorId=tenant-a:counter:evolution-c78622bad64948cf9be34ca337813d0f. Returning cached result.
info: Microsoft.Hosting.Lifetime[0]
      Application is shutting down...
info: Hexalith.EventStore.Server.Projections.ProjectionDiscoveryHostedService[1121]
      Projection discovery: domain 'global-administrators' -> immediate mode (fire-and-forget after persistence)
info: Hexalith.EventStore.Server.Projections.ProjectionDiscoveryHostedService[1121]
      Projection discovery: domain 'tenants' -> immediate mode (fire-and-forget after persistence)
info: Hexalith.EventStore.Server.Projections.ProjectionDiscoveryHostedService[1124]
      Projection discovery complete: 2 domains discovered. Default refresh interval: 0ms (0=immediate).
info: Hexalith.EventStore.Server.Projections.ActiveRebuildIndexCleanupService[1200]
      Active-rebuild-index cleanup service started: CadenceSeconds=60, Stage=ActiveRebuildIndexCleanupServiceStarted
warn: Hexalith.EventStore.DomainService.ReminderReconciler[200213]
      Reminder reconciliation is disabled; readiness stays degraded
info: Microsoft.Hosting.Lifetime[14]
      Now listening on: http://localhost:42681
info: Microsoft.Hosting.Lifetime[0]
      Application started. Press Ctrl+C to shut down.
info: Microsoft.Hosting.Lifetime[0]
      Hosting environment: Testing
info: Microsoft.Hosting.Lifetime[0]
      Content root path: /home/administrator/projects/hexalith/eventstore/tests/Hexalith.EventStore.Server.LiveSidecar.Tests/bin/Debug/net10.0
info: Hexalith.EventStore.Server.Actors.ETagActor[1053]
      Cold start detected for ETag actor warmup:6352ea5d49b24005b4107d91613936c3. No prior state found.
info: Hexalith.EventStore.Server.Actors.ETagActor[1050]
      ETag regenerated for actor warmup:6352ea5d49b24005b4107d91613936c3. New ETag prefix: d2FybXVw
info: Hexalith.EventStore.Server.Actors.AggregateActor[0]
      Duplicate command detected: MessageId=01M489VHJWNPJGZZ0Y8AYX29GT, CorrelationId=01M489VHJWNPJGZZ0Y8AYX29GT, ActorId=tenant-a:counter:evolution-c78622bad64948cf9be34ca337813d0f. Returning cached result.
info: Microsoft.Hosting.Lifetime[0]
      Application is shutting down...
info: Microsoft.Hosting.Lifetime[0]
      Application is shutting down...
  Finished:    Hexalith.EventStore.Server.LiveSidecar.Tests (ID = 'c929bbbfdb9fb5c64afc6af44b98c3d339daa5307c96509b5cfdc4895a2fb300')
=== TEST EXECUTION SUMMARY ===
   Hexalith.EventStore.Server.LiveSidecar.Tests  Total: 1, Errors: 0, Failed: 0, Skipped: 0, Not Run: 0, Time: 10.136s
