xUnit.net v3 In-Process Runner v4.0.1+8ed8aa354c (64-bit .NET 10.0.12)
  Discovering: Hexalith.EventStore.Server.LiveSidecar.Tests
  Discovered:  Hexalith.EventStore.Server.LiveSidecar.Tests
  Starting:    Hexalith.EventStore.Server.LiveSidecar.Tests
info: Hexalith.EventStore.Server.Projections.ProjectionDiscoveryHostedService[1121]
      Projection discovery: domain 'global-administrators' -> immediate mode (fire-and-forget after persistence)
info: Hexalith.EventStore.Server.Projections.ProjectionDiscoveryHostedService[1121]
      Projection discovery: domain 'tenants' -> immediate mode (fire-and-forget after persistence)
info: Hexalith.EventStore.Server.Projections.ProjectionDiscoveryHostedService[1124]
      Projection discovery complete: 2 domains discovered. Default refresh interval: 0ms (0=immediate).
info: Hexalith.EventStore.Server.Projections.ActiveRebuildIndexCleanupService[1200]
      Active-rebuild-index cleanup service started: CadenceSeconds=60, Stage=ActiveRebuildIndexCleanupServiceStarted
warn: Hexalith.EventStore.DomainService.ReminderReconciler[200213]
      Reminder reconciliation is disabled; readiness stays degraded
info: Microsoft.Hosting.Lifetime[14]
      Now listening on: http://localhost:42507
info: Microsoft.Hosting.Lifetime[0]
      Application started. Press Ctrl+C to shut down.
info: Microsoft.Hosting.Lifetime[0]
      Hosting environment: Testing
info: Microsoft.Hosting.Lifetime[0]
      Content root path: /home/administrator/projects/hexalith/eventstore/tests/Hexalith.EventStore.Server.LiveSidecar.Tests/bin/Debug/net10.0
info: Hexalith.EventStore.Server.Actors.ETagActor[1053]
      Cold start detected for ETag actor warmup:819b526f14324f7194abd3c06378badc. No prior state found.
info: Hexalith.EventStore.Server.Actors.ETagActor[1050]
      ETag regenerated for actor warmup:819b526f14324f7194abd3c06378badc. New ETag prefix: d2FybXVw
warn: Hexalith.EventStore.DomainService.ReminderCallbackTokenFilter[200209]
      Reminder actor call denied at the app channel: ReasonCode=token-missing
warn: Hexalith.EventStore.DomainService.ReminderCallbackTokenFilter[200209]
      Reminder actor call denied at the app channel: ReasonCode=token-invalid
info: Hexalith.EventStore.Server.Actors.AggregateActor[2001]
      Stage transition: ActorId=tenant-a:counter:reminder-0fa1da2c8df3493f8c0cb82b1f93e652, Stage=Processing, CorrelationId=wrk-09SJJNGHRS1DKD7BVHPPX2JVV9CPA7B0VTM9FNKD76P68QQ4DQ6G, CausationId=wrk-09SJJNGHRS1DKD7BVHPPX2JVV9CPA7B0VTM9FNKD76P68QQ4DQ6G, TenantId=tenant-a, Domain=counter, AggregateId=reminder-0fa1da2c8df3493f8c0cb82b1f93e652, CommandType=IncrementCounter, DurationMs=29.6131
info: Hexalith.EventStore.Server.Actors.AggregateActor[0]
      State rehydrated: null for ActorId=tenant-a:counter:reminder-0fa1da2c8df3493f8c0cb82b1f93e652, CorrelationId=wrk-09SJJNGHRS1DKD7BVHPPX2JVV9CPA7B0VTM9FNKD76P68QQ4DQ6G
info: Hexalith.EventStore.Server.Actors.AggregateActor[0]
      Domain service result: Success for ActorId=tenant-a:counter:reminder-0fa1da2c8df3493f8c0cb82b1f93e652, CorrelationId=wrk-09SJJNGHRS1DKD7BVHPPX2JVV9CPA7B0VTM9FNKD76P68QQ4DQ6G
info: Hexalith.EventStore.Server.Actors.AggregateActor[3003]
      Domain service version not specified in command extensions, defaulting to v1: Tenant=tenant-a, Domain=counter, CorrelationId=wrk-09SJJNGHRS1DKD7BVHPPX2JVV9CPA7B0VTM9FNKD76P68QQ4DQ6G
info: Hexalith.EventStore.Server.Events.EventPersister[3001]
      Events persisted: CorrelationId=wrk-09SJJNGHRS1DKD7BVHPPX2JVV9CPA7B0VTM9FNKD76P68QQ4DQ6G, CausationId=wrk-09SJJNGHRS1DKD7BVHPPX2JVV9CPA7B0VTM9FNKD76P68QQ4DQ6G, TenantId=tenant-a, AggregateId=reminder-0fa1da2c8df3493f8c0cb82b1f93e652, EventCount=1, NewSequence=1, Stage=EventsPersisted
info: Hexalith.EventStore.Server.Actors.AggregateActor[2001]
      Stage transition: ActorId=tenant-a:counter:reminder-0fa1da2c8df3493f8c0cb82b1f93e652, Stage=EventsStored, CorrelationId=wrk-09SJJNGHRS1DKD7BVHPPX2JVV9CPA7B0VTM9FNKD76P68QQ4DQ6G, CausationId=wrk-09SJJNGHRS1DKD7BVHPPX2JVV9CPA7B0VTM9FNKD76P68QQ4DQ6G, TenantId=tenant-a, Domain=counter, AggregateId=reminder-0fa1da2c8df3493f8c0cb82b1f93e652, CommandType=IncrementCounter, DurationMs=85.5136
info: Hexalith.EventStore.Server.Actors.AggregateActor[2001]
      Stage transition: ActorId=tenant-a:counter:reminder-0fa1da2c8df3493f8c0cb82b1f93e652, Stage=EventsPublished, CorrelationId=wrk-09SJJNGHRS1DKD7BVHPPX2JVV9CPA7B0VTM9FNKD76P68QQ4DQ6G, CausationId=wrk-09SJJNGHRS1DKD7BVHPPX2JVV9CPA7B0VTM9FNKD76P68QQ4DQ6G, TenantId=tenant-a, Domain=counter, AggregateId=reminder-0fa1da2c8df3493f8c0cb82b1f93e652, CommandType=IncrementCounter, DurationMs=86.5477
info: Hexalith.EventStore.Server.Actors.AggregateActor[2001]
      Stage transition: ActorId=tenant-a:counter:reminder-0fa1da2c8df3493f8c0cb82b1f93e652, Stage=Completed, CorrelationId=wrk-09SJJNGHRS1DKD7BVHPPX2JVV9CPA7B0VTM9FNKD76P68QQ4DQ6G, CausationId=wrk-09SJJNGHRS1DKD7BVHPPX2JVV9CPA7B0VTM9FNKD76P68QQ4DQ6G, TenantId=tenant-a, Domain=counter, AggregateId=reminder-0fa1da2c8df3493f8c0cb82b1f93e652, CommandType=IncrementCounter, DurationMs=100.526
info: Hexalith.EventStore.Server.Actors.AggregateActor[2004]
      Command completed summary: CorrelationId=wrk-09SJJNGHRS1DKD7BVHPPX2JVV9CPA7B0VTM9FNKD76P68QQ4DQ6G, CausationId=wrk-09SJJNGHRS1DKD7BVHPPX2JVV9CPA7B0VTM9FNKD76P68QQ4DQ6G, TenantId=tenant-a, Domain=counter, AggregateId=reminder-0fa1da2c8df3493f8c0cb82b1f93e652, CommandType=IncrementCounter, Status=Completed, DurationMs=100.7991, Stage=CommandCompleted
info: Hexalith.EventStore.DomainService.ReminderCoordinator[200202]
      Reminder submitted: ActorId=wra-Q45M46GKGKGAPAE76STDF25EDKFJBKBQTJY9FGYGAZ5NXW0P7K10, ReminderName=date-wrs-XR34ZBK8BQ50658E1AWXDFP823APPJ1X7MTZ1NFVTC53MFA3PVEG, EffectId=09SJJNGHRS1DKD7BVHPPX2JVV9CPA7B0VTM9FNKD76P68QQ4DQ6G, TargetDisposition=Success, Replayed=False
info: Microsoft.Hosting.Lifetime[0]
      Application is shutting down...
info: Hexalith.EventStore.Server.Projections.ProjectionDiscoveryHostedService[1121]
      Projection discovery: domain 'global-administrators' -> immediate mode (fire-and-forget after persistence)
info: Hexalith.EventStore.Server.Projections.ProjectionDiscoveryHostedService[1121]
      Projection discovery: domain 'tenants' -> immediate mode (fire-and-forget after persistence)
info: Hexalith.EventStore.Server.Projections.ProjectionDiscoveryHostedService[1124]
      Projection discovery complete: 2 domains discovered. Default refresh interval: 0ms (0=immediate).
info: Hexalith.EventStore.Server.Projections.ActiveRebuildIndexCleanupService[1200]
      Active-rebuild-index cleanup service started: CadenceSeconds=60, Stage=ActiveRebuildIndexCleanupServiceStarted
warn: Hexalith.EventStore.DomainService.ReminderReconciler[200213]
      Reminder reconciliation is disabled; readiness stays degraded
info: Microsoft.Hosting.Lifetime[14]
      Now listening on: http://localhost:42507
info: Microsoft.Hosting.Lifetime[0]
      Application started. Press Ctrl+C to shut down.
info: Microsoft.Hosting.Lifetime[0]
      Hosting environment: Testing
info: Microsoft.Hosting.Lifetime[0]
      Content root path: /home/administrator/projects/hexalith/eventstore/tests/Hexalith.EventStore.Server.LiveSidecar.Tests/bin/Debug/net10.0
info: Hexalith.EventStore.Server.Actors.ETagActor[1053]
      Cold start detected for ETag actor warmup:22535c01c2fa462d8a11ae0e0fd6f7e1. No prior state found.
info: Hexalith.EventStore.Server.Actors.ETagActor[1050]
      ETag regenerated for actor warmup:22535c01c2fa462d8a11ae0e0fd6f7e1. New ETag prefix: d2FybXVw
info: Hexalith.EventStore.DomainService.ReminderCoordinator[200202]
      Reminder submitted: ActorId=wra-Q45M46GKGKGAPAE76STDF25EDKFJBKBQTJY9FGYGAZ5NXW0P7K10, ReminderName=date-wrs-XR34ZBK8BQ50658E1AWXDFP823APPJ1X7MTZ1NFVTC53MFA3PVEG, EffectId=09SJJNGHRS1DKD7BVHPPX2JVV9CPA7B0VTM9FNKD76P68QQ4DQ6G, TargetDisposition=Success, Replayed=True
info: Hexalith.EventStore.DomainService.ReminderCoordinator[200202]
      Reminder submitted: ActorId=wra-Q45M46GKGKGAPAE76STDF25EDKFJBKBQTJY9FGYGAZ5NXW0P7K10, ReminderName=date-wrs-YB39K3H8V07WQ3783AW22PEYG0WG7284ZCC7VJYHQZ3NWT7KA75G, EffectId=09SJJNGHRS1DKD7BVHPPX2JVV9CPA7B0VTM9FNKD76P68QQ4DQ6G, TargetDisposition=Success, Replayed=True
info: Hexalith.EventStore.DomainService.ReminderReconciler[200210]
      Reminder reconciliation pass completed: Tenants=1, Candidates=1, Armed=1, Submitted=0, Cancelled=0, Unresolved=0, Quarantined=0, Incomplete=0
info: Microsoft.Hosting.Lifetime[0]
      Application is shutting down...
  Finished:    Hexalith.EventStore.Server.LiveSidecar.Tests (ID = 'c929bbbfdb9fb5c64afc6af44b98c3d339daa5307c96509b5cfdc4895a2fb300')
=== TEST EXECUTION SUMMARY ===
   Hexalith.EventStore.Server.LiveSidecar.Tests  Total: 1, Errors: 0, Failed: 0, Skipped: 0, Not Run: 0, Time: 7.823s
