  Hexalith.Commons.UniqueIds -> /home/administrator/projects/hexalith/eventstore/references/Hexalith.Commons/src/libraries/Hexalith.Commons.UniqueIds/bin/Release/net10.0/Hexalith.Commons.UniqueIds.dll
  Successfully created package '/home/administrator/projects/hexalith/eventstore/references/Hexalith.Commons/src/libraries/Hexalith.Commons.UniqueIds/bin/Release/Hexalith.Commons.UniqueIds.3.115.0.nupkg'.
  Successfully created package '/home/administrator/projects/hexalith/eventstore/references/Hexalith.Commons/src/libraries/Hexalith.Commons.UniqueIds/bin/Release/Hexalith.Commons.UniqueIds.3.115.0.snupkg'.
  Hexalith.EventStore.Contracts -> /home/administrator/projects/hexalith/eventstore/src/Hexalith.EventStore.Contracts/bin/Release/net10.0/Hexalith.EventStore.Contracts.dll
  Hexalith.Commons.UniqueIds -> /home/administrator/projects/hexalith/eventstore/references/Hexalith.Commons/src/libraries/Hexalith.Commons.UniqueIds/bin/Release/net10.0/Hexalith.Commons.UniqueIds.dll
  Successfully created package '/home/administrator/projects/hexalith/eventstore/references/Hexalith.Commons/src/libraries/Hexalith.Commons.UniqueIds/bin/Release/Hexalith.Commons.UniqueIds.1.0.0.nupkg'.
  Successfully created package '/home/administrator/projects/hexalith/eventstore/references/Hexalith.Commons/src/libraries/Hexalith.Commons.UniqueIds/bin/Release/Hexalith.Commons.UniqueIds.1.0.0.snupkg'.
  Hexalith.Tenants.Contracts -> /home/administrator/projects/hexalith/eventstore/references/Hexalith.Tenants/src/Hexalith.Tenants.Contracts/bin/Release/net10.0/Hexalith.Tenants.Contracts.dll
  Hexalith.EventStore.Client -> /home/administrator/projects/hexalith/eventstore/src/Hexalith.EventStore.Client/bin/Release/net10.0/Hexalith.EventStore.Client.dll
  Hexalith.EventStore.ServiceDefaults -> /home/administrator/projects/hexalith/eventstore/src/Hexalith.EventStore.ServiceDefaults/bin/Release/net10.0/Hexalith.EventStore.ServiceDefaults.dll
  Hexalith.EventStore.DomainService -> /home/administrator/projects/hexalith/eventstore/src/Hexalith.EventStore.DomainService/bin/Release/net10.0/Hexalith.EventStore.DomainService.dll
  Hexalith.EventStore.Server -> /home/administrator/projects/hexalith/eventstore/src/Hexalith.EventStore.Server/bin/Release/net10.0/Hexalith.EventStore.Server.dll
  Hexalith.EventStore.Contracts -> /home/administrator/projects/hexalith/eventstore/src/Hexalith.EventStore.Contracts/bin/Release/net10.0/Hexalith.EventStore.Contracts.dll
  Hexalith.EventStore.Client -> /home/administrator/projects/hexalith/eventstore/src/Hexalith.EventStore.Client/bin/Release/net10.0/Hexalith.EventStore.Client.dll
  Hexalith.EventStore.ServiceDefaults -> /home/administrator/projects/hexalith/eventstore/src/Hexalith.EventStore.ServiceDefaults/bin/Release/net10.0/Hexalith.EventStore.ServiceDefaults.dll
  Hexalith.EventStore.DomainService -> /home/administrator/projects/hexalith/eventstore/src/Hexalith.EventStore.DomainService/bin/Release/net10.0/Hexalith.EventStore.DomainService.dll
  Hexalith.Tenants.Server -> /home/administrator/projects/hexalith/eventstore/references/Hexalith.Tenants/src/Hexalith.Tenants.Server/bin/Release/net10.0/Hexalith.Tenants.Server.dll
  Hexalith.EventStore.Admin.Abstractions -> /home/administrator/projects/hexalith/eventstore/src/Hexalith.EventStore.Admin.Abstractions/bin/Release/net10.0/Hexalith.EventStore.Admin.Abstractions.dll
  Hexalith.EventStore.Gateway -> /home/administrator/projects/hexalith/eventstore/src/Hexalith.EventStore.Gateway/bin/Release/net10.0/Hexalith.EventStore.Gateway.dll
  Hexalith.EventStore.Admin.Abstractions -> /home/administrator/projects/hexalith/eventstore/src/Hexalith.EventStore.Admin.Abstractions/bin/Release/net10.0/Hexalith.EventStore.Admin.Abstractions.dll
  Hexalith.EventStore.Server -> /home/administrator/projects/hexalith/eventstore/src/Hexalith.EventStore.Server/bin/Release/net10.0/Hexalith.EventStore.Server.dll
  Hexalith.Tenants -> /home/administrator/projects/hexalith/eventstore/references/Hexalith.Tenants/src/Hexalith.Tenants/bin/Release/net10.0/Hexalith.Tenants.dll
  Hexalith.Tenants.Testing -> /home/administrator/projects/hexalith/eventstore/references/Hexalith.Tenants/src/Hexalith.Tenants.Testing/bin/Release/net10.0/Hexalith.Tenants.Testing.dll
  Hexalith.Tenants.Client -> /home/administrator/projects/hexalith/eventstore/references/Hexalith.Tenants/src/Hexalith.Tenants.Client/bin/Release/net10.0/Hexalith.Tenants.Client.dll
  Hexalith.Tenants.Sample -> /home/administrator/projects/hexalith/eventstore/references/Hexalith.Tenants/samples/Hexalith.Tenants.Sample/bin/Release/net10.0/Hexalith.Tenants.Sample.dll
  Hexalith.EventStore.Gateway -> /home/administrator/projects/hexalith/eventstore/src/Hexalith.EventStore.Gateway/bin/Release/net10.0/Hexalith.EventStore.Gateway.dll
  Hexalith.Tenants.Server.Tests -> /home/administrator/projects/hexalith/eventstore/references/Hexalith.Tenants/tests/Hexalith.Tenants.Server.Tests/bin/Release/net10.0/Hexalith.Tenants.Server.Tests.dll

Build succeeded.
    0 Warning(s)
    0 Error(s)

Time Elapsed 00:00:11.53
