control: passed
client-model-control: passed
domain-compatibility-control: passed
terminal-proof-atomic-save: killed
all-prior-save-readback: killed
actual-owner-command-fence: killed
private-command-substitution: killed
caller-state-substitution: killed
command-decoder-cancellation: killed
pre-callback-predecessor-seal: killed
completed-next-ledger-absence: killed
command-proof-expiry: killed
produced-output-charge: killed
produced-output-clearing: killed
admission-stage-state-seal: killed
bounded-noop-result: killed
individual-result-getter-fences: killed
purpose-seven-decoding-charge: killed
post-await-private-command-pin: killed
command-read-borrow-lifetime: killed
effective-chain-commitment: killed
exact-page-transcript: killed
