[2026-10-07 12:39:51.849] [INFO] [Cli] Command: aspire run --apphost src/Hexalith.EventStore.AppHost/Hexalith.EventStore.AppHost.csproj --detach
[2026-10-07 12:39:59.949] [INFO] [DetachedAppHost/Build]   Determining projects to restore...
[2026-10-07 12:39:59.949] [INFO] [DetachedAppHost/Build]   Restored /home/administrator/projects/hexalith/projects/references/Hexalith.EventStore/src/Hexalith.EventStore.Contracts/Hexalith.EventStore.Contracts.csproj (in 310 ms).
[2026-10-07 12:39:59.949] [INFO] [DetachedAppHost/Build]   Restored /home/administrator/projects/hexalith/projects/references/Hexalith.EventStore/src/Hexalith.EventStore.ServiceDefaults/Hexalith.EventStore.ServiceDefaults.csproj (in 252 ms).
[2026-10-07 12:39:59.949] [INFO] [DetachedAppHost/Build]   Restored /home/administrator/projects/hexalith/projects/references/Hexalith.EventStore/src/Hexalith.EventStore.Client/Hexalith.EventStore.Client.csproj (in 310 ms).
[2026-10-07 12:39:59.949] [INFO] [DetachedAppHost/Build]   Restored /home/administrator/projects/hexalith/projects/references/Hexalith.EventStore/src/Hexalith.EventStore.Server/Hexalith.EventStore.Server.csproj (in 252 ms).
[2026-10-07 12:39:59.949] [INFO] [DetachedAppHost/Build]   Restored /home/administrator/projects/hexalith/projects/references/Hexalith.EventStore/src/Hexalith.EventStore.DomainService/Hexalith.EventStore.DomainService.csproj (in 310 ms).
[2026-10-07 12:39:59.949] [INFO] [DetachedAppHost/Build]   15 of 20 projects are up-to-date for restore.
[2026-10-07 12:39:59.949] [INFO] [DetachedAppHost/Build]   Hexalith.EventStore.TestSubscriber -> /home/administrator/projects/hexalith/projects/references/Hexalith.EventStore/tests/Hexalith.EventStore.TestSubscriber/bin/Debug/net10.0/Hexalith.EventStore.TestSubscriber.dll
[2026-10-07 12:39:59.949] [INFO] [DetachedAppHost/Build]   Hexalith.EventStore.ServiceDefaults -> /home/administrator/projects/hexalith/projects/references/Hexalith.EventStore/src/Hexalith.EventStore.ServiceDefaults/bin/Debug/net10.0/Hexalith.EventStore.ServiceDefaults.dll
[2026-10-07 12:39:59.949] [INFO] [DetachedAppHost/Build]   Hexalith.EventStore.Contracts -> /home/administrator/projects/hexalith/projects/references/Hexalith.EventStore/src/Hexalith.EventStore.Contracts/bin/Debug/net10.0/Hexalith.EventStore.Contracts.dll
[2026-10-07 12:39:59.949] [INFO] [DetachedAppHost/Build]   Hexalith.EventStore.Sample.Contracts -> /home/administrator/projects/hexalith/projects/references/Hexalith.EventStore/samples/Hexalith.EventStore.Sample.Contracts/bin/Debug/net10.0/Hexalith.EventStore.Sample.Contracts.dll
[2026-10-07 12:39:59.949] [INFO] [DetachedAppHost/Build]   Hexalith.EventStore.Admin.Abstractions -> /home/administrator/projects/hexalith/projects/references/Hexalith.EventStore/src/Hexalith.EventStore.Admin.Abstractions/bin/Debug/net10.0/Hexalith.EventStore.Admin.Abstractions.dll
[2026-10-07 12:39:59.949] [INFO] [DetachedAppHost/Build]   Hexalith.EventStore.SignalR -> /home/administrator/projects/hexalith/projects/references/Hexalith.EventStore/src/Hexalith.EventStore.SignalR/bin/Debug/net10.0/Hexalith.EventStore.SignalR.dll
[2026-10-07 12:39:59.949] [INFO] [DetachedAppHost/Build]   Hexalith.EventStore.Admin.Server -> /home/administrator/projects/hexalith/projects/references/Hexalith.EventStore/src/Hexalith.EventStore.Admin.Server/bin/Debug/net10.0/Hexalith.EventStore.Admin.Server.dll
[2026-10-07 12:39:59.949] [INFO] [DetachedAppHost/Build]   Hexalith.EventStore.Client -> /home/administrator/projects/hexalith/projects/references/Hexalith.EventStore/src/Hexalith.EventStore.Client/bin/Debug/net10.0/Hexalith.EventStore.Client.dll
[2026-10-07 12:39:59.949] [INFO] [DetachedAppHost/Build]   Hexalith.EventStore.Admin.Server.Host -> /home/administrator/projects/hexalith/projects/references/Hexalith.EventStore/src/Hexalith.EventStore.Admin.Server.Host/bin/Debug/net10.0/Hexalith.EventStore.Admin.Server.Host.dll
[2026-10-07 12:39:59.949] [INFO] [DetachedAppHost/Build]   Hexalith.EventStore.RestApi.Generators -> /home/administrator/projects/hexalith/projects/references/Hexalith.EventStore/src/Hexalith.EventStore.RestApi.Generators/bin/Debug/netstandard2.0/Hexalith.EventStore.RestApi.Generators.dll
[2026-10-07 12:39:59.949] [INFO] [DetachedAppHost/Build]   Hexalith.EventStore.Sample.BlazorUI -> /home/administrator/projects/hexalith/projects/references/Hexalith.EventStore/samples/Hexalith.EventStore.Sample.BlazorUI/bin/Debug/net10.0/Hexalith.EventStore.Sample.BlazorUI.dll
[2026-10-07 12:39:59.949] [INFO] [DetachedAppHost/Build]   Hexalith.EventStore.Sample.Api -> /home/administrator/projects/hexalith/projects/references/Hexalith.EventStore/samples/Hexalith.EventStore.Sample.Api/bin/Debug/net10.0/Hexalith.EventStore.Sample.Api.dll
[2026-10-07 12:39:59.949] [INFO] [DetachedAppHost/Build]   Hexalith.EventStore.Admin.UI -> /home/administrator/projects/hexalith/projects/references/Hexalith.EventStore/src/Hexalith.EventStore.Admin.UI/bin/Debug/net10.0/Hexalith.EventStore.Admin.UI.dll
[2026-10-07 12:39:59.949] [INFO] [DetachedAppHost/Build]   Hexalith.EventStore.DomainService -> /home/administrator/projects/hexalith/projects/references/Hexalith.EventStore/src/Hexalith.EventStore.DomainService/bin/Debug/net10.0/Hexalith.EventStore.DomainService.dll
[2026-10-07 12:39:59.949] [INFO] [DetachedAppHost/Build]   Hexalith.EventStore.Sample -> /home/administrator/projects/hexalith/projects/references/Hexalith.EventStore/samples/Hexalith.EventStore.Sample/bin/Debug/net10.0/Hexalith.EventStore.Sample.dll
[2026-10-07 12:39:59.949] [INFO] [DetachedAppHost/Build]   Hexalith.EventStore.Server -> /home/administrator/projects/hexalith/projects/references/Hexalith.EventStore/src/Hexalith.EventStore.Server/bin/Debug/net10.0/Hexalith.EventStore.Server.dll
[2026-10-07 12:39:59.949] [INFO] [DetachedAppHost/Build]   Hexalith.EventStore.Gateway -> /home/administrator/projects/hexalith/projects/references/Hexalith.EventStore/src/Hexalith.EventStore.Gateway/bin/Debug/net10.0/Hexalith.EventStore.Gateway.dll
[2026-10-07 12:39:59.949] [INFO] [DetachedAppHost/Build]   Hexalith.EventStore -> /home/administrator/projects/hexalith/projects/references/Hexalith.EventStore/src/Hexalith.EventStore/bin/Debug/net10.0/Hexalith.EventStore.dll
[2026-10-07 12:39:59.949] [INFO] [DetachedAppHost/Build]   Hexalith.EventStore.Aspire -> /home/administrator/projects/hexalith/projects/references/Hexalith.EventStore/src/Hexalith.EventStore.Aspire/bin/Debug/net10.0/Hexalith.EventStore.Aspire.dll
[2026-10-07 12:39:59.949] [INFO] [DetachedAppHost/Build]   Hexalith.EventStore.AppHost -> /home/administrator/projects/hexalith/projects/references/Hexalith.EventStore/src/Hexalith.EventStore.AppHost/bin/Debug/net10.0/Hexalith.EventStore.AppHost.dll
[2026-10-07 12:39:59.949] [INFO] [DetachedAppHost/Build] Build succeeded.
[2026-10-07 12:39:59.949] [INFO] [DetachedAppHost/Build]     0 Warning(s)
[2026-10-07 12:39:59.949] [INFO] [DetachedAppHost/Build]     0 Error(s)
[2026-10-07 12:39:59.949] [INFO] [DetachedAppHost/Build] Time Elapsed 00:00:06.53
[2026-10-07 12:39:59.949] [FAIL] [DetachedAppHost/AppHost] Unhandled exception. System.InvalidOperationException: Plain local Aspire run requires both Hexalith.Tenants host projects before any resources can start. Initialize the root Tenants submodule with 'git submodule update --init references/Hexalith.Tenants'. Missing project(s): '/home/administrator/projects/hexalith/projects/references/Hexalith.EventStore/references/Hexalith.Tenants/src/Hexalith.Tenants/Hexalith.Tenants.csproj', '/home/administrator/projects/hexalith/projects/references/Hexalith.EventStore/references/Hexalith.Tenants/src/Hexalith.Tenants.Api/Hexalith.Tenants.Api.csproj'
[2026-10-07 12:39:59.949] [FAIL] [DetachedAppHost/AppHost]    at Hexalith.EventStore.AppHost.TenantsProjectPaths.Validate() in /home/administrator/projects/hexalith/projects/references/Hexalith.EventStore/src/Hexalith.EventStore.AppHost/TenantsProjectPaths.cs:line 56
[2026-10-07 12:39:59.949] [FAIL] [DetachedAppHost/AppHost]    at Hexalith.EventStore.AppHost.TenantsProjectPaths.Resolve() in /home/administrator/projects/hexalith/projects/references/Hexalith.EventStore/src/Hexalith.EventStore.AppHost/TenantsProjectPaths.cs:line 36
[2026-10-07 12:39:59.949] [FAIL] [DetachedAppHost/AppHost]    at Program.<Main>$(String[] args) in /home/administrator/projects/hexalith/projects/references/Hexalith.EventStore/src/Hexalith.EventStore.AppHost/Program.cs:line 203
[2026-10-07 12:39:59.949] [FAIL] [DetachedAppHost/AppHost]    at Program.<Main>(String[] args)
[2026-10-07 12:39:59.949] [INFO] [Stderr] ❌ AppHost process exited with code 134.
