  Determining projects to restore...
  Restored /tmp/eventstore-command-state-n9wyfaml/references/Hexalith.Commons/src/libraries/Hexalith.Commons.UniqueIds/Hexalith.Commons.UniqueIds.csproj (in 250 ms).
  Restored /tmp/eventstore-command-state-n9wyfaml/src/Hexalith.EventStore.Client/Hexalith.EventStore.Client.csproj (in 249 ms).
  Restored /tmp/eventstore-command-state-n9wyfaml/src/Hexalith.EventStore.DomainService/Hexalith.EventStore.DomainService.csproj (in 250 ms).
  Restored /tmp/eventstore-command-state-n9wyfaml/src/Hexalith.EventStore.Contracts/Hexalith.EventStore.Contracts.csproj (in 249 ms).
  Restored /tmp/eventstore-command-state-n9wyfaml/src/Hexalith.EventStore.ServiceDefaults/Hexalith.EventStore.ServiceDefaults.csproj (in 249 ms).
  Restored /tmp/eventstore-command-state-n9wyfaml/tests/Hexalith.EventStore.Server.Tests/Hexalith.EventStore.Server.Tests.csproj (in 249 ms).
  Restored /tmp/eventstore-command-state-n9wyfaml/src/Hexalith.EventStore.Server/Hexalith.EventStore.Server.csproj (in 249 ms).
  Hexalith.Commons.UniqueIds -> /tmp/eventstore-command-state-n9wyfaml/references/Hexalith.Commons/src/libraries/Hexalith.Commons.UniqueIds/bin/Debug/net10.0/Hexalith.Commons.UniqueIds.dll
  Successfully created package '/tmp/eventstore-command-state-n9wyfaml/references/Hexalith.Commons/src/libraries/Hexalith.Commons.UniqueIds/bin/Debug/Hexalith.Commons.UniqueIds.1.0.0.nupkg'.
  Successfully created package '/tmp/eventstore-command-state-n9wyfaml/references/Hexalith.Commons/src/libraries/Hexalith.Commons.UniqueIds/bin/Debug/Hexalith.Commons.UniqueIds.1.0.0.snupkg'.
/tmp/eventstore-command-state-n9wyfaml/src/Hexalith.EventStore.Contracts/Security/GovernanceAuthorization.cs(14,284): error CS1573: Parameter 'EffectBasisDigest' has no matching param tag in the XML comment for 'GovernanceAuthorization.GovernanceAuthorization(string, GovernanceGuardOperation, string, string, long, long, string, string, string, string, string)' (but other parameters do) [/tmp/eventstore-command-state-n9wyfaml/src/Hexalith.EventStore.Contracts/Hexalith.EventStore.Contracts.csproj]
/tmp/eventstore-command-state-n9wyfaml/src/Hexalith.EventStore.Contracts/Security/GovernanceBatchState.cs(18,428): error CS1573: Parameter 'CoveredResourceIds' has no matching param tag in the XML comment for 'GovernanceBatchState.GovernanceBatchState(string, string, long, IReadOnlyList<GovernanceProtectionTarget>, string, long, string, string, string, string, string, string, IReadOnlyList<string>, long, IReadOnlyList<string>)' (but other parameters do) [/tmp/eventstore-command-state-n9wyfaml/src/Hexalith.EventStore.Contracts/Hexalith.EventStore.Contracts.csproj]
  Hexalith.EventStore.ServiceDefaults -> /tmp/eventstore-command-state-n9wyfaml/src/Hexalith.EventStore.ServiceDefaults/bin/Debug/net10.0/Hexalith.EventStore.ServiceDefaults.dll

Build FAILED.

/tmp/eventstore-command-state-n9wyfaml/src/Hexalith.EventStore.Contracts/Security/GovernanceAuthorization.cs(14,284): error CS1573: Parameter 'EffectBasisDigest' has no matching param tag in the XML comment for 'GovernanceAuthorization.GovernanceAuthorization(string, GovernanceGuardOperation, string, string, long, long, string, string, string, string, string)' (but other parameters do) [/tmp/eventstore-command-state-n9wyfaml/src/Hexalith.EventStore.Contracts/Hexalith.EventStore.Contracts.csproj]
/tmp/eventstore-command-state-n9wyfaml/src/Hexalith.EventStore.Contracts/Security/GovernanceBatchState.cs(18,428): error CS1573: Parameter 'CoveredResourceIds' has no matching param tag in the XML comment for 'GovernanceBatchState.GovernanceBatchState(string, string, long, IReadOnlyList<GovernanceProtectionTarget>, string, long, string, string, string, string, string, string, IReadOnlyList<string>, long, IReadOnlyList<string>)' (but other parameters do) [/tmp/eventstore-command-state-n9wyfaml/src/Hexalith.EventStore.Contracts/Hexalith.EventStore.Contracts.csproj]
    0 Warning(s)
    2 Error(s)

Time Elapsed 00:00:02.05
