{"scope": "Development native loopback only; no production qualification", "ports": {"redis": 35753, "placement": 44451, "scheduler": 35405}, "run_directory": "/tmp/story-6-6-native-run-mw8t2kth", "binaries": {"redis-server": "0211f2f28f138d2d4253b7c2eaadb57e7371c047f4bc6e0a8a78d2221506befd", "placement": "6f47e7d80b882d0c0926f4d91225c780260cdbcb33415a6ff66dbf9d96196b11", "scheduler": "354afd6594bc54e7a42e851577aa978f4d05e23be117d946a94279e049fc4ca6"}}
Native prerequisites ready; starting the unchanged live assertion gate.
Live test exit code: 0
35aed4d8e887e252922a20ea4, Stage=Completed, CorrelationId=01M45MX297R96AF1C483F7W39A, CausationId=01M45MX297R96AF1C483F7W39A, TenantId=tenant-a, Domain=counter, AggregateId=evolution-6bc586b35aed4d8e887e252922a20ea4, CommandType=IncrementCounter, DurationMs=96.9468
info: Hexalith.EventStore.Server.Actors.AggregateActor[2004]
      Command completed summary: CorrelationId=01M45MX297R96AF1C483F7W39A, CausationId=01M45MX297R96AF1C483F7W39A, TenantId=tenant-a, Domain=counter, AggregateId=evolution-6bc586b35aed4d8e887e252922a20ea4, CommandType=IncrementCounter, Status=Completed, DurationMs=97.3592, Stage=CommandCompleted
info: Hexalith.EventStore.Server.Projections.ProjectionDiscoveryHostedService[1121]
      Projection discovery: domain 'global-administrators' -> immediate mode (fire-and-forget after persistence)
info: Hexalith.EventStore.Server.Projections.ProjectionDiscoveryHostedService[1121]
      Projection discovery: domain 'tenants' -> immediate mode (fire-and-forget after persistence)
info: Hexalith.EventStore.Server.Projections.ProjectionDiscoveryHostedService[1124]
      Projection discovery complete: 2 domains discovered. Default refresh interval: 0ms (0=immediate).
info: Hexalith.EventStore.Server.Projections.ActiveRebuildIndexCleanupService[1200]
      Active-rebuild-index cleanup service started: CadenceSeconds=60, Stage=ActiveRebuildIndexCleanupServiceStarted
info: Microsoft.Hosting.Lifetime[14]
      Now listening on: http://localhost:40859
info: Microsoft.Hosting.Lifetime[0]
      Application started. Press Ctrl+C to shut down.
info: Microsoft.Hosting.Lifetime[0]
      Hosting environment: Testing
info: Microsoft.Hosting.Lifetime[0]
      Content root path: /home/administrator/projects/hexalith/eventstore/tests/Hexalith.EventStore.Server.LiveSidecar.Tests/bin/Debug/net10.0
info: Hexalith.EventStore.Server.Actors.AggregateActor[0]
      Duplicate command detected: MessageId=01M45MX297R96AF1C483F7W39A, CorrelationId=01M45MX297R96AF1C483F7W39A, ActorId=tenant-a:counter:evolution-6bc586b35aed4d8e887e252922a20ea4. Returning cached result.
info: Microsoft.Hosting.Lifetime[0]
      Application is shutting down...
info: Hexalith.EventStore.Server.Projections.ProjectionDiscoveryHostedService[1121]
      Projection discovery: domain 'global-administrators' -> immediate mode (fire-and-forget after persistence)
info: Hexalith.EventStore.Server.Projections.ProjectionDiscoveryHostedService[1121]
      Projection discovery: domain 'tenants' -> immediate mode (fire-and-forget after persistence)
info: Hexalith.EventStore.Server.Projections.ProjectionDiscoveryHostedService[1124]
      Projection discovery complete: 2 domains discovered. Default refresh interval: 0ms (0=immediate).
info: Hexalith.EventStore.Server.Projections.ActiveRebuildIndexCleanupService[1200]
      Active-rebuild-index cleanup service started: CadenceSeconds=60, Stage=ActiveRebuildIndexCleanupServiceStarted
warn: Hexalith.EventStore.DomainService.ReminderReconciler[200213]
      Reminder reconciliation is disabled; readiness stays degraded
info: Microsoft.Hosting.Lifetime[14]
      Now listening on: http://localhost:46765
info: Microsoft.Hosting.Lifetime[0]
      Application started. Press Ctrl+C to shut down.
info: Microsoft.Hosting.Lifetime[0]
      Hosting environment: Testing
info: Microsoft.Hosting.Lifetime[0]
      Content root path: /home/administrator/projects/hexalith/eventstore/tests/Hexalith.EventStore.Server.LiveSidecar.Tests/bin/Debug/net10.0
info: Hexalith.EventStore.Server.Actors.ETagActor[1053]
      Cold start detected for ETag actor warmup:827d9c104dea4ed2865d94fa6bcfb118. No prior state found.
info: Hexalith.EventStore.Server.Actors.ETagActor[1050]
      ETag regenerated for actor warmup:827d9c104dea4ed2865d94fa6bcfb118. New ETag prefix: d2FybXVw
info: Hexalith.EventStore.Server.Actors.AggregateActor[0]
      Duplicate command detected: MessageId=01M45MX297R96AF1C483F7W39A, CorrelationId=01M45MX297R96AF1C483F7W39A, ActorId=tenant-a:counter:evolution-6bc586b35aed4d8e887e252922a20ea4. Returning cached result.
info: Microsoft.Hosting.Lifetime[0]
      Application is shutting down...
info: Microsoft.Hosting.Lifetime[0]
      Application is shutting down...
  Finished:    Hexalith.EventStore.Server.LiveSidecar.Tests (ID = 'c929bbbfdb9fb5c64afc6af44b98c3d339daa5307c96509b5cfdc4895a2fb300')
=== TEST EXECUTION SUMMARY ===
   Hexalith.EventStore.Server.LiveSidecar.Tests  Total: 11, Errors: 0, Failed: 0, Skipped: 0, Not Run: 0, Time: 10.836s

All owned native prerequisite processes stopped.
