time="2026-10-05T11:04:14.657146755+02:00" level=info msg="Starting Dapr Scheduler Service -- version 1.18.4 -- commit 6d1c53f430205c0c0f3bc3589ce5a3ec3f6f1647" instance=DESKTOP-VIOG240 scope=dapr.scheduler type=log ver=1.18.4
time="2026-10-05T11:04:14.657206542+02:00" level=info msg="Log level set to: info" instance=DESKTOP-VIOG240 scope=dapr.scheduler type=log ver=1.18.4
time="2026-10-05T11:04:14.657528255+02:00" level=warning msg="mTLS is disabled. Skipping certificate request and tls validation" instance=DESKTOP-VIOG240 scope=dapr.runtime.security type=log ver=1.18.4
time="2026-10-05T11:04:14.657713266+02:00" level=info msg="Dapr Scheduler is starting..." instance=DESKTOP-VIOG240 scope=dapr.scheduler.server type=log ver=1.18.4
time="2026-10-05T11:04:14.65772007+02:00" level=warning msg="Graceful shutdown timeout is infinite, will wait indefinitely to shutdown" instance=DESKTOP-VIOG240 scope=dapr.scheduler.server type=log ver=1.18.4
time="2026-10-05T11:04:14.657793804+02:00" level=info msg="Starting Etcd provider" instance=DESKTOP-VIOG240 scope=dapr.scheduler.server.etcd type=log ver=1.18.4
time="2026-10-05T11:04:14.657811508+02:00" level=info msg="Starting embedded Etcd" instance=DESKTOP-VIOG240 scope=dapr.scheduler.server.etcd type=log ver=1.18.4
time="2026-10-05T11:04:14.657828932+02:00" level=info msg="No existing cluster data found, deleting data dir contents: /tmp/story-6-6-native-run-mw8t2kth/scheduler/default-dapr-scheduler-server-0/dapr-0.1" instance=DESKTOP-VIOG240 scope=dapr.scheduler.server.etcd type=log ver=1.18.4
time="2026-10-05T11:04:14.657839142+02:00" level=info msg="Data dir contents removed: /tmp/story-6-6-native-run-mw8t2kth/scheduler/default-dapr-scheduler-server-0/dapr-0.1" instance=DESKTOP-VIOG240 scope=dapr.scheduler.server.etcd type=log ver=1.18.4
{"level":"warn","ts":"2026-10-05T11:04:14.659681+0200","caller":"embed/config.go:689","msg":"Running http and grpc server on single port. This is not recommended for production."}
{"level":"info","ts":"2026-10-05T11:04:14.659734+0200","caller":"embed/etcd.go:140","msg":"configuring peer listeners","listen-peer-urls":["http://127.0.0.1:50115"]}
{"level":"info","ts":"2026-10-05T11:04:14.659824+0200","caller":"embed/etcd.go:148","msg":"configuring client listeners","listen-client-urls":["http://127.0.0.1:35735"]}
time="2026-10-05T11:04:14.659848748+02:00" level=info msg="Healthz server is listening on [::]:46329" instance=DESKTOP-VIOG240 scope=dapr.scheduler type=log ver=1.18.4
time="2026-10-05T11:04:14.659841659+02:00" level=info msg="Dapr Scheduler listening on: 127.0.0.1:35405" instance=DESKTOP-VIOG240 scope=dapr.scheduler.server type=log ver=1.18.4
{"level":"info","ts":"2026-10-05T11:04:14.659946+0200","caller":"embed/etcd.go:323","msg":"starting an etcd server","etcd-version":"3.5.33","git-sha":"Not provided (use ./build instead of go build)","go-version":"go1.26.6","go-os":"linux","go-arch":"amd64","max-cpu-set":14,"max-cpu-available":14,"member-initialized":false,"name":"dapr-scheduler-server-0","data-dir":"/tmp/story-6-6-native-run-mw8t2kth/scheduler/default-dapr-scheduler-server-0/dapr-0.1","wal-dir":"","wal-dir-dedicated":"","member-dir":"/tmp/story-6-6-native-run-mw8t2kth/scheduler/default-dapr-scheduler-server-0/dapr-0.1/member","force-new-cluster":false,"heartbeat-interval":"100ms","election-timeout":"1s","initial-election-tick-advance":false,"snapshot-count":100000,"max-wals":10,"max-snapshots":10,"snapshot-catchup-entries":5000,"initial-advertise-peer-urls":["http://127.0.0.1:50115"],"listen-peer-urls":["http://127.0.0.1:50115"],"advertise-client-urls":["http://localhost:2379"],"listen-client-urls":["http://127.0.0.1:35735"],"listen-metrics-urls":[],"cors":["*"],"host-whitelist":["*"],"initial-cluster":"dapr-scheduler-server-0=http://127.0.0.1:50115","initial-cluster-state":"new","initial-cluster-token":"etcd-cluster","quota-backend-bytes":9200000000000000000,"max-request-bytes":2147483647,"max-concurrent-streams":4294967295,"pre-vote":true,"initial-corrupt-check":false,"corrupt-check-time-interval":"0s","compact-check-time-enabled":false,"compact-check-time-interval":"1m0s","auto-compaction-mode":"revision","auto-compaction-retention":"1ms","auto-compaction-interval":"1ms","discovery-url":"","discovery-proxy":"","downgrade-check-interval":"5s"}
{"level":"warn","ts":"2026-10-05T11:04:14.660069+0200","caller":"etcdserver/server.go:346","msg":"exceeded recommended request limit","max-request-bytes":2147483647,"max-request-size":"2.1 GB","recommended-request-bytes":10485760,"recommended-request-size":"10 MB"}
time="2026-10-05T11:04:14.660066128+02:00" level=info msg="Running gRPC server on port 35405" instance=DESKTOP-VIOG240 scope=dapr.scheduler.server type=log ver=1.18.4
{"level":"info","ts":"2026-10-05T11:04:14.660587+0200","caller":"etcdserver/backend.go:38","msg":"setting backend batch limit","batch limit":10000}
{"level":"info","ts":"2026-10-05T11:04:14.660622+0200","caller":"etcdserver/backend.go:44","msg":"setting backend batch interval","batch interval":"100ms"}
{"level":"info","ts":"2026-10-05T11:04:14.660740+0200","caller":"etcdserver/backend.go:81","msg":"opened backend db","path":"/tmp/story-6-6-native-run-mw8t2kth/scheduler/default-dapr-scheduler-server-0/dapr-0.1/member/snap/db","took":"177.808µs"}
{"level":"info","ts":"2026-10-05T11:04:14.660780+0200","caller":"etcdserver/server.go:2958","msg":"Skipping defragmentation","current-db-size-bytes":16384,"current-db-size":"16 kB","current-db-size-in-use-bytes":16384,"current-db-size-in-use":"16 kB","experimental-bootstrap-defrag-threshold-bytes":104857600,"experimental-bootstrap-defrag-threshold":"105 MB"}
{"level":"info","ts":"2026-10-05T11:04:14.674132+0200","caller":"etcdserver/raft.go:507","msg":"starting local member","local-member-id":"91e4be879b8242b6","cluster-id":"ee5d47bf4f008bf4"}
{"level":"info","ts":"2026-10-05T11:04:14.674202+0200","logger":"raft","caller":"etcdserver/zap_raft.go:77","msg":"91e4be879b8242b6 switched to configuration voters=()"}
{"level":"info","ts":"2026-10-05T11:04:14.674229+0200","logger":"raft","caller":"etcdserver/zap_raft.go:77","msg":"91e4be879b8242b6 became follower at term 0"}
{"level":"info","ts":"2026-10-05T11:04:14.674240+0200","logger":"raft","caller":"etcdserver/zap_raft.go:77","msg":"newRaft 91e4be879b8242b6 [peers: [], term: 0, commit: 0, applied: 0, lastindex: 0, lastterm: 0]"}
{"level":"info","ts":"2026-10-05T11:04:14.674243+0200","logger":"raft","caller":"etcdserver/zap_raft.go:77","msg":"91e4be879b8242b6 became follower at term 1"}
{"level":"info","ts":"2026-10-05T11:04:14.674265+0200","logger":"raft","caller":"etcdserver/zap_raft.go:77","msg":"91e4be879b8242b6 switched to configuration voters=(10512736919828447926)"}
{"level":"warn","ts":"2026-10-05T11:04:14.674444+0200","caller":"auth/store.go:1243","msg":"simple token is not cryptographically signed"}
{"level":"info","ts":"2026-10-05T11:04:14.675068+0200","caller":"mvcc/kvstore.go:425","msg":"kvstore restored","current-rev":1}
{"level":"info","ts":"2026-10-05T11:04:14.675215+0200","caller":"etcdserver/server.go:628","msg":"restore consistentIndex","index":0}
{"level":"warn","ts":"2026-10-05T11:04:14.675852+0200","caller":"etcdserver/quota.go:108","msg":"quota exceeds the maximum value","quota-name":"v3-applier","quota-size-bytes":9200000000000000000,"quota-size":"9.2 EB","quota-maximum-size-bytes":8589934592,"quota-maximum-size":"8.6 GB"}
{"level":"info","ts":"2026-10-05T11:04:14.675897+0200","caller":"etcdserver/quota.go:117","msg":"enabled backend quota","quota-name":"v3-applier","quota-size-bytes":9200000000000000000,"quota-size":"9.2 EB"}
{"level":"info","ts":"2026-10-05T11:04:14.675985+0200","caller":"etcdserver/server.go:879","msg":"starting etcd server","local-member-id":"91e4be879b8242b6","local-server-version":"3.5.33","cluster-version":"to_be_decided"}
{"level":"info","ts":"2026-10-05T11:04:14.676051+0200","caller":"fileutil/purge.go:50","msg":"started to purge file","dir":"/tmp/story-6-6-native-run-mw8t2kth/scheduler/default-dapr-scheduler-server-0/dapr-0.1/member/snap","suffix":"snap.db","max":10,"interval":"30s"}
{"level":"info","ts":"2026-10-05T11:04:14.676089+0200","caller":"fileutil/purge.go:50","msg":"started to purge file","dir":"/tmp/story-6-6-native-run-mw8t2kth/scheduler/default-dapr-scheduler-server-0/dapr-0.1/member/snap","suffix":"snap","max":10,"interval":"30s"}
{"level":"info","ts":"2026-10-05T11:04:14.676098+0200","caller":"fileutil/purge.go:50","msg":"started to purge file","dir":"/tmp/story-6-6-native-run-mw8t2kth/scheduler/default-dapr-scheduler-server-0/dapr-0.1/member/wal","suffix":"wal","max":10,"interval":"30s"}
{"level":"info","ts":"2026-10-05T11:04:14.676140+0200","caller":"etcdserver/server.go:763","msg":"started as single-node; fast-forwarding election ticks","local-member-id":"91e4be879b8242b6","forward-ticks":9,"forward-duration":"900ms","election-ticks":10,"election-timeout":"1s"}
{"level":"info","ts":"2026-10-05T11:04:14.676185+0200","caller":"v3rpc/health.go:61","msg":"grpc service status changed","service":"","status":"SERVING"}
{"level":"info","ts":"2026-10-05T11:04:14.676284+0200","logger":"raft","caller":"etcdserver/zap_raft.go:77","msg":"91e4be879b8242b6 switched to configuration voters=(10512736919828447926)"}
{"level":"info","ts":"2026-10-05T11:04:14.676328+0200","caller":"membership/cluster.go:421","msg":"added member","cluster-id":"ee5d47bf4f008bf4","local-member-id":"91e4be879b8242b6","added-peer-id":"91e4be879b8242b6","added-peer-peer-urls":["http://127.0.0.1:50115"],"added-peer-is-learner":false}
{"level":"info","ts":"2026-10-05T11:04:14.676335+0200","caller":"etcdserver/server.go:2291","msg":"checking and cleaning up zombie members if needed after confState changed"}
{"level":"info","ts":"2026-10-05T11:04:14.676914+0200","caller":"embed/etcd.go:633","msg":"serving peer traffic","address":"127.0.0.1:50115"}
{"level":"info","ts":"2026-10-05T11:04:14.676946+0200","caller":"embed/etcd.go:603","msg":"cmux::serve","address":"127.0.0.1:50115"}
{"level":"info","ts":"2026-10-05T11:04:14.676993+0200","caller":"embed/etcd.go:292","msg":"now serving peer/client/metrics","local-member-id":"91e4be879b8242b6","initial-advertise-peer-urls":["http://127.0.0.1:50115"],"listen-peer-urls":["http://127.0.0.1:50115"],"advertise-client-urls":["http://localhost:2379"],"listen-client-urls":["http://127.0.0.1:35735"],"listen-metrics-urls":[]}
{"level":"info","ts":"2026-10-05T11:04:15.175330+0200","logger":"raft","caller":"etcdserver/zap_raft.go:77","msg":"91e4be879b8242b6 is starting a new election at term 1"}
{"level":"info","ts":"2026-10-05T11:04:15.175378+0200","logger":"raft","caller":"etcdserver/zap_raft.go:77","msg":"91e4be879b8242b6 became pre-candidate at term 1"}
{"level":"info","ts":"2026-10-05T11:04:15.175393+0200","logger":"raft","caller":"etcdserver/zap_raft.go:77","msg":"91e4be879b8242b6 received MsgPreVoteResp from 91e4be879b8242b6 at term 1"}
{"level":"info","ts":"2026-10-05T11:04:15.175453+0200","logger":"raft","caller":"etcdserver/zap_raft.go:77","msg":"91e4be879b8242b6 became candidate at term 2"}
{"level":"info","ts":"2026-10-05T11:04:15.175485+0200","logger":"raft","caller":"etcdserver/zap_raft.go:77","msg":"91e4be879b8242b6 received MsgVoteResp from 91e4be879b8242b6 at term 2"}
{"level":"info","ts":"2026-10-05T11:04:15.175495+0200","logger":"raft","caller":"etcdserver/zap_raft.go:77","msg":"91e4be879b8242b6 became leader at term 2"}
{"level":"info","ts":"2026-10-05T11:04:15.175506+0200","logger":"raft","caller":"etcdserver/zap_raft.go:77","msg":"raft.node: 91e4be879b8242b6 elected leader 91e4be879b8242b6 at term 2"}
{"level":"info","ts":"2026-10-05T11:04:15.175712+0200","caller":"membership/cluster.go:508","msg":"checking and cleaning up zombie members after attribute update"}
{"level":"info","ts":"2026-10-05T11:04:15.175784+0200","caller":"etcdserver/server.go:2178","msg":"published local member to cluster through raft","local-member-id":"91e4be879b8242b6","local-member-attributes":"{Name:dapr-scheduler-server-0 ClientURLs:[http://localhost:2379]}","request-path":"/0/members/91e4be879b8242b6/attributes","cluster-id":"ee5d47bf4f008bf4","publish-timeout":"7s"}
{"level":"info","ts":"2026-10-05T11:04:15.175798+0200","caller":"embed/serve.go:125","msg":"ready to serve client requests"}
time="2026-10-05T11:04:15.175821048+02:00" level=info msg="Etcd server is ready!" instance=DESKTOP-VIOG240 scope=dapr.scheduler.server.etcd type=log ver=1.18.4
{"level":"info","ts":"2026-10-05T11:04:15.175842+0200","caller":"etcdserver/server.go:2737","msg":"setting up initial cluster version using v2 API","cluster-version":"3.5"}
time="2026-10-05T11:04:15.175868851+02:00" level=info msg="Starting Cron" instance=DESKTOP-VIOG240 scope=dapr.scheduler.server.cron type=log ver=1.18.4
{"level":"info","ts":"2026-10-05T11:04:15.175970+0200","caller":"membership/cluster.go:622","msg":"set initial cluster version","cluster-id":"ee5d47bf4f008bf4","local-member-id":"91e4be879b8242b6","cluster-version":"3.5"}
{"level":"info","ts":"2026-10-05T11:04:15.176026+0200","caller":"api/capability.go:75","msg":"enabled capabilities for version","cluster-version":"3.5"}
{"level":"info","ts":"2026-10-05T11:04:15.176041+0200","caller":"etcdserver/server.go:2761","msg":"cluster version is updated","cluster-version":"3.5"}
{"level":"info","ts":"2026-10-05T11:04:15.176078+0200","caller":"v3rpc/health.go:61","msg":"grpc service status changed","service":"","status":"SERVING"}
{"level":"info","ts":"2026-10-05T11:04:15.176301+0200","caller":"embed/serve.go:212","msg":"serving client traffic insecurely; this is strongly discouraged!","traffic":"grpc+http","address":"127.0.0.1:35735"}
{"level":"info","ts":"2026-10-05T11:04:15.178671+0200","logger":"diagrid-cron.leadership.elector","caller":"elector/elector.go:96","msg":"attempting to get initial leadership","id":"dapr-scheduler-server-0","key":"dapr/leadership/dapr-scheduler-server-0"}
{"level":"info","ts":"2026-10-05T11:04:15.179716+0200","logger":"diagrid-cron.leadership.elector","caller":"elector/elector.go:119","msg":"fetched initial leadership, waiting for quorum for partition total","id":"dapr-scheduler-server-0","key":"dapr/leadership/dapr-scheduler-server-0","total":0}
{"level":"info","ts":"2026-10-05T11:04:15.180184+0200","logger":"diagrid-cron.leadership.elector","caller":"elector/elector.go:148","msg":"leadership quorum reached","id":"dapr-scheduler-server-0","key":"dapr/leadership/dapr-scheduler-server-0","total":1}
{"level":"info","ts":"2026-10-05T11:04:15.180218+0200","logger":"diagrid-cron.engine","caller":"engine/engine.go:112","msg":"starting cron engine","id":"dapr-scheduler-server-0"}
{"level":"info","ts":"2026-10-05T11:04:15.180266+0200","logger":"diagrid-cron.queue","caller":"queue/queue.go:112","msg":"Starting queue with workers","id":"dapr-scheduler-server-0","count":2048}
time="2026-10-05T11:04:15.180319269+02:00" level=info msg="Cron is ready" instance=DESKTOP-VIOG240 scope=dapr.scheduler.server.cron type=log ver=1.18.4
{"level":"info","ts":"2026-10-05T11:04:15.184441+0200","logger":"diagrid-cron.api","caller":"handler/handler.go:122","msg":"api is ready","id":"dapr-scheduler-server-0"}
time="2026-10-05T11:04:15.521615357+02:00" level=info msg="Sidecar connected: default/eventstore-live-bc09f88b370d47468acab654100ca993 (actorTypes=[]) (prefixes=[app||default||eventstore-live-bc09f88b370d47468acab654100ca993||])." instance=DESKTOP-VIOG240 scope=dapr.scheduler.server.pool.loops.stream type=log ver=1.18.4
time="2026-10-05T11:04:15.521689261+02:00" level=info msg="Sidecar connected: default/eventstore-live-bc09f88b370d47468acab654100ca993 (actorTypes=[]) (prefixes=[app||default||eventstore-live-bc09f88b370d47468acab654100ca993||])." instance=DESKTOP-VIOG240 scope=dapr.scheduler.server.pool.loops.stream type=log ver=1.18.4
time="2026-10-05T11:04:15.521697988+02:00" level=info msg="Sidecar connected: default/eventstore-live-bc09f88b370d47468acab654100ca993 (actorTypes=[]) (prefixes=[app||default||eventstore-live-bc09f88b370d47468acab654100ca993||])." instance=DESKTOP-VIOG240 scope=dapr.scheduler.server.pool.loops.stream type=log ver=1.18.4
2026/10/05 11:04:15 Marking prefixes as undeliverable for one caller: stream shutdown
2026/10/05 11:04:15 Marking prefixes as undeliverable for one caller: stream shutdown
2026/10/05 11:04:15 Marking prefixes as undeliverable for one caller: stream shutdown
time="2026-10-05T11:04:15.524893399+02:00" level=info msg="Closing connection to default/eventstore-live-bc09f88b370d47468acab654100ca993" instance=DESKTOP-VIOG240 scope=dapr.scheduler.server.pool.loops.stream type=log ver=1.18.4
time="2026-10-05T11:04:15.52494501+02:00" level=info msg="Closing connection to default/eventstore-live-bc09f88b370d47468acab654100ca993" instance=DESKTOP-VIOG240 scope=dapr.scheduler.server.pool.loops.stream type=log ver=1.18.4
time="2026-10-05T11:04:15.525115313+02:00" level=info msg="Closing connection to default/eventstore-live-bc09f88b370d47468acab654100ca993" instance=DESKTOP-VIOG240 scope=dapr.scheduler.server.pool.loops.stream type=log ver=1.18.4
time="2026-10-05T11:04:15.525148919+02:00" level=info msg="Sidecar connected: default/eventstore-live-bc09f88b370d47468acab654100ca993 (actorTypes=[AggregateActorTests21f4215342534300988b9988a99bb450 CoordinatedCommandActor ETagActor GlobalPositionActor IdempotencyAdmissionActor IdempotencyAdmissionDirectoryActor IdempotencyLegacyInventoryActor IdempotencyTenantLifecycleActor IdentityActorRegistryActor ProjectionActor ProjectionLifecycleActor ReminderActorTests1492d55a4a064634afc1fce7f10544ed]) (prefixes=[app||default||eventstore-live-bc09f88b370d47468acab654100ca993|| actorreminder||default||AggregateActorTests21f4215342534300988b9988a99bb450|| actorreminder||default||CoordinatedCommandActor|| actorreminder||default||ETagActor|| actorreminder||default||GlobalPositionActor|| actorreminder||default||IdempotencyAdmissionActor|| actorreminder||default||IdempotencyAdmissionDirectoryActor|| actorreminder||default||IdempotencyLegacyInventoryActor|| actorreminder||default||IdempotencyTenantLifecycleActor|| actorreminder||default||IdentityActorRegistryActor|| actorreminder||default||ProjectionActor|| actorreminder||default||ProjectionLifecycleActor|| actorreminder||default||ReminderActorTests1492d55a4a064634afc1fce7f10544ed||])." instance=DESKTOP-VIOG240 scope=dapr.scheduler.server.pool.loops.stream type=log ver=1.18.4
time="2026-10-05T11:04:15.525180019+02:00" level=info msg="Sidecar connected: default/eventstore-live-bc09f88b370d47468acab654100ca993 (actorTypes=[AggregateActorTests21f4215342534300988b9988a99bb450 CoordinatedCommandActor ETagActor GlobalPositionActor IdempotencyAdmissionActor IdempotencyAdmissionDirectoryActor IdempotencyLegacyInventoryActor IdempotencyTenantLifecycleActor IdentityActorRegistryActor ProjectionActor ProjectionLifecycleActor ReminderActorTests1492d55a4a064634afc1fce7f10544ed]) (prefixes=[app||default||eventstore-live-bc09f88b370d47468acab654100ca993|| actorreminder||default||AggregateActorTests21f4215342534300988b9988a99bb450|| actorreminder||default||CoordinatedCommandActor|| actorreminder||default||ETagActor|| actorreminder||default||GlobalPositionActor|| actorreminder||default||IdempotencyAdmissionActor|| actorreminder||default||IdempotencyAdmissionDirectoryActor|| actorreminder||default||IdempotencyLegacyInventoryActor|| actorreminder||default||IdempotencyTenantLifecycleActor|| actorreminder||default||IdentityActorRegistryActor|| actorreminder||default||ProjectionActor|| actorreminder||default||ProjectionLifecycleActor|| actorreminder||default||ReminderActorTests1492d55a4a064634afc1fce7f10544ed||])." instance=DESKTOP-VIOG240 scope=dapr.scheduler.server.pool.loops.stream type=log ver=1.18.4
time="2026-10-05T11:04:15.525195269+02:00" level=info msg="Sidecar connected: default/eventstore-live-bc09f88b370d47468acab654100ca993 (actorTypes=[AggregateActorTests21f4215342534300988b9988a99bb450 CoordinatedCommandActor ETagActor GlobalPositionActor IdempotencyAdmissionActor IdempotencyAdmissionDirectoryActor IdempotencyLegacyInventoryActor IdempotencyTenantLifecycleActor IdentityActorRegistryActor ProjectionActor ProjectionLifecycleActor ReminderActorTests1492d55a4a064634afc1fce7f10544ed]) (prefixes=[app||default||eventstore-live-bc09f88b370d47468acab654100ca993|| actorreminder||default||AggregateActorTests21f4215342534300988b9988a99bb450|| actorreminder||default||CoordinatedCommandActor|| actorreminder||default||ETagActor|| actorreminder||default||GlobalPositionActor|| actorreminder||default||IdempotencyAdmissionActor|| actorreminder||default||IdempotencyAdmissionDirectoryActor|| actorreminder||default||IdempotencyLegacyInventoryActor|| actorreminder||default||IdempotencyTenantLifecycleActor|| actorreminder||default||IdentityActorRegistryActor|| actorreminder||default||ProjectionActor|| actorreminder||default||ProjectionLifecycleActor|| actorreminder||default||ReminderActorTests1492d55a4a064634afc1fce7f10544ed||])." instance=DESKTOP-VIOG240 scope=dapr.scheduler.server.pool.loops.stream type=log ver=1.18.4
time="2026-10-05T11:04:18.999584105+02:00" level=info msg="Sidecar connected: default/eventstore-live-bc09f88b370d47468acab654100ca993 (actorTypes=[]) (prefixes=[app||default||eventstore-live-bc09f88b370d47468acab654100ca993||])." instance=DESKTOP-VIOG240 scope=dapr.scheduler.server.pool.loops.stream type=log ver=1.18.4
time="2026-10-05T11:04:18.999628101+02:00" level=info msg="Sidecar connected: default/eventstore-live-bc09f88b370d47468acab654100ca993 (actorTypes=[]) (prefixes=[app||default||eventstore-live-bc09f88b370d47468acab654100ca993||])." instance=DESKTOP-VIOG240 scope=dapr.scheduler.server.pool.loops.stream type=log ver=1.18.4
time="2026-10-05T11:04:18.999645505+02:00" level=info msg="Sidecar connected: default/eventstore-live-bc09f88b370d47468acab654100ca993 (actorTypes=[]) (prefixes=[app||default||eventstore-live-bc09f88b370d47468acab654100ca993||])." instance=DESKTOP-VIOG240 scope=dapr.scheduler.server.pool.loops.stream type=log ver=1.18.4
2026/10/05 11:04:19 Marking prefixes as undeliverable for one caller: stream shutdown
time="2026-10-05T11:04:19.007418145+02:00" level=info msg="Closing connection to default/eventstore-live-bc09f88b370d47468acab654100ca993" instance=DESKTOP-VIOG240 scope=dapr.scheduler.server.pool.loops.stream type=log ver=1.18.4
time="2026-10-05T11:04:19.007475264+02:00" level=info msg="Sidecar connected: default/eventstore-live-bc09f88b370d47468acab654100ca993 (actorTypes=[AggregateActorTests21f4215342534300988b9988a99bb450 CoordinatedCommandActor ETagActor GlobalPositionActor IdempotencyAdmissionActor IdempotencyAdmissionDirectoryActor IdempotencyLegacyInventoryActor IdempotencyTenantLifecycleActor IdentityActorRegistryActor ProjectionActor ProjectionLifecycleActor]) (prefixes=[app||default||eventstore-live-bc09f88b370d47468acab654100ca993|| actorreminder||default||AggregateActorTests21f4215342534300988b9988a99bb450|| actorreminder||default||CoordinatedCommandActor|| actorreminder||default||ETagActor|| actorreminder||default||GlobalPositionActor|| actorreminder||default||IdempotencyAdmissionActor|| actorreminder||default||IdempotencyAdmissionDirectoryActor|| actorreminder||default||IdempotencyLegacyInventoryActor|| actorreminder||default||IdempotencyTenantLifecycleActor|| actorreminder||default||IdentityActorRegistryActor|| actorreminder||default||ProjectionActor|| actorreminder||default||ProjectionLifecycleActor||])." instance=DESKTOP-VIOG240 scope=dapr.scheduler.server.pool.loops.stream type=log ver=1.18.4
2026/10/05 11:04:19 Marking prefixes as undeliverable for one caller: stream shutdown
time="2026-10-05T11:04:19.007503439+02:00" level=info msg="Sidecar connected: default/eventstore-live-bc09f88b370d47468acab654100ca993 (actorTypes=[AggregateActorTests21f4215342534300988b9988a99bb450 CoordinatedCommandActor ETagActor GlobalPositionActor IdempotencyAdmissionActor IdempotencyAdmissionDirectoryActor IdempotencyLegacyInventoryActor IdempotencyTenantLifecycleActor IdentityActorRegistryActor ProjectionActor ProjectionLifecycleActor]) (prefixes=[app||default||eventstore-live-bc09f88b370d47468acab654100ca993|| actorreminder||default||AggregateActorTests21f4215342534300988b9988a99bb450|| actorreminder||default||CoordinatedCommandActor|| actorreminder||default||ETagActor|| actorreminder||default||GlobalPositionActor|| actorreminder||default||IdempotencyAdmissionActor|| actorreminder||default||IdempotencyAdmissionDirectoryActor|| actorreminder||default||IdempotencyLegacyInventoryActor|| actorreminder||default||IdempotencyTenantLifecycleActor|| actorreminder||default||IdentityActorRegistryActor|| actorreminder||default||ProjectionActor|| actorreminder||default||ProjectionLifecycleActor||])." instance=DESKTOP-VIOG240 scope=dapr.scheduler.server.pool.loops.stream type=log ver=1.18.4
time="2026-10-05T11:04:19.007529389+02:00" level=info msg="Closing connection to default/eventstore-live-bc09f88b370d47468acab654100ca993" instance=DESKTOP-VIOG240 scope=dapr.scheduler.server.pool.loops.stream type=log ver=1.18.4
2026/10/05 11:04:19 Marking prefixes as undeliverable for one caller: stream shutdown
time="2026-10-05T11:04:19.007538016+02:00" level=info msg="Sidecar connected: default/eventstore-live-bc09f88b370d47468acab654100ca993 (actorTypes=[AggregateActorTests21f4215342534300988b9988a99bb450 CoordinatedCommandActor ETagActor GlobalPositionActor IdempotencyAdmissionActor IdempotencyAdmissionDirectoryActor IdempotencyLegacyInventoryActor IdempotencyTenantLifecycleActor IdentityActorRegistryActor ProjectionActor ProjectionLifecycleActor]) (prefixes=[app||default||eventstore-live-bc09f88b370d47468acab654100ca993|| actorreminder||default||AggregateActorTests21f4215342534300988b9988a99bb450|| actorreminder||default||CoordinatedCommandActor|| actorreminder||default||ETagActor|| actorreminder||default||GlobalPositionActor|| actorreminder||default||IdempotencyAdmissionActor|| actorreminder||default||IdempotencyAdmissionDirectoryActor|| actorreminder||default||IdempotencyLegacyInventoryActor|| actorreminder||default||IdempotencyTenantLifecycleActor|| actorreminder||default||IdentityActorRegistryActor|| actorreminder||default||ProjectionActor|| actorreminder||default||ProjectionLifecycleActor||])." instance=DESKTOP-VIOG240 scope=dapr.scheduler.server.pool.loops.stream type=log ver=1.18.4
time="2026-10-05T11:04:19.007586154+02:00" level=info msg="Closing connection to default/eventstore-live-bc09f88b370d47468acab654100ca993" instance=DESKTOP-VIOG240 scope=dapr.scheduler.server.pool.loops.stream type=log ver=1.18.4
2026/10/05 11:04:22 Marking prefixes as undeliverable for one caller: stream shutdown
time="2026-10-05T11:04:22.24853187+02:00" level=info msg="Closing connection to default/eventstore-live-bc09f88b370d47468acab654100ca993" instance=DESKTOP-VIOG240 scope=dapr.scheduler.server.pool.loops.stream type=log ver=1.18.4
2026/10/05 11:04:22 Marking prefixes as undeliverable for one caller: stream shutdown
2026/10/05 11:04:22 Marking prefixes as undeliverable for one caller: stream shutdown
time="2026-10-05T11:04:22.248615593+02:00" level=info msg="Closing connection to default/eventstore-live-bc09f88b370d47468acab654100ca993" instance=DESKTOP-VIOG240 scope=dapr.scheduler.server.pool.loops.stream type=log ver=1.18.4
time="2026-10-05T11:04:22.24863482+02:00" level=info msg="Closing connection to default/eventstore-live-bc09f88b370d47468acab654100ca993" instance=DESKTOP-VIOG240 scope=dapr.scheduler.server.pool.loops.stream type=log ver=1.18.4
time="2026-10-05T11:04:22.364439479+02:00" level=info msg="Sidecar connected: default/eventstore-live-bc09f88b370d47468acab654100ca993 (actorTypes=[]) (prefixes=[app||default||eventstore-live-bc09f88b370d47468acab654100ca993||])." instance=DESKTOP-VIOG240 scope=dapr.scheduler.server.pool.loops.stream type=log ver=1.18.4
time="2026-10-05T11:04:22.36455261+02:00" level=info msg="Sidecar connected: default/eventstore-live-bc09f88b370d47468acab654100ca993 (actorTypes=[]) (prefixes=[app||default||eventstore-live-bc09f88b370d47468acab654100ca993||])." instance=DESKTOP-VIOG240 scope=dapr.scheduler.server.pool.loops.stream type=log ver=1.18.4
time="2026-10-05T11:04:22.364747259+02:00" level=info msg="Sidecar connected: default/eventstore-live-bc09f88b370d47468acab654100ca993 (actorTypes=[]) (prefixes=[app||default||eventstore-live-bc09f88b370d47468acab654100ca993||])." instance=DESKTOP-VIOG240 scope=dapr.scheduler.server.pool.loops.stream type=log ver=1.18.4
time="2026-10-05T11:04:22.36772288+02:00" level=info msg="Sidecar connected: default/eventstore-live-bc09f88b370d47468acab654100ca993 (actorTypes=[AggregateActorTests21f4215342534300988b9988a99bb450 CoordinatedCommandActor ETagActor GlobalPositionActor IdempotencyAdmissionActor IdempotencyAdmissionDirectoryActor IdempotencyLegacyInventoryActor IdempotencyTenantLifecycleActor IdentityActorRegistryActor ProjectionActor ProjectionLifecycleActor ReminderActorTests1492d55a4a064634afc1fce7f10544ed]) (prefixes=[app||default||eventstore-live-bc09f88b370d47468acab654100ca993|| actorreminder||default||AggregateActorTests21f4215342534300988b9988a99bb450|| actorreminder||default||CoordinatedCommandActor|| actorreminder||default||ETagActor|| actorreminder||default||GlobalPositionActor|| actorreminder||default||IdempotencyAdmissionActor|| actorreminder||default||IdempotencyAdmissionDirectoryActor|| actorreminder||default||IdempotencyLegacyInventoryActor|| actorreminder||default||IdempotencyTenantLifecycleActor|| actorreminder||default||IdentityActorRegistryActor|| actorreminder||default||ProjectionActor|| actorreminder||default||ProjectionLifecycleActor|| actorreminder||default||ReminderActorTests1492d55a4a064634afc1fce7f10544ed||])." instance=DESKTOP-VIOG240 scope=dapr.scheduler.server.pool.loops.stream type=log ver=1.18.4
2026/10/05 11:04:22 Marking prefixes as undeliverable for one caller: stream shutdown
time="2026-10-05T11:04:22.367766455+02:00" level=info msg="Sidecar connected: default/eventstore-live-bc09f88b370d47468acab654100ca993 (actorTypes=[AggregateActorTests21f4215342534300988b9988a99bb450 CoordinatedCommandActor ETagActor GlobalPositionActor IdempotencyAdmissionActor IdempotencyAdmissionDirectoryActor IdempotencyLegacyInventoryActor IdempotencyTenantLifecycleActor IdentityActorRegistryActor ProjectionActor ProjectionLifecycleActor ReminderActorTests1492d55a4a064634afc1fce7f10544ed]) (prefixes=[app||default||eventstore-live-bc09f88b370d47468acab654100ca993|| actorreminder||default||AggregateActorTests21f4215342534300988b9988a99bb450|| actorreminder||default||CoordinatedCommandActor|| actorreminder||default||ETagActor|| actorreminder||default||GlobalPositionActor|| actorreminder||default||IdempotencyAdmissionActor|| actorreminder||default||IdempotencyAdmissionDirectoryActor|| actorreminder||default||IdempotencyLegacyInventoryActor|| actorreminder||default||IdempotencyTenantLifecycleActor|| actorreminder||default||IdentityActorRegistryActor|| actorreminder||default||ProjectionActor|| actorreminder||default||ProjectionLifecycleActor|| actorreminder||default||ReminderActorTests1492d55a4a064634afc1fce7f10544ed||])." instance=DESKTOP-VIOG240 scope=dapr.scheduler.server.pool.loops.stream type=log ver=1.18.4
2026/10/05 11:04:22 Marking prefixes as undeliverable for one caller: stream shutdown
time="2026-10-05T11:04:22.367790491+02:00" level=info msg="Sidecar connected: default/eventstore-live-bc09f88b370d47468acab654100ca993 (actorTypes=[AggregateActorTests21f4215342534300988b9988a99bb450 CoordinatedCommandActor ETagActor GlobalPositionActor IdempotencyAdmissionActor IdempotencyAdmissionDirectoryActor IdempotencyLegacyInventoryActor IdempotencyTenantLifecycleActor IdentityActorRegistryActor ProjectionActor ProjectionLifecycleActor ReminderActorTests1492d55a4a064634afc1fce7f10544ed]) (prefixes=[app||default||eventstore-live-bc09f88b370d47468acab654100ca993|| actorreminder||default||AggregateActorTests21f4215342534300988b9988a99bb450|| actorreminder||default||CoordinatedCommandActor|| actorreminder||default||ETagActor|| actorreminder||default||GlobalPositionActor|| actorreminder||default||IdempotencyAdmissionActor|| actorreminder||default||IdempotencyAdmissionDirectoryActor|| actorreminder||default||IdempotencyLegacyInventoryActor|| actorreminder||default||IdempotencyTenantLifecycleActor|| actorreminder||default||IdentityActorRegistryActor|| actorreminder||default||ProjectionActor|| actorreminder||default||ProjectionLifecycleActor|| actorreminder||default||ReminderActorTests1492d55a4a064634afc1fce7f10544ed||])." instance=DESKTOP-VIOG240 scope=dapr.scheduler.server.pool.loops.stream type=log ver=1.18.4
time="2026-10-05T11:04:22.367819788+02:00" level=info msg="Closing connection to default/eventstore-live-bc09f88b370d47468acab654100ca993" instance=DESKTOP-VIOG240 scope=dapr.scheduler.server.pool.loops.stream type=log ver=1.18.4
2026/10/05 11:04:22 Marking prefixes as undeliverable for one caller: stream shutdown
time="2026-10-05T11:04:22.367842092+02:00" level=info msg="Closing connection to default/eventstore-live-bc09f88b370d47468acab654100ca993" instance=DESKTOP-VIOG240 scope=dapr.scheduler.server.pool.loops.stream type=log ver=1.18.4
time="2026-10-05T11:04:22.367850609+02:00" level=info msg="Closing connection to default/eventstore-live-bc09f88b370d47468acab654100ca993" instance=DESKTOP-VIOG240 scope=dapr.scheduler.server.pool.loops.stream type=log ver=1.18.4
2026/10/05 11:04:25 Marking prefixes as undeliverable for one caller: stream shutdown
time="2026-10-05T11:04:25.60087196+02:00" level=info msg="Closing connection to default/eventstore-live-bc09f88b370d47468acab654100ca993" instance=DESKTOP-VIOG240 scope=dapr.scheduler.server.pool.loops.stream type=log ver=1.18.4
2026/10/05 11:04:25 Marking prefixes as undeliverable for one caller: stream shutdown
time="2026-10-05T11:04:25.600923901+02:00" level=info msg="Closing connection to default/eventstore-live-bc09f88b370d47468acab654100ca993" instance=DESKTOP-VIOG240 scope=dapr.scheduler.server.pool.loops.stream type=log ver=1.18.4
2026/10/05 11:04:25 Marking prefixes as undeliverable for one caller: stream shutdown
time="2026-10-05T11:04:25.600972192+02:00" level=info msg="Closing connection to default/eventstore-live-bc09f88b370d47468acab654100ca993" instance=DESKTOP-VIOG240 scope=dapr.scheduler.server.pool.loops.stream type=log ver=1.18.4
2026/10/05 11:04:25 Marking prefixes as undeliverable for one caller: stream shutdown
2026/10/05 11:04:25 Marking prefixes as undeliverable for one caller: stream shutdown
2026/10/05 11:04:25 Marking prefixes as undeliverable for one caller: stream shutdown
time="2026-10-05T11:04:25.889879402+02:00" level=info msg="Closing connection to default/eventstore-live-bc09f88b370d47468acab654100ca993" instance=DESKTOP-VIOG240 scope=dapr.scheduler.server.pool.loops.stream type=log ver=1.18.4
time="2026-10-05T11:04:25.889910854+02:00" level=info msg="Closing connection to default/eventstore-live-bc09f88b370d47468acab654100ca993" instance=DESKTOP-VIOG240 scope=dapr.scheduler.server.pool.loops.stream type=log ver=1.18.4
time="2026-10-05T11:04:25.889923749+02:00" level=info msg="Closing connection to default/eventstore-live-bc09f88b370d47468acab654100ca993" instance=DESKTOP-VIOG240 scope=dapr.scheduler.server.pool.loops.stream type=log ver=1.18.4
time="2026-10-05T11:04:25.98640133+02:00" level=info msg="Received signal 'terminated'; beginning shutdown" instance=DESKTOP-VIOG240 scope=dapr.signals type=log ver=1.18.4
time="2026-10-05T11:04:25.986469833+02:00" level=info msg="Healthz server is shutting down" instance=DESKTOP-VIOG240 scope=dapr.scheduler type=log ver=1.18.4
time="2026-10-05T11:04:25.986529615+02:00" level=info msg="Connection pool shutting down" instance=DESKTOP-VIOG240 scope=dapr.runtime.scheduler.server.pool type=log ver=1.18.4
time="2026-10-05T11:04:25.98658344+02:00" level=info msg="Cron shut down" instance=DESKTOP-VIOG240 scope=dapr.scheduler.server.cron type=log ver=1.18.4
{"level":"info","ts":"2026-10-05T11:04:25.986584+0200","logger":"diagrid-cron.api","caller":"handler/handler.go:125","msg":"api is shutting down","id":"dapr-scheduler-server-0"}
{"level":"error","ts":"2026-10-05T11:04:25.986585+0200","logger":"diagrid-cron.leadership.elector","caller":"elector/elector.go:164","msg":"failed to get next informer","id":"dapr-scheduler-server-0","key":"dapr/leadership/dapr-scheduler-server-0","error":"context canceled","stacktrace":"github.com/diagridio/go-etcd-cron/internal/leadership/elector.(*Elector).Elect.func1\n\t/home/runner/go/pkg/mod/github.com/diagridio/go-etcd-cron@v0.12.7/internal/leadership/elector/elector.go:164"}
time="2026-10-05T11:04:25.986670169+02:00" level=info msg="Scheduler GRPC server stopped" instance=DESKTOP-VIOG240 scope=dapr.scheduler.server type=log ver=1.18.4
{"level":"info","ts":"2026-10-05T11:04:25.996727+0200","logger":"diagrid-cron.engine","caller":"engine/engine.go:115","msg":"cron engine shut down","id":"dapr-scheduler-server-0"}
{"level":"info","ts":"2026-10-05T11:04:25.996788+0200","logger":"diagrid-cron","caller":"cron/cron.go:213","msg":"engine restarting due to leadership rebalance","id":"dapr-scheduler-server-0"}
{"level":"info","ts":"2026-10-05T11:04:25.996795+0200","logger":"diagrid-cron.leadership.elector","caller":"elector/elector.go:186","msg":"attempting to reelect leadership","id":"dapr-scheduler-server-0","key":"dapr/leadership/dapr-scheduler-server-0"}
{"level":"warn","ts":"2026-10-05T11:04:25.996877+0200","caller":"v3@v3.5.33/retry_interceptor.go:66","msg":"retrying of unary invoker failed","target":"etcd-endpoints://0x3100568da000/127.0.0.1:35735","peer":"Peer{Addr: <nil>, LocalAddr: <nil>, AuthInfo: <nil>}","attempt":0,"error":"rpc error: code = Canceled desc = context canceled"}
{"level":"error","ts":"2026-10-05T11:04:25.996921+0200","logger":"diagrid-cron","caller":"cron/cron.go:217","msg":"cron instance shutting down during leadership re-election","id":"dapr-scheduler-server-0","error":"context canceled","stacktrace":"github.com/diagridio/go-etcd-cron/cron.(*cron).Run.func2\n\t/home/runner/go/pkg/mod/github.com/diagridio/go-etcd-cron@v0.12.7/cron/cron.go:217\ngithub.com/dapr/kit/concurrency.(*RunnerManager).Run.func1\n\t/home/runner/go/pkg/mod/github.com/dapr/kit@v0.18.3/concurrency/runner.go:78"}
{"level":"info","ts":"2026-10-05T11:04:25.996952+0200","logger":"diagrid-cron","caller":"cron/cron.go:184","msg":"cron instance shutdown","id":"dapr-scheduler-server-0"}
{"level":"info","ts":"2026-10-05T11:04:25.997343+0200","caller":"embed/etcd.go:408","msg":"closing etcd server","name":"dapr-scheduler-server-0","data-dir":"/tmp/story-6-6-native-run-mw8t2kth/scheduler/default-dapr-scheduler-server-0/dapr-0.1","advertise-peer-urls":["http://127.0.0.1:50115"],"advertise-client-urls":["http://localhost:2379"]}
{"level":"info","ts":"2026-10-05T11:04:25.997755+0200","caller":"etcdserver/server.go:1566","msg":"skipped leadership transfer for single voting member cluster","local-member-id":"91e4be879b8242b6","current-leader-member-id":"91e4be879b8242b6"}
{"level":"warn","ts":"2026-10-05T11:04:25.997847+0200","caller":"embed/serve.go:181","msg":"stopping insecure grpc server due to error","error":"accept tcp 127.0.0.1:35735: use of closed network connection"}
{"level":"warn","ts":"2026-10-05T11:04:25.997857+0200","caller":"embed/serve.go:183","msg":"stopped insecure grpc server due to error","error":"accept tcp 127.0.0.1:35735: use of closed network connection"}
{"level":"info","ts":"2026-10-05T11:04:26.002889+0200","caller":"embed/etcd.go:613","msg":"stopping serving peer traffic","address":"127.0.0.1:50115"}
{"level":"info","ts":"2026-10-05T11:04:26.002958+0200","caller":"embed/etcd.go:618","msg":"stopped serving peer traffic","address":"127.0.0.1:50115"}
{"level":"info","ts":"2026-10-05T11:04:26.002972+0200","caller":"embed/etcd.go:410","msg":"closed etcd server","name":"dapr-scheduler-server-0","data-dir":"/tmp/story-6-6-native-run-mw8t2kth/scheduler/default-dapr-scheduler-server-0/dapr-0.1","advertise-peer-urls":["http://127.0.0.1:50115"],"advertise-client-urls":["http://localhost:2379"]}
time="2026-10-05T11:04:26.002981977+02:00" level=info msg="Etcd shut down" instance=DESKTOP-VIOG240 scope=dapr.scheduler.server.etcd type=log ver=1.18.4
time="2026-10-05T11:04:26.003083234+02:00" level=info msg="Scheduler service shut down gracefully" instance=DESKTOP-VIOG240 scope=dapr.scheduler type=log ver=1.18.4
