  Determining projects to restore...
  Restored /tmp/eventstore-command-state-ygosvh3q/references/Hexalith.Commons/src/libraries/Hexalith.Commons.UniqueIds/Hexalith.Commons.UniqueIds.csproj (in 240 ms).
  Restored /tmp/eventstore-command-state-ygosvh3q/src/Hexalith.EventStore.Client/Hexalith.EventStore.Client.csproj (in 240 ms).
  Restored /tmp/eventstore-command-state-ygosvh3q/src/Hexalith.EventStore.Server/Hexalith.EventStore.Server.csproj (in 240 ms).
  Restored /tmp/eventstore-command-state-ygosvh3q/src/Hexalith.EventStore.ServiceDefaults/Hexalith.EventStore.ServiceDefaults.csproj (in 240 ms).
  Restored /tmp/eventstore-command-state-ygosvh3q/src/Hexalith.EventStore.Contracts/Hexalith.EventStore.Contracts.csproj (in 240 ms).
  Restored /tmp/eventstore-command-state-ygosvh3q/src/Hexalith.EventStore.DomainService/Hexalith.EventStore.DomainService.csproj (in 240 ms).
  Restored /tmp/eventstore-command-state-ygosvh3q/tests/Hexalith.EventStore.Server.Tests/Hexalith.EventStore.Server.Tests.csproj (in 240 ms).
  Hexalith.Commons.UniqueIds -> /tmp/eventstore-command-state-ygosvh3q/references/Hexalith.Commons/src/libraries/Hexalith.Commons.UniqueIds/bin/Debug/net10.0/Hexalith.Commons.UniqueIds.dll
  Successfully created package '/tmp/eventstore-command-state-ygosvh3q/references/Hexalith.Commons/src/libraries/Hexalith.Commons.UniqueIds/bin/Debug/Hexalith.Commons.UniqueIds.1.0.0.nupkg'.
  Successfully created package '/tmp/eventstore-command-state-ygosvh3q/references/Hexalith.Commons/src/libraries/Hexalith.Commons.UniqueIds/bin/Debug/Hexalith.Commons.UniqueIds.1.0.0.snupkg'.
/tmp/eventstore-command-state-ygosvh3q/src/Hexalith.EventStore.Contracts/Security/TenantGovernanceGuardState.cs(17,185): error CS0246: The type or namespace name 'GovernanceRepairState' could not be found (are you missing a using directive or an assembly reference?) [/tmp/eventstore-command-state-ygosvh3q/src/Hexalith.EventStore.Contracts/Hexalith.EventStore.Contracts.csproj]
/tmp/eventstore-command-state-ygosvh3q/src/Hexalith.EventStore.Contracts/Security/TenantGovernanceGuardState.cs(17,230): error CS0246: The type or namespace name 'GovernanceRepairState' could not be found (are you missing a using directive or an assembly reference?) [/tmp/eventstore-command-state-ygosvh3q/src/Hexalith.EventStore.Contracts/Hexalith.EventStore.Contracts.csproj]
/tmp/eventstore-command-state-ygosvh3q/src/Hexalith.EventStore.Contracts/Security/TenantGovernanceGuardState.cs(17,282): error CS0246: The type or namespace name 'GovernanceDeletionState' could not be found (are you missing a using directive or an assembly reference?) [/tmp/eventstore-command-state-ygosvh3q/src/Hexalith.EventStore.Contracts/Hexalith.EventStore.Contracts.csproj]
/tmp/eventstore-command-state-ygosvh3q/src/Hexalith.EventStore.Contracts/Security/TenantGovernanceGuardState.cs(17,332): error CS0246: The type or namespace name 'GovernanceHoldState' could not be found (are you missing a using directive or an assembly reference?) [/tmp/eventstore-command-state-ygosvh3q/src/Hexalith.EventStore.Contracts/Hexalith.EventStore.Contracts.csproj]
/tmp/eventstore-command-state-ygosvh3q/src/Hexalith.EventStore.Contracts/Security/TenantGovernanceGuardState.cs(17,374): error CS0246: The type or namespace name 'GovernanceAuthorization' could not be found (are you missing a using directive or an assembly reference?) [/tmp/eventstore-command-state-ygosvh3q/src/Hexalith.EventStore.Contracts/Hexalith.EventStore.Contracts.csproj]
/tmp/eventstore-command-state-ygosvh3q/src/Hexalith.EventStore.Contracts/Security/TenantGovernanceGuardState.cs(17,429): error CS0246: The type or namespace name 'GovernanceProtocolReceipt' could not be found (are you missing a using directive or an assembly reference?) [/tmp/eventstore-command-state-ygosvh3q/src/Hexalith.EventStore.Contracts/Hexalith.EventStore.Contracts.csproj]
  Hexalith.EventStore.ServiceDefaults -> /tmp/eventstore-command-state-ygosvh3q/src/Hexalith.EventStore.ServiceDefaults/bin/Debug/net10.0/Hexalith.EventStore.ServiceDefaults.dll

Build FAILED.

/tmp/eventstore-command-state-ygosvh3q/src/Hexalith.EventStore.Contracts/Security/TenantGovernanceGuardState.cs(17,185): error CS0246: The type or namespace name 'GovernanceRepairState' could not be found (are you missing a using directive or an assembly reference?) [/tmp/eventstore-command-state-ygosvh3q/src/Hexalith.EventStore.Contracts/Hexalith.EventStore.Contracts.csproj]
/tmp/eventstore-command-state-ygosvh3q/src/Hexalith.EventStore.Contracts/Security/TenantGovernanceGuardState.cs(17,230): error CS0246: The type or namespace name 'GovernanceRepairState' could not be found (are you missing a using directive or an assembly reference?) [/tmp/eventstore-command-state-ygosvh3q/src/Hexalith.EventStore.Contracts/Hexalith.EventStore.Contracts.csproj]
/tmp/eventstore-command-state-ygosvh3q/src/Hexalith.EventStore.Contracts/Security/TenantGovernanceGuardState.cs(17,282): error CS0246: The type or namespace name 'GovernanceDeletionState' could not be found (are you missing a using directive or an assembly reference?) [/tmp/eventstore-command-state-ygosvh3q/src/Hexalith.EventStore.Contracts/Hexalith.EventStore.Contracts.csproj]
/tmp/eventstore-command-state-ygosvh3q/src/Hexalith.EventStore.Contracts/Security/TenantGovernanceGuardState.cs(17,332): error CS0246: The type or namespace name 'GovernanceHoldState' could not be found (are you missing a using directive or an assembly reference?) [/tmp/eventstore-command-state-ygosvh3q/src/Hexalith.EventStore.Contracts/Hexalith.EventStore.Contracts.csproj]
/tmp/eventstore-command-state-ygosvh3q/src/Hexalith.EventStore.Contracts/Security/TenantGovernanceGuardState.cs(17,374): error CS0246: The type or namespace name 'GovernanceAuthorization' could not be found (are you missing a using directive or an assembly reference?) [/tmp/eventstore-command-state-ygosvh3q/src/Hexalith.EventStore.Contracts/Hexalith.EventStore.Contracts.csproj]
/tmp/eventstore-command-state-ygosvh3q/src/Hexalith.EventStore.Contracts/Security/TenantGovernanceGuardState.cs(17,429): error CS0246: The type or namespace name 'GovernanceProtocolReceipt' could not be found (are you missing a using directive or an assembly reference?) [/tmp/eventstore-command-state-ygosvh3q/src/Hexalith.EventStore.Contracts/Hexalith.EventStore.Contracts.csproj]
    0 Warning(s)
    6 Error(s)

Time Elapsed 00:00:01.87
