The '-xml' switch has been deprecated in favor of '-result-xml' and will be removed in the next major version

  Discovering: Hexalith.EventStore.Server.LiveSidecar.Tests
  Discovered:  Hexalith.EventStore.Server.LiveSidecar.Tests
  Starting:    Hexalith.EventStore.Server.LiveSidecar.Tests
    Hexalith.EventStore.Server.LiveSidecar.Tests.Events.CounterPostgresqlLogicalReadbackProbe.BoundedCounterWriterPreservesLogicalBytesAcrossTwoHostsAndRestart [FAIL]
      Collection fixture type 'Hexalith.EventStore.Server.LiveSidecar.Tests.Fixtures.Oq8PostgresqlFixture' threw in InitializeAsync
      ---- System.InvalidOperationException : An OQ8 child process exited early. Node=sample; AppOut=; AppErr=; SidecarOut=time="2026-10-07T09:51:13.602655287+02:00" level=warning msg="mTLS is disabled. Skipping certificate request and tls validation" app_id=sample instance=DESKTOP-VIOG240 scope=dapr.runtime.security type=log ver=1.18.4
      time="2026-10-07T09:51:13.606281872+02:00" level=warning msg="The default value for 'spec.metric.http.increasedCardinality' will change to 'false' in Dapr 1.15 or later" app_id=sample instance=DESKTOP-VIOG240 scope=dapr.runtime.diagnostics type=log ver=1.18.4
      time="2026-10-07T09:51:13.623614299+02:00" level=fatal msg="Fatal error from runtime: failed to create watcher: failed to add target [redacted]/components: no space left on device" app_id=sample instance=DESKTOP-VIOG240 scope=dapr.runtime type=log ver=1.18.4
      ; SidecarErr=
      Stack Trace:
        
        ----- Inner Stack Trace -----
        /tmp/story66-counter-postgresql-rfxcdgns/tests/Hexalith.EventStore.Server.LiveSidecar.Tests/Fixtures/Oq8PostgresqlFixture.cs(1160,0): at Hexalith.EventStore.Server.LiveSidecar.Tests.Fixtures.Oq8PostgresqlFixture.ThrowIfExited(Oq8ProcessNode node)
        /tmp/story66-counter-postgresql-rfxcdgns/tests/Hexalith.EventStore.Server.LiveSidecar.Tests/Fixtures/Oq8PostgresqlFixture.cs(1010,0): at Hexalith.EventStore.Server.LiveSidecar.Tests.Fixtures.Oq8PostgresqlFixture.WaitForSidecarHealthAsync(Oq8ProcessNode node, DateTimeOffset deadline)
        /tmp/story66-counter-postgresql-rfxcdgns/tests/Hexalith.EventStore.Server.LiveSidecar.Tests/Fixtures/Oq8PostgresqlFixture.cs(821,0): at Hexalith.EventStore.Server.LiveSidecar.Tests.Fixtures.Oq8PostgresqlFixture.StartNodeAsync(Oq8ProcessNode node)
        /tmp/story66-counter-postgresql-rfxcdgns/tests/Hexalith.EventStore.Server.LiveSidecar.Tests/Fixtures/Oq8PostgresqlFixture.cs(117,0): at Hexalith.EventStore.Server.LiveSidecar.Tests.Fixtures.Oq8PostgresqlFixture.InitializeAsync()
        /tmp/story66-counter-postgresql-rfxcdgns/tests/Hexalith.EventStore.Server.LiveSidecar.Tests/Fixtures/Oq8PostgresqlFixture.cs(128,0): at Hexalith.EventStore.Server.LiveSidecar.Tests.Fixtures.Oq8PostgresqlFixture.InitializeAsync()
  Finished:    Hexalith.EventStore.Server.LiveSidecar.Tests (ID = 'e9db78e6c2bb2e34d517f17b6249887abc576a5839194772a48ecfd9ab749cc3')
=== TEST EXECUTION SUMMARY ===
   Hexalith.EventStore.Server.LiveSidecar.Tests  Total: 1, Errors: 0, Failed: 1, Skipped: 0, Not Run: 0, Time: 6.029s
