{
  "scannerSourceSha256": "5b6e8666355b800515c286c04839cb244babdb351111b61992b04f2040428c65",
  "compiledSourceMatchesCurrent": true,
  "scannedFileCount": 119,
  "violations": [
    "_bmad-output/implementation-artifacts/evidence/latest-packages-2026-10-08/consumer-resolved/Probe.deps.json:100",
    "_bmad-output/implementation-artifacts/evidence/latest-packages-2026-10-08/consumer-resolved/Probe.deps.json:102",
    "_bmad-output/implementation-artifacts/evidence/latest-packages-2026-10-08/consumer-resolved/Probe.deps.json:105",
    "_bmad-output/implementation-artifacts/evidence/latest-packages-2026-10-08/consumer-resolved/Probe.deps.json:253",
    "_bmad-output/implementation-artifacts/evidence/latest-packages-2026-10-08/consumer-resolved/Probe.deps.json:335",
    "_bmad-output/implementation-artifacts/evidence/latest-packages-2026-10-08/consumer-resolved/Probe.deps.json:372",
    "_bmad-output/implementation-artifacts/evidence/latest-packages-2026-10-08/consumer-resolved/Probe.deps.json:411",
    "_bmad-output/implementation-artifacts/evidence/latest-packages-2026-10-08/consumer-resolved/Probe.deps.json:447",
    "_bmad-output/implementation-artifacts/evidence/latest-packages-2026-10-08/consumer-resolved/Probe.deps.json:483",
    "_bmad-output/implementation-artifacts/evidence/latest-packages-2026-10-08/consumer-resolved/Probe.deps.json:706",
    "_bmad-output/implementation-artifacts/evidence/latest-packages-2026-10-08/consumer-resolved/Probe.deps.json:808",
    "_bmad-output/implementation-artifacts/evidence/latest-packages-2026-10-08/consumer-resolved/project.assets.json:86",
    "_bmad-output/implementation-artifacts/evidence/latest-packages-2026-10-08/consumer-resolved/project.assets.json:88",
    "_bmad-output/implementation-artifacts/evidence/latest-packages-2026-10-08/consumer-resolved/project.assets.json:91",
    "_bmad-output/implementation-artifacts/evidence/latest-packages-2026-10-08/consumer-resolved/project.assets.json:284",
    "_bmad-output/implementation-artifacts/evidence/latest-packages-2026-10-08/consumer-resolved/project.assets.json:375",
    "_bmad-output/implementation-artifacts/evidence/latest-packages-2026-10-08/consumer-resolved/project.assets.json:418",
    "_bmad-output/implementation-artifacts/evidence/latest-packages-2026-10-08/consumer-resolved/project.assets.json:463",
    "_bmad-output/implementation-artifacts/evidence/latest-packages-2026-10-08/consumer-resolved/project.assets.json:505",
    "_bmad-output/implementation-artifacts/evidence/latest-packages-2026-10-08/consumer-resolved/project.assets.json:547",
    "_bmad-output/implementation-artifacts/evidence/latest-packages-2026-10-08/consumer-resolved/project.assets.json:814",
    "_bmad-output/implementation-artifacts/evidence/latest-packages-2026-10-08/consumer-resolved/project.assets.json:964",
    "_bmad-output/implementation-artifacts/evidence/latest-packages-2026-10-08/consumer-resolved/project.assets.json:8935",
    "_bmad-output/implementation-artifacts/evidence/latest-packages-2026-10-08/consumer-resolved/project.assets.json:9098",
    "_bmad-output/implementation-artifacts/evidence/latest-packages-2026-10-08/consumer-resolved/project.assets.json:9122",
    "_bmad-output/implementation-artifacts/evidence/latest-packages-2026-10-08/consumer-resolved/project.assets.json:9126",
    "_bmad-output/implementation-artifacts/evidence/latest-packages-2026-10-08/consumer-resolved/project.assets.json:9227",
    "_bmad-output/implementation-artifacts/evidence/latest-packages-2026-10-08/consumer-resolved/project.assets.json:9322",
    "_bmad-output/implementation-artifacts/evidence/latest-packages-2026-10-08/consumer-resolved/project.assets.json:9652",
    "_bmad-output/implementation-artifacts/evidence/latest-packages-2026-10-08/consumer-resolved/project.assets.json:9724",
    "_bmad-output/implementation-artifacts/evidence/latest-packages-2026-10-08/consumer-resolved/project.assets.json:9740"
  ]
}
