dotnet pack src/Hexalith.EventStore.Contracts/Hexalith.EventStore.Contracts.csproj --configuration Release --output /tmp/story83-consumer-pack-20261009 -p:Version=3.117.2-story83-validation -p:GeneratePackageOnBuild=false -p:UseHexalithProjectReferences=false
  Determining projects to restore...
  Restored /home/administrator/projects/hexalith/eventstore/src/Hexalith.EventStore.Contracts/Hexalith.EventStore.Contracts.csproj (in 150 ms).
  Hexalith.EventStore.Contracts -> /home/administrator/projects/hexalith/eventstore/src/Hexalith.EventStore.Contracts/bin/Release/net10.0/Hexalith.EventStore.Contracts.dll
  Successfully created package '/tmp/story83-consumer-pack-20261009/Hexalith.EventStore.Contracts.3.117.2-story83-validation.nupkg'.
dotnet pack src/Hexalith.EventStore.Client/Hexalith.EventStore.Client.csproj --configuration Release --output /tmp/story83-consumer-pack-20261009 -p:Version=3.117.2-story83-validation -p:GeneratePackageOnBuild=false -p:UseHexalithProjectReferences=false
  Determining projects to restore...
  Restored /home/administrator/projects/hexalith/eventstore/src/Hexalith.EventStore.Client/Hexalith.EventStore.Client.csproj (in 222 ms).
  1 of 2 projects are up-to-date for restore.
  Hexalith.EventStore.Contracts -> /home/administrator/projects/hexalith/eventstore/src/Hexalith.EventStore.Contracts/bin/Release/net10.0/Hexalith.EventStore.Contracts.dll
  Hexalith.EventStore.Client -> /home/administrator/projects/hexalith/eventstore/src/Hexalith.EventStore.Client/bin/Release/net10.0/Hexalith.EventStore.Client.dll
  Successfully created package '/tmp/story83-consumer-pack-20261009/Hexalith.EventStore.Client.3.117.2-story83-validation.nupkg'.
dotnet pack src/Hexalith.EventStore.Server/Hexalith.EventStore.Server.csproj --configuration Release --output /tmp/story83-consumer-pack-20261009 -p:Version=3.117.2-story83-validation -p:GeneratePackageOnBuild=false -p:UseHexalithProjectReferences=false
  Determining projects to restore...
  Restored /home/administrator/projects/hexalith/eventstore/src/Hexalith.EventStore.ServiceDefaults/Hexalith.EventStore.ServiceDefaults.csproj (in 216 ms).
  Restored /home/administrator/projects/hexalith/eventstore/src/Hexalith.EventStore.DomainService/Hexalith.EventStore.DomainService.csproj (in 216 ms).
  Restored /home/administrator/projects/hexalith/eventstore/src/Hexalith.EventStore.Server/Hexalith.EventStore.Server.csproj (in 216 ms).
  2 of 5 projects are up-to-date for restore.
  Hexalith.EventStore.Contracts -> /home/administrator/projects/hexalith/eventstore/src/Hexalith.EventStore.Contracts/bin/Release/net10.0/Hexalith.EventStore.Contracts.dll
  Hexalith.EventStore.Client -> /home/administrator/projects/hexalith/eventstore/src/Hexalith.EventStore.Client/bin/Release/net10.0/Hexalith.EventStore.Client.dll
  Hexalith.EventStore.ServiceDefaults -> /home/administrator/projects/hexalith/eventstore/src/Hexalith.EventStore.ServiceDefaults/bin/Release/net10.0/Hexalith.EventStore.ServiceDefaults.dll
  Hexalith.EventStore.DomainService -> /home/administrator/projects/hexalith/eventstore/src/Hexalith.EventStore.DomainService/bin/Release/net10.0/Hexalith.EventStore.DomainService.dll
  Hexalith.EventStore.Server -> /home/administrator/projects/hexalith/eventstore/src/Hexalith.EventStore.Server/bin/Release/net10.0/Hexalith.EventStore.Server.dll
  Successfully created package '/tmp/story83-consumer-pack-20261009/Hexalith.EventStore.Server.3.117.2-story83-validation.nupkg'.
dotnet pack src/Hexalith.EventStore.SignalR/Hexalith.EventStore.SignalR.csproj --configuration Release --output /tmp/story83-consumer-pack-20261009 -p:Version=3.117.2-story83-validation -p:GeneratePackageOnBuild=false -p:UseHexalithProjectReferences=false
  Determining projects to restore...
  Restored /home/administrator/projects/hexalith/eventstore/src/Hexalith.EventStore.SignalR/Hexalith.EventStore.SignalR.csproj (in 205 ms).
  1 of 2 projects are up-to-date for restore.
  Hexalith.EventStore.Contracts -> /home/administrator/projects/hexalith/eventstore/src/Hexalith.EventStore.Contracts/bin/Release/net10.0/Hexalith.EventStore.Contracts.dll
  Hexalith.EventStore.SignalR -> /home/administrator/projects/hexalith/eventstore/src/Hexalith.EventStore.SignalR/bin/Release/net10.0/Hexalith.EventStore.SignalR.dll
  Successfully created package '/tmp/story83-consumer-pack-20261009/Hexalith.EventStore.SignalR.3.117.2-story83-validation.nupkg'.
dotnet pack src/Hexalith.EventStore.Testing/Hexalith.EventStore.Testing.csproj --configuration Release --output /tmp/story83-consumer-pack-20261009 -p:Version=3.117.2-story83-validation -p:GeneratePackageOnBuild=false -p:UseHexalithProjectReferences=false
  Determining projects to restore...
  Restored /home/administrator/projects/hexalith/eventstore/src/Hexalith.EventStore.Testing/Hexalith.EventStore.Testing.csproj (in 227 ms).
  5 of 6 projects are up-to-date for restore.
  Hexalith.EventStore.ServiceDefaults -> /home/administrator/projects/hexalith/eventstore/src/Hexalith.EventStore.ServiceDefaults/bin/Release/net10.0/Hexalith.EventStore.ServiceDefaults.dll
  Hexalith.EventStore.Contracts -> /home/administrator/projects/hexalith/eventstore/src/Hexalith.EventStore.Contracts/bin/Release/net10.0/Hexalith.EventStore.Contracts.dll
  Hexalith.EventStore.Client -> /home/administrator/projects/hexalith/eventstore/src/Hexalith.EventStore.Client/bin/Release/net10.0/Hexalith.EventStore.Client.dll
  Hexalith.EventStore.DomainService -> /home/administrator/projects/hexalith/eventstore/src/Hexalith.EventStore.DomainService/bin/Release/net10.0/Hexalith.EventStore.DomainService.dll
  Hexalith.EventStore.Server -> /home/administrator/projects/hexalith/eventstore/src/Hexalith.EventStore.Server/bin/Release/net10.0/Hexalith.EventStore.Server.dll
  Hexalith.EventStore.Testing -> /home/administrator/projects/hexalith/eventstore/src/Hexalith.EventStore.Testing/bin/Release/net10.0/Hexalith.EventStore.Testing.dll
  Successfully created package '/tmp/story83-consumer-pack-20261009/Hexalith.EventStore.Testing.3.117.2-story83-validation.nupkg'.
dotnet pack src/Hexalith.EventStore.Testing.Integration/Hexalith.EventStore.Testing.Integration.csproj --configuration Release --output /tmp/story83-consumer-pack-20261009 -p:Version=3.117.2-story83-validation -p:GeneratePackageOnBuild=false -p:UseHexalithProjectReferences=false
