Running tests from /home/administrator/projects/hexalith/eventstore/tests/Hexalith.EventStore.Server.Tests/bin/Release/net10.0/Hexalith.EventStore.Server.Tests.dll (net10.0|x64)
failed Hexalith.EventStore.Server.Tests.Security.SecretsProtectionTests.TrackedReusableContent_DoesNotContainUsableSecrets (31s 028ms)
  from /home/administrator/projects/hexalith/eventstore/tests/Hexalith.EventStore.Server.Tests/bin/Release/net10.0/Hexalith.EventStore.Server.Tests.dll (net10.0|x64)
  Shouldly.ShouldAssertException : violations.Length
      should be
  0
      but was
  15
  
  Additional Info:
      Tracked reusable content contains secret material. Only path and line are reported: _bmad-output/implementation-artifacts/evidence/story-6-6/dapr-logical-callback-fences-2026-10-08/story66-callback-aspire-baseline.json:1465, _bmad-output/implementation-artifacts/evidence/story-6-6/dapr-logical-command-state-2026-10-08/earlier-attempts/story66-command-state-aspire-baseline.json:1603, _bmad-output/implementation-artifacts/evidence/story-6-6/dapr-logical-command-state-2026-10-08/owned-source-snapshot/tests/Hexalith.EventStore.Server.Tests/Events/DaprLogicalCommandStateTests.cs:158, _bmad-output/implementation-artifacts/evidence/story-6-6/dapr-logical-command-state-2026-10-08/owned-source-snapshot/tests/Hexalith.EventStore.Server.Tests/Events/DaprLogicalCommandStateTests.cs:209, _bmad-output/implementation-artifacts/evidence/story-6-6/dapr-logical-command-state-2026-10-08/owned-source-snapshot/tests/Hexalith.EventStore.Server.Tests/Events/DaprLogicalCommandStateTests.cs:839, _bmad-output/implementation-artifacts/evidence/story-8-3/closure-2026-10-09/contracts-results.trx.xml:1, tests/Hexalith.EventStore.Server.Tests/Events/DaprLogicalCheckpointFixture.cs:41, tests/Hexalith.EventStore.Server.Tests/Events/DaprLogicalCommandStateTests.cs:158, tests/Hexalith.EventStore.Server.Tests/Events/DaprLogicalCommandStateTests.cs:209, tests/Hexalith.EventStore.Server.Tests/Events/DaprLogicalCommandStateTests.cs:839, tests/Hexalith.EventStore.Server.Tests/Events/DaprLogicalSnapshotFixture.cs:19, tests/Hexalith.EventStore.Server.Tests/Events/DaprLogicalSnapshotFixture.cs:97, tests/Hexalith.EventStore.Server.Tests/Events/DaprLogicalSnapshotReplacementTests.cs:106, tests/Hexalith.EventStore.Server.Tests/Events/DaprReplayTestStore.cs:24, tests/Hexalith.EventStore.Server.Tests/Security/GovernanceGuardFixture.cs:42
    at Hexalith.EventStore.Server.Tests.Security.SecretsProtectionTests.TrackedReusableContent_DoesNotContainUsableSecrets() in /home/administrator/projects/hexalith/eventstore/tests/Hexalith.EventStore.Server.Tests/Security/SecretsProtectionTests.cs:46
    at System.Reflection.MethodBaseInvoker.InterpretedInvoke_Method(Object obj, IntPtr* args)
    at System.Reflection.MethodBaseInvoker.InvokeWithNoArgs(Object obj, BindingFlags invokeAttr)
/home/administrator/projects/hexalith/eventstore/tests/Hexalith.EventStore.Server.Tests/bin/Release/net10.0/Hexalith.EventStore.Server.Tests.dll (net10.0|x64) failed with 1 error(s) (31s 646ms)
Exit code: 2

  In process file artifacts produced:
    - /home/administrator/projects/hexalith/eventstore/_bmad-output/implementation-artifacts/evidence/story-8-3/closure-2026-10-09/current-secrets-results.trx.xml

Test run summary: Failed!
  total: 1
  failed: 1
  succeeded: 0
  skipped: 0
  duration: 31s 800ms
Test run completed with non-success exit code: 2 (see: https://aka.ms/testingplatform/exitcodes)
