Loading core dump: /tmp/story83-server-triage.dmp ...
ThreadCount:      15
UnstartedThread:  0
BackgroundThread: 12
PendingThread:    0
DeadThread:       1
Hosted Runtime:   no
                                                                                                            Lock  
 DBG   ID     OSID ThreadOBJ           State GC Mode     GC Alloc Context                  Domain           Count Apt Exception
   0    1     d294 00005C2B2400C5B0  2020020 Preemptive  0000000000000000:0000000000000000 00005C2B24022B60 -00001 Ukn 
   5    2     d29c 00005C2B23F9CD80    21220 Preemptive  0000715BA7325590:0000715BA7325B40 00005C2B24022B60 -00001 Ukn (Finalizer) 
   7    5     d2a3 00005C2B24337920  3021220 Preemptive  0000000000000000:0000000000000000 00005C2B24022B60 -00001 Ukn (Threadpool Worker) 
   8    6     d2a4 0000715B18001270  1021220 Preemptive  0000715BA6B691A0:0000715BA6B69678 00005C2B24022B60 -00001 Ukn (Threadpool Worker) 
   9    7     d2a5 0000715B18005E70    21220 Preemptive  0000000000000000:0000000000000000 00005C2B24022B60 -00001 Ukn 
  10   10     d2a8 0000715B04004960  2021220 Preemptive  0000000000000000:0000000000000000 00005C2B24022B60 -00001 Ukn 
  11   11     d2a9 0000715B1000A860  2021220 Preemptive  0000000000000000:0000000000000000 00005C2B24022B60 -00001 Ukn 
  12   13     d2ac 0000715B0C001F60  2021020 Preemptive  0000715BA71C1360:0000715BA71C2A18 00005C2B24022B60 -00001 Ukn 
  13   15     d2b7 0000715AE80017F0    21220 Preemptive  0000000000000000:0000000000000000 00005C2B24022B60 -00001 Ukn 
XXXX   16        0 0000715AE8079BF0    31820 Preemptive  0000000000000000:0000000000000000 00005C2B24022B60 -00001 Ukn 
  14   17     d2be 0000715AF0001E90  1021220 Preemptive  0000715BA71A3F80:0000715BA71A4838 00005C2B24022B60 -00001 Ukn (Threadpool Worker) 
  15    4    15f33 0000715AE403AE00  1021220 Preemptive  0000715BA72AEF08:0000715BA72B0448 00005C2B24022B60 -00001 Ukn (Threadpool Worker) 
  16   12    15f35 0000715B0800AD00  1021220 Preemptive  0000715BA04FF940:0000715BA05013C8 00005C2B24022B60 -00001 Ukn (Threadpool Worker) 
  17   14    17576 0000715B0400C3D0    21220 Preemptive  0000000000000000:0000000000000000 00005C2B24022B60 -00001 Ukn 
  18    9    17845 0000715AE407A350    21220 Preemptive  0000000000000000:0000000000000000 00005C2B24022B60 -00001 Ukn 
OS Thread Id: 0xd294
        Child SP               IP Call Site
00007FFC8FBC3A98 000071895d4ac802 [InlinedCallFrame: 00007ffc8fbc3a98] 
00007FFC8FBC3A98 00007188dde8903e [InlinedCallFrame: 00007ffc8fbc3a98] 
00007FFC8FBC3A80 00007188DDE8903E System.Threading.Monitor.Wait(System.Object, Int32) [/_/src/runtime/src/coreclr/System.Private.CoreLib/src/System/Threading/Monitor.CoreCLR.cs @ 312]
00007FFC8FBC3B30 00007188DDE95BDD System.Threading.ManualResetEventSlim.Wait(Int32, System.Threading.CancellationToken) [/_/src/runtime/src/libraries/System.Private.CoreLib/src/System/Threading/ManualResetEventSlim.cs @ 587]
00007FFC8FBC3BA0 00007188DDEAC15C System.Threading.Tasks.Task.SpinThenBlockingWait(Int32, System.Threading.CancellationToken) [/_/src/runtime/src/libraries/System.Private.CoreLib/src/System/Threading/Tasks/Task.cs @ 3090]
00007FFC8FBC3C00 00007188DDEABE86 System.Threading.Tasks.Task.InternalWaitCore(Int32, System.Threading.CancellationToken)
00007FFC8FBC3C60 00007188DDEABDD6 System.Threading.Tasks.Task.InternalWait(Int32, System.Threading.CancellationToken) [/_/src/runtime/src/libraries/System.Private.CoreLib/src/System/Threading/Tasks/Task.cs @ 2965]
00007FFC8FBC3C90 00007188DDF06A08 System.Runtime.CompilerServices.TaskAwaiter.HandleNonSuccessAndDebuggerNotification(System.Threading.Tasks.Task, System.Threading.Tasks.ConfigureAwaitOptions) [/_/src/runtime/src/libraries/System.Private.CoreLib/src/System/Runtime/CompilerServices/TaskAwaiter.cs @ 104]
00007FFC8FBC3CB0 00007188DE0394A8 System.Runtime.CompilerServices.TaskAwaiter`1[[System.Int32, System.Private.CoreLib]].GetResult()
00007FFC8FBC3CC0 00007188DEC72363 Xunit.AutoGenerated._rZRaTSHw0.XunitAutoGeneratedEntryPoint.Main(System.String[]) [/home/administrator/projects/hexalith/eventstore/tests/Hexalith.EventStore.Server.Tests/obj/Release/net10.0/XunitAutoGeneratedEntryPoint.cs @ 15]
OS Thread Id: 0xd29c
        Child SP               IP Call Site
00007188CF7FDD70 000071895d4ac802 [DebuggerU2MCatchHandlerFrame: 00007188cf7fdd70] 
OS Thread Id: 0xd2a3
        Child SP               IP Call Site
00007188CC0D2A08 000071895d4ac802 [InlinedCallFrame: 00007188cc0d2a08] System.Threading.WaitHandle.<WaitOneCore>g____PInvoke|0_0(IntPtr, Int32, Int32)
00007188CC0D2A08 00007188e7f058c1 [InlinedCallFrame: 00007188cc0d2a08] System.Threading.WaitHandle.<WaitOneCore>g____PInvoke|0_0(IntPtr, Int32, Int32)
00007188CC0D29F0 00007188E7F058C1 System.Threading.WaitHandle.WaitOneNoCheck(Int32, Boolean, System.Object, WaitHandleWaitSourceMap) [/_/src/runtime/src/libraries/System.Private.CoreLib/src/System/Threading/WaitHandle.cs @ 183]
00007188CC0D2A80 00007188DDEA3D50 System.Threading.PortableThreadPool+GateThread.GateThreadStart()
00007188CC0D2BA0 00007188DDE89756 System.Threading.Thread.StartCallback()
00007188CC0D2D40 000071895d1fb3cc [DebuggerU2MCatchHandlerFrame: 00007188cc0d2d40] 
OS Thread Id: 0xd2a4
        Child SP               IP Call Site
0000715B28FFC9C8 000071895d4ac802 [InlinedCallFrame: 0000715b28ffc9c8] System.Threading.LowLevelLifoSemaphore.<WaitNative>g____PInvoke|3_0(IntPtr, Int32)
0000715B28FFC9C8 00007188e7ae3966 [InlinedCallFrame: 0000715b28ffc9c8] System.Threading.LowLevelLifoSemaphore.<WaitNative>g____PInvoke|3_0(IntPtr, Int32)
0000715B28FFC9A0 00007188E7AE3966 System.Threading.LowLevelLifoSemaphore.WaitForSignal(Int32) [/_/src/runtime/src/libraries/System.Private.CoreLib/src/System/Threading/LowLevelLifoSemaphore.cs @ 160]
0000715B28FFCA50 00007188E7AE34B8 System.Threading.LowLevelLifoSemaphore.Wait(Int32, Boolean) [/_/src/runtime/src/libraries/System.Private.CoreLib/src/System/Threading/LowLevelLifoSemaphore.cs @ 85]
0000715B28FFCAD0 00007188DDEA64A8 System.Threading.PortableThreadPool+WorkerThread.WorkerThreadStart() [/_/src/runtime/src/libraries/System.Private.CoreLib/src/System/Threading/PortableThreadPool.WorkerThread.cs @ 116]
0000715B28FFCBA0 00007188DDE89756 System.Threading.Thread.StartCallback()
0000715B28FFCD40 000071895d1fb3cc [DebuggerU2MCatchHandlerFrame: 0000715b28ffcd40] 
OS Thread Id: 0xd2a5
        Child SP               IP Call Site
0000715B17FFEAD0 000071895d4ac802 [InlinedCallFrame: 0000715b17ffead0] 
0000715B17FFEAD0 00007188dfe6d495 [InlinedCallFrame: 0000715b17ffead0] 
0000715B17FFEAB0 00007188DFE6D495 Interop+Sys.WaitForSocketEvents(IntPtr, SocketEvent*, Int32*)
0000715B17FFEB60 00007188DFE8EB4C System.Net.Sockets.SocketAsyncEngine.EventLoop() [/_/src/runtime/src/libraries/System.Net.Sockets/src/System/Net/Sockets/SocketAsyncEngine.Unix.cs @ 219]
0000715B17FFEBA0 00007188DDE8974D System.Threading.Thread.StartCallback()
0000715B17FFED40 000071895d1fb3cc [DebuggerU2MCatchHandlerFrame: 0000715b17ffed40] 
OS Thread Id: 0xd2a8
        Child SP               IP Call Site
0000715B167FBA98 000071895d4ac802 [InlinedCallFrame: 0000715b167fba98] System.Threading.WaitHandle.<WaitOneCore>g____PInvoke|0_0(IntPtr, Int32, Int32)
0000715B167FBA98 00007188e7f058c1 [InlinedCallFrame: 0000715b167fba98] System.Threading.WaitHandle.<WaitOneCore>g____PInvoke|0_0(IntPtr, Int32, Int32)
0000715B167FBA80 00007188E7F058C1 System.Threading.WaitHandle.WaitOneNoCheck(Int32, Boolean, System.Object, WaitHandleWaitSourceMap) [/_/src/runtime/src/libraries/System.Private.CoreLib/src/System/Threading/WaitHandle.cs @ 183]
0000715B167FBB10 00007188DDEA0870 System.Threading.TimerQueue.TimerThread() [/_/src/runtime/src/libraries/System.Private.CoreLib/src/System/Threading/TimerQueue.Portable.cs @ 93]
0000715B167FBBA0 00007188DDE89756 System.Threading.Thread.StartCallback()
0000715B167FBD40 000071895d1fb3cc [DebuggerU2MCatchHandlerFrame: 0000715b167fbd40] 
OS Thread Id: 0xd2a9
        Child SP               IP Call Site
0000715B15FFA948 000071895d4ac802 [InlinedCallFrame: 0000715b15ffa948] System.Threading.WaitHandle.<WaitOneCore>g____PInvoke|0_0(IntPtr, Int32, Int32)
0000715B15FFA948 00007188e7f058c1 [InlinedCallFrame: 0000715b15ffa948] System.Threading.WaitHandle.<WaitOneCore>g____PInvoke|0_0(IntPtr, Int32, Int32)
0000715B15FFA930 00007188E7F058C1 System.Threading.WaitHandle.WaitOneNoCheck(Int32, Boolean, System.Object, WaitHandleWaitSourceMap) [/_/src/runtime/src/libraries/System.Private.CoreLib/src/System/Threading/WaitHandle.cs @ 183]
0000715B15FFA9C0 00007188E0144BCD Microsoft.ApplicationInsights.Channel.InMemoryTransmitter.Runner()
0000715B15FFAA50 00007188DDE926C7 System.Threading.ExecutionContext.RunInternal(System.Threading.ExecutionContext, System.Threading.ContextCallback, System.Object) [/_/src/runtime/src/libraries/System.Private.CoreLib/src/System/Threading/ExecutionContext.cs @ 179]
0000715B15FFAAA0 00007188DDEAB398 System.Threading.Tasks.Task.ExecuteWithThreadLocal(System.Threading.Tasks.Task ByRef, System.Threading.Thread) [/_/src/runtime/src/libraries/System.Private.CoreLib/src/System/Threading/Tasks/Task.cs @ 2342]
0000715B15FFABA0 00007188DDE8974D System.Threading.Thread.StartCallback()
0000715B15FFAD40 000071895d1fb3cc [DebuggerU2MCatchHandlerFrame: 0000715b15ffad40] 
OS Thread Id: 0xd2ac
        Child SP               IP Call Site
0000715AFBFFEA88 000071895d4ac802 [InlinedCallFrame: 0000715afbffea88] System.Threading.WaitHandle.<WaitOneCore>g____PInvoke|0_0(IntPtr, Int32, Int32)
0000715AFBFFEA88 00007188e80810cc [InlinedCallFrame: 0000715afbffea88] System.Threading.WaitHandle.<WaitOneCore>g____PInvoke|0_0(IntPtr, Int32, Int32)
0000715AFBFFEA80 00007188E80810CC System.Threading.WaitHandle.WaitOne() [/_/src/runtime/src/libraries/System.Private.CoreLib/src/System/Threading/WaitHandle.cs @ 503]
0000715AFBFFEB00 00007188E10F81ED Xunit.Internal.MessageBus.ReporterWorker() [/_/src/xunit.v3.core/Internal/MessageBus.cs @ 88]
0000715AFBFFEB50 00007188DDE8B0B8 System.Threading.Thread+StartHelper.Callback(System.Object) [/_/src/runtime/src/libraries/System.Private.CoreLib/src/System/Threading/Thread.cs @ 44]
0000715AFBFFEB70 00007188DDE926C7 System.Threading.ExecutionContext.RunInternal(System.Threading.ExecutionContext, System.Threading.ContextCallback, System.Object) [/_/src/runtime/src/libraries/System.Private.CoreLib/src/System/Threading/ExecutionContext.cs @ 179]
0000715AFBFFED40 000071895d1fb3cc [DebuggerU2MCatchHandlerFrame: 0000715afbffed40] 
OS Thread Id: 0xd2b7
        Child SP               IP Call Site
0000715AFA65F990 000071895d4ac802 [InlinedCallFrame: 0000715afa65f990] 
0000715AFA65F990 00007188e4643918 [InlinedCallFrame: 0000715afa65f990] 
0000715AFA65F970 00007188E4643918 Interop+Sys.Read(System.Runtime.InteropServices.SafeHandle, Byte*, Int32) [/_/src/runtime/artifacts/obj/System.IO.FileSystem.Watcher/Release/net10.0-linux/Microsoft.Interop.LibraryImportGenerator/Microsoft.Interop.LibraryImportGenerator/LibraryImports.g.cs @ 22]
0000715AFA65FA30 00007188E464781D System.IO.FileSystemWatcher+RunningInstance.TryReadEvent(NotifyEvent ByRef) [/_/src/runtime/src/libraries/System.IO.FileSystem.Watcher/src/System/IO/FileSystemWatcher.Linux.cs @ 818]
0000715AFA65FAA0 00007188E464769D System.IO.FileSystemWatcher+RunningInstance.ProcessEvents() [/_/src/runtime/src/libraries/System.IO.FileSystem.Watcher/src/System/IO/FileSystemWatcher.Linux.cs @ 777]
0000715AFA65FB50 00007188DDE8B0AF System.Threading.Thread+StartHelper.Callback(System.Object) [/_/src/runtime/src/libraries/System.Private.CoreLib/src/System/Threading/Thread.cs @ 44]
0000715AFA65FB70 00007188DDE926C7 System.Threading.ExecutionContext.RunInternal(System.Threading.ExecutionContext, System.Threading.ContextCallback, System.Object) [/_/src/runtime/src/libraries/System.Private.CoreLib/src/System/Threading/ExecutionContext.cs @ 179]
0000715AFA65FD40 000071895d1fb3cc [DebuggerU2MCatchHandlerFrame: 0000715afa65fd40] 
OS Thread Id: 0xd2be
        Child SP               IP Call Site
0000715AF8AEE9C8 000071895d4ac802 [InlinedCallFrame: 0000715af8aee9c8] System.Threading.LowLevelLifoSemaphore.<WaitNative>g____PInvoke|3_0(IntPtr, Int32)
0000715AF8AEE9C8 00007188e7ae3966 [InlinedCallFrame: 0000715af8aee9c8] System.Threading.LowLevelLifoSemaphore.<WaitNative>g____PInvoke|3_0(IntPtr, Int32)
0000715AF8AEE9A0 00007188E7AE3966 System.Threading.LowLevelLifoSemaphore.WaitForSignal(Int32) [/_/src/runtime/src/libraries/System.Private.CoreLib/src/System/Threading/LowLevelLifoSemaphore.cs @ 160]
0000715AF8AEEA50 00007188E7AE34B8 System.Threading.LowLevelLifoSemaphore.Wait(Int32, Boolean) [/_/src/runtime/src/libraries/System.Private.CoreLib/src/System/Threading/LowLevelLifoSemaphore.cs @ 85]
0000715AF8AEEAD0 00007188DDEA64A8 System.Threading.PortableThreadPool+WorkerThread.WorkerThreadStart() [/_/src/runtime/src/libraries/System.Private.CoreLib/src/System/Threading/PortableThreadPool.WorkerThread.cs @ 116]
0000715AF8AEEBA0 00007188DDE89756 System.Threading.Thread.StartCallback()
0000715AF8AEED40 000071895d1fb3cc [DebuggerU2MCatchHandlerFrame: 0000715af8aeed40] 
OS Thread Id: 0x15f33
        Child SP               IP Call Site
0000715B177F5B00 000071895d4ac802 [InlinedCallFrame: 0000715b177f5b00] Interop+Sys.<PRead>g____PInvoke|93_0(IntPtr, Byte*, Int32, Int64)
0000715B177F5B00 00007188e7ae86b6 [InlinedCallFrame: 0000715b177f5b00] Interop+Sys.<PRead>g____PInvoke|93_0(IntPtr, Byte*, Int32, Int64)
0000715B177F5AC0 00007188E7AE86B6 System.IO.Strategies.BufferedFileStreamStrategy.ReadSpan(System.Span`1<Byte>, System.ArraySegment`1<Byte>) [/_/src/runtime/src/libraries/System.Private.CoreLib/src/System/IO/Strategies/BufferedFileStreamStrategy.cs @ 184]
0000715B177F5BC0 00007188E7F15F71 Hexalith.EventStore.Client.Aggregates.RegisteredLogicalReplayBinding.RequireCurrent(System.Threading.CancellationToken) [/home/administrator/projects/hexalith/eventstore/src/Hexalith.EventStore.Client/Aggregates/RegisteredLogicalReplayBinding.cs @ 193]
0000715B177F5E20 00007188E7F65BAB Hexalith.EventStore.Client.Aggregates.RegisteredLogicalReplayBinding+<RequireBoundaryAsync>d__35.MoveNext() [/home/administrator/projects/hexalith/eventstore/src/Hexalith.EventStore.Client/Aggregates/RegisteredLogicalReplayBinding.cs @ 345]
0000715B177F5EC0 00007188E80E1707 Hexalith.EventStore.Client.Aggregates.RegisteredLogicalReplayBinding+<SerializeAsync>d__33.MoveNext() [/home/administrator/projects/hexalith/eventstore/src/Hexalith.EventStore.Client/Aggregates/RegisteredLogicalReplayBinding.cs @ 293]
0000715B177F6140 00007188E85B95CF Hexalith.EventStore.Client.Aggregates.RegisteredLogicalReplayBinding+<CreateInitialAsync>d__31.MoveNext() [/home/administrator/projects/hexalith/eventstore/src/Hexalith.EventStore.Client/Aggregates/RegisteredLogicalReplayBinding.cs @ 228]
0000715B177F62F0 00007188E85B8651 Hexalith.EventStore.Server.Events.DaprReplayOperationOwner+<CreateInitialStateAsync>d__43.MoveNext() [/home/administrator/projects/hexalith/eventstore/src/Hexalith.EventStore.Server/Events/DaprReplayOperationOwner.cs @ 58]
0000715B177F63F0 00007188E85B84A9 System.Runtime.CompilerServices.AsyncMethodBuilderCore.Start[[Hexalith.EventStore.Server.Events.DaprReplayOperationOwner+<CreateInitialStateAsync>d__43, Hexalith.EventStore.Server]](<CreateInitialStateAsync>d__43 ByRef)
0000715B177F6430 00007188E85B439A Hexalith.EventStore.Server.Events.DaprReplayOperationOwner+<BeginAsync>d__50.MoveNext() [/home/administrator/projects/hexalith/eventstore/src/Hexalith.EventStore.Server/Events/DaprReplayOperationOwner.cs @ 312]
0000715B177F6980 00007188E9431AEE Hexalith.EventStore.Server.Tests.Events.DaprLogicalCallbackFenceTests+<CallableAuthorityLossStopsLaterCallbacksApplySaveAndProof>d__1.MoveNext()
0000715B177F6BD0 00007188E9438FA4 Hexalith.EventStore.Server.Tests.Events.DaprLogicalCallbackFenceTests.CallableAuthorityLossStopsLaterCallbacksApplySaveAndProof(System.String, System.String, System.String)
0000715B177F6C80 00007188E9234477 <unknown>
0000715B177F6C90 00007188E844ACD6 System.Reflection.MethodBaseInvoker.InvokeWithFewArgs(System.Object, System.Reflection.BindingFlags, System.Reflection.Binder, System.Object[], System.Globalization.CultureInfo) [/_/src/runtime/src/libraries/System.Private.CoreLib/src/System/Reflection/MethodBaseInvoker.cs @ 136]
0000715B177F6DF0 00007188E7FF66C8 System.Reflection.RuntimeMethodInfo.Invoke(System.Object, System.Reflection.BindingFlags, System.Reflection.Binder, System.Object[], System.Globalization.CultureInfo) [/_/src/runtime/src/libraries/System.Private.CoreLib/src/System/Reflection/RuntimeMethodInfo.cs @ 128]
0000715B177F6F40 00007188E8438496 Xunit.v3.XunitTestRunnerBaseContext`1+<>c__DisplayClass18_0+<<InvokeTest>b__1>d[[System.__Canon, System.Private.CoreLib]].MoveNext()
0000715B177F6FC0 00007188E84D68A1 Xunit.v3.XunitTestRunnerBaseContext`1+<>c__DisplayClass18_0[[System.__Canon, System.Private.CoreLib]].<InvokeTest>b__1()
0000715B177F7030 00007188E80807A6 Xunit.v3.ExceptionAggregator+<RunAsync>d__13.MoveNext() [/_/src/xunit.v3.core/Exceptions/ExceptionAggregator.cs @ 119]
0000715B177F70D0 00007188E84D6687 Xunit.v3.XunitTestRunnerBaseContext`1+<>c__DisplayClass18_0[[System.__Canon, System.Private.CoreLib]].<InvokeTest>b__0()
0000715B177F7140 00007188E808031D Xunit.v3.ExecutionTimer+<MeasureAsync>d__2.MoveNext() [/_/src/xunit.v3.core/Utility/ExecutionTimer.cs @ 55]
0000715B177F7190 00007188E84D5D72 Xunit.v3.XunitTestRunnerBase`2[[System.__Canon, System.Private.CoreLib],[System.__Canon, System.Private.CoreLib]].InvokeTest(System.__Canon, System.Object)
0000715B177F7230 00007188E8080C33 Xunit.v3.ExceptionAggregator+<RunAsync>d__14`1[[System.TimeSpan, System.Private.CoreLib]].MoveNext()
0000715B177F72A0 00007188E8405A39 System.Runtime.CompilerServices.AsyncMethodBuilderCore.Start[[Xunit.v3.ExceptionAggregator+<RunAsync>d__14`1[[System.TimeSpan, System.Private.CoreLib]], xunit.v3.core]](<RunAsync>d__14`1<System.TimeSpan> ByRef)
0000715B177F72E0 00007188E8438CE2 Xunit.v3.TestRunner`2+<>c__DisplayClass15_1+<<RunTest>g__runTest|0>d[[System.__Canon, System.Private.CoreLib],[System.__Canon, System.Private.CoreLib]].MoveNext()
0000715B177F7450 00007188E84D4F83 Xunit.v3.TestRunner`2+<>c__DisplayClass15_1[[System.__Canon, System.Private.CoreLib],[System.__Canon, System.Private.CoreLib]].<RunTest>g__runTest|0(System.Object)
0000715B177F74E0 00007188E7F085A8 System.Threading.ExecutionContext.RunInternal(System.Threading.ExecutionContext, System.Threading.ContextCallback, System.Object) [/_/src/runtime/src/libraries/System.Private.CoreLib/src/System/Threading/ExecutionContext.cs @ 179]
0000715B177F7530 00007188E8439F25 Xunit.v3.TestRunner`2+<RunTest>d__15[[System.__Canon, System.Private.CoreLib],[System.__Canon, System.Private.CoreLib]].MoveNext()
0000715B177F75D0 00007188E84CB5B2 Xunit.v3.CoreTestRunner`3[[System.__Canon, System.Private.CoreLib],[System.__Canon, System.Private.CoreLib],[System.__Canon, System.Private.CoreLib]].RunTest(System.__Canon)
0000715B177F7690 00007188E843B0A7 Xunit.v3.XunitTestRunnerBase`2+<RunTest>d__3[[System.__Canon, System.Private.CoreLib],[System.__Canon, System.Private.CoreLib]].MoveNext()
0000715B177F77E0 00007188E84C7850 Xunit.v3.XunitTestRunnerBase`2[[System.__Canon, System.Private.CoreLib],[System.__Canon, System.Private.CoreLib]].RunTest(System.__Canon)
0000715B177F78D0 00007188E8080C61 Xunit.v3.ExceptionAggregator+<RunAsync>d__14`1[[System.TimeSpan, System.Private.CoreLib]].MoveNext()
0000715B177F7940 00007188E8405A39 System.Runtime.CompilerServices.AsyncMethodBuilderCore.Start[[Xunit.v3.ExceptionAggregator+<RunAsync>d__14`1[[System.TimeSpan, System.Private.CoreLib]], xunit.v3.core]](<RunAsync>d__14`1<System.TimeSpan> ByRef)
0000715B177F7980 00007188E843C38D Xunit.v3.TestRunnerBase`2+<Run>d__13[[System.__Canon, System.Private.CoreLib],[System.__Canon, System.Private.CoreLib]].MoveNext()
0000715B177F7D50 00007188E843F687 Xunit.v3.XunitTestRunner+<Run>d__3.MoveNext() [/_/src/xunit.v3.core/Runners/Reflection/XunitTestRunner_reflection.cs @ 81]
0000715B177F7FF0 00007188E84BF9A9 System.Runtime.CompilerServices.AsyncMethodBuilderCore.Start[[Xunit.v3.XunitTestRunner+<Run>d__3, xunit.v3.core]](<Run>d__3 ByRef)
0000715B177F8030 00007188E8440709 Xunit.v3.TestCaseRunner`3+<RunTestCase>d__2[[System.__Canon, System.Private.CoreLib],[System.__Canon, System.Private.CoreLib],[System.__Canon, System.Private.CoreLib]].MoveNext()
0000715B177F8310 00007188E84BE72C System.Runtime.CompilerServices.AsyncMethodBuilderCore.Start[[Xunit.v3.TestCaseRunner`3+<RunTestCase>d__2[[System.__Canon, System.Private.CoreLib],[System.__Canon, System.Private.CoreLib],[System.__Canon, System.Private.CoreLib]], xunit.v3.core]](<RunTestCase>d__2<System.__Canon,System.__Canon,System.__Canon> ByRef)
0000715B177F8360 00007188E8441466 Xunit.v3.CoreTestCaseRunner`3+<RunTestCaseInner>d__1[[System.__Canon, System.Private.CoreLib],[System.__Canon, System.Private.CoreLib],[System.__Canon, System.Private.CoreLib]].MoveNext()
0000715B177F8640 00007188E84BE5EC System.Runtime.CompilerServices.AsyncMethodBuilderCore.Start[[Xunit.v3.CoreTestCaseRunner`3+<RunTestCaseInner>d__1[[System.__Canon, System.Private.CoreLib],[System.__Canon, System.Private.CoreLib],[System.__Canon, System.Private.CoreLib]], xunit.v3.core]](<RunTestCaseInner>d__1<System.__Canon,System.__Canon,System.__Canon> ByRef)
0000715B177F8690 00007188E8442C38 Xunit.v3.XunitTestCaseRunnerBase`3+<RunTestCaseInner>d__0[[System.__Canon, System.Private.CoreLib],[System.__Canon, System.Private.CoreLib],[System.__Canon, System.Private.CoreLib]].MoveNext()
0000715B177F8960 00007188E8443DF8 Xunit.v3.CoreTestCaseRunner`3+<RunTestCase>d__0[[System.__Canon, System.Private.CoreLib],[System.__Canon, System.Private.CoreLib],[System.__Canon, System.Private.CoreLib]].MoveNext()
0000715B177F8B80 00007188E84BD35C System.Runtime.CompilerServices.AsyncMethodBuilderCore.Start[[Xunit.v3.CoreTestCaseRunner`3+<RunTestCase>d__0[[System.__Canon, System.Private.CoreLib],[System.__Canon, System.Private.CoreLib],[System.__Canon, System.Private.CoreLib]], xunit.v3.core]](<RunTestCase>d__0<System.__Canon,System.__Canon,System.__Canon> ByRef)
0000715B177F8BD0 00007188E80C7354 Xunit.v3.ExceptionAggregator+<RunAsync>d__14`1[[Xunit.v3.RunSummary, xunit.v3.core]].MoveNext()
0000715B177F8D60 00007188E84567F9 System.Runtime.CompilerServices.AsyncMethodBuilderCore.Start[[Xunit.v3.ExceptionAggregator+<RunAsync>d__14`1[[Xunit.v3.RunSummary, xunit.v3.core]], xunit.v3.core]](<RunAsync>d__14`1<Xunit.v3.RunSummary> ByRef)
0000715B177F8DA0 00007188E8444900 Xunit.v3.TestCaseRunnerBase`2+<Run>d__5[[System.__Canon, System.Private.CoreLib],[System.__Canon, System.Private.CoreLib]].MoveNext()
0000715B177F8FD0 00007188E84462B7 Xunit.v3.XunitTestCaseRunner+<Run>d__5.MoveNext() [/_/src/xunit.v3.core/Runners/Reflection/XunitTestCaseRunner_reflection.cs @ 95]
0000715B177F9200 00007188E84B3BA9 System.Runtime.CompilerServices.AsyncMethodBuilderCore.Start[[Xunit.v3.XunitTestCaseRunner+<Run>d__5, xunit.v3.core]](<Run>d__5 ByRef)
0000715B177F9240 00007188E84472A3 Xunit.v3.XunitRunnerHelper+<RunCoreTestCase>d__6`1[[System.__Canon, System.Private.CoreLib]].MoveNext()
0000715B177F9530 00007188E8467D62 Xunit.v3.TestMethodRunner`3+<RunTestCases>d__8[[System.__Canon, System.Private.CoreLib],[System.__Canon, System.Private.CoreLib],[System.__Canon, System.Private.CoreLib]].MoveNext()
0000715B177F9860 00007188E7F085A8 System.Threading.ExecutionContext.RunInternal(System.Threading.ExecutionContext, System.Threading.ContextCallback, System.Object) [/_/src/runtime/src/libraries/System.Private.CoreLib/src/System/Threading/ExecutionContext.cs @ 179]
0000715B177F98B0 00007188E85159FE System.Runtime.CompilerServices.AsyncTaskMethodBuilder`1+AsyncStateMachineBox`1[[Xunit.v3.RunSummary, xunit.v3.core],[Xunit.v3.TestMethodRunner`3+<RunTestCases>d__8[[System.__Canon, System.Private.CoreLib],[System.__Canon, System.Private.CoreLib],[System.__Canon, System.Private.CoreLib]], xunit.v3.core]].MoveNext()
0000715B177F98F0 00007188E7FB54CB System.Threading.Tasks.AwaitTaskContinuation.RunOrScheduleAction(System.Runtime.CompilerServices.IAsyncStateMachineBox, Boolean) [/_/src/runtime/src/libraries/System.Private.CoreLib/src/System/Threading/Tasks/TaskContinuation.cs @ 795]
0000715B177F9970 00007188E7FB49F7 System.Threading.Tasks.Task.RunContinuations(System.Object) [/_/src/runtime/src/libraries/System.Private.CoreLib/src/System/Threading/Tasks/Task.cs @ 3474]
0000715B177F99F0 00007188E8447DBD Xunit.v3.XunitRunnerHelper+<RunCoreTestCase>d__6`1[[System.__Canon, System.Private.CoreLib]].MoveNext()
0000715B177F9CE0 00007188E7F085A8 System.Threading.ExecutionContext.RunInternal(System.Threading.ExecutionContext, System.Threading.ContextCallback, System.Object) [/_/src/runtime/src/libraries/System.Private.CoreLib/src/System/Threading/ExecutionContext.cs @ 179]
0000715B177F9D30 00007188E85155D2 System.Runtime.CompilerServices.AsyncTaskMethodBuilder`1+AsyncStateMachineBox`1[[Xunit.v3.RunSummary, xunit.v3.core],[Xunit.v3.XunitRunnerHelper+<RunCoreTestCase>d__6`1[[System.__Canon, System.Private.CoreLib]], xunit.v3.core]].MoveNext()
0000715B177F9D70 00007188E7FB54CB System.Threading.Tasks.AwaitTaskContinuation.RunOrScheduleAction(System.Runtime.CompilerServices.IAsyncStateMachineBox, Boolean) [/_/src/runtime/src/libraries/System.Private.CoreLib/src/System/Threading/Tasks/TaskContinuation.cs @ 795]
0000715B177F9DF0 00007188E7FB49F7 System.Threading.Tasks.Task.RunContinuations(System.Object) [/_/src/runtime/src/libraries/System.Private.CoreLib/src/System/Threading/Tasks/Task.cs @ 3474]
0000715B177F9E70 00007188E8446D72 Xunit.v3.XunitTestCaseRunner+<Run>d__5.MoveNext() [/_/src/xunit.v3.core/Runners/Reflection/XunitTestCaseRunner_reflection.cs @ 96]
0000715B177FA0A0 00007188E7F085A8 System.Threading.ExecutionContext.RunInternal(System.Threading.ExecutionContext, System.Threading.ContextCallback, System.Object) [/_/src/runtime/src/libraries/System.Private.CoreLib/src/System/Threading/ExecutionContext.cs @ 179]
0000715B177FA0F0 00007188E85152B0 System.Runtime.CompilerServices.AsyncTaskMethodBuilder`1+AsyncStateMachineBox`1[[Xunit.v3.RunSummary, xunit.v3.core],[Xunit.v3.XunitTestCaseRunner+<Run>d__5, xunit.v3.core]].MoveNext()
0000715B177FA120 00007188E7FB54CB System.Threading.Tasks.AwaitTaskContinuation.RunOrScheduleAction(System.Runtime.CompilerServices.IAsyncStateMachineBox, Boolean) [/_/src/runtime/src/libraries/System.Private.CoreLib/src/System/Threading/Tasks/TaskContinuation.cs @ 795]
0000715B177FA1A0 00007188E7FB49F7 System.Threading.Tasks.Task.RunContinuations(System.Object) [/_/src/runtime/src/libraries/System.Private.CoreLib/src/System/Threading/Tasks/Task.cs @ 3474]
0000715B177FA220 00007188E8445C79 Xunit.v3.TestCaseRunnerBase`2+<Run>d__5[[System.__Canon, System.Private.CoreLib],[System.__Canon, System.Private.CoreLib]].MoveNext()
0000715B177FA450 00007188E7F085A8 System.Threading.ExecutionContext.RunInternal(System.Threading.ExecutionContext, System.Threading.ContextCallback, System.Object) [/_/src/runtime/src/libraries/System.Private.CoreLib/src/System/Threading/ExecutionContext.cs @ 179]
0000715B177FA4A0 00007188E8514E32 System.Runtime.CompilerServices.AsyncTaskMethodBuilder`1+AsyncStateMachineBox`1[[Xunit.v3.RunSummary, xunit.v3.core],[Xunit.v3.TestCaseRunnerBase`2+<Run>d__5[[System.__Canon, System.Private.CoreLib],[System.__Canon, System.Private.CoreLib]], xunit.v3.core]].MoveNext()
0000715B177FA4E0 00007188E7FB54CB System.Threading.Tasks.AwaitTaskContinuation.RunOrScheduleAction(System.Runtime.CompilerServices.IAsyncStateMachineBox, Boolean) [/_/src/runtime/src/libraries/System.Private.CoreLib/src/System/Threading/Tasks/TaskContinuation.cs @ 795]
0000715B177FA560 00007188E7FB49F7 System.Threading.Tasks.Task.RunContinuations(System.Object) [/_/src/runtime/src/libraries/System.Private.CoreLib/src/System/Threading/Tasks/Task.cs @ 3474]
0000715B177FA5E0 00007188E80C76B2 Xunit.v3.ExceptionAggregator+<RunAsync>d__14`1[[Xunit.v3.RunSummary, xunit.v3.core]].MoveNext()
0000715B177FA770 00007188E7F085A8 System.Threading.ExecutionContext.RunInternal(System.Threading.ExecutionContext, System.Threading.ContextCallback, System.Object) [/_/src/runtime/src/libraries/System.Private.CoreLib/src/System/Threading/ExecutionContext.cs @ 179]
0000715B177FA7C0 00007188E846E540 System.Runtime.CompilerServices.AsyncTaskMethodBuilder`1+AsyncStateMachineBox`1[[Xunit.v3.RunSummary, xunit.v3.core],[Xunit.v3.ExceptionAggregator+<RunAsync>d__14`1[[Xunit.v3.RunSummary, xunit.v3.core]], xunit.v3.core]].MoveNext()
0000715B177FA7F0 00007188E7FB54CB System.Threading.Tasks.AwaitTaskContinuation.RunOrScheduleAction(System.Runtime.CompilerServices.IAsyncStateMachineBox, Boolean) [/_/src/runtime/src/libraries/System.Private.CoreLib/src/System/Threading/Tasks/TaskContinuation.cs @ 795]
0000715B177FA870 00007188E7FB49F7 System.Threading.Tasks.Task.RunContinuations(System.Object) [/_/src/runtime/src/libraries/System.Private.CoreLib/src/System/Threading/Tasks/Task.cs @ 3474]
0000715B177FA8F0 00007188E8444371 Xunit.v3.CoreTestCaseRunner`3+<RunTestCase>d__0[[System.__Canon, System.Private.CoreLib],[System.__Canon, System.Private.CoreLib],[System.__Canon, System.Private.CoreLib]].MoveNext()
0000715B177FAB10 00007188E7F085A8 System.Threading.ExecutionContext.RunInternal(System.Threading.ExecutionContext, System.Threading.ContextCallback, System.Object) [/_/src/runtime/src/libraries/System.Private.CoreLib/src/System/Threading/ExecutionContext.cs @ 179]
0000715B177FAB60 00007188E85149C2 System.Runtime.CompilerServices.AsyncTaskMethodBuilder`1+AsyncStateMachineBox`1[[Xunit.v3.RunSummary, xunit.v3.core],[Xunit.v3.CoreTestCaseRunner`3+<RunTestCase>d__0[[System.__Canon, System.Private.CoreLib],[System.__Canon, System.Private.CoreLib],[System.__Canon, System.Private.CoreLib]], xunit.v3.core]].MoveNext()
0000715B177FABA0 00007188E7FB54CB System.Threading.Tasks.AwaitTaskContinuation.RunOrScheduleAction(System.Runtime.CompilerServices.IAsyncStateMachineBox, Boolean) [/_/src/runtime/src/libraries/System.Private.CoreLib/src/System/Threading/Tasks/TaskContinuation.cs @ 795]
0000715B177FAC20 00007188E7FB49F7 System.Threading.Tasks.Task.RunContinuations(System.Object) [/_/src/runtime/src/libraries/System.Private.CoreLib/src/System/Threading/Tasks/Task.cs @ 3474]
0000715B177FACA0 00007188E8443AF6 Xunit.v3.XunitTestCaseRunnerBase`3+<RunTestCaseInner>d__0[[System.__Canon, System.Private.CoreLib],[System.__Canon, System.Private.CoreLib],[System.__Canon, System.Private.CoreLib]].MoveNext()
0000715B177FAF70 00007188E7F085A8 System.Threading.ExecutionContext.RunInternal(System.Threading.ExecutionContext, System.Threading.ContextCallback, System.Object) [/_/src/runtime/src/libraries/System.Private.CoreLib/src/System/Threading/ExecutionContext.cs @ 179]
0000715B177FAFC0 00007188E8514592 System.Runtime.CompilerServices.AsyncTaskMethodBuilder`1+AsyncStateMachineBox`1[[Xunit.v3.RunSummary, xunit.v3.core],[Xunit.v3.XunitTestCaseRunnerBase`3+<RunTestCaseInner>d__0[[System.__Canon, System.Private.CoreLib],[System.__Canon, System.Private.CoreLib],[System.__Canon, System.Private.CoreLib]], xunit.v3.core]].MoveNext()
0000715B177FB000 00007188E7FB54CB System.Threading.Tasks.AwaitTaskContinuation.RunOrScheduleAction(System.Runtime.CompilerServices.IAsyncStateMachineBox, Boolean) [/_/src/runtime/src/libraries/System.Private.CoreLib/src/System/Threading/Tasks/TaskContinuation.cs @ 795]
0000715B177FB080 00007188E7FB49F7 System.Threading.Tasks.Task.RunContinuations(System.Object) [/_/src/runtime/src/libraries/System.Private.CoreLib/src/System/Threading/Tasks/Task.cs @ 3474]
0000715B177FB100 00007188E8442267 Xunit.v3.CoreTestCaseRunner`3+<RunTestCaseInner>d__1[[System.__Canon, System.Private.CoreLib],[System.__Canon, System.Private.CoreLib],[System.__Canon, System.Private.CoreLib]].MoveNext()
0000715B177FB3E0 00007188E7F085A8 System.Threading.ExecutionContext.RunInternal(System.Threading.ExecutionContext, System.Threading.ContextCallback, System.Object) [/_/src/runtime/src/libraries/System.Private.CoreLib/src/System/Threading/ExecutionContext.cs @ 179]
0000715B177FB430 00007188E7FB54B6 System.Threading.Tasks.AwaitTaskContinuation.RunOrScheduleAction(System.Runtime.CompilerServices.IAsyncStateMachineBox, Boolean) [/_/src/runtime/src/libraries/System.Private.CoreLib/src/System/Threading/Tasks/TaskContinuation.cs @ 795]
0000715B177FB4B0 00007188E7FB49F7 System.Threading.Tasks.Task.RunContinuations(System.Object) [/_/src/runtime/src/libraries/System.Private.CoreLib/src/System/Threading/Tasks/Task.cs @ 3474]
0000715B177FB530 00007188E8441164 Xunit.v3.TestCaseRunner`3+<RunTestCase>d__2[[System.__Canon, System.Private.CoreLib],[System.__Canon, System.Private.CoreLib],[System.__Canon, System.Private.CoreLib]].MoveNext()
0000715B177FB810 00007188E7F085A8 System.Threading.ExecutionContext.RunInternal(System.Threading.ExecutionContext, System.Threading.ContextCallback, System.Object) [/_/src/runtime/src/libraries/System.Private.CoreLib/src/System/Threading/ExecutionContext.cs @ 179]
0000715B177FB860 00007188E8514102 System.Runtime.CompilerServices.AsyncTaskMethodBuilder`1+AsyncStateMachineBox`1[[Xunit.v3.RunSummary, xunit.v3.core],[Xunit.v3.TestCaseRunner`3+<RunTestCase>d__2[[System.__Canon, System.Private.CoreLib],[System.__Canon, System.Private.CoreLib],[System.__Canon, System.Private.CoreLib]], xunit.v3.core]].MoveNext()
0000715B177FB8A0 00007188E7FB54CB System.Threading.Tasks.AwaitTaskContinuation.RunOrScheduleAction(System.Runtime.CompilerServices.IAsyncStateMachineBox, Boolean) [/_/src/runtime/src/libraries/System.Private.CoreLib/src/System/Threading/Tasks/TaskContinuation.cs @ 795]
0000715B177FB920 00007188E7FB49F7 System.Threading.Tasks.Task.RunContinuations(System.Object) [/_/src/runtime/src/libraries/System.Private.CoreLib/src/System/Threading/Tasks/Task.cs @ 3474]
0000715B177FB9A0 00007188E8440067 Xunit.v3.XunitTestRunner+<Run>d__3.MoveNext() [/_/src/xunit.v3.core/Runners/Reflection/XunitTestRunner_reflection.cs @ 82]
0000715B177FBC40 00007188E7F085A8 System.Threading.ExecutionContext.RunInternal(System.Threading.ExecutionContext, System.Threading.ContextCallback, System.Object) [/_/src/runtime/src/libraries/System.Private.CoreLib/src/System/Threading/ExecutionContext.cs @ 179]
0000715B177FBC90 00007188E8513DE0 System.Runtime.CompilerServices.AsyncTaskMethodBuilder`1+AsyncStateMachineBox`1[[Xunit.v3.RunSummary, xunit.v3.core],[Xunit.v3.XunitTestRunner+<Run>d__3, xunit.v3.core]].MoveNext()
0000715B177FBCC0 00007188E7FB54CB System.Threading.Tasks.AwaitTaskContinuation.RunOrScheduleAction(System.Runtime.CompilerServices.IAsyncStateMachineBox, Boolean) [/_/src/runtime/src/libraries/System.Private.CoreLib/src/System/Threading/Tasks/TaskContinuation.cs @ 795]
0000715B177FBD40 00007188E7FB49F7 System.Threading.Tasks.Task.RunContinuations(System.Object) [/_/src/runtime/src/libraries/System.Private.CoreLib/src/System/Threading/Tasks/Task.cs @ 3474]
0000715B177FBDC0 00007188E843EFA1 Xunit.v3.TestRunnerBase`2+<Run>d__13[[System.__Canon, System.Private.CoreLib],[System.__Canon, System.Private.CoreLib]].MoveNext()
0000715B177FC190 00007188E7F085A8 System.Threading.ExecutionContext.RunInternal(System.Threading.ExecutionContext, System.Threading.ContextCallback, System.Object) [/_/src/runtime/src/libraries/System.Private.CoreLib/src/System/Threading/ExecutionContext.cs @ 179]
0000715B177FC1E0 00007188E85139D2 System.Runtime.CompilerServices.AsyncTaskMethodBuilder`1+AsyncStateMachineBox`1[[Xunit.v3.RunSummary, xunit.v3.core],[Xunit.v3.TestRunnerBase`2+<Run>d__13[[System.__Canon, System.Private.CoreLib],[System.__Canon, System.Private.CoreLib]], xunit.v3.core]].MoveNext()
0000715B177FC220 00007188E7FB54CB System.Threading.Tasks.AwaitTaskContinuation.RunOrScheduleAction(System.Runtime.CompilerServices.IAsyncStateMachineBox, Boolean) [/_/src/runtime/src/libraries/System.Private.CoreLib/src/System/Threading/Tasks/TaskContinuation.cs @ 795]
0000715B177FC2A0 00007188E7FB49F7 System.Threading.Tasks.Task.RunContinuations(System.Object) [/_/src/runtime/src/libraries/System.Private.CoreLib/src/System/Threading/Tasks/Task.cs @ 3474]
0000715B177FC320 00007188E8080E64 Xunit.v3.ExceptionAggregator+<RunAsync>d__14`1[[System.TimeSpan, System.Private.CoreLib]].MoveNext()
0000715B177FC390 00007188E7F085A8 System.Threading.ExecutionContext.RunInternal(System.Threading.ExecutionContext, System.Threading.ContextCallback, System.Object) [/_/src/runtime/src/libraries/System.Private.CoreLib/src/System/Threading/ExecutionContext.cs @ 179]
0000715B177FC3E0 00007188E844A820 System.Runtime.CompilerServices.AsyncTaskMethodBuilder`1+AsyncStateMachineBox`1[[System.TimeSpan, System.Private.CoreLib],[Xunit.v3.ExceptionAggregator+<RunAsync>d__14`1[[System.TimeSpan, System.Private.CoreLib]], xunit.v3.core]].MoveNext()
0000715B177FC410 00007188E7FB54CB System.Threading.Tasks.AwaitTaskContinuation.RunOrScheduleAction(System.Runtime.CompilerServices.IAsyncStateMachineBox, Boolean) [/_/src/runtime/src/libraries/System.Private.CoreLib/src/System/Threading/Tasks/TaskContinuation.cs @ 795]
0000715B177FC490 00007188E7FB49F7 System.Threading.Tasks.Task.RunContinuations(System.Object) [/_/src/runtime/src/libraries/System.Private.CoreLib/src/System/Threading/Tasks/Task.cs @ 3474]
0000715B177FC510 00007188E843BCA4 Xunit.v3.XunitTestRunnerBase`2+<RunTest>d__3[[System.__Canon, System.Private.CoreLib],[System.__Canon, System.Private.CoreLib]].MoveNext()
0000715B177FC660 00007188E7F085A8 System.Threading.ExecutionContext.RunInternal(System.Threading.ExecutionContext, System.Threading.ContextCallback, System.Object) [/_/src/runtime/src/libraries/System.Private.CoreLib/src/System/Threading/ExecutionContext.cs @ 179]
0000715B177FC6B0 00007188E85135A2 System.Runtime.CompilerServices.AsyncTaskMethodBuilder`1+AsyncStateMachineBox`1[[System.TimeSpan, System.Private.CoreLib],[Xunit.v3.XunitTestRunnerBase`2+<RunTest>d__3[[System.__Canon, System.Private.CoreLib],[System.__Canon, System.Private.CoreLib]], xunit.v3.core]].MoveNext()
0000715B177FC6F0 00007188E7FB54CB System.Threading.Tasks.AwaitTaskContinuation.RunOrScheduleAction(System.Runtime.CompilerServices.IAsyncStateMachineBox, Boolean) [/_/src/runtime/src/libraries/System.Private.CoreLib/src/System/Threading/Tasks/TaskContinuation.cs @ 795]
0000715B177FC770 00007188E7FB49F7 System.Threading.Tasks.Task.RunContinuations(System.Object) [/_/src/runtime/src/libraries/System.Private.CoreLib/src/System/Threading/Tasks/Task.cs @ 3474]
0000715B177FC7F0 00007188E843A3C5 Xunit.v3.TestRunner`2+<RunTest>d__15[[System.__Canon, System.Private.CoreLib],[System.__Canon, System.Private.CoreLib]].MoveNext()
0000715B177FC890 00007188E7F085A8 System.Threading.ExecutionContext.RunInternal(System.Threading.ExecutionContext, System.Threading.ContextCallback, System.Object) [/_/src/runtime/src/libraries/System.Private.CoreLib/src/System/Threading/ExecutionContext.cs @ 179]
0000715B177FC8E0 00007188E8513122 System.Runtime.CompilerServices.AsyncTaskMethodBuilder`1+AsyncStateMachineBox`1[[System.TimeSpan, System.Private.CoreLib],[Xunit.v3.TestRunner`2+<RunTest>d__15[[System.__Canon, System.Private.CoreLib],[System.__Canon, System.Private.CoreLib]], xunit.v3.core]].MoveNext()
0000715B177FC920 00007188E7FB54CB System.Threading.Tasks.AwaitTaskContinuation.RunOrScheduleAction(System.Runtime.CompilerServices.IAsyncStateMachineBox, Boolean) [/_/src/runtime/src/libraries/System.Private.CoreLib/src/System/Threading/Tasks/TaskContinuation.cs @ 795]
0000715B177FC9A0 00007188E7FB49F7 System.Threading.Tasks.Task.RunContinuations(System.Object) [/_/src/runtime/src/libraries/System.Private.CoreLib/src/System/Threading/Tasks/Task.cs @ 3474]
0000715B177FCA20 00007188E843935D Xunit.v3.TestRunner`2+<>c__DisplayClass15_1+<<RunTest>g__runTest|0>d[[System.__Canon, System.Private.CoreLib],[System.__Canon, System.Private.CoreLib]].MoveNext()
0000715B177FCB90 00007188E7F085A8 System.Threading.ExecutionContext.RunInternal(System.Threading.ExecutionContext, System.Threading.ContextCallback, System.Object) [/_/src/runtime/src/libraries/System.Private.CoreLib/src/System/Threading/ExecutionContext.cs @ 179]
0000715B177FCBE0 00007188E8512CC2 System.Runtime.CompilerServices.AsyncTaskMethodBuilder`1+AsyncStateMachineBox`1[[System.Threading.Tasks.VoidTaskResult, System.Private.CoreLib],[Xunit.v3.TestRunner`2+<>c__DisplayClass15_1+<<RunTest>g__runTest|0>d[[System.__Canon, System.Private.CoreLib],[System.__Canon, System.Private.CoreLib]], xunit.v3.core]].MoveNext()
0000715B177FCC20 00007188E7FB54CB System.Threading.Tasks.AwaitTaskContinuation.RunOrScheduleAction(System.Runtime.CompilerServices.IAsyncStateMachineBox, Boolean) [/_/src/runtime/src/libraries/System.Private.CoreLib/src/System/Threading/Tasks/TaskContinuation.cs @ 795]
0000715B177FCCA0 00007188E7FB49F7 System.Threading.Tasks.Task.RunContinuations(System.Object) [/_/src/runtime/src/libraries/System.Private.CoreLib/src/System/Threading/Tasks/Task.cs @ 3474]
0000715B177FCD20 00007188E8080E64 Xunit.v3.ExceptionAggregator+<RunAsync>d__14`1[[System.TimeSpan, System.Private.CoreLib]].MoveNext()
0000715B177FCD90 00007188E7F085A8 System.Threading.ExecutionContext.RunInternal(System.Threading.ExecutionContext, System.Threading.ContextCallback, System.Object) [/_/src/runtime/src/libraries/System.Private.CoreLib/src/System/Threading/ExecutionContext.cs @ 179]
0000715B177FCDE0 00007188E844A820 System.Runtime.CompilerServices.AsyncTaskMethodBuilder`1+AsyncStateMachineBox`1[[System.TimeSpan, System.Private.CoreLib],[Xunit.v3.ExceptionAggregator+<RunAsync>d__14`1[[System.TimeSpan, System.Private.CoreLib]], xunit.v3.core]].MoveNext()
0000715B177FCE10 00007188E7FB54CB System.Threading.Tasks.AwaitTaskContinuation.RunOrScheduleAction(System.Runtime.CompilerServices.IAsyncStateMachineBox, Boolean) [/_/src/runtime/src/libraries/System.Private.CoreLib/src/System/Threading/Tasks/TaskContinuation.cs @ 795]
0000715B177FCE90 00007188E7FB49F7 System.Threading.Tasks.Task.RunContinuations(System.Object) [/_/src/runtime/src/libraries/System.Private.CoreLib/src/System/Threading/Tasks/Task.cs @ 3474]
0000715B177FCF10 00007188E8080633 Xunit.v3.ExecutionTimer+<MeasureAsync>d__2.MoveNext() [/_/src/xunit.v3.core/Utility/ExecutionTimer.cs @ 57]
0000715B177FCF60 00007188E7F085A8 System.Threading.ExecutionContext.RunInternal(System.Threading.ExecutionContext, System.Threading.ContextCallback, System.Object) [/_/src/runtime/src/libraries/System.Private.CoreLib/src/System/Threading/ExecutionContext.cs @ 179]
0000715B177FCFB0 00007188E85129A0 System.Runtime.CompilerServices.AsyncTaskMethodBuilder`1+AsyncStateMachineBox`1[[System.TimeSpan, System.Private.CoreLib],[Xunit.v3.ExecutionTimer+<MeasureAsync>d__2, xunit.v3.core]].MoveNext()
0000715B177FCFE0 00007188E7FB54CB System.Threading.Tasks.AwaitTaskContinuation.RunOrScheduleAction(System.Runtime.CompilerServices.IAsyncStateMachineBox, Boolean) [/_/src/runtime/src/libraries/System.Private.CoreLib/src/System/Threading/Tasks/TaskContinuation.cs @ 795]
0000715B177FD060 00007188E7FB49F7 System.Threading.Tasks.Task.RunContinuations(System.Object) [/_/src/runtime/src/libraries/System.Private.CoreLib/src/System/Threading/Tasks/Task.cs @ 3474]
0000715B177FD0E0 00007188E802DAD2 System.Runtime.CompilerServices.AsyncTaskMethodBuilder`1[[System.Threading.Tasks.VoidTaskResult, System.Private.CoreLib]].SetExistingTaskResult(System.Threading.Tasks.Task`1<System.Threading.Tasks.VoidTaskResult>, System.Threading.Tasks.VoidTaskResult)
0000715B177FD110 00007188E8080AA5 Xunit.v3.ExceptionAggregator+<RunAsync>d__13.MoveNext() [/_/src/xunit.v3.core/Exceptions/ExceptionAggregator.cs @ 125]
0000715B177FD1B0 00007188E7F085A8 System.Threading.ExecutionContext.RunInternal(System.Threading.ExecutionContext, System.Threading.ContextCallback, System.Object) [/_/src/runtime/src/libraries/System.Private.CoreLib/src/System/Threading/ExecutionContext.cs @ 179]
0000715B177FD200 00007188E8507010 System.Runtime.CompilerServices.AsyncTaskMethodBuilder`1+AsyncStateMachineBox`1[[System.Threading.Tasks.VoidTaskResult, System.Private.CoreLib],[Xunit.v3.ExceptionAggregator+<RunAsync>d__13, xunit.v3.core]].MoveNext()
0000715B177FD230 00007188E7FB54CB System.Threading.Tasks.AwaitTaskContinuation.RunOrScheduleAction(System.Runtime.CompilerServices.IAsyncStateMachineBox, Boolean) [/_/src/runtime/src/libraries/System.Private.CoreLib/src/System/Threading/Tasks/TaskContinuation.cs @ 795]
0000715B177FD2B0 00007188E7FB49F7 System.Threading.Tasks.Task.RunContinuations(System.Object) [/_/src/runtime/src/libraries/System.Private.CoreLib/src/System/Threading/Tasks/Task.cs @ 3474]
0000715B177FD330 00007188E802DAD2 System.Runtime.CompilerServices.AsyncTaskMethodBuilder`1[[System.Threading.Tasks.VoidTaskResult, System.Private.CoreLib]].SetExistingTaskResult(System.Threading.Tasks.Task`1<System.Threading.Tasks.VoidTaskResult>, System.Threading.Tasks.VoidTaskResult)
0000715B177FD360 00007188E843896C Xunit.v3.XunitTestRunnerBaseContext`1+<>c__DisplayClass18_0+<<InvokeTest>b__1>d[[System.__Canon, System.Private.CoreLib]].MoveNext()
0000715B177FD3E0 00007188E7F085A8 System.Threading.ExecutionContext.RunInternal(System.Threading.ExecutionContext, System.Threading.ContextCallback, System.Object) [/_/src/runtime/src/libraries/System.Private.CoreLib/src/System/Threading/ExecutionContext.cs @ 179]
0000715B177FD430 00007188E8512592 System.Runtime.CompilerServices.AsyncTaskMethodBuilder`1+AsyncStateMachineBox`1[[System.Threading.Tasks.VoidTaskResult, System.Private.CoreLib],[Xunit.v3.XunitTestRunnerBaseContext`1+<>c__DisplayClass18_0+<<InvokeTest>b__1>d[[System.__Canon, System.Private.CoreLib]], xunit.v3.core]].MoveNext()
0000715B177FD470 00007188E7FB54CB System.Threading.Tasks.AwaitTaskContinuation.RunOrScheduleAction(System.Runtime.CompilerServices.IAsyncStateMachineBox, Boolean) [/_/src/runtime/src/libraries/System.Private.CoreLib/src/System/Threading/Tasks/TaskContinuation.cs @ 795]
0000715B177FD4F0 00007188E7FB49F7 System.Threading.Tasks.Task.RunContinuations(System.Object) [/_/src/runtime/src/libraries/System.Private.CoreLib/src/System/Threading/Tasks/Task.cs @ 3474]
0000715B177FD570 00007188E802DAD2 System.Runtime.CompilerServices.AsyncTaskMethodBuilder`1[[System.Threading.Tasks.VoidTaskResult, System.Private.CoreLib]].SetExistingTaskResult(System.Threading.Tasks.Task`1<System.Threading.Tasks.VoidTaskResult>, System.Threading.Tasks.VoidTaskResult)
0000715B177FD5A0 00007188E943307B Hexalith.EventStore.Server.Tests.Events.DaprLogicalCallbackFenceTests+<CallableAuthorityLossStopsLaterCallbacksApplySaveAndProof>d__1.MoveNext() [/home/administrator/projects/hexalith/eventstore/tests/Hexalith.EventStore.Server.Tests/Events/DaprLogicalCallbackFenceTests.cs @ 104]
0000715B177FD7F0 00007188E7F085A8 System.Threading.ExecutionContext.RunInternal(System.Threading.ExecutionContext, System.Threading.ContextCallback, System.Object) [/_/src/runtime/src/libraries/System.Private.CoreLib/src/System/Threading/ExecutionContext.cs @ 179]
0000715B177FD840 00007188E943A9A0 System.Runtime.CompilerServices.AsyncTaskMethodBuilder`1+AsyncStateMachineBox`1[[System.Threading.Tasks.VoidTaskResult, System.Private.CoreLib],[Hexalith.EventStore.Server.Tests.Events.DaprLogicalCallbackFenceTests+<CallableAuthorityLossStopsLaterCallbacksApplySaveAndProof>d__1, Hexalith.EventStore.Server.Tests]].MoveNext()
0000715B177FD870 00007188E7FB54CB System.Threading.Tasks.AwaitTaskContinuation.RunOrScheduleAction(System.Runtime.CompilerServices.IAsyncStateMachineBox, Boolean) [/_/src/runtime/src/libraries/System.Private.CoreLib/src/System/Threading/Tasks/TaskContinuation.cs @ 795]
0000715B177FD8F0 00007188E7FB49F7 System.Threading.Tasks.Task.RunContinuations(System.Object) [/_/src/runtime/src/libraries/System.Private.CoreLib/src/System/Threading/Tasks/Task.cs @ 3474]
0000715B177FD970 00007188E8092683 System.Threading.Tasks.Task.FinishStageTwo() [/_/src/runtime/src/libraries/System.Private.CoreLib/src/System/Threading/Tasks/Task.cs @ 2104]
0000715B177FD9C0 00007188E844A36F System.Threading.Tasks.Task.ExecuteWithThreadLocal(System.Threading.Tasks.Task ByRef, System.Threading.Thread) [/_/src/runtime/src/libraries/System.Private.CoreLib/src/System/Threading/Tasks/Task.cs @ 2359]
0000715B177FDA40 00007188E7AE2E56 System.Threading.ThreadPoolWorkQueue.Dispatch() [/_/src/runtime/src/libraries/System.Private.CoreLib/src/System/Threading/ThreadPoolWorkQueue.cs @ 1051]
0000715B177FDAD0 00007188DDEA6460 System.Threading.PortableThreadPool+WorkerThread.WorkerThreadStart() [/_/src/runtime/src/libraries/System.Private.CoreLib/src/System/Threading/PortableThreadPool.WorkerThread.cs @ 118]
0000715B177FDBA0 00007188DDE89756 System.Threading.Thread.StartCallback()
0000715B177FDD40 000071895d1fb3cc [DebuggerU2MCatchHandlerFrame: 0000715b177fdd40] 
OS Thread Id: 0x15f35
        Child SP               IP Call Site
0000715B14FFE9C8 000071895d4ac802 [InlinedCallFrame: 0000715b14ffe9c8] System.Threading.LowLevelLifoSemaphore.<WaitNative>g____PInvoke|3_0(IntPtr, Int32)
0000715B14FFE9C8 00007188e7ae3966 [InlinedCallFrame: 0000715b14ffe9c8] System.Threading.LowLevelLifoSemaphore.<WaitNative>g____PInvoke|3_0(IntPtr, Int32)
0000715B14FFE9A0 00007188E7AE3966 System.Threading.LowLevelLifoSemaphore.WaitForSignal(Int32) [/_/src/runtime/src/libraries/System.Private.CoreLib/src/System/Threading/LowLevelLifoSemaphore.cs @ 160]
0000715B14FFEA50 00007188E7AE34B8 System.Threading.LowLevelLifoSemaphore.Wait(Int32, Boolean) [/_/src/runtime/src/libraries/System.Private.CoreLib/src/System/Threading/LowLevelLifoSemaphore.cs @ 85]
0000715B14FFEAD0 00007188DDEA64A8 System.Threading.PortableThreadPool+WorkerThread.WorkerThreadStart() [/_/src/runtime/src/libraries/System.Private.CoreLib/src/System/Threading/PortableThreadPool.WorkerThread.cs @ 116]
0000715B14FFEBA0 00007188DDE89756 System.Threading.Thread.StartCallback()
0000715B14FFED40 000071895d1fb3cc [DebuggerU2MCatchHandlerFrame: 0000715b14ffed40] 
OS Thread Id: 0x17576
        Child SP               IP Call Site
OS Thread Id: 0x17845
        Child SP               IP Call Site
0000715B297FDD70 000071895d4ac802 [DebuggerU2MCatchHandlerFrame: 0000715b297fdd70] 
