  Determining projects to restore...
  Restored /tmp/story66-checkpoint-control1/work/src/Hexalith.EventStore.ServiceDefaults/Hexalith.EventStore.ServiceDefaults.csproj (in 217 ms).
  Restored /tmp/story66-checkpoint-control1/work/src/Hexalith.EventStore.Contracts/Hexalith.EventStore.Contracts.csproj (in 217 ms).
  Restored /tmp/story66-checkpoint-control1/work/src/Hexalith.EventStore.Client/Hexalith.EventStore.Client.csproj (in 217 ms).
  Restored /tmp/story66-checkpoint-control1/work/src/Hexalith.EventStore.DomainService/Hexalith.EventStore.DomainService.csproj (in 217 ms).
  Restored /tmp/story66-checkpoint-control1/work/src/Hexalith.EventStore.Server/Hexalith.EventStore.Server.csproj (in 217 ms).
  Restored /tmp/story66-checkpoint-control1/work/tests/Hexalith.EventStore.Server.Tests/Hexalith.EventStore.Server.Tests.csproj (in 217 ms).
  Restored /tmp/story66-checkpoint-control1/work/references/Hexalith.Commons/src/libraries/Hexalith.Commons.UniqueIds/Hexalith.Commons.UniqueIds.csproj (in 217 ms).
  Hexalith.Commons.UniqueIds -> /tmp/story66-checkpoint-control1/work/references/Hexalith.Commons/src/libraries/Hexalith.Commons.UniqueIds/bin/Debug/net10.0/Hexalith.Commons.UniqueIds.dll
  Successfully created package '/tmp/story66-checkpoint-control1/work/references/Hexalith.Commons/src/libraries/Hexalith.Commons.UniqueIds/bin/Debug/Hexalith.Commons.UniqueIds.1.0.0.nupkg'.
  Successfully created package '/tmp/story66-checkpoint-control1/work/references/Hexalith.Commons/src/libraries/Hexalith.Commons.UniqueIds/bin/Debug/Hexalith.Commons.UniqueIds.1.0.0.snupkg'.
  Hexalith.EventStore.Contracts -> /tmp/story66-checkpoint-control1/work/src/Hexalith.EventStore.Contracts/bin/Debug/net10.0/Hexalith.EventStore.Contracts.dll
  Hexalith.EventStore.Client -> /tmp/story66-checkpoint-control1/work/src/Hexalith.EventStore.Client/bin/Debug/net10.0/Hexalith.EventStore.Client.dll
  Hexalith.EventStore.ServiceDefaults -> /tmp/story66-checkpoint-control1/work/src/Hexalith.EventStore.ServiceDefaults/bin/Debug/net10.0/Hexalith.EventStore.ServiceDefaults.dll
  Hexalith.EventStore.DomainService -> /tmp/story66-checkpoint-control1/work/src/Hexalith.EventStore.DomainService/bin/Debug/net10.0/Hexalith.EventStore.DomainService.dll
  Hexalith.EventStore.Server -> /tmp/story66-checkpoint-control1/work/src/Hexalith.EventStore.Server/bin/Debug/net10.0/Hexalith.EventStore.Server.dll
/tmp/story66-checkpoint-control1/work/tests/Hexalith.EventStore.Server.Tests/Events/DaprLogicalCheckpointTests.cs(33,17): error CS1061: 'DaprLogicalCheckpointWitness' does not contain a definition for 'ProjectionType' and no accessible extension method 'ProjectionType' accepting a first argument of type 'DaprLogicalCheckpointWitness' could be found (are you missing a using directive or an assembly reference?) [/tmp/story66-checkpoint-control1/work/tests/Hexalith.EventStore.Server.Tests/Hexalith.EventStore.Server.Tests.csproj]
/tmp/story66-checkpoint-control1/work/tests/Hexalith.EventStore.Server.Tests/Events/DaprLogicalCheckpointTests.cs(146,40): error CS1061: 'RegisteredLogicalReplayBinding' does not contain a definition for 'Dispose' and no accessible extension method 'Dispose' accepting a first argument of type 'RegisteredLogicalReplayBinding' could be found (are you missing a using directive or an assembly reference?) [/tmp/story66-checkpoint-control1/work/tests/Hexalith.EventStore.Server.Tests/Hexalith.EventStore.Server.Tests.csproj]

Build FAILED.

/tmp/story66-checkpoint-control1/work/tests/Hexalith.EventStore.Server.Tests/Events/DaprLogicalCheckpointTests.cs(33,17): error CS1061: 'DaprLogicalCheckpointWitness' does not contain a definition for 'ProjectionType' and no accessible extension method 'ProjectionType' accepting a first argument of type 'DaprLogicalCheckpointWitness' could be found (are you missing a using directive or an assembly reference?) [/tmp/story66-checkpoint-control1/work/tests/Hexalith.EventStore.Server.Tests/Hexalith.EventStore.Server.Tests.csproj]
/tmp/story66-checkpoint-control1/work/tests/Hexalith.EventStore.Server.Tests/Events/DaprLogicalCheckpointTests.cs(146,40): error CS1061: 'RegisteredLogicalReplayBinding' does not contain a definition for 'Dispose' and no accessible extension method 'Dispose' accepting a first argument of type 'RegisteredLogicalReplayBinding' could be found (are you missing a using directive or an assembly reference?) [/tmp/story66-checkpoint-control1/work/tests/Hexalith.EventStore.Server.Tests/Hexalith.EventStore.Server.Tests.csproj]
    0 Warning(s)
    2 Error(s)

Time Elapsed 00:00:05.02
