Validating isolated package-only consumer for Hexalith.EventStore.Contracts...
  Determining projects to restore...
  Restored /tmp/eventstore-package-consumer-_zaax6ua/PackageConsumer.csproj (in 317 ms).
  PackageConsumer -> /tmp/eventstore-package-consumer-_zaax6ua/bin/Release/net10.0/PackageConsumer.dll

Build succeeded.
    0 Warning(s)
    0 Error(s)

Time Elapsed 00:00:00.50
Validating isolated package-only consumer for Hexalith.EventStore.Client...
  Determining projects to restore...
  Restored /tmp/eventstore-package-consumer-2zk9eco_/PackageConsumer.csproj (in 513 ms).
  PackageConsumer -> /tmp/eventstore-package-consumer-2zk9eco_/bin/Release/net10.0/PackageConsumer.dll

Build succeeded.
    0 Warning(s)
    0 Error(s)

Time Elapsed 00:00:00.63
Validating isolated package-only consumer for Hexalith.EventStore.DomainService...
  Determining projects to restore...
  Restored /tmp/eventstore-package-consumer-gmkrf2vl/PackageConsumer.csproj (in 561 ms).
  PackageConsumer -> /tmp/eventstore-package-consumer-gmkrf2vl/bin/Release/net10.0/PackageConsumer.dll

Build succeeded.
    0 Warning(s)
    0 Error(s)

Time Elapsed 00:00:00.74
Validated 3 isolated package-only consumers and 0 isolated tool consumers at version 999.0.0-ci-test.
