xUnit.net v3 In-Process Runner v4.0.1+8ed8aa354c (64-bit .NET 10.0.12)
  Discovering: Hexalith.EventStore.Server.Tests
  Discovered:  Hexalith.EventStore.Server.Tests
  Starting:    Hexalith.EventStore.Server.Tests
    Hexalith.EventStore.Server.Tests.Events.DaprLogicalCallbackFenceTests.YieldingAddressedFenceSeesExpiredAllCallbackFacadesAndExactFinalState [FAIL]
      Hexalith.EventStore.Server.Events.EventDeserializationException : Failed to deserialize event at sequence -1 for tenant:d:aggregate: Object reference not set to an instance of an object.
      ---- System.NullReferenceException : Object reference not set to an instance of an object.
      Stack Trace:
        src/Hexalith.EventStore.Server/Events/DaprLogicalEventReader.cs(493,0): at Hexalith.EventStore.Server.Events.DaprLogicalEventReader.ReadMetadataAsync(AggregateIdentity identity, CancellationToken cancellationToken)
        src/Hexalith.EventStore.Server/Events/DaprLogicalEventReader.cs(409,0): at Hexalith.EventStore.Server.Events.DaprLogicalEventReader.RequireStableMetadataAsync(AggregateIdentity identity, ConditionalValue`1 before, CancellationToken cancellationToken)
        src/Hexalith.EventStore.Server/Events/DaprLogicalEventReader.cs(363,0): at Hexalith.EventStore.Server.Events.DaprLogicalEventReader.<>c__DisplayClass11_0.<<ReadPageAsync>g__RequirePreparedPageAsync|0>d.MoveNext()
        --- End of stack trace from previous location ---
        src/Hexalith.EventStore.Client/Events/EventCallbackFence.cs(16,0): at Hexalith.EventStore.Client.Events.EventCallbackFence.RequireAsync(EventDomainRegistry registry, Func`2 sourceFence, CancellationToken token, Action requireBindings)
        src/Hexalith.EventStore.Client/Events/EventUpcastChainExecutor.cs(123,0): at Hexalith.EventStore.Client.Events.EventUpcastChainExecutor.UpcastOwnedAsync(String canonicalType, Int32 sourceVersion, ImmutablePayload owned, EventBufferBudget budget, CancellationToken cancellationToken, Func`2 sourceFence)
        src/Hexalith.EventStore.Client/Events/EventLogicalViewResolver.cs(123,0): at Hexalith.EventStore.Client.Events.EventLogicalViewResolver.ResolveOwnedAsync(String domain, String eventTypeName, Int32 metadataVersion, String eventContractType, Nullable`1 payloadVersion, String serializationFormat, ImmutablePayload readablePayload, EventBufferBudget budget, CancellationToken cancellationToken, String aggregateType, Func`2 sourceFence)
        src/Hexalith.EventStore.Server/Events/DaprLogicalEventReader.cs(262,0): at Hexalith.EventStore.Server.Events.DaprLogicalEventReader.ResolvePreparedAsync(DaprLogicalEventPreparation prepared, EventBufferBudget budget, CancellationToken cancellationToken, Func`2 sourceFence)
        src/Hexalith.EventStore.Server/Events/DaprLogicalEventReader.cs(371,0): at Hexalith.EventStore.Server.Events.DaprLogicalEventReader.ReadPageAsync(AggregateIdentity identity, String aggregateType, Int64 startSequence, Int32 maxCount, CancellationToken cancellationToken, Nullable`1 expectedActorHead, Nullable`1 expectedRetainedFloor, EventBufferBudget sharedBudget, Boolean requireUnversioned, LegacyEventArrayBudget arrayBudget, DaprLogicalSourceBinding expectedSourceBinding, Func`2 sourceFence)
        src/Hexalith.EventStore.Server/Events/DaprLogicalReplaySource.cs(104,0): at Hexalith.EventStore.Server.Events.DaprLogicalReplaySource.ReadPageCoreAsync(DaprLogicalSourceBinding binding, Int64 start, Int32 maxCount, ReadOnlyMemory`1 admittedAccumulator, DaprLogicalClaimTrust trust, ECDsa key, EventBufferBudget budget, CancellationToken cancellationToken, Func`2 operationFence)
        src/Hexalith.EventStore.Server/Events/DaprReplayOperationOwner.cs(809,0): at Hexalith.EventStore.Server.Events.DaprReplayOperationOwner.PrepareTransitionAsync(DaprLogicalReplaySource source, DaprLogicalSourceBinding binding, DaprLogicalClaimTrust trust, ECDsa key, DaprReplayOperationRecord prior, Int32 maxCount, EventBufferBudget budget, CancellationToken token)
        src/Hexalith.EventStore.Server/Events/DaprReplayOperationOwner.cs(662,0): at Hexalith.EventStore.Server.Events.DaprReplayOperationOwner.ExecutePageAsync(DaprLogicalReplaySource source, DaprLogicalSourceBinding binding, DaprLogicalClaimTrust trust, ECDsa signingKey, String ownerId, Int64 generation, Int64 pageOrdinal, String requestId, Int32 maxCount, CancellationToken cancellationToken)
        tests/Hexalith.EventStore.Server.Tests/Events/DaprLogicalCallbackFenceTests.cs(110,0): at Hexalith.EventStore.Server.Tests.Events.DaprLogicalCallbackFenceTests.YieldingAddressedFenceSeesExpiredAllCallbackFacadesAndExactFinalState()
        tests/Hexalith.EventStore.Server.Tests/Events/DaprLogicalCallbackFenceTests.cs(119,0): at Hexalith.EventStore.Server.Tests.Events.DaprLogicalCallbackFenceTests.YieldingAddressedFenceSeesExpiredAllCallbackFacadesAndExactFinalState()
        --- End of stack trace from previous location ---
        ----- Inner Stack Trace -----
        tests/Hexalith.EventStore.Server.Tests/Events/DaprLogicalCallbackFenceTests.cs(103,0): at Hexalith.EventStore.Server.Tests.Events.DaprLogicalCallbackFenceTests.<>c.<YieldingAddressedFenceSeesExpiredAllCallbackFacadesAndExactFinalState>b__2_5(IBoundedScratchAllocator scratch)
           at System.Collections.Generic.List`1.ForEach(Action`1 action)
        tests/Hexalith.EventStore.Server.Tests/Events/DaprLogicalCallbackFenceTests.cs(103,0): at Hexalith.EventStore.Server.Tests.Events.DaprLogicalCallbackFenceTests.<>c__DisplayClass2_0.<<YieldingAddressedFenceSeesExpiredAllCallbackFacadesAndExactFinalState>b__1>d.MoveNext()
        --- End of stack trace from previous location ---
        src/Hexalith.EventStore.Server/Events/DaprLogicalEventReader.cs(486,0): at Hexalith.EventStore.Server.Events.DaprLogicalEventReader.ReadMetadataAsync(AggregateIdentity identity, CancellationToken cancellationToken)
    Hexalith.EventStore.Server.Tests.Events.DaprLogicalCallbackFenceTests.CallableAuthorityLossStopsLaterCallbacksApplySaveAndProof(stage: "schema-options", authority: "key") [FAIL]
      Shouldly.ShouldAssertException : else if (authority is "key" or "registry") { failure
          should be of type
      System.ObjectDisposedException
          but was
      System.InvalidOperationException
      Stack Trace:
        tests/Hexalith.EventStore.Server.Tests/Events/DaprLogicalCallbackFenceTests.cs(72,0): at Hexalith.EventStore.Server.Tests.Events.DaprLogicalCallbackFenceTests.CallableAuthorityLossStopsLaterCallbacksApplySaveAndProof(String stage, String authority)
           at System.Runtime.ExceptionServices.ExceptionDispatchInfo.Throw()
        tests/Hexalith.EventStore.Server.Tests/Events/DaprLogicalCallbackFenceTests.cs(82,0): at Hexalith.EventStore.Server.Tests.Events.DaprLogicalCallbackFenceTests.CallableAuthorityLossStopsLaterCallbacksApplySaveAndProof(String stage, String authority)
           at System.Runtime.ExceptionServices.ExceptionDispatchInfo.Throw()
           at System.Runtime.CompilerServices.TaskAwaiter.ThrowForNonSuccess(Task task)
           at System.Runtime.CompilerServices.TaskAwaiter.HandleNonSuccessAndDebuggerNotification(Task task, ConfigureAwaitOptions options)
        --- End of stack trace from previous location ---
           at System.Runtime.ExceptionServices.ExceptionDispatchInfo.Throw()
           at System.Runtime.CompilerServices.TaskAwaiter.ThrowForNonSuccess(Task task)
           at System.Runtime.CompilerServices.TaskAwaiter.HandleNonSuccessAndDebuggerNotification(Task task, ConfigureAwaitOptions options)
    Hexalith.EventStore.Server.Tests.Events.DaprLogicalCallbackFenceTests.CallableAuthorityLossStopsLaterCallbacksApplySaveAndProof(stage: "schema-options", authority: "registry") [FAIL]
      Shouldly.ShouldAssertException : else if (authority is "key" or "registry") { failure
          should be of type
      System.ObjectDisposedException
          but was
      System.InvalidOperationException
      Stack Trace:
        tests/Hexalith.EventStore.Server.Tests/Events/DaprLogicalCallbackFenceTests.cs(72,0): at Hexalith.EventStore.Server.Tests.Events.DaprLogicalCallbackFenceTests.CallableAuthorityLossStopsLaterCallbacksApplySaveAndProof(String stage, String authority)
           at System.Runtime.ExceptionServices.ExceptionDispatchInfo.Throw()
        tests/Hexalith.EventStore.Server.Tests/Events/DaprLogicalCallbackFenceTests.cs(82,0): at Hexalith.EventStore.Server.Tests.Events.DaprLogicalCallbackFenceTests.CallableAuthorityLossStopsLaterCallbacksApplySaveAndProof(String stage, String authority)
           at System.Runtime.ExceptionServices.ExceptionDispatchInfo.Throw()
           at System.Runtime.CompilerServices.TaskAwaiter.ThrowForNonSuccess(Task task)
           at System.Runtime.CompilerServices.TaskAwaiter.HandleNonSuccessAndDebuggerNotification(Task task, ConfigureAwaitOptions options)
        --- End of stack trace from previous location ---
           at System.Runtime.ExceptionServices.ExceptionDispatchInfo.Throw()
           at System.Runtime.CompilerServices.TaskAwaiter.ThrowForNonSuccess(Task task)
           at System.Runtime.CompilerServices.TaskAwaiter.HandleNonSuccessAndDebuggerNotification(Task task, ConfigureAwaitOptions options)
    Hexalith.EventStore.Server.Tests.Events.DaprLogicalCallbackFenceTests.CallableAuthorityLossStopsLaterCallbacksApplySaveAndProof(stage: "schema-options", authority: "cancellation") [FAIL]
      Shouldly.ShouldAssertException : if (authority == "cancellation") { failure
          should be of type
      System.OperationCanceledException
          but was
      System.Threading.Tasks.TaskCanceledException
      Stack Trace:
        tests/Hexalith.EventStore.Server.Tests/Events/DaprLogicalCallbackFenceTests.cs(71,0): at Hexalith.EventStore.Server.Tests.Events.DaprLogicalCallbackFenceTests.CallableAuthorityLossStopsLaterCallbacksApplySaveAndProof(String stage, String authority)
           at System.Runtime.ExceptionServices.ExceptionDispatchInfo.Throw()
        tests/Hexalith.EventStore.Server.Tests/Events/DaprLogicalCallbackFenceTests.cs(82,0): at Hexalith.EventStore.Server.Tests.Events.DaprLogicalCallbackFenceTests.CallableAuthorityLossStopsLaterCallbacksApplySaveAndProof(String stage, String authority)
           at System.Runtime.ExceptionServices.ExceptionDispatchInfo.Throw()
           at System.Runtime.CompilerServices.TaskAwaiter.ThrowForNonSuccess(Task task)
           at System.Runtime.CompilerServices.TaskAwaiter.HandleNonSuccessAndDebuggerNotification(Task task, ConfigureAwaitOptions options)
        --- End of stack trace from previous location ---
           at System.Runtime.ExceptionServices.ExceptionDispatchInfo.Throw()
           at System.Runtime.CompilerServices.TaskAwaiter.ThrowForNonSuccess(Task task)
           at System.Runtime.CompilerServices.TaskAwaiter.HandleNonSuccessAndDebuggerNotification(Task task, ConfigureAwaitOptions options)
    Hexalith.EventStore.Server.Tests.Events.DaprLogicalCallbackFenceTests.CallableAuthorityLossStopsLaterCallbacksApplySaveAndProof(stage: "schema-1", authority: "key") [FAIL]
      Shouldly.ShouldAssertException : else if (authority is "key" or "registry") { failure
          should be of type
      System.ObjectDisposedException
          but was
      System.InvalidOperationException
      Stack Trace:
        tests/Hexalith.EventStore.Server.Tests/Events/DaprLogicalCallbackFenceTests.cs(72,0): at Hexalith.EventStore.Server.Tests.Events.DaprLogicalCallbackFenceTests.CallableAuthorityLossStopsLaterCallbacksApplySaveAndProof(String stage, String authority)
           at System.Runtime.ExceptionServices.ExceptionDispatchInfo.Throw()
        tests/Hexalith.EventStore.Server.Tests/Events/DaprLogicalCallbackFenceTests.cs(82,0): at Hexalith.EventStore.Server.Tests.Events.DaprLogicalCallbackFenceTests.CallableAuthorityLossStopsLaterCallbacksApplySaveAndProof(String stage, String authority)
           at System.Runtime.ExceptionServices.ExceptionDispatchInfo.Throw()
           at System.Runtime.CompilerServices.TaskAwaiter.HandleNonSuccessAndDebuggerNotification(Task task, ConfigureAwaitOptions options)
        --- End of stack trace from previous location ---
           at System.Runtime.ExceptionServices.ExceptionDispatchInfo.Throw()
           at System.Runtime.CompilerServices.TaskAwaiter.HandleNonSuccessAndDebuggerNotification(Task task, ConfigureAwaitOptions options)
    Hexalith.EventStore.Server.Tests.Events.DaprLogicalCallbackFenceTests.CallableAuthorityLossStopsLaterCallbacksApplySaveAndProof(stage: "schema-1", authority: "cancellation") [FAIL]
      Shouldly.ShouldAssertException : if (authority == "cancellation") { failure
          should be of type
      System.OperationCanceledException
          but was
      System.Threading.Tasks.TaskCanceledException
      Stack Trace:
        tests/Hexalith.EventStore.Server.Tests/Events/DaprLogicalCallbackFenceTests.cs(71,0): at Hexalith.EventStore.Server.Tests.Events.DaprLogicalCallbackFenceTests.CallableAuthorityLossStopsLaterCallbacksApplySaveAndProof(String stage, String authority)
           at System.Runtime.ExceptionServices.ExceptionDispatchInfo.Throw()
        tests/Hexalith.EventStore.Server.Tests/Events/DaprLogicalCallbackFenceTests.cs(82,0): at Hexalith.EventStore.Server.Tests.Events.DaprLogicalCallbackFenceTests.CallableAuthorityLossStopsLaterCallbacksApplySaveAndProof(String stage, String authority)
           at System.Runtime.ExceptionServices.ExceptionDispatchInfo.Throw()
           at System.Runtime.CompilerServices.TaskAwaiter.HandleNonSuccessAndDebuggerNotification(Task task, ConfigureAwaitOptions options)
        --- End of stack trace from previous location ---
           at System.Runtime.ExceptionServices.ExceptionDispatchInfo.Throw()
           at System.Runtime.CompilerServices.TaskAwaiter.HandleNonSuccessAndDebuggerNotification(Task task, ConfigureAwaitOptions options)
    Hexalith.EventStore.Server.Tests.Events.DaprLogicalCallbackFenceTests.CallableAuthorityLossStopsLaterCallbacksApplySaveAndProof(stage: "identity-options", authority: "key") [FAIL]
      Shouldly.ShouldAssertException : else if (authority is "key" or "registry") { failure
          should be of type
      System.ObjectDisposedException
          but was
      System.IO.FileNotFoundException
      Stack Trace:
        tests/Hexalith.EventStore.Server.Tests/Events/DaprLogicalCallbackFenceTests.cs(72,0): at Hexalith.EventStore.Server.Tests.Events.DaprLogicalCallbackFenceTests.CallableAuthorityLossStopsLaterCallbacksApplySaveAndProof(String stage, String authority)
           at System.Runtime.ExceptionServices.ExceptionDispatchInfo.Throw()
        tests/Hexalith.EventStore.Server.Tests/Events/DaprLogicalCallbackFenceTests.cs(82,0): at Hexalith.EventStore.Server.Tests.Events.DaprLogicalCallbackFenceTests.CallableAuthorityLossStopsLaterCallbacksApplySaveAndProof(String stage, String authority)
           at System.Runtime.ExceptionServices.ExceptionDispatchInfo.Throw()
           at System.Runtime.CompilerServices.TaskAwaiter.HandleNonSuccessAndDebuggerNotification(Task task, ConfigureAwaitOptions options)
        --- End of stack trace from previous location ---
           at System.Runtime.ExceptionServices.ExceptionDispatchInfo.Throw()
           at System.Runtime.CompilerServices.TaskAwaiter.HandleNonSuccessAndDebuggerNotification(Task task, ConfigureAwaitOptions options)
    Hexalith.EventStore.Server.Tests.Events.DaprLogicalCallbackFenceTests.CallableAuthorityLossStopsLaterCallbacksApplySaveAndProof(stage: "identity-options", authority: "state-binding") [FAIL]
      System.IO.FileNotFoundException : Could not find file '/home/administrator/projects/hexalith/eventstore/tests/Hexalith.EventStore.Server.Tests/bin/Debug/net10.0/Hexalith.EventStore.Server.Tests.dll'.
      Stack Trace:
           at Interop.ThrowExceptionForIoErrno(ErrorInfo errorInfo, String path, Boolean isDirError)
           at Microsoft.Win32.SafeHandles.SafeFileHandle.Open(String fullPath, FileMode mode, FileAccess access, FileShare share, FileOptions options, Int64 preallocationSize, UnixFileMode openPermissions, Int64& fileLength, UnixFileMode& filePermissions, Boolean failForSymlink, Boolean& wasSymlink, Func`4 createOpenException)
           at System.IO.Strategies.OSFileStreamStrategy..ctor(String path, FileMode mode, FileAccess access, FileShare share, FileOptions options, Int64 preallocationSize, Nullable`1 unixCreateMode)
           at System.IO.File.OpenRead(String path)
        tests/Hexalith.EventStore.Server.Tests/Events/DaprLogicalReplayFixture.cs(196,0): at Hexalith.EventStore.Server.Tests.Events.DaprLogicalReplayFixture.ReplaceRow(String hex, String fields, Byte tag)
        tests/Hexalith.EventStore.Server.Tests/Events/DaprLogicalReplayFixture.cs(155,0): at Hexalith.EventStore.Server.Tests.Events.DaprLogicalReplayFixture.CreateRegistry(Boolean mixedHistory)
        tests/Hexalith.EventStore.Server.Tests/Events/DaprLogicalReplayFixture.cs(22,0): at Hexalith.EventStore.Server.Tests.Events.DaprLogicalReplayFixture..ctor(Int32 events, Int32 payloadBytes, Boolean mixedHistory)
        tests/Hexalith.EventStore.Server.Tests/Events/DaprLogicalReconstructionFixture.cs(19,0): at Hexalith.EventStore.Server.Tests.Events.DaprLogicalReconstructionFixture..ctor(Int32 events, Int32 workingBytes, Boolean mixedHistory, Int32 maximumBufferBytes, Int32 payloadBytes)
        tests/Hexalith.EventStore.Server.Tests/Events/DaprLogicalCallbackFenceTests.cs(35,0): at Hexalith.EventStore.Server.Tests.Events.DaprLogicalCallbackFenceTests.CallableAuthorityLossStopsLaterCallbacksApplySaveAndProof(String stage, String authority)
        --- End of stack trace from previous location ---
    Hexalith.EventStore.Server.Tests.Events.DaprLogicalCallbackFenceTests.CallableAuthorityLossStopsLaterCallbacksApplySaveAndProof(stage: "identity-options", authority: "registry") [FAIL]
      System.IO.FileNotFoundException : Could not find file '/home/administrator/projects/hexalith/eventstore/tests/Hexalith.EventStore.Server.Tests/bin/Debug/net10.0/Hexalith.EventStore.Server.Tests.dll'.
      Stack Trace:
           at Interop.ThrowExceptionForIoErrno(ErrorInfo errorInfo, String path, Boolean isDirError)
           at Microsoft.Win32.SafeHandles.SafeFileHandle.Open(String fullPath, FileMode mode, FileAccess access, FileShare share, FileOptions options, Int64 preallocationSize, UnixFileMode openPermissions, Int64& fileLength, UnixFileMode& filePermissions, Boolean failForSymlink, Boolean& wasSymlink, Func`4 createOpenException)
           at System.IO.Strategies.OSFileStreamStrategy..ctor(String path, FileMode mode, FileAccess access, FileShare share, FileOptions options, Int64 preallocationSize, Nullable`1 unixCreateMode)
           at System.IO.File.OpenRead(String path)
        tests/Hexalith.EventStore.Server.Tests/Events/DaprLogicalReplayFixture.cs(196,0): at Hexalith.EventStore.Server.Tests.Events.DaprLogicalReplayFixture.ReplaceRow(String hex, String fields, Byte tag)
        tests/Hexalith.EventStore.Server.Tests/Events/DaprLogicalReplayFixture.cs(155,0): at Hexalith.EventStore.Server.Tests.Events.DaprLogicalReplayFixture.CreateRegistry(Boolean mixedHistory)
        tests/Hexalith.EventStore.Server.Tests/Events/DaprLogicalReplayFixture.cs(22,0): at Hexalith.EventStore.Server.Tests.Events.DaprLogicalReplayFixture..ctor(Int32 events, Int32 payloadBytes, Boolean mixedHistory)
        tests/Hexalith.EventStore.Server.Tests/Events/DaprLogicalReconstructionFixture.cs(19,0): at Hexalith.EventStore.Server.Tests.Events.DaprLogicalReconstructionFixture..ctor(Int32 events, Int32 workingBytes, Boolean mixedHistory, Int32 maximumBufferBytes, Int32 payloadBytes)
        tests/Hexalith.EventStore.Server.Tests/Events/DaprLogicalCallbackFenceTests.cs(35,0): at Hexalith.EventStore.Server.Tests.Events.DaprLogicalCallbackFenceTests.CallableAuthorityLossStopsLaterCallbacksApplySaveAndProof(String stage, String authority)
        --- End of stack trace from previous location ---
    Hexalith.EventStore.Server.Tests.Events.DaprLogicalCallbackFenceTests.CallableAuthorityLossStopsLaterCallbacksApplySaveAndProof(stage: "identity-options", authority: "cancellation") [FAIL]
      System.IO.FileNotFoundException : Could not find file '/home/administrator/projects/hexalith/eventstore/tests/Hexalith.EventStore.Server.Tests/bin/Debug/net10.0/Hexalith.EventStore.Server.Tests.dll'.
      Stack Trace:
           at Interop.ThrowExceptionForIoErrno(ErrorInfo errorInfo, String path, Boolean isDirError)
           at Microsoft.Win32.SafeHandles.SafeFileHandle.Open(String fullPath, FileMode mode, FileAccess access, FileShare share, FileOptions options, Int64 preallocationSize, UnixFileMode openPermissions, Int64& fileLength, UnixFileMode& filePermissions, Boolean failForSymlink, Boolean& wasSymlink, Func`4 createOpenException)
           at System.IO.Strategies.OSFileStreamStrategy..ctor(String path, FileMode mode, FileAccess access, FileShare share, FileOptions options, Int64 preallocationSize, Nullable`1 unixCreateMode)
           at System.IO.File.OpenRead(String path)
        tests/Hexalith.EventStore.Server.Tests/Events/DaprLogicalReplayFixture.cs(196,0): at Hexalith.EventStore.Server.Tests.Events.DaprLogicalReplayFixture.ReplaceRow(String hex, String fields, Byte tag)
        tests/Hexalith.EventStore.Server.Tests/Events/DaprLogicalReplayFixture.cs(155,0): at Hexalith.EventStore.Server.Tests.Events.DaprLogicalReplayFixture.CreateRegistry(Boolean mixedHistory)
        tests/Hexalith.EventStore.Server.Tests/Events/DaprLogicalReplayFixture.cs(22,0): at Hexalith.EventStore.Server.Tests.Events.DaprLogicalReplayFixture..ctor(Int32 events, Int32 payloadBytes, Boolean mixedHistory)
        tests/Hexalith.EventStore.Server.Tests/Events/DaprLogicalReconstructionFixture.cs(19,0): at Hexalith.EventStore.Server.Tests.Events.DaprLogicalReconstructionFixture..ctor(Int32 events, Int32 workingBytes, Boolean mixedHistory, Int32 maximumBufferBytes, Int32 payloadBytes)
        tests/Hexalith.EventStore.Server.Tests/Events/DaprLogicalCallbackFenceTests.cs(35,0): at Hexalith.EventStore.Server.Tests.Events.DaprLogicalCallbackFenceTests.CallableAuthorityLossStopsLaterCallbacksApplySaveAndProof(String stage, String authority)
        --- End of stack trace from previous location ---
    Hexalith.EventStore.Server.Tests.Events.DaprLogicalCallbackFenceTests.CallableAuthorityLossStopsLaterCallbacksApplySaveAndProof(stage: "identity-1", authority: "head") [FAIL]
      System.IO.FileNotFoundException : Could not find file '/home/administrator/projects/hexalith/eventstore/tests/Hexalith.EventStore.Server.Tests/bin/Debug/net10.0/Hexalith.EventStore.Server.Tests.dll'.
      Stack Trace:
           at Interop.ThrowExceptionForIoErrno(ErrorInfo errorInfo, String path, Boolean isDirError)
           at Microsoft.Win32.SafeHandles.SafeFileHandle.Open(String fullPath, FileMode mode, FileAccess access, FileShare share, FileOptions options, Int64 preallocationSize, UnixFileMode openPermissions, Int64& fileLength, UnixFileMode& filePermissions, Boolean failForSymlink, Boolean& wasSymlink, Func`4 createOpenException)
           at System.IO.Strategies.OSFileStreamStrategy..ctor(String path, FileMode mode, FileAccess access, FileShare share, FileOptions options, Int64 preallocationSize, Nullable`1 unixCreateMode)
           at System.IO.File.OpenRead(String path)
        tests/Hexalith.EventStore.Server.Tests/Events/DaprLogicalReplayFixture.cs(196,0): at Hexalith.EventStore.Server.Tests.Events.DaprLogicalReplayFixture.ReplaceRow(String hex, String fields, Byte tag)
        tests/Hexalith.EventStore.Server.Tests/Events/DaprLogicalReplayFixture.cs(155,0): at Hexalith.EventStore.Server.Tests.Events.DaprLogicalReplayFixture.CreateRegistry(Boolean mixedHistory)
        tests/Hexalith.EventStore.Server.Tests/Events/DaprLogicalReplayFixture.cs(22,0): at Hexalith.EventStore.Server.Tests.Events.DaprLogicalReplayFixture..ctor(Int32 events, Int32 payloadBytes, Boolean mixedHistory)
        tests/Hexalith.EventStore.Server.Tests/Events/DaprLogicalReconstructionFixture.cs(19,0): at Hexalith.EventStore.Server.Tests.Events.DaprLogicalReconstructionFixture..ctor(Int32 events, Int32 workingBytes, Boolean mixedHistory, Int32 maximumBufferBytes, Int32 payloadBytes)
        tests/Hexalith.EventStore.Server.Tests/Events/DaprLogicalCallbackFenceTests.cs(35,0): at Hexalith.EventStore.Server.Tests.Events.DaprLogicalCallbackFenceTests.CallableAuthorityLossStopsLaterCallbacksApplySaveAndProof(String stage, String authority)
        --- End of stack trace from previous location ---
    Hexalith.EventStore.Server.Tests.Events.DaprLogicalCallbackFenceTests.CallableAuthorityLossStopsLaterCallbacksApplySaveAndProof(stage: "identity-1", authority: "key") [FAIL]
      System.IO.FileNotFoundException : Could not find file '/home/administrator/projects/hexalith/eventstore/tests/Hexalith.EventStore.Server.Tests/bin/Debug/net10.0/Hexalith.EventStore.Server.Tests.dll'.
      Stack Trace:
           at Interop.ThrowExceptionForIoErrno(ErrorInfo errorInfo, String path, Boolean isDirError)
           at Microsoft.Win32.SafeHandles.SafeFileHandle.Open(String fullPath, FileMode mode, FileAccess access, FileShare share, FileOptions options, Int64 preallocationSize, UnixFileMode openPermissions, Int64& fileLength, UnixFileMode& filePermissions, Boolean failForSymlink, Boolean& wasSymlink, Func`4 createOpenException)
           at System.IO.Strategies.OSFileStreamStrategy..ctor(String path, FileMode mode, FileAccess access, FileShare share, FileOptions options, Int64 preallocationSize, Nullable`1 unixCreateMode)
           at System.IO.File.OpenRead(String path)
        tests/Hexalith.EventStore.Server.Tests/Events/DaprLogicalReplayFixture.cs(196,0): at Hexalith.EventStore.Server.Tests.Events.DaprLogicalReplayFixture.ReplaceRow(String hex, String fields, Byte tag)
        tests/Hexalith.EventStore.Server.Tests/Events/DaprLogicalReplayFixture.cs(155,0): at Hexalith.EventStore.Server.Tests.Events.DaprLogicalReplayFixture.CreateRegistry(Boolean mixedHistory)
        tests/Hexalith.EventStore.Server.Tests/Events/DaprLogicalReplayFixture.cs(22,0): at Hexalith.EventStore.Server.Tests.Events.DaprLogicalReplayFixture..ctor(Int32 events, Int32 payloadBytes, Boolean mixedHistory)
        tests/Hexalith.EventStore.Server.Tests/Events/DaprLogicalReconstructionFixture.cs(19,0): at Hexalith.EventStore.Server.Tests.Events.DaprLogicalReconstructionFixture..ctor(Int32 events, Int32 workingBytes, Boolean mixedHistory, Int32 maximumBufferBytes, Int32 payloadBytes)
        tests/Hexalith.EventStore.Server.Tests/Events/DaprLogicalCallbackFenceTests.cs(35,0): at Hexalith.EventStore.Server.Tests.Events.DaprLogicalCallbackFenceTests.CallableAuthorityLossStopsLaterCallbacksApplySaveAndProof(String stage, String authority)
        --- End of stack trace from previous location ---
    Hexalith.EventStore.Server.Tests.Events.DaprLogicalCallbackFenceTests.CallableAuthorityLossStopsLaterCallbacksApplySaveAndProof(stage: "identity-1", authority: "state-binding") [FAIL]
      System.IO.IOException : The process cannot access the file '/home/administrator/projects/hexalith/eventstore/tests/Hexalith.EventStore.Server.Tests/bin/Debug/net10.0/Hexalith.EventStore.Server.Tests.dll' because it is being used by another process.
      Stack Trace:
           at Microsoft.Win32.SafeHandles.SafeFileHandle.Open(String fullPath, FileMode mode, FileAccess access, FileShare share, FileOptions options, Int64 preallocationSize, UnixFileMode openPermissions, Int64& fileLength, UnixFileMode& filePermissions, Boolean failForSymlink, Boolean& wasSymlink, Func`4 createOpenException)
           at System.IO.Strategies.OSFileStreamStrategy..ctor(String path, FileMode mode, FileAccess access, FileShare share, FileOptions options, Int64 preallocationSize, Nullable`1 unixCreateMode)
           at System.IO.File.OpenRead(String path)
        tests/Hexalith.EventStore.Server.Tests/Events/DaprLogicalReplayFixture.cs(196,0): at Hexalith.EventStore.Server.Tests.Events.DaprLogicalReplayFixture.ReplaceRow(String hex, String fields, Byte tag)
        tests/Hexalith.EventStore.Server.Tests/Events/DaprLogicalReplayFixture.cs(155,0): at Hexalith.EventStore.Server.Tests.Events.DaprLogicalReplayFixture.CreateRegistry(Boolean mixedHistory)
        tests/Hexalith.EventStore.Server.Tests/Events/DaprLogicalReplayFixture.cs(22,0): at Hexalith.EventStore.Server.Tests.Events.DaprLogicalReplayFixture..ctor(Int32 events, Int32 payloadBytes, Boolean mixedHistory)
        tests/Hexalith.EventStore.Server.Tests/Events/DaprLogicalReconstructionFixture.cs(19,0): at Hexalith.EventStore.Server.Tests.Events.DaprLogicalReconstructionFixture..ctor(Int32 events, Int32 workingBytes, Boolean mixedHistory, Int32 maximumBufferBytes, Int32 payloadBytes)
        tests/Hexalith.EventStore.Server.Tests/Events/DaprLogicalCallbackFenceTests.cs(35,0): at Hexalith.EventStore.Server.Tests.Events.DaprLogicalCallbackFenceTests.CallableAuthorityLossStopsLaterCallbacksApplySaveAndProof(String stage, String authority)
        --- End of stack trace from previous location ---
    Hexalith.EventStore.Server.Tests.Events.DaprLogicalCallbackFenceTests.CallableAuthorityLossStopsLaterCallbacksApplySaveAndProof(stage: "identity-1", authority: "registry") [FAIL]
      System.IO.IOException : The process cannot access the file '/home/administrator/projects/hexalith/eventstore/tests/Hexalith.EventStore.Server.Tests/bin/Debug/net10.0/Hexalith.EventStore.Server.Tests.dll' because it is being used by another process.
      Stack Trace:
           at Microsoft.Win32.SafeHandles.SafeFileHandle.Open(String fullPath, FileMode mode, FileAccess access, FileShare share, FileOptions options, Int64 preallocationSize, UnixFileMode openPermissions, Int64& fileLength, UnixFileMode& filePermissions, Boolean failForSymlink, Boolean& wasSymlink, Func`4 createOpenException)
           at System.IO.Strategies.OSFileStreamStrategy..ctor(String path, FileMode mode, FileAccess access, FileShare share, FileOptions options, Int64 preallocationSize, Nullable`1 unixCreateMode)
           at System.IO.File.OpenRead(String path)
        tests/Hexalith.EventStore.Server.Tests/Events/DaprLogicalReplayFixture.cs(196,0): at Hexalith.EventStore.Server.Tests.Events.DaprLogicalReplayFixture.ReplaceRow(String hex, String fields, Byte tag)
        tests/Hexalith.EventStore.Server.Tests/Events/DaprLogicalReplayFixture.cs(155,0): at Hexalith.EventStore.Server.Tests.Events.DaprLogicalReplayFixture.CreateRegistry(Boolean mixedHistory)
        tests/Hexalith.EventStore.Server.Tests/Events/DaprLogicalReplayFixture.cs(22,0): at Hexalith.EventStore.Server.Tests.Events.DaprLogicalReplayFixture..ctor(Int32 events, Int32 payloadBytes, Boolean mixedHistory)
        tests/Hexalith.EventStore.Server.Tests/Events/DaprLogicalReconstructionFixture.cs(19,0): at Hexalith.EventStore.Server.Tests.Events.DaprLogicalReconstructionFixture..ctor(Int32 events, Int32 workingBytes, Boolean mixedHistory, Int32 maximumBufferBytes, Int32 payloadBytes)
        tests/Hexalith.EventStore.Server.Tests/Events/DaprLogicalCallbackFenceTests.cs(35,0): at Hexalith.EventStore.Server.Tests.Events.DaprLogicalCallbackFenceTests.CallableAuthorityLossStopsLaterCallbacksApplySaveAndProof(String stage, String authority)
        --- End of stack trace from previous location ---
    Hexalith.EventStore.Server.Tests.Events.DaprLogicalCallbackFenceTests.CallableAuthorityLossStopsLaterCallbacksApplySaveAndProof(stage: "identity-1", authority: "cancellation") [FAIL]
      System.IO.IOException : The process cannot access the file '/home/administrator/projects/hexalith/eventstore/tests/Hexalith.EventStore.Server.Tests/bin/Debug/net10.0/Hexalith.EventStore.Server.Tests.dll' because it is being used by another process.
      Stack Trace:
           at Microsoft.Win32.SafeHandles.SafeFileHandle.Open(String fullPath, FileMode mode, FileAccess access, FileShare share, FileOptions options, Int64 preallocationSize, UnixFileMode openPermissions, Int64& fileLength, UnixFileMode& filePermissions, Boolean failForSymlink, Boolean& wasSymlink, Func`4 createOpenException)
           at System.IO.Strategies.OSFileStreamStrategy..ctor(String path, FileMode mode, FileAccess access, FileShare share, FileOptions options, Int64 preallocationSize, Nullable`1 unixCreateMode)
           at System.IO.File.OpenRead(String path)
        tests/Hexalith.EventStore.Server.Tests/Events/DaprLogicalReplayFixture.cs(196,0): at Hexalith.EventStore.Server.Tests.Events.DaprLogicalReplayFixture.ReplaceRow(String hex, String fields, Byte tag)
        tests/Hexalith.EventStore.Server.Tests/Events/DaprLogicalReplayFixture.cs(155,0): at Hexalith.EventStore.Server.Tests.Events.DaprLogicalReplayFixture.CreateRegistry(Boolean mixedHistory)
        tests/Hexalith.EventStore.Server.Tests/Events/DaprLogicalReplayFixture.cs(22,0): at Hexalith.EventStore.Server.Tests.Events.DaprLogicalReplayFixture..ctor(Int32 events, Int32 payloadBytes, Boolean mixedHistory)
        tests/Hexalith.EventStore.Server.Tests/Events/DaprLogicalReconstructionFixture.cs(19,0): at Hexalith.EventStore.Server.Tests.Events.DaprLogicalReconstructionFixture..ctor(Int32 events, Int32 workingBytes, Boolean mixedHistory, Int32 maximumBufferBytes, Int32 payloadBytes)
        tests/Hexalith.EventStore.Server.Tests/Events/DaprLogicalCallbackFenceTests.cs(35,0): at Hexalith.EventStore.Server.Tests.Events.DaprLogicalCallbackFenceTests.CallableAuthorityLossStopsLaterCallbacksApplySaveAndProof(String stage, String authority)
        --- End of stack trace from previous location ---
    Hexalith.EventStore.Server.Tests.Events.DaprLogicalCallbackFenceTests.CallableAuthorityLossStopsLaterCallbacksApplySaveAndProof(stage: "upcast", authority: "head") [FAIL]
      System.IO.IOException : The process cannot access the file '/home/administrator/projects/hexalith/eventstore/tests/Hexalith.EventStore.Server.Tests/bin/Debug/net10.0/Hexalith.EventStore.Server.Tests.dll' because it is being used by another process.
      Stack Trace:
           at Microsoft.Win32.SafeHandles.SafeFileHandle.Open(String fullPath, FileMode mode, FileAccess access, FileShare share, FileOptions options, Int64 preallocationSize, UnixFileMode openPermissions, Int64& fileLength, UnixFileMode& filePermissions, Boolean failForSymlink, Boolean& wasSymlink, Func`4 createOpenException)
           at System.IO.Strategies.OSFileStreamStrategy..ctor(String path, FileMode mode, FileAccess access, FileShare share, FileOptions options, Int64 preallocationSize, Nullable`1 unixCreateMode)
           at System.IO.File.OpenRead(String path)
        tests/Hexalith.EventStore.Server.Tests/Events/DaprLogicalReplayFixture.cs(196,0): at Hexalith.EventStore.Server.Tests.Events.DaprLogicalReplayFixture.ReplaceRow(String hex, String fields, Byte tag)
        tests/Hexalith.EventStore.Server.Tests/Events/DaprLogicalReplayFixture.cs(155,0): at Hexalith.EventStore.Server.Tests.Events.DaprLogicalReplayFixture.CreateRegistry(Boolean mixedHistory)
        tests/Hexalith.EventStore.Server.Tests/Events/DaprLogicalReplayFixture.cs(22,0): at Hexalith.EventStore.Server.Tests.Events.DaprLogicalReplayFixture..ctor(Int32 events, Int32 payloadBytes, Boolean mixedHistory)
        tests/Hexalith.EventStore.Server.Tests/Events/DaprLogicalReconstructionFixture.cs(19,0): at Hexalith.EventStore.Server.Tests.Events.DaprLogicalReconstructionFixture..ctor(Int32 events, Int32 workingBytes, Boolean mixedHistory, Int32 maximumBufferBytes, Int32 payloadBytes)
        tests/Hexalith.EventStore.Server.Tests/Events/DaprLogicalCallbackFenceTests.cs(35,0): at Hexalith.EventStore.Server.Tests.Events.DaprLogicalCallbackFenceTests.CallableAuthorityLossStopsLaterCallbacksApplySaveAndProof(String stage, String authority)
        --- End of stack trace from previous location ---
    Hexalith.EventStore.Server.Tests.Events.DaprLogicalCallbackFenceTests.CallableAuthorityLossStopsLaterCallbacksApplySaveAndProof(stage: "upcast", authority: "key") [FAIL]
      System.IO.IOException : The process cannot access the file '/home/administrator/projects/hexalith/eventstore/tests/Hexalith.EventStore.Server.Tests/bin/Debug/net10.0/Hexalith.EventStore.Server.Tests.dll' because it is being used by another process.
      Stack Trace:
           at Microsoft.Win32.SafeHandles.SafeFileHandle.Open(String fullPath, FileMode mode, FileAccess access, FileShare share, FileOptions options, Int64 preallocationSize, UnixFileMode openPermissions, Int64& fileLength, UnixFileMode& filePermissions, Boolean failForSymlink, Boolean& wasSymlink, Func`4 createOpenException)
           at System.IO.Strategies.OSFileStreamStrategy..ctor(String path, FileMode mode, FileAccess access, FileShare share, FileOptions options, Int64 preallocationSize, Nullable`1 unixCreateMode)
           at System.IO.File.OpenRead(String path)
        tests/Hexalith.EventStore.Server.Tests/Events/DaprLogicalReplayFixture.cs(196,0): at Hexalith.EventStore.Server.Tests.Events.DaprLogicalReplayFixture.ReplaceRow(String hex, String fields, Byte tag)
        tests/Hexalith.EventStore.Server.Tests/Events/DaprLogicalReplayFixture.cs(155,0): at Hexalith.EventStore.Server.Tests.Events.DaprLogicalReplayFixture.CreateRegistry(Boolean mixedHistory)
        tests/Hexalith.EventStore.Server.Tests/Events/DaprLogicalReplayFixture.cs(22,0): at Hexalith.EventStore.Server.Tests.Events.DaprLogicalReplayFixture..ctor(Int32 events, Int32 payloadBytes, Boolean mixedHistory)
        tests/Hexalith.EventStore.Server.Tests/Events/DaprLogicalReconstructionFixture.cs(19,0): at Hexalith.EventStore.Server.Tests.Events.DaprLogicalReconstructionFixture..ctor(Int32 events, Int32 workingBytes, Boolean mixedHistory, Int32 maximumBufferBytes, Int32 payloadBytes)
        tests/Hexalith.EventStore.Server.Tests/Events/DaprLogicalCallbackFenceTests.cs(35,0): at Hexalith.EventStore.Server.Tests.Events.DaprLogicalCallbackFenceTests.CallableAuthorityLossStopsLaterCallbacksApplySaveAndProof(String stage, String authority)
        --- End of stack trace from previous location ---
    Hexalith.EventStore.Server.Tests.Events.DaprLogicalCallbackFenceTests.CallableAuthorityLossStopsLaterCallbacksApplySaveAndProof(stage: "upcast", authority: "state-binding") [FAIL]
      System.IO.IOException : The process cannot access the file '/home/administrator/projects/hexalith/eventstore/tests/Hexalith.EventStore.Server.Tests/bin/Debug/net10.0/Hexalith.EventStore.Server.Tests.dll' because it is being used by another process.
      Stack Trace:
           at Microsoft.Win32.SafeHandles.SafeFileHandle.Open(String fullPath, FileMode mode, FileAccess access, FileShare share, FileOptions options, Int64 preallocationSize, UnixFileMode openPermissions, Int64& fileLength, UnixFileMode& filePermissions, Boolean failForSymlink, Boolean& wasSymlink, Func`4 createOpenException)
           at System.IO.Strategies.OSFileStreamStrategy..ctor(String path, FileMode mode, FileAccess access, FileShare share, FileOptions options, Int64 preallocationSize, Nullable`1 unixCreateMode)
           at System.IO.File.OpenRead(String path)
        tests/Hexalith.EventStore.Server.Tests/Events/DaprLogicalReplayFixture.cs(196,0): at Hexalith.EventStore.Server.Tests.Events.DaprLogicalReplayFixture.ReplaceRow(String hex, String fields, Byte tag)
        tests/Hexalith.EventStore.Server.Tests/Events/DaprLogicalReplayFixture.cs(155,0): at Hexalith.EventStore.Server.Tests.Events.DaprLogicalReplayFixture.CreateRegistry(Boolean mixedHistory)
        tests/Hexalith.EventStore.Server.Tests/Events/DaprLogicalReplayFixture.cs(22,0): at Hexalith.EventStore.Server.Tests.Events.DaprLogicalReplayFixture..ctor(Int32 events, Int32 payloadBytes, Boolean mixedHistory)
        tests/Hexalith.EventStore.Server.Tests/Events/DaprLogicalReconstructionFixture.cs(19,0): at Hexalith.EventStore.Server.Tests.Events.DaprLogicalReconstructionFixture..ctor(Int32 events, Int32 workingBytes, Boolean mixedHistory, Int32 maximumBufferBytes, Int32 payloadBytes)
        tests/Hexalith.EventStore.Server.Tests/Events/DaprLogicalCallbackFenceTests.cs(35,0): at Hexalith.EventStore.Server.Tests.Events.DaprLogicalCallbackFenceTests.CallableAuthorityLossStopsLaterCallbacksApplySaveAndProof(String stage, String authority)
        --- End of stack trace from previous location ---
    Hexalith.EventStore.Server.Tests.Events.DaprLogicalCallbackFenceTests.CallableAuthorityLossStopsLaterCallbacksApplySaveAndProof(stage: "upcast", authority: "registry") [FAIL]
      System.IO.IOException : The process cannot access the file '/home/administrator/projects/hexalith/eventstore/tests/Hexalith.EventStore.Server.Tests/bin/Debug/net10.0/Hexalith.EventStore.Server.Tests.dll' because it is being used by another process.
      Stack Trace:
           at Microsoft.Win32.SafeHandles.SafeFileHandle.Open(String fullPath, FileMode mode, FileAccess access, FileShare share, FileOptions options, Int64 preallocationSize, UnixFileMode openPermissions, Int64& fileLength, UnixFileMode& filePermissions, Boolean failForSymlink, Boolean& wasSymlink, Func`4 createOpenException)
           at System.IO.Strategies.OSFileStreamStrategy..ctor(String path, FileMode mode, FileAccess access, FileShare share, FileOptions options, Int64 preallocationSize, Nullable`1 unixCreateMode)
           at System.IO.File.OpenRead(String path)
        tests/Hexalith.EventStore.Server.Tests/Events/DaprLogicalReplayFixture.cs(196,0): at Hexalith.EventStore.Server.Tests.Events.DaprLogicalReplayFixture.ReplaceRow(String hex, String fields, Byte tag)
        tests/Hexalith.EventStore.Server.Tests/Events/DaprLogicalReplayFixture.cs(155,0): at Hexalith.EventStore.Server.Tests.Events.DaprLogicalReplayFixture.CreateRegistry(Boolean mixedHistory)
        tests/Hexalith.EventStore.Server.Tests/Events/DaprLogicalReplayFixture.cs(22,0): at Hexalith.EventStore.Server.Tests.Events.DaprLogicalReplayFixture..ctor(Int32 events, Int32 payloadBytes, Boolean mixedHistory)
        tests/Hexalith.EventStore.Server.Tests/Events/DaprLogicalReconstructionFixture.cs(19,0): at Hexalith.EventStore.Server.Tests.Events.DaprLogicalReconstructionFixture..ctor(Int32 events, Int32 workingBytes, Boolean mixedHistory, Int32 maximumBufferBytes, Int32 payloadBytes)
        tests/Hexalith.EventStore.Server.Tests/Events/DaprLogicalCallbackFenceTests.cs(35,0): at Hexalith.EventStore.Server.Tests.Events.DaprLogicalCallbackFenceTests.CallableAuthorityLossStopsLaterCallbacksApplySaveAndProof(String stage, String authority)
        --- End of stack trace from previous location ---
    Hexalith.EventStore.Server.Tests.Events.DaprLogicalCallbackFenceTests.CallableAuthorityLossStopsLaterCallbacksApplySaveAndProof(stage: "upcast", authority: "cancellation") [FAIL]
      System.IO.IOException : The process cannot access the file '/home/administrator/projects/hexalith/eventstore/tests/Hexalith.EventStore.Server.Tests/bin/Debug/net10.0/Hexalith.EventStore.Server.Tests.dll' because it is being used by another process.
      Stack Trace:
           at Microsoft.Win32.SafeHandles.SafeFileHandle.Open(String fullPath, FileMode mode, FileAccess access, FileShare share, FileOptions options, Int64 preallocationSize, UnixFileMode openPermissions, Int64& fileLength, UnixFileMode& filePermissions, Boolean failForSymlink, Boolean& wasSymlink, Func`4 createOpenException)
           at System.IO.Strategies.OSFileStreamStrategy..ctor(String path, FileMode mode, FileAccess access, FileShare share, FileOptions options, Int64 preallocationSize, Nullable`1 unixCreateMode)
           at System.IO.File.OpenRead(String path)
        tests/Hexalith.EventStore.Server.Tests/Events/DaprLogicalReplayFixture.cs(196,0): at Hexalith.EventStore.Server.Tests.Events.DaprLogicalReplayFixture.ReplaceRow(String hex, String fields, Byte tag)
        tests/Hexalith.EventStore.Server.Tests/Events/DaprLogicalReplayFixture.cs(155,0): at Hexalith.EventStore.Server.Tests.Events.DaprLogicalReplayFixture.CreateRegistry(Boolean mixedHistory)
        tests/Hexalith.EventStore.Server.Tests/Events/DaprLogicalReplayFixture.cs(22,0): at Hexalith.EventStore.Server.Tests.Events.DaprLogicalReplayFixture..ctor(Int32 events, Int32 payloadBytes, Boolean mixedHistory)
        tests/Hexalith.EventStore.Server.Tests/Events/DaprLogicalReconstructionFixture.cs(19,0): at Hexalith.EventStore.Server.Tests.Events.DaprLogicalReconstructionFixture..ctor(Int32 events, Int32 workingBytes, Boolean mixedHistory, Int32 maximumBufferBytes, Int32 payloadBytes)
        tests/Hexalith.EventStore.Server.Tests/Events/DaprLogicalCallbackFenceTests.cs(35,0): at Hexalith.EventStore.Server.Tests.Events.DaprLogicalCallbackFenceTests.CallableAuthorityLossStopsLaterCallbacksApplySaveAndProof(String stage, String authority)
        --- End of stack trace from previous location ---
    Hexalith.EventStore.Server.Tests.Events.DaprLogicalCallbackFenceTests.CallableAuthorityLossStopsLaterCallbacksApplySaveAndProof(stage: "deserialize-options", authority: "head") [FAIL]
      System.IO.IOException : The process cannot access the file '/home/administrator/projects/hexalith/eventstore/tests/Hexalith.EventStore.Server.Tests/bin/Debug/net10.0/Hexalith.EventStore.Server.Tests.dll' because it is being used by another process.
      Stack Trace:
           at Microsoft.Win32.SafeHandles.SafeFileHandle.Open(String fullPath, FileMode mode, FileAccess access, FileShare share, FileOptions options, Int64 preallocationSize, UnixFileMode openPermissions, Int64& fileLength, UnixFileMode& filePermissions, Boolean failForSymlink, Boolean& wasSymlink, Func`4 createOpenException)
           at System.IO.Strategies.OSFileStreamStrategy..ctor(String path, FileMode mode, FileAccess access, FileShare share, FileOptions options, Int64 preallocationSize, Nullable`1 unixCreateMode)
           at System.IO.File.OpenRead(String path)
        tests/Hexalith.EventStore.Server.Tests/Events/DaprLogicalReplayFixture.cs(196,0): at Hexalith.EventStore.Server.Tests.Events.DaprLogicalReplayFixture.ReplaceRow(String hex, String fields, Byte tag)
        tests/Hexalith.EventStore.Server.Tests/Events/DaprLogicalReplayFixture.cs(155,0): at Hexalith.EventStore.Server.Tests.Events.DaprLogicalReplayFixture.CreateRegistry(Boolean mixedHistory)
        tests/Hexalith.EventStore.Server.Tests/Events/DaprLogicalReplayFixture.cs(22,0): at Hexalith.EventStore.Server.Tests.Events.DaprLogicalReplayFixture..ctor(Int32 events, Int32 payloadBytes, Boolean mixedHistory)
        tests/Hexalith.EventStore.Server.Tests/Events/DaprLogicalReconstructionFixture.cs(19,0): at Hexalith.EventStore.Server.Tests.Events.DaprLogicalReconstructionFixture..ctor(Int32 events, Int32 workingBytes, Boolean mixedHistory, Int32 maximumBufferBytes, Int32 payloadBytes)
        tests/Hexalith.EventStore.Server.Tests/Events/DaprLogicalCallbackFenceTests.cs(35,0): at Hexalith.EventStore.Server.Tests.Events.DaprLogicalCallbackFenceTests.CallableAuthorityLossStopsLaterCallbacksApplySaveAndProof(String stage, String authority)
        --- End of stack trace from previous location ---
    Hexalith.EventStore.Server.Tests.Events.DaprLogicalCallbackFenceTests.CallableAuthorityLossStopsLaterCallbacksApplySaveAndProof(stage: "deserialize-options", authority: "key") [FAIL]
      System.IO.IOException : The process cannot access the file '/home/administrator/projects/hexalith/eventstore/tests/Hexalith.EventStore.Server.Tests/bin/Debug/net10.0/Hexalith.EventStore.Server.Tests.dll' because it is being used by another process.
      Stack Trace:
           at Microsoft.Win32.SafeHandles.SafeFileHandle.Open(String fullPath, FileMode mode, FileAccess access, FileShare share, FileOptions options, Int64 preallocationSize, UnixFileMode openPermissions, Int64& fileLength, UnixFileMode& filePermissions, Boolean failForSymlink, Boolean& wasSymlink, Func`4 createOpenException)
           at System.IO.Strategies.OSFileStreamStrategy..ctor(String path, FileMode mode, FileAccess access, FileShare share, FileOptions options, Int64 preallocationSize, Nullable`1 unixCreateMode)
           at System.IO.File.OpenRead(String path)
        tests/Hexalith.EventStore.Server.Tests/Events/DaprLogicalReplayFixture.cs(196,0): at Hexalith.EventStore.Server.Tests.Events.DaprLogicalReplayFixture.ReplaceRow(String hex, String fields, Byte tag)
        tests/Hexalith.EventStore.Server.Tests/Events/DaprLogicalReplayFixture.cs(155,0): at Hexalith.EventStore.Server.Tests.Events.DaprLogicalReplayFixture.CreateRegistry(Boolean mixedHistory)
        tests/Hexalith.EventStore.Server.Tests/Events/DaprLogicalReplayFixture.cs(22,0): at Hexalith.EventStore.Server.Tests.Events.DaprLogicalReplayFixture..ctor(Int32 events, Int32 payloadBytes, Boolean mixedHistory)
        tests/Hexalith.EventStore.Server.Tests/Events/DaprLogicalReconstructionFixture.cs(19,0): at Hexalith.EventStore.Server.Tests.Events.DaprLogicalReconstructionFixture..ctor(Int32 events, Int32 workingBytes, Boolean mixedHistory, Int32 maximumBufferBytes, Int32 payloadBytes)
        tests/Hexalith.EventStore.Server.Tests/Events/DaprLogicalCallbackFenceTests.cs(35,0): at Hexalith.EventStore.Server.Tests.Events.DaprLogicalCallbackFenceTests.CallableAuthorityLossStopsLaterCallbacksApplySaveAndProof(String stage, String authority)
        --- End of stack trace from previous location ---
    Hexalith.EventStore.Server.Tests.Events.DaprLogicalCallbackFenceTests.CallableAuthorityLossStopsLaterCallbacksApplySaveAndProof(stage: "deserialize-options", authority: "registry") [FAIL]
      Shouldly.ShouldAssertException : else if (authority is "key" or "registry") { failure
          should be of type
      System.ObjectDisposedException
          but was
      System.InvalidOperationException
      Stack Trace:
        tests/Hexalith.EventStore.Server.Tests/Events/DaprLogicalCallbackFenceTests.cs(72,0): at Hexalith.EventStore.Server.Tests.Events.DaprLogicalCallbackFenceTests.CallableAuthorityLossStopsLaterCallbacksApplySaveAndProof(String stage, String authority)
           at System.Runtime.ExceptionServices.ExceptionDispatchInfo.Throw()
        tests/Hexalith.EventStore.Server.Tests/Events/DaprLogicalCallbackFenceTests.cs(82,0): at Hexalith.EventStore.Server.Tests.Events.DaprLogicalCallbackFenceTests.CallableAuthorityLossStopsLaterCallbacksApplySaveAndProof(String stage, String authority)
           at System.Runtime.ExceptionServices.ExceptionDispatchInfo.Throw()
           at System.Runtime.CompilerServices.TaskAwaiter.HandleNonSuccessAndDebuggerNotification(Task task, ConfigureAwaitOptions options)
        --- End of stack trace from previous location ---
           at System.Runtime.ExceptionServices.ExceptionDispatchInfo.Throw()
           at System.Runtime.CompilerServices.TaskAwaiter.HandleNonSuccessAndDebuggerNotification(Task task, ConfigureAwaitOptions options)
    Hexalith.EventStore.Server.Tests.Events.DaprLogicalCallbackFenceTests.CallableAuthorityLossStopsLaterCallbacksApplySaveAndProof(stage: "deserialize-options", authority: "cancellation") [FAIL]
      Shouldly.ShouldAssertException : if (authority == "cancellation") { failure
          should be of type
      System.OperationCanceledException
          but was
      System.Threading.Tasks.TaskCanceledException
      Stack Trace:
        tests/Hexalith.EventStore.Server.Tests/Events/DaprLogicalCallbackFenceTests.cs(71,0): at Hexalith.EventStore.Server.Tests.Events.DaprLogicalCallbackFenceTests.CallableAuthorityLossStopsLaterCallbacksApplySaveAndProof(String stage, String authority)
           at System.Runtime.ExceptionServices.ExceptionDispatchInfo.Throw()
        tests/Hexalith.EventStore.Server.Tests/Events/DaprLogicalCallbackFenceTests.cs(82,0): at Hexalith.EventStore.Server.Tests.Events.DaprLogicalCallbackFenceTests.CallableAuthorityLossStopsLaterCallbacksApplySaveAndProof(String stage, String authority)
           at System.Runtime.ExceptionServices.ExceptionDispatchInfo.Throw()
           at System.Runtime.CompilerServices.TaskAwaiter.HandleNonSuccessAndDebuggerNotification(Task task, ConfigureAwaitOptions options)
        --- End of stack trace from previous location ---
           at System.Runtime.ExceptionServices.ExceptionDispatchInfo.Throw()
           at System.Runtime.CompilerServices.TaskAwaiter.HandleNonSuccessAndDebuggerNotification(Task task, ConfigureAwaitOptions options)
    Hexalith.EventStore.Server.Tests.Events.DaprLogicalCallbackFenceTests.CallableAuthorityLossStopsLaterCallbacksApplySaveAndProof(stage: "deserialize", authority: "key") [FAIL]
      Shouldly.ShouldAssertException : else if (authority is "key" or "registry") { failure
          should be of type
      System.ObjectDisposedException
          but was
      System.InvalidOperationException
      Stack Trace:
        tests/Hexalith.EventStore.Server.Tests/Events/DaprLogicalCallbackFenceTests.cs(72,0): at Hexalith.EventStore.Server.Tests.Events.DaprLogicalCallbackFenceTests.CallableAuthorityLossStopsLaterCallbacksApplySaveAndProof(String stage, String authority)
           at System.Runtime.ExceptionServices.ExceptionDispatchInfo.Throw()
        tests/Hexalith.EventStore.Server.Tests/Events/DaprLogicalCallbackFenceTests.cs(82,0): at Hexalith.EventStore.Server.Tests.Events.DaprLogicalCallbackFenceTests.CallableAuthorityLossStopsLaterCallbacksApplySaveAndProof(String stage, String authority)
           at System.Runtime.ExceptionServices.ExceptionDispatchInfo.Throw()
           at System.Runtime.CompilerServices.TaskAwaiter.HandleNonSuccessAndDebuggerNotification(Task task, ConfigureAwaitOptions options)
        --- End of stack trace from previous location ---
           at System.Runtime.ExceptionServices.ExceptionDispatchInfo.Throw()
           at System.Runtime.CompilerServices.TaskAwaiter.HandleNonSuccessAndDebuggerNotification(Task task, ConfigureAwaitOptions options)
