xUnit.net v3 In-Process Runner v4.0.1+8ed8aa354c (64-bit .NET 10.0.12)
  Discovering: Hexalith.EventStore.Server.Tests
  Discovered:  Hexalith.EventStore.Server.Tests
  Starting:    Hexalith.EventStore.Server.Tests
    Hexalith.EventStore.Server.Tests.Events.DaprProductionLogicalEventReaderTests.MultiPageRangeKeepsContiguousSequencesAndPinsRetainedFloor [FAIL]
      NSubstitute.Exceptions.ReceivedCallsException : Expected to receive exactly 6 calls matching:
      	TryGetStateAsync<AggregateMetadata>("tenant:d:aggregate:metadata", any CancellationToken)
      Actually received 780 matching calls:
      	TryGetStateAsync<AggregateMetadata>("tenant:d:aggregate:metadata", System.Threading.CancellationToken)
      	TryGetStateAsync<AggregateMetadata>("tenant:d:aggregate:metadata", System.Threading.CancellationToken)
      	TryGetStateAsync<AggregateMetadata>("tenant:d:aggregate:metadata", System.Threading.CancellationToken)
      	TryGetStateAsync<AggregateMetadata>("tenant:d:aggregate:metadata", System.Threading.CancellationToken)
      	TryGetStateAsync<AggregateMetadata>("tenant:d:aggregate:metadata", System.Threading.CancellationToken)
      	TryGetStateAsync<AggregateMetadata>("tenant:d:aggregate:metadata", System.Threading.CancellationToken)
      	TryGetStateAsync<AggregateMetadata>("tenant:d:aggregate:metadata", System.Threading.CancellationToken)
      	TryGetStateAsync<AggregateMetadata>("tenant:d:aggregate:metadata", System.Threading.CancellationToken)
      	TryGetStateAsync<AggregateMetadata>("tenant:d:aggregate:metadata", System.Threading.CancellationToken)
      	TryGetStateAsync<AggregateMetadata>("tenant:d:aggregate:metadata", System.Threading.CancellationToken)
      	TryGetStateAsync<AggregateMetadata>("tenant:d:aggregate:metadata", System.Threading.CancellationToken)
      	TryGetStateAsync<AggregateMetadata>("tenant:d:aggregate:metadata", System.Threading.CancellationToken)
      	TryGetStateAsync<AggregateMetadata>("tenant:d:aggregate:metadata", System.Threading.CancellationToken)
      	TryGetStateAsync<AggregateMetadata>("tenant:d:aggregate:metadata", System.Threading.CancellationToken)
      	TryGetStateAsync<AggregateMetadata>("tenant:d:aggregate:metadata", System.Threading.CancellationToken)
      	TryGetStateAsync<AggregateMetadata>("tenant:d:aggregate:metadata", System.Threading.CancellationToken)
      	TryGetStateAsync<AggregateMetadata>("tenant:d:aggregate:metadata", System.Threading.CancellationToken)
      	TryGetStateAsync<AggregateMetadata>("tenant:d:aggregate:metadata", System.Threading.CancellationToken)
      	TryGetStateAsync<AggregateMetadata>("tenant:d:aggregate:metadata", System.Threading.CancellationToken)
      	TryGetStateAsync<AggregateMetadata>("tenant:d:aggregate:metadata", System.Threading.CancellationToken)
      	TryGetStateAsync<AggregateMetadata>("tenant:d:aggregate:metadata", System.Threading.CancellationToken)
      	TryGetStateAsync<AggregateMetadata>("tenant:d:aggregate:metadata", System.Threading.CancellationToken)
      	TryGetStateAsync<AggregateMetadata>("tenant:d:aggregate:metadata", System.Threading.CancellationToken)
      	TryGetStateAsync<AggregateMetadata>("tenant:d:aggregate:metadata", System.Threading.CancellationToken)
      	TryGetStateAsync<AggregateMetadata>("tenant:d:aggregate:metadata", System.Threading.CancellationToken)
      	TryGetStateAsync<AggregateMetadata>("tenant:d:aggregate:metadata", System.Threading.CancellationToken)
      	TryGetStateAsync<AggregateMetadata>("tenant:d:aggregate:metadata", System.Threading.CancellationToken)
      	TryGetStateAsync<AggregateMetadata>("tenant:d:aggregate:metadata", System.Threading.CancellationToken)
      	TryGetStateAsync<AggregateMetadata>("tenant:d:aggregate:metadata", System.Threading.CancellationToken)
      	TryGetStateAsync<AggregateMetadata>("tenant:d:aggregate:metadata", System.Threading.CancellationToken)
      	TryGetStateAsync<AggregateMetadata>("tenant:d:aggregate:metadata", System.Threading.CancellationToken)
      	TryGetStateAsync<AggregateMetadata>("tenant:d:aggregate:metadata", System.Threading.CancellationToken)
      	TryGetStateAsync<AggregateMetadata>("tenant:d:aggregate:metadata", System.Threading.CancellationToken)
      	TryGetStateAsync<AggregateMetadata>("tenant:d:aggregate:metadata", System.Threading.CancellationToken)
      	TryGetStateAsync<AggregateMetadata>("tenant:d:aggregate:metadata", System.Threading.CancellationToken)
      	TryGetStateAsync<AggregateMetadata>("tenant:d:aggregate:metadata", System.Threading.CancellationToken)
      	TryGetStateAsync<AggregateMetadata>("tenant:d:aggregate:metadata", System.Threading.CancellationToken)
      	TryGetStateAsync<AggregateMetadata>("tenant:d:aggregate:metadata", System.Threading.CancellationToken)
      	TryGetStateAsync<AggregateMetadata>("tenant:d:aggregate:metadata", System.Threading.CancellationToken)
      	TryGetStateAsync<AggregateMetadata>("tenant:d:aggregate:metadata", System.Threading.CancellationToken)
      	TryGetStateAsync<AggregateMetadata>("tenant:d:aggregate:metadata", System.Threading.CancellationToken)
      	TryGetStateAsync<AggregateMetadata>("tenant:d:aggregate:metadata", System.Threading.CancellationToken)
      	TryGetStateAsync<AggregateMetadata>("tenant:d:aggregate:metadata", System.Threading.CancellationToken)
      	TryGetStateAsync<AggregateMetadata>("tenant:d:aggregate:metadata", System.Threading.CancellationToken)
      	TryGetStateAsync<AggregateMetadata>("tenant:d:aggregate:metadata", System.Threading.CancellationToken)
      	TryGetStateAsync<AggregateMetadata>("tenant:d:aggregate:metadata", System.Threading.CancellationToken)
      	TryGetStateAsync<AggregateMetadata>("tenant:d:aggregate:metadata", System.Threading.CancellationToken)
      	TryGetStateAsync<AggregateMetadata>("tenant:d:aggregate:metadata", System.Threading.CancellationToken)
      	TryGetStateAsync<AggregateMetadata>("tenant:d:aggregate:metadata", System.Threading.CancellationToken)
      	TryGetStateAsync<AggregateMetadata>("tenant:d:aggregate:metadata", System.Threading.CancellationToken)
      	TryGetStateAsync<AggregateMetadata>("tenant:d:aggregate:metadata", System.Threading.CancellationToken)
      	TryGetStateAsync<AggregateMetadata>("tenant:d:aggregate:metadata", System.Threading.CancellationToken)
      	TryGetStateAsync<AggregateMetadata>("tenant:d:aggregate:metadata", System.Threading.CancellationToken)
      	TryGetStateAsync<AggregateMetadata>("tenant:d:aggregate:metadata", System.Threading.CancellationToken)
      	TryGetStateAsync<AggregateMetadata>("tenant:d:aggregate:metadata", System.Threading.CancellationToken)
      	TryGetStateAsync<AggregateMetadata>("tenant:d:aggregate:metadata", System.Threading.CancellationToken)
      	TryGetStateAsync<AggregateMetadata>("tenant:d:aggregate:metadata", System.Threading.CancellationToken)
      	TryGetStateAsync<AggregateMetadata>("tenant:d:aggregate:metadata", System.Threading.CancellationToken)
      	TryGetStateAsync<AggregateMetadata>("tenant:d:aggregate:metadata", System.Threading.CancellationToken)
      	TryGetStateAsync<AggregateMetadata>("tenant:d:aggregate:metadata", System.Threading.CancellationToken)
      	TryGetStateAsync<AggregateMetadata>("tenant:d:aggregate:metadata", System.Threading.CancellationToken)
      	TryGetStateAsync<AggregateMetadata>("tenant:d:aggregate:metadata", System.Threading.CancellationToken)
      	TryGetStateAsync<AggregateMetadata>("tenant:d:aggregate:metadata", System.Threading.CancellationToken)
      	TryGetStateAsync<AggregateMetadata>("tenant:d:aggregate:metadata", System.Threading.CancellationToken)
      	TryGetStateAsync<AggregateMetadata>("tenant:d:aggregate:metadata", System.Threading.CancellationToken)
      	TryGetStateAsync<AggregateMetadata>("tenant:d:aggregate:metadata", System.Threading.CancellationToken)
      	TryGetStateAsync<AggregateMetadata>("tenant:d:aggregate:metadata", System.Threading.CancellationToken)
      	TryGetStateAsync<AggregateMetadata>("tenant:d:aggregate:metadata", System.Threading.CancellationToken)
      	TryGetStateAsync<AggregateMetadata>("tenant:d:aggregate:metadata", System.Threading.CancellationToken)
      	TryGetStateAsync<AggregateMetadata>("tenant:d:aggregate:metadata", System.Threading.CancellationToken)
      	TryGetStateAsync<AggregateMetadata>("tenant:d:aggregate:metadata", System.Threading.CancellationToken)
      	TryGetStateAsync<AggregateMetadata>("tenant:d:aggregate:metadata", System.Threading.CancellationToken)
      	TryGetStateAsync<AggregateMetadata>("tenant:d:aggregate:metadata", System.Threading.CancellationToken)
      	TryGetStateAsync<AggregateMetadata>("tenant:d:aggregate:metadata", System.Threading.CancellationToken)
      	TryGetStateAsync<AggregateMetadata>("tenant:d:aggregate:metadata", System.Threading.CancellationToken)
      	TryGetStateAsync<AggregateMetadata>("tenant:d:aggregate:metadata", System.Threading.CancellationToken)
      	TryGetStateAsync<AggregateMetadata>("tenant:d:aggregate:metadata", System.Threading.CancellationToken)
      	TryGetStateAsync<AggregateMetadata>("tenant:d:aggregate:metadata", System.Threading.CancellationToken)
      	TryGetStateAsync<AggregateMetadata>("tenant:d:aggregate:metadata", System.Threading.CancellationToken)
      	TryGetStateAsync<AggregateMetadata>("tenant:d:aggregate:metadata", System.Threading.CancellationToken)
      	TryGetStateAsync<AggregateMetadata>("tenant:d:aggregate:metadata", System.Threading.CancellationToken)
      	TryGetStateAsync<AggregateMetadata>("tenant:d:aggregate:metadata", System.Threading.CancellationToken)
      	TryGetStateAsync<AggregateMetadata>("tenant:d:aggregate:metadata", System.Threading.CancellationToken)
      	TryGetStateAsync<AggregateMetadata>("tenant:d:aggregate:metadata", System.Threading.CancellationToken)
      	TryGetStateAsync<AggregateMetadata>("tenant:d:aggregate:metadata", System.Threading.CancellationToken)
      	TryGetStateAsync<AggregateMetadata>("tenant:d:aggregate:metadata", System.Threading.CancellationToken)
      	TryGetStateAsync<AggregateMetadata>("tenant:d:aggregate:metadata", System.Threading.CancellationToken)
      	TryGetStateAsync<AggregateMetadata>("tenant:d:aggregate:metadata", System.Threading.CancellationToken)
      	TryGetStateAsync<AggregateMetadata>("tenant:d:aggregate:metadata", System.Threading.CancellationToken)
      	TryGetStateAsync<AggregateMetadata>("tenant:d:aggregate:metadata", System.Threading.CancellationToken)
      	TryGetStateAsync<AggregateMetadata>("tenant:d:aggregate:metadata", System.Threading.CancellationToken)
      	TryGetStateAsync<AggregateMetadata>("tenant:d:aggregate:metadata", System.Threading.CancellationToken)
      	TryGetStateAsync<AggregateMetadata>("tenant:d:aggregate:metadata", System.Threading.CancellationToken)
      	TryGetStateAsync<AggregateMetadata>("tenant:d:aggregate:metadata", System.Threading.CancellationToken)
      	TryGetStateAsync<AggregateMetadata>("tenant:d:aggregate:metadata", System.Threading.CancellationToken)
      	TryGetStateAsync<AggregateMetadata>("tenant:d:aggregate:metadata", System.Threading.CancellationToken)
      	TryGetStateAsync<AggregateMetadata>("tenant:d:aggregate:metadata", System.Threading.CancellationToken)
      	TryGetStateAsync<AggregateMetadata>("tenant:d:aggregate:metadata", System.Threading.CancellationToken)
      	TryGetStateAsync<AggregateMetadata>("tenant:d:aggregate:metadata", System.Threading.CancellationToken)
      	TryGetStateAsync<AggregateMetadata>("tenant:d:aggregate:metadata", System.Threading.CancellationToken)
      	TryGetStateAsync<AggregateMetadata>("tenant:d:aggregate:metadata", System.Threading.CancellationToken)
      	TryGetStateAsync<AggregateMetadata>("tenant:d:aggregate:metadata", System.Threading.CancellationToken)
      	TryGetStateAsync<AggregateMetadata>("tenant:d:aggregate:metadata", System.Threading.CancellationToken)
      	TryGetStateAsync<AggregateMetadata>("tenant:d:aggregate:metadata", System.Threading.CancellationToken)
      	TryGetStateAsync<AggregateMetadata>("tenant:d:aggregate:metadata", System.Threading.CancellationToken)
      	TryGetStateAsync<AggregateMetadata>("tenant:d:aggregate:metadata", System.Threading.CancellationToken)
      	TryGetStateAsync<AggregateMetadata>("tenant:d:aggregate:metadata", System.Threading.CancellationToken)
      	TryGetStateAsync<AggregateMetadata>("tenant:d:aggregate:metadata", System.Threading.CancellationToken)
      	TryGetStateAsync<AggregateMetadata>("tenant:d:aggregate:metadata", System.Threading.CancellationToken)
      	TryGetStateAsync<AggregateMetadata>("tenant:d:aggregate:metadata", System.Threading.CancellationToken)
      	TryGetStateAsync<AggregateMetadata>("tenant:d:aggregate:metadata", System.Threading.CancellationToken)
      	TryGetStateAsync<AggregateMetadata>("tenant:d:aggregate:metadata", System.Threading.CancellationToken)
      	TryGetStateAsync<AggregateMetadata>("tenant:d:aggregate:metadata", System.Threading.CancellationToken)
      	TryGetStateAsync<AggregateMetadata>("tenant:d:aggregate:metadata", System.Threading.CancellationToken)
      	TryGetStateAsync<AggregateMetadata>("tenant:d:aggregate:metadata", System.Threading.CancellationToken)
      	TryGetStateAsync<AggregateMetadata>("tenant:d:aggregate:metadata", System.Threading.CancellationToken)
      	TryGetStateAsync<AggregateMetadata>("tenant:d:aggregate:metadata", System.Threading.CancellationToken)
      	TryGetStateAsync<AggregateMetadata>("tenant:d:aggregate:metadata", System.Threading.CancellationToken)
      	TryGetStateAsync<AggregateMetadata>("tenant:d:aggregate:metadata", System.Threading.CancellationToken)
      	TryGetStateAsync<AggregateMetadata>("tenant:d:aggregate:metadata", System.Threading.CancellationToken)
      	TryGetStateAsync<AggregateMetadata>("tenant:d:aggregate:metadata", System.Threading.CancellationToken)
      	TryGetStateAsync<AggregateMetadata>("tenant:d:aggregate:metadata", System.Threading.CancellationToken)
      	TryGetStateAsync<AggregateMetadata>("tenant:d:aggregate:metadata", System.Threading.CancellationToken)
      	TryGetStateAsync<AggregateMetadata>("tenant:d:aggregate:metadata", System.Threading.CancellationToken)
      	TryGetStateAsync<AggregateMetadata>("tenant:d:aggregate:metadata", System.Threading.CancellationToken)
      	TryGetStateAsync<AggregateMetadata>("tenant:d:aggregate:metadata", System.Threading.CancellationToken)
      	TryGetStateAsync<AggregateMetadata>("tenant:d:aggregate:metadata", System.Threading.CancellationToken)
      	TryGetStateAsync<AggregateMetadata>("tenant:d:aggregate:metadata", System.Threading.CancellationToken)
      	TryGetStateAsync<AggregateMetadata>("tenant:d:aggregate:metadata", System.Threading.CancellationToken)
      	TryGetStateAsync<AggregateMetadata>("tenant:d:aggregate:metadata", System.Threading.CancellationToken)
      	TryGetStateAsync<AggregateMetadata>("tenant:d:aggregate:metadata", System.Threading.CancellationToken)
      	TryGetStateAsync<AggregateMetadata>("tenant:d:aggregate:metadata", System.Threading.CancellationToken)
      	TryGetStateAsync<AggregateMetadata>("tenant:d:aggregate:metadata", System.Threading.CancellationToken)
      	TryGetStateAsync<AggregateMetadata>("tenant:d:aggregate:metadata", System.Threading.CancellationToken)
      	TryGetStateAsync<AggregateMetadata>("tenant:d:aggregate:metadata", System.Threading.CancellationToken)
      	TryGetStateAsync<AggregateMetadata>("tenant:d:aggregate:metadata", System.Threading.CancellationToken)
      	TryGetStateAsync<AggregateMetadata>("tenant:d:aggregate:metadata", System.Threading.CancellationToken)
      	TryGetStateAsync<AggregateMetadata>("tenant:d:aggregate:metadata", System.Threading.CancellationToken)
      	TryGetStateAsync<AggregateMetadata>("tenant:d:aggregate:metadata", System.Threading.CancellationToken)
      	TryGetStateAsync<AggregateMetadata>("tenant:d:aggregate:metadata", System.Threading.CancellationToken)
      	TryGetStateAsync<AggregateMetadata>("tenant:d:aggregate:metadata", System.Threading.CancellationToken)
      	TryGetStateAsync<AggregateMetadata>("tenant:d:aggregate:metadata", System.Threading.CancellationToken)
      	TryGetStateAsync<AggregateMetadata>("tenant:d:aggregate:metadata", System.Threading.CancellationToken)
      	TryGetStateAsync<AggregateMetadata>("tenant:d:aggregate:metadata", System.Threading.CancellationToken)
      	TryGetStateAsync<AggregateMetadata>("tenant:d:aggregate:metadata", System.Threading.CancellationToken)
      	TryGetStateAsync<AggregateMetadata>("tenant:d:aggregate:metadata", System.Threading.CancellationToken)
      	TryGetStateAsync<AggregateMetadata>("tenant:d:aggregate:metadata", System.Threading.CancellationToken)
      	TryGetStateAsync<AggregateMetadata>("tenant:d:aggregate:metadata", System.Threading.CancellationToken)
      	TryGetStateAsync<AggregateMetadata>("tenant:d:aggregate:metadata", System.Threading.CancellationToken)
      	TryGetStateAsync<AggregateMetadata>("tenant:d:aggregate:metadata", System.Threading.CancellationToken)
      	TryGetStateAsync<AggregateMetadata>("tenant:d:aggregate:metadata", System.Threading.CancellationToken)
      	TryGetStateAsync<AggregateMetadata>("tenant:d:aggregate:metadata", System.Threading.CancellationToken)
      	TryGetStateAsync<AggregateMetadata>("tenant:d:aggregate:metadata", System.Threading.CancellationToken)
      	TryGetStateAsync<AggregateMetadata>("tenant:d:aggregate:metadata", System.Threading.CancellationToken)
      	TryGetStateAsync<AggregateMetadata>("tenant:d:aggregate:metadata", System.Threading.CancellationToken)
      	TryGetStateAsync<AggregateMetadata>("tenant:d:aggregate:metadata", System.Threading.CancellationToken)
      	TryGetStateAsync<AggregateMetadata>("tenant:d:aggregate:metadata", System.Threading.CancellationToken)
      	TryGetStateAsync<AggregateMetadata>("tenant:d:aggregate:metadata", System.Threading.CancellationToken)
      	TryGetStateAsync<AggregateMetadata>("tenant:d:aggregate:metadata", System.Threading.CancellationToken)
      	TryGetStateAsync<AggregateMetadata>("tenant:d:aggregate:metadata", System.Threading.CancellationToken)
      	TryGetStateAsync<AggregateMetadata>("tenant:d:aggregate:metadata", System.Threading.CancellationToken)
      	TryGetStateAsync<AggregateMetadata>("tenant:d:aggregate:metadata", System.Threading.CancellationToken)
      	TryGetStateAsync<AggregateMetadata>("tenant:d:aggregate:metadata", System.Threading.CancellationToken)
      	TryGetStateAsync<AggregateMetadata>("tenant:d:aggregate:metadata", System.Threading.CancellationToken)
      	TryGetStateAsync<AggregateMetadata>("tenant:d:aggregate:metadata", System.Threading.CancellationToken)
      	TryGetStateAsync<AggregateMetadata>("tenant:d:aggregate:metadata", System.Threading.CancellationToken)
      	TryGetStateAsync<AggregateMetadata>("tenant:d:aggregate:metadata", System.Threading.CancellationToken)
      	TryGetStateAsync<AggregateMetadata>("tenant:d:aggregate:metadata", System.Threading.CancellationToken)
      	TryGetStateAsync<AggregateMetadata>("tenant:d:aggregate:metadata", System.Threading.CancellationToken)
      	TryGetStateAsync<AggregateMetadata>("tenant:d:aggregate:metadata", System.Threading.CancellationToken)
      	TryGetStateAsync<AggregateMetadata>("tenant:d:aggregate:metadata", System.Threading.CancellationToken)
      	TryGetStateAsync<AggregateMetadata>("tenant:d:aggregate:metadata", System.Threading.CancellationToken)
      	TryGetStateAsync<AggregateMetadata>("tenant:d:aggregate:metadata", System.Threading.CancellationToken)
      	TryGetStateAsync<AggregateMetadata>("tenant:d:aggregate:metadata", System.Threading.CancellationToken)
      	TryGetStateAsync<AggregateMetadata>("tenant:d:aggregate:metadata", System.Threading.CancellationToken)
      	TryGetStateAsync<AggregateMetadata>("tenant:d:aggregate:metadata", System.Threading.CancellationToken)
      	TryGetStateAsync<AggregateMetadata>("tenant:d:aggregate:metadata", System.Threading.CancellationToken)
      	TryGetStateAsync<AggregateMetadata>("tenant:d:aggregate:metadata", System.Threading.CancellationToken)
      	TryGetStateAsync<AggregateMetadata>("tenant:d:aggregate:metadata", System.Threading.CancellationToken)
      	TryGetStateAsync<AggregateMetadata>("tenant:d:aggregate:metadata", System.Threading.CancellationToken)
      	TryGetStateAsync<AggregateMetadata>("tenant:d:aggregate:metadata", System.Threading.CancellationToken)
      	TryGetStateAsync<AggregateMetadata>("tenant:d:aggregate:metadata", System.Threading.CancellationToken)
      	TryGetStateAsync<AggregateMetadata>("tenant:d:aggregate:metadata", System.Threading.CancellationToken)
      	TryGetStateAsync<AggregateMetadata>("tenant:d:aggregate:metadata", System.Threading.CancellationToken)
      	TryGetStateAsync<AggregateMetadata>("tenant:d:aggregate:metadata", System.Threading.CancellationToken)
      	TryGetStateAsync<AggregateMetadata>("tenant:d:aggregate:metadata", System.Threading.CancellationToken)
      	TryGetStateAsync<AggregateMetadata>("tenant:d:aggregate:metadata", System.Threading.CancellationToken)
      	TryGetStateAsync<AggregateMetadata>("tenant:d:aggregate:metadata", System.Threading.CancellationToken)
      	TryGetStateAsync<AggregateMetadata>("tenant:d:aggregate:metadata", System.Threading.CancellationToken)
      	TryGetStateAsync<AggregateMetadata>("tenant:d:aggregate:metadata", System.Threading.CancellationToken)
      	TryGetStateAsync<AggregateMetadata>("tenant:d:aggregate:metadata", System.Threading.CancellationToken)
      	TryGetStateAsync<AggregateMetadata>("tenant:d:aggregate:metadata", System.Threading.CancellationToken)
      	TryGetStateAsync<AggregateMetadata>("tenant:d:aggregate:metadata", System.Threading.CancellationToken)
      	TryGetStateAsync<AggregateMetadata>("tenant:d:aggregate:metadata", System.Threading.CancellationToken)
      	TryGetStateAsync<AggregateMetadata>("tenant:d:aggregate:metadata", System.Threading.CancellationToken)
      	TryGetStateAsync<AggregateMetadata>("tenant:d:aggregate:metadata", System.Threading.CancellationToken)
      	TryGetStateAsync<AggregateMetadata>("tenant:d:aggregate:metadata", System.Threading.CancellationToken)
      	TryGetStateAsync<AggregateMetadata>("tenant:d:aggregate:metadata", System.Threading.CancellationToken)
      	TryGetStateAsync<AggregateMetadata>("tenant:d:aggregate:metadata", System.Threading.CancellationToken)
      	TryGetStateAsync<AggregateMetadata>("tenant:d:aggregate:metadata", System.Threading.CancellationToken)
      	TryGetStateAsync<AggregateMetadata>("tenant:d:aggregate:metadata", System.Threading.CancellationToken)
      	TryGetStateAsync<AggregateMetadata>("tenant:d:aggregate:metadata", System.Threading.CancellationToken)
      	TryGetStateAsync<AggregateMetadata>("tenant:d:aggregate:metadata", System.Threading.CancellationToken)
      	TryGetStateAsync<AggregateMetadata>("tenant:d:aggregate:metadata", System.Threading.CancellationToken)
      	TryGetStateAsync<AggregateMetadata>("tenant:d:aggregate:metadata", System.Threading.CancellationToken)
      	TryGetStateAsync<AggregateMetadata>("tenant:d:aggregate:metadata", System.Threading.CancellationToken)
      	TryGetStateAsync<AggregateMetadata>("tenant:d:aggregate:metadata", System.Threading.CancellationToken)
      	TryGetStateAsync<AggregateMetadata>("tenant:d:aggregate:metadata", System.Threading.CancellationToken)
      	TryGetStateAsync<AggregateMetadata>("tenant:d:aggregate:metadata", System.Threading.CancellationToken)
      	TryGetStateAsync<AggregateMetadata>("tenant:d:aggregate:metadata", System.Threading.CancellationToken)
      	TryGetStateAsync<AggregateMetadata>("tenant:d:aggregate:metadata", System.Threading.CancellationToken)
      	TryGetStateAsync<AggregateMetadata>("tenant:d:aggregate:metadata", System.Threading.CancellationToken)
      	TryGetStateAsync<AggregateMetadata>("tenant:d:aggregate:metadata", System.Threading.CancellationToken)
      	TryGetStateAsync<AggregateMetadata>("tenant:d:aggregate:metadata", System.Threading.CancellationToken)
      	TryGetStateAsync<AggregateMetadata>("tenant:d:aggregate:metadata", System.Threading.CancellationToken)
      	TryGetStateAsync<AggregateMetadata>("tenant:d:aggregate:metadata", System.Threading.CancellationToken)
      	TryGetStateAsync<AggregateMetadata>("tenant:d:aggregate:metadata", System.Threading.CancellationToken)
      	TryGetStateAsync<AggregateMetadata>("tenant:d:aggregate:metadata", System.Threading.CancellationToken)
      	TryGetStateAsync<AggregateMetadata>("tenant:d:aggregate:metadata", System.Threading.CancellationToken)
      	TryGetStateAsync<AggregateMetadata>("tenant:d:aggregate:metadata", System.Threading.CancellationToken)
      	TryGetStateAsync<AggregateMetadata>("tenant:d:aggregate:metadata", System.Threading.CancellationToken)
      	TryGetStateAsync<AggregateMetadata>("tenant:d:aggregate:metadata", System.Threading.CancellationToken)
      	TryGetStateAsync<AggregateMetadata>("tenant:d:aggregate:metadata", System.Threading.CancellationToken)
      	TryGetStateAsync<AggregateMetadata>("tenant:d:aggregate:metadata", System.Threading.CancellationToken)
      	TryGetStateAsync<AggregateMetadata>("tenant:d:aggregate:metadata", System.Threading.CancellationToken)
      	TryGetStateAsync<AggregateMetadata>("tenant:d:aggregate:metadata", System.Threading.CancellationToken)
      	TryGetStateAsync<AggregateMetadata>("tenant:d:aggregate:metadata", System.Threading.CancellationToken)
      	TryGetStateAsync<AggregateMetadata>("tenant:d:aggregate:metadata", System.Threading.CancellationToken)
      	TryGetStateAsync<AggregateMetadata>("tenant:d:aggregate:metadata", System.Threading.CancellationToken)
      	TryGetStateAsync<AggregateMetadata>("tenant:d:aggregate:metadata", System.Threading.CancellationToken)
      	TryGetStateAsync<AggregateMetadata>("tenant:d:aggregate:metadata", System.Threading.CancellationToken)
      	TryGetStateAsync<AggregateMetadata>("tenant:d:aggregate:metadata", System.Threading.CancellationToken)
      	TryGetStateAsync<AggregateMetadata>("tenant:d:aggregate:metadata", System.Threading.CancellationToken)
      	TryGetStateAsync<AggregateMetadata>("tenant:d:aggregate:metadata", System.Threading.CancellationToken)
      	TryGetStateAsync<AggregateMetadata>("tenant:d:aggregate:metadata", System.Threading.CancellationToken)
      	TryGetStateAsync<AggregateMetadata>("tenant:d:aggregate:metadata", System.Threading.CancellationToken)
      	TryGetStateAsync<AggregateMetadata>("tenant:d:aggregate:metadata", System.Threading.CancellationToken)
      	TryGetStateAsync<AggregateMetadata>("tenant:d:aggregate:metadata", System.Threading.CancellationToken)
      	TryGetStateAsync<AggregateMetadata>("tenant:d:aggregate:metadata", System.Threading.CancellationToken)
      	TryGetStateAsync<AggregateMetadata>("tenant:d:aggregate:metadata", System.Threading.CancellationToken)
      	TryGetStateAsync<AggregateMetadata>("tenant:d:aggregate:metadata", System.Threading.CancellationToken)
      	TryGetStateAsync<AggregateMetadata>("tenant:d:aggregate:metadata", System.Threading.CancellationToken)
      	TryGetStateAsync<AggregateMetadata>("tenant:d:aggregate:metadata", System.Threading.CancellationToken)
      	TryGetStateAsync<AggregateMetadata>("tenant:d:aggregate:metadata", System.Threading.CancellationToken)
      	TryGetStateAsync<AggregateMetadata>("tenant:d:aggregate:metadata", System.Threading.CancellationToken)
      	TryGetStateAsync<AggregateMetadata>("tenant:d:aggregate:metadata", System.Threading.CancellationToken)
      	TryGetStateAsync<AggregateMetadata>("tenant:d:aggregate:metadata", System.Threading.CancellationToken)
      	TryGetStateAsync<AggregateMetadata>("tenant:d:aggregate:metadata", System.Threading.CancellationToken)
      	TryGetStateAsync<AggregateMetadata>("tenant:d:aggregate:metadata", System.Threading.CancellationToken)
      	TryGetStateAsync<AggregateMetadata>("tenant:d:aggregate:metadata", System.Threading.CancellationToken)
      	TryGetStateAsync<AggregateMetadata>("tenant:d:aggregate:metadata", System.Threading.CancellationToken)
      	TryGetStateAsync<AggregateMetadata>("tenant:d:aggregate:metadata", System.Threading.CancellationToken)
      	TryGetStateAsync<AggregateMetadata>("tenant:d:aggregate:metadata", System.Threading.CancellationToken)
      	TryGetStateAsync<AggregateMetadata>("tenant:d:aggregate:metadata", System.Threading.CancellationToken)
      	TryGetStateAsync<AggregateMetadata>("tenant:d:aggregate:metadata", System.Threading.CancellationToken)
      	TryGetStateAsync<AggregateMetadata>("tenant:d:aggregate:metadata", System.Threading.CancellationToken)
      	TryGetStateAsync<AggregateMetadata>("tenant:d:aggregate:metadata", System.Threading.CancellationToken)
      	TryGetStateAsync<AggregateMetadata>("tenant:d:aggregate:metadata", System.Threading.CancellationToken)
      	TryGetStateAsync<AggregateMetadata>("tenant:d:aggregate:metadata", System.Threading.CancellationToken)
      	TryGetStateAsync<AggregateMetadata>("tenant:d:aggregate:metadata", System.Threading.CancellationToken)
      	TryGetStateAsync<AggregateMetadata>("tenant:d:aggregate:metadata", System.Threading.CancellationToken)
      	TryGetStateAsync<AggregateMetadata>("tenant:d:aggregate:metadata", System.Threading.CancellationToken)
      	TryGetStateAsync<AggregateMetadata>("tenant:d:aggregate:metadata", System.Threading.CancellationToken)
      	TryGetStateAsync<AggregateMetadata>("tenant:d:aggregate:metadata", System.Threading.CancellationToken)
      	TryGetStateAsync<AggregateMetadata>("tenant:d:aggregate:metadata", System.Threading.CancellationToken)
      	TryGetStateAsync<AggregateMetadata>("tenant:d:aggregate:metadata", System.Threading.CancellationToken)
      	TryGetStateAsync<AggregateMetadata>("tenant:d:aggregate:metadata", System.Threading.CancellationToken)
      	TryGetStateAsync<AggregateMetadata>("tenant:d:aggregate:metadata", System.Threading.CancellationToken)
      	TryGetStateAsync<AggregateMetadata>("tenant:d:aggregate:metadata", System.Threading.CancellationToken)
      	TryGetStateAsync<AggregateMetadata>("tenant:d:aggregate:metadata", System.Threading.CancellationToken)
      	TryGetStateAsync<AggregateMetadata>("tenant:d:aggregate:metadata", System.Threading.CancellationToken)
      	TryGetStateAsync<AggregateMetadata>("tenant:d:aggregate:metadata", System.Threading.CancellationToken)
      	TryGetStateAsync<AggregateMetadata>("tenant:d:aggregate:metadata", System.Threading.CancellationToken)
      	TryGetStateAsync<AggregateMetadata>("tenant:d:aggregate:metadata", System.Threading.CancellationToken)
      	TryGetStateAsync<AggregateMetadata>("tenant:d:aggregate:metadata", System.Threading.CancellationToken)
      	TryGetStateAsync<AggregateMetadata>("tenant:d:aggregate:metadata", System.Threading.CancellationToken)
      	TryGetStateAsync<AggregateMetadata>("tenant:d:aggregate:metadata", System.Threading.CancellationToken)
      	TryGetStateAsync<AggregateMetadata>("tenant:d:aggregate:metadata", System.Threading.CancellationToken)
      	TryGetStateAsync<AggregateMetadata>("tenant:d:aggregate:metadata", System.Threading.CancellationToken)
      	TryGetStateAsync<AggregateMetadata>("tenant:d:aggregate:metadata", System.Threading.CancellationToken)
      	TryGetStateAsync<AggregateMetadata>("tenant:d:aggregate:metadata", System.Threading.CancellationToken)
      	TryGetStateAsync<AggregateMetadata>("tenant:d:aggregate:metadata", System.Threading.CancellationToken)
      	TryGetStateAsync<AggregateMetadata>("tenant:d:aggregate:metadata", System.Threading.CancellationToken)
      	TryGetStateAsync<AggregateMetadata>("tenant:d:aggregate:metadata", System.Threading.CancellationToken)
      	TryGetStateAsync<AggregateMetadata>("tenant:d:aggregate:metadata", System.Threading.CancellationToken)
      	TryGetStateAsync<AggregateMetadata>("tenant:d:aggregate:metadata", System.Threading.CancellationToken)
      	TryGetStateAsync<AggregateMetadata>("tenant:d:aggregate:metadata", System.Threading.CancellationToken)
      	TryGetStateAsync<AggregateMetadata>("tenant:d:aggregate:metadata", System.Threading.CancellationToken)
      	TryGetStateAsync<AggregateMetadata>("tenant:d:aggregate:metadata", System.Threading.CancellationToken)
      	TryGetStateAsync<AggregateMetadata>("tenant:d:aggregate:metadata", System.Threading.CancellationToken)
      	TryGetStateAsync<AggregateMetadata>("tenant:d:aggregate:metadata", System.Threading.CancellationToken)
      	TryGetStateAsync<AggregateMetadata>("tenant:d:aggregate:metadata", System.Threading.CancellationToken)
      	TryGetStateAsync<AggregateMetadata>("tenant:d:aggregate:metadata", System.Threading.CancellationToken)
      	TryGetStateAsync<AggregateMetadata>("tenant:d:aggregate:metadata", System.Threading.CancellationToken)
      	TryGetStateAsync<AggregateMetadata>("tenant:d:aggregate:metadata", System.Threading.CancellationToken)
      	TryGetStateAsync<AggregateMetadata>("tenant:d:aggregate:metadata", System.Threading.CancellationToken)
      	TryGetStateAsync<AggregateMetadata>("tenant:d:aggregate:metadata", System.Threading.CancellationToken)
      	TryGetStateAsync<AggregateMetadata>("tenant:d:aggregate:metadata", System.Threading.CancellationToken)
      	TryGetStateAsync<AggregateMetadata>("tenant:d:aggregate:metadata", System.Threading.CancellationToken)
      	TryGetStateAsync<AggregateMetadata>("tenant:d:aggregate:metadata", System.Threading.CancellationToken)
      	TryGetStateAsync<AggregateMetadata>("tenant:d:aggregate:metadata", System.Threading.CancellationToken)
      	TryGetStateAsync<AggregateMetadata>("tenant:d:aggregate:metadata", System.Threading.CancellationToken)
      	TryGetStateAsync<AggregateMetadata>("tenant:d:aggregate:metadata", System.Threading.CancellationToken)
      	TryGetStateAsync<AggregateMetadata>("tenant:d:aggregate:metadata", System.Threading.CancellationToken)
      	TryGetStateAsync<AggregateMetadata>("tenant:d:aggregate:metadata", System.Threading.CancellationToken)
      	TryGetStateAsync<AggregateMetadata>("tenant:d:aggregate:metadata", System.Threading.CancellationToken)
      	TryGetStateAsync<AggregateMetadata>("tenant:d:aggregate:metadata", System.Threading.CancellationToken)
      	TryGetStateAsync<AggregateMetadata>("tenant:d:aggregate:metadata", System.Threading.CancellationToken)
      	TryGetStateAsync<AggregateMetadata>("tenant:d:aggregate:metadata", System.Threading.CancellationToken)
      	TryGetStateAsync<AggregateMetadata>("tenant:d:aggregate:metadata", System.Threading.CancellationToken)
      	TryGetStateAsync<AggregateMetadata>("tenant:d:aggregate:metadata", System.Threading.CancellationToken)
      	TryGetStateAsync<AggregateMetadata>("tenant:d:aggregate:metadata", System.Threading.CancellationToken)
      	TryGetStateAsync<AggregateMetadata>("tenant:d:aggregate:metadata", System.Threading.CancellationToken)
      	TryGetStateAsync<AggregateMetadata>("tenant:d:aggregate:metadata", System.Threading.CancellationToken)
      	TryGetStateAsync<AggregateMetadata>("tenant:d:aggregate:metadata", System.Threading.CancellationToken)
      	TryGetStateAsync<AggregateMetadata>("tenant:d:aggregate:metadata", System.Threading.CancellationToken)
      	TryGetStateAsync<AggregateMetadata>("tenant:d:aggregate:metadata", System.Threading.CancellationToken)
      	TryGetStateAsync<AggregateMetadata>("tenant:d:aggregate:metadata", System.Threading.CancellationToken)
      	TryGetStateAsync<AggregateMetadata>("tenant:d:aggregate:metadata", System.Threading.CancellationToken)
      	TryGetStateAsync<AggregateMetadata>("tenant:d:aggregate:metadata", System.Threading.CancellationToken)
      	TryGetStateAsync<AggregateMetadata>("tenant:d:aggregate:metadata", System.Threading.CancellationToken)
      	TryGetStateAsync<AggregateMetadata>("tenant:d:aggregate:metadata", System.Threading.CancellationToken)
      	TryGetStateAsync<AggregateMetadata>("tenant:d:aggregate:metadata", System.Threading.CancellationToken)
      	TryGetStateAsync<AggregateMetadata>("tenant:d:aggregate:metadata", System.Threading.CancellationToken)
      	TryGetStateAsync<AggregateMetadata>("tenant:d:aggregate:metadata", System.Threading.CancellationToken)
      	TryGetStateAsync<AggregateMetadata>("tenant:d:aggregate:metadata", System.Threading.CancellationToken)
      	TryGetStateAsync<AggregateMetadata>("tenant:d:aggregate:metadata", System.Threading.CancellationToken)
      	TryGetStateAsync<AggregateMetadata>("tenant:d:aggregate:metadata", System.Threading.CancellationToken)
      	TryGetStateAsync<AggregateMetadata>("tenant:d:aggregate:metadata", System.Threading.CancellationToken)
      	TryGetStateAsync<AggregateMetadata>("tenant:d:aggregate:metadata", System.Threading.CancellationToken)
      	TryGetStateAsync<AggregateMetadata>("tenant:d:aggregate:metadata", System.Threading.CancellationToken)
      	TryGetStateAsync<AggregateMetadata>("tenant:d:aggregate:metadata", System.Threading.CancellationToken)
      	TryGetStateAsync<AggregateMetadata>("tenant:d:aggregate:metadata", System.Threading.CancellationToken)
      	TryGetStateAsync<AggregateMetadata>("tenant:d:aggregate:metadata", System.Threading.CancellationToken)
      	TryGetStateAsync<AggregateMetadata>("tenant:d:aggregate:metadata", System.Threading.CancellationToken)
      	TryGetStateAsync<AggregateMetadata>("tenant:d:aggregate:metadata", System.Threading.CancellationToken)
      	TryGetStateAsync<AggregateMetadata>("tenant:d:aggregate:metadata", System.Threading.CancellationToken)
      	TryGetStateAsync<AggregateMetadata>("tenant:d:aggregate:metadata", System.Threading.CancellationToken)
      	TryGetStateAsync<AggregateMetadata>("tenant:d:aggregate:metadata", System.Threading.CancellationToken)
      	TryGetStateAsync<AggregateMetadata>("tenant:d:aggregate:metadata", System.Threading.CancellationToken)
      	TryGetStateAsync<AggregateMetadata>("tenant:d:aggregate:metadata", System.Threading.CancellationToken)
      	TryGetStateAsync<AggregateMetadata>("tenant:d:aggregate:metadata", System.Threading.CancellationToken)
      	TryGetStateAsync<AggregateMetadata>("tenant:d:aggregate:metadata", System.Threading.CancellationToken)
      	TryGetStateAsync<AggregateMetadata>("tenant:d:aggregate:metadata", System.Threading.CancellationToken)
      	TryGetStateAsync<AggregateMetadata>("tenant:d:aggregate:metadata", System.Threading.CancellationToken)
      	TryGetStateAsync<AggregateMetadata>("tenant:d:aggregate:metadata", System.Threading.CancellationToken)
      	TryGetStateAsync<AggregateMetadata>("tenant:d:aggregate:metadata", System.Threading.CancellationToken)
      	TryGetStateAsync<AggregateMetadata>("tenant:d:aggregate:metadata", System.Threading.CancellationToken)
      	TryGetStateAsync<AggregateMetadata>("tenant:d:aggregate:metadata", System.Threading.CancellationToken)
      	TryGetStateAsync<AggregateMetadata>("tenant:d:aggregate:metadata", System.Threading.CancellationToken)
      	TryGetStateAsync<AggregateMetadata>("tenant:d:aggregate:metadata", System.Threading.CancellationToken)
      	TryGetStateAsync<AggregateMetadata>("tenant:d:aggregate:metadata", System.Threading.CancellationToken)
      	TryGetStateAsync<AggregateMetadata>("tenant:d:aggregate:metadata", System.Threading.CancellationToken)
      	TryGetStateAsync<AggregateMetadata>("tenant:d:aggregate:metadata", System.Threading.CancellationToken)
      	TryGetStateAsync<AggregateMetadata>("tenant:d:aggregate:metadata", System.Threading.CancellationToken)
      	TryGetStateAsync<AggregateMetadata>("tenant:d:aggregate:metadata", System.Threading.CancellationToken)
      	TryGetStateAsync<AggregateMetadata>("tenant:d:aggregate:metadata", System.Threading.CancellationToken)
      	TryGetStateAsync<AggregateMetadata>("tenant:d:aggregate:metadata", System.Threading.CancellationToken)
      	TryGetStateAsync<AggregateMetadata>("tenant:d:aggregate:metadata", System.Threading.CancellationToken)
      	TryGetStateAsync<AggregateMetadata>("tenant:d:aggregate:metadata", System.Threading.CancellationToken)
      	TryGetStateAsync<AggregateMetadata>("tenant:d:aggregate:metadata", System.Threading.CancellationToken)
      	TryGetStateAsync<AggregateMetadata>("tenant:d:aggregate:metadata", System.Threading.CancellationToken)
      	TryGetStateAsync<AggregateMetadata>("tenant:d:aggregate:metadata", System.Threading.CancellationToken)
      	TryGetStateAsync<AggregateMetadata>("tenant:d:aggregate:metadata", System.Threading.CancellationToken)
      	TryGetStateAsync<AggregateMetadata>("tenant:d:aggregate:metadata", System.Threading.CancellationToken)
      	TryGetStateAsync<AggregateMetadata>("tenant:d:aggregate:metadata", System.Threading.CancellationToken)
      	TryGetStateAsync<AggregateMetadata>("tenant:d:aggregate:metadata", System.Threading.CancellationToken)
      	TryGetStateAsync<AggregateMetadata>("tenant:d:aggregate:metadata", System.Threading.CancellationToken)
      	TryGetStateAsync<AggregateMetadata>("tenant:d:aggregate:metadata", System.Threading.CancellationToken)
      	TryGetStateAsync<AggregateMetadata>("tenant:d:aggregate:metadata", System.Threading.CancellationToken)
      	TryGetStateAsync<AggregateMetadata>("tenant:d:aggregate:metadata", System.Threading.CancellationToken)
      	TryGetStateAsync<AggregateMetadata>("tenant:d:aggregate:metadata", System.Threading.CancellationToken)
      	TryGetStateAsync<AggregateMetadata>("tenant:d:aggregate:metadata", System.Threading.CancellationToken)
      	TryGetStateAsync<AggregateMetadata>("tenant:d:aggregate:metadata", System.Threading.CancellationToken)
      	TryGetStateAsync<AggregateMetadata>("tenant:d:aggregate:metadata", System.Threading.CancellationToken)
      	TryGetStateAsync<AggregateMetadata>("tenant:d:aggregate:metadata", System.Threading.CancellationToken)
      	TryGetStateAsync<AggregateMetadata>("tenant:d:aggregate:metadata", System.Threading.CancellationToken)
      	TryGetStateAsync<AggregateMetadata>("tenant:d:aggregate:metadata", System.Threading.CancellationToken)
      	TryGetStateAsync<AggregateMetadata>("tenant:d:aggregate:metadata", System.Threading.CancellationToken)
      	TryGetStateAsync<AggregateMetadata>("tenant:d:aggregate:metadata", System.Threading.CancellationToken)
      	TryGetStateAsync<AggregateMetadata>("tenant:d:aggregate:metadata", System.Threading.CancellationToken)
      	TryGetStateAsync<AggregateMetadata>("tenant:d:aggregate:metadata", System.Threading.CancellationToken)
      	TryGetStateAsync<AggregateMetadata>("tenant:d:aggregate:metadata", System.Threading.CancellationToken)
      	TryGetStateAsync<AggregateMetadata>("tenant:d:aggregate:metadata", System.Threading.CancellationToken)
      	TryGetStateAsync<AggregateMetadata>("tenant:d:aggregate:metadata", System.Threading.CancellationToken)
      	TryGetStateAsync<AggregateMetadata>("tenant:d:aggregate:metadata", System.Threading.CancellationToken)
      	TryGetStateAsync<AggregateMetadata>("tenant:d:aggregate:metadata", System.Threading.CancellationToken)
      	TryGetStateAsync<AggregateMetadata>("tenant:d:aggregate:metadata", System.Threading.CancellationToken)
      	TryGetStateAsync<AggregateMetadata>("tenant:d:aggregate:metadata", System.Threading.CancellationToken)
      	TryGetStateAsync<AggregateMetadata>("tenant:d:aggregate:metadata", System.Threading.CancellationToken)
      	TryGetStateAsync<AggregateMetadata>("tenant:d:aggregate:metadata", System.Threading.CancellationToken)
      	TryGetStateAsync<AggregateMetadata>("tenant:d:aggregate:metadata", System.Threading.CancellationToken)
      	TryGetStateAsync<AggregateMetadata>("tenant:d:aggregate:metadata", System.Threading.CancellationToken)
      	TryGetStateAsync<AggregateMetadata>("tenant:d:aggregate:metadata", System.Threading.CancellationToken)
      	TryGetStateAsync<AggregateMetadata>("tenant:d:aggregate:metadata", System.Threading.CancellationToken)
      	TryGetStateAsync<AggregateMetadata>("tenant:d:aggregate:metadata", System.Threading.CancellationToken)
      	TryGetStateAsync<AggregateMetadata>("tenant:d:aggregate:metadata", System.Threading.CancellationToken)
      	TryGetStateAsync<AggregateMetadata>("tenant:d:aggregate:metadata", System.Threading.CancellationToken)
      	TryGetStateAsync<AggregateMetadata>("tenant:d:aggregate:metadata", System.Threading.CancellationToken)
      	TryGetStateAsync<AggregateMetadata>("tenant:d:aggregate:metadata", System.Threading.CancellationToken)
      	TryGetStateAsync<AggregateMetadata>("tenant:d:aggregate:metadata", System.Threading.CancellationToken)
      	TryGetStateAsync<AggregateMetadata>("tenant:d:aggregate:metadata", System.Threading.CancellationToken)
      	TryGetStateAsync<AggregateMetadata>("tenant:d:aggregate:metadata", System.Threading.CancellationToken)
      	TryGetStateAsync<AggregateMetadata>("tenant:d:aggregate:metadata", System.Threading.CancellationToken)
      	TryGetStateAsync<AggregateMetadata>("tenant:d:aggregate:metadata", System.Threading.CancellationToken)
      	TryGetStateAsync<AggregateMetadata>("tenant:d:aggregate:metadata", System.Threading.CancellationToken)
      	TryGetStateAsync<AggregateMetadata>("tenant:d:aggregate:metadata", System.Threading.CancellationToken)
      	TryGetStateAsync<AggregateMetadata>("tenant:d:aggregate:metadata", System.Threading.CancellationToken)
      	TryGetStateAsync<AggregateMetadata>("tenant:d:aggregate:metadata", System.Threading.CancellationToken)
      	TryGetStateAsync<AggregateMetadata>("tenant:d:aggregate:metadata", System.Threading.CancellationToken)
      	TryGetStateAsync<AggregateMetadata>("tenant:d:aggregate:metadata", System.Threading.CancellationToken)
      	TryGetStateAsync<AggregateMetadata>("tenant:d:aggregate:metadata", System.Threading.CancellationToken)
      	TryGetStateAsync<AggregateMetadata>("tenant:d:aggregate:metadata", System.Threading.CancellationToken)
      	TryGetStateAsync<AggregateMetadata>("tenant:d:aggregate:metadata", System.Threading.CancellationToken)
      	TryGetStateAsync<AggregateMetadata>("tenant:d:aggregate:metadata", System.Threading.CancellationToken)
      	TryGetStateAsync<AggregateMetadata>("tenant:d:aggregate:metadata", System.Threading.CancellationToken)
      	TryGetStateAsync<AggregateMetadata>("tenant:d:aggregate:metadata", System.Threading.CancellationToken)
      	TryGetStateAsync<AggregateMetadata>("tenant:d:aggregate:metadata", System.Threading.CancellationToken)
      	TryGetStateAsync<AggregateMetadata>("tenant:d:aggregate:metadata", System.Threading.CancellationToken)
      	TryGetStateAsync<AggregateMetadata>("tenant:d:aggregate:metadata", System.Threading.CancellationToken)
      	TryGetStateAsync<AggregateMetadata>("tenant:d:aggregate:metadata", System.Threading.CancellationToken)
      	TryGetStateAsync<AggregateMetadata>("tenant:d:aggregate:metadata", System.Threading.CancellationToken)
      	TryGetStateAsync<AggregateMetadata>("tenant:d:aggregate:metadata", System.Threading.CancellationToken)
      	TryGetStateAsync<AggregateMetadata>("tenant:d:aggregate:metadata", System.Threading.CancellationToken)
      	TryGetStateAsync<AggregateMetadata>("tenant:d:aggregate:metadata", System.Threading.CancellationToken)
      	TryGetStateAsync<AggregateMetadata>("tenant:d:aggregate:metadata", System.Threading.CancellationToken)
      	TryGetStateAsync<AggregateMetadata>("tenant:d:aggregate:metadata", System.Threading.CancellationToken)
      	TryGetStateAsync<AggregateMetadata>("tenant:d:aggregate:metadata", System.Threading.CancellationToken)
      	TryGetStateAsync<AggregateMetadata>("tenant:d:aggregate:metadata", System.Threading.CancellationToken)
      	TryGetStateAsync<AggregateMetadata>("tenant:d:aggregate:metadata", System.Threading.CancellationToken)
      	TryGetStateAsync<AggregateMetadata>("tenant:d:aggregate:metadata", System.Threading.CancellationToken)
      	TryGetStateAsync<AggregateMetadata>("tenant:d:aggregate:metadata", System.Threading.CancellationToken)
      	TryGetStateAsync<AggregateMetadata>("tenant:d:aggregate:metadata", System.Threading.CancellationToken)
      	TryGetStateAsync<AggregateMetadata>("tenant:d:aggregate:metadata", System.Threading.CancellationToken)
      	TryGetStateAsync<AggregateMetadata>("tenant:d:aggregate:metadata", System.Threading.CancellationToken)
      	TryGetStateAsync<AggregateMetadata>("tenant:d:aggregate:metadata", System.Threading.CancellationToken)
      	TryGetStateAsync<AggregateMetadata>("tenant:d:aggregate:metadata", System.Threading.CancellationToken)
      	TryGetStateAsync<AggregateMetadata>("tenant:d:aggregate:metadata", System.Threading.CancellationToken)
      	TryGetStateAsync<AggregateMetadata>("tenant:d:aggregate:metadata", System.Threading.CancellationToken)
      	TryGetStateAsync<AggregateMetadata>("tenant:d:aggregate:metadata", System.Threading.CancellationToken)
      	TryGetStateAsync<AggregateMetadata>("tenant:d:aggregate:metadata", System.Threading.CancellationToken)
      	TryGetStateAsync<AggregateMetadata>("tenant:d:aggregate:metadata", System.Threading.CancellationToken)
      	TryGetStateAsync<AggregateMetadata>("tenant:d:aggregate:metadata", System.Threading.CancellationToken)
      	TryGetStateAsync<AggregateMetadata>("tenant:d:aggregate:metadata", System.Threading.CancellationToken)
      	TryGetStateAsync<AggregateMetadata>("tenant:d:aggregate:metadata", System.Threading.CancellationToken)
      	TryGetStateAsync<AggregateMetadata>("tenant:d:aggregate:metadata", System.Threading.CancellationToken)
      	TryGetStateAsync<AggregateMetadata>("tenant:d:aggregate:metadata", System.Threading.CancellationToken)
      	TryGetStateAsync<AggregateMetadata>("tenant:d:aggregate:metadata", System.Threading.CancellationToken)
      	TryGetStateAsync<AggregateMetadata>("tenant:d:aggregate:metadata", System.Threading.CancellationToken)
      	TryGetStateAsync<AggregateMetadata>("tenant:d:aggregate:metadata", System.Threading.CancellationToken)
      	TryGetStateAsync<AggregateMetadata>("tenant:d:aggregate:metadata", System.Threading.CancellationToken)
      	TryGetStateAsync<AggregateMetadata>("tenant:d:aggregate:metadata", System.Threading.CancellationToken)
      	TryGetStateAsync<AggregateMetadata>("tenant:d:aggregate:metadata", System.Threading.CancellationToken)
      	TryGetStateAsync<AggregateMetadata>("tenant:d:aggregate:metadata", System.Threading.CancellationToken)
      	TryGetStateAsync<AggregateMetadata>("tenant:d:aggregate:metadata", System.Threading.CancellationToken)
      	TryGetStateAsync<AggregateMetadata>("tenant:d:aggregate:metadata", System.Threading.CancellationToken)
      	TryGetStateAsync<AggregateMetadata>("tenant:d:aggregate:metadata", System.Threading.CancellationToken)
      	TryGetStateAsync<AggregateMetadata>("tenant:d:aggregate:metadata", System.Threading.CancellationToken)
      	TryGetStateAsync<AggregateMetadata>("tenant:d:aggregate:metadata", System.Threading.CancellationToken)
      	TryGetStateAsync<AggregateMetadata>("tenant:d:aggregate:metadata", System.Threading.CancellationToken)
      	TryGetStateAsync<AggregateMetadata>("tenant:d:aggregate:metadata", System.Threading.CancellationToken)
      	TryGetStateAsync<AggregateMetadata>("tenant:d:aggregate:metadata", System.Threading.CancellationToken)
      	TryGetStateAsync<AggregateMetadata>("tenant:d:aggregate:metadata", System.Threading.CancellationToken)
      	TryGetStateAsync<AggregateMetadata>("tenant:d:aggregate:metadata", System.Threading.CancellationToken)
      	TryGetStateAsync<AggregateMetadata>("tenant:d:aggregate:metadata", System.Threading.CancellationToken)
      	TryGetStateAsync<AggregateMetadata>("tenant:d:aggregate:metadata", System.Threading.CancellationToken)
      	TryGetStateAsync<AggregateMetadata>("tenant:d:aggregate:metadata", System.Threading.CancellationToken)
      	TryGetStateAsync<AggregateMetadata>("tenant:d:aggregate:metadata", System.Threading.CancellationToken)
      	TryGetStateAsync<AggregateMetadata>("tenant:d:aggregate:metadata", System.Threading.CancellationToken)
      	TryGetStateAsync<AggregateMetadata>("tenant:d:aggregate:metadata", System.Threading.CancellationToken)
      	TryGetStateAsync<AggregateMetadata>("tenant:d:aggregate:metadata", System.Threading.CancellationToken)
      	TryGetStateAsync<AggregateMetadata>("tenant:d:aggregate:metadata", System.Threading.CancellationToken)
      	TryGetStateAsync<AggregateMetadata>("tenant:d:aggregate:metadata", System.Threading.CancellationToken)
      	TryGetStateAsync<AggregateMetadata>("tenant:d:aggregate:metadata", System.Threading.CancellationToken)
      	TryGetStateAsync<AggregateMetadata>("tenant:d:aggregate:metadata", System.Threading.CancellationToken)
      	TryGetStateAsync<AggregateMetadata>("tenant:d:aggregate:metadata", System.Threading.CancellationToken)
      	TryGetStateAsync<AggregateMetadata>("tenant:d:aggregate:metadata", System.Threading.CancellationToken)
      	TryGetStateAsync<AggregateMetadata>("tenant:d:aggregate:metadata", System.Threading.CancellationToken)
      	TryGetStateAsync<AggregateMetadata>("tenant:d:aggregate:metadata", System.Threading.CancellationToken)
      	TryGetStateAsync<AggregateMetadata>("tenant:d:aggregate:metadata", System.Threading.CancellationToken)
      	TryGetStateAsync<AggregateMetadata>("tenant:d:aggregate:metadata", System.Threading.CancellationToken)
      	TryGetStateAsync<AggregateMetadata>("tenant:d:aggregate:metadata", System.Threading.CancellationToken)
      	TryGetStateAsync<AggregateMetadata>("tenant:d:aggregate:metadata", System.Threading.CancellationToken)
      	TryGetStateAsync<AggregateMetadata>("tenant:d:aggregate:metadata", System.Threading.CancellationToken)
      	TryGetStateAsync<AggregateMetadata>("tenant:d:aggregate:metadata", System.Threading.CancellationToken)
      	TryGetStateAsync<AggregateMetadata>("tenant:d:aggregate:metadata", System.Threading.CancellationToken)
      	TryGetStateAsync<AggregateMetadata>("tenant:d:aggregate:metadata", System.Threading.CancellationToken)
      	TryGetStateAsync<AggregateMetadata>("tenant:d:aggregate:metadata", System.Threading.CancellationToken)
      	TryGetStateAsync<AggregateMetadata>("tenant:d:aggregate:metadata", System.Threading.CancellationToken)
      	TryGetStateAsync<AggregateMetadata>("tenant:d:aggregate:metadata", System.Threading.CancellationToken)
      	TryGetStateAsync<AggregateMetadata>("tenant:d:aggregate:metadata", System.Threading.CancellationToken)
      	TryGetStateAsync<AggregateMetadata>("tenant:d:aggregate:metadata", System.Threading.CancellationToken)
      	TryGetStateAsync<AggregateMetadata>("tenant:d:aggregate:metadata", System.Threading.CancellationToken)
      	TryGetStateAsync<AggregateMetadata>("tenant:d:aggregate:metadata", System.Threading.CancellationToken)
      	TryGetStateAsync<AggregateMetadata>("tenant:d:aggregate:metadata", System.Threading.CancellationToken)
      	TryGetStateAsync<AggregateMetadata>("tenant:d:aggregate:metadata", System.Threading.CancellationToken)
      	TryGetStateAsync<AggregateMetadata>("tenant:d:aggregate:metadata", System.Threading.CancellationToken)
      	TryGetStateAsync<AggregateMetadata>("tenant:d:aggregate:metadata", System.Threading.CancellationToken)
      	TryGetStateAsync<AggregateMetadata>("tenant:d:aggregate:metadata", System.Threading.CancellationToken)
      	TryGetStateAsync<AggregateMetadata>("tenant:d:aggregate:metadata", System.Threading.CancellationToken)
      	TryGetStateAsync<AggregateMetadata>("tenant:d:aggregate:metadata", System.Threading.CancellationToken)
      	TryGetStateAsync<AggregateMetadata>("tenant:d:aggregate:metadata", System.Threading.CancellationToken)
      	TryGetStateAsync<AggregateMetadata>("tenant:d:aggregate:metadata", System.Threading.CancellationToken)
      	TryGetStateAsync<AggregateMetadata>("tenant:d:aggregate:metadata", System.Threading.CancellationToken)
      	TryGetStateAsync<AggregateMetadata>("tenant:d:aggregate:metadata", System.Threading.CancellationToken)
      	TryGetStateAsync<AggregateMetadata>("tenant:d:aggregate:metadata", System.Threading.CancellationToken)
      	TryGetStateAsync<AggregateMetadata>("tenant:d:aggregate:metadata", System.Threading.CancellationToken)
      	TryGetStateAsync<AggregateMetadata>("tenant:d:aggregate:metadata", System.Threading.CancellationToken)
      	TryGetStateAsync<AggregateMetadata>("tenant:d:aggregate:metadata", System.Threading.CancellationToken)
      	TryGetStateAsync<AggregateMetadata>("tenant:d:aggregate:metadata", System.Threading.CancellationToken)
      	TryGetStateAsync<AggregateMetadata>("tenant:d:aggregate:metadata", System.Threading.CancellationToken)
      	TryGetStateAsync<AggregateMetadata>("tenant:d:aggregate:metadata", System.Threading.CancellationToken)
      	TryGetStateAsync<AggregateMetadata>("tenant:d:aggregate:metadata", System.Threading.CancellationToken)
      	TryGetStateAsync<AggregateMetadata>("tenant:d:aggregate:metadata", System.Threading.CancellationToken)
      	TryGetStateAsync<AggregateMetadata>("tenant:d:aggregate:metadata", System.Threading.CancellationToken)
      	TryGetStateAsync<AggregateMetadata>("tenant:d:aggregate:metadata", System.Threading.CancellationToken)
      	TryGetStateAsync<AggregateMetadata>("tenant:d:aggregate:metadata", System.Threading.CancellationToken)
      	TryGetStateAsync<AggregateMetadata>("tenant:d:aggregate:metadata", System.Threading.CancellationToken)
      	TryGetStateAsync<AggregateMetadata>("tenant:d:aggregate:metadata", System.Threading.CancellationToken)
      	TryGetStateAsync<AggregateMetadata>("tenant:d:aggregate:metadata", System.Threading.CancellationToken)
      	TryGetStateAsync<AggregateMetadata>("tenant:d:aggregate:metadata", System.Threading.CancellationToken)
      	TryGetStateAsync<AggregateMetadata>("tenant:d:aggregate:metadata", System.Threading.CancellationToken)
      	TryGetStateAsync<AggregateMetadata>("tenant:d:aggregate:metadata", System.Threading.CancellationToken)
      	TryGetStateAsync<AggregateMetadata>("tenant:d:aggregate:metadata", System.Threading.CancellationToken)
      	TryGetStateAsync<AggregateMetadata>("tenant:d:aggregate:metadata", System.Threading.CancellationToken)
      	TryGetStateAsync<AggregateMetadata>("tenant:d:aggregate:metadata", System.Threading.CancellationToken)
      	TryGetStateAsync<AggregateMetadata>("tenant:d:aggregate:metadata", System.Threading.CancellationToken)
      	TryGetStateAsync<AggregateMetadata>("tenant:d:aggregate:metadata", System.Threading.CancellationToken)
      	TryGetStateAsync<AggregateMetadata>("tenant:d:aggregate:metadata", System.Threading.CancellationToken)
      	TryGetStateAsync<AggregateMetadata>("tenant:d:aggregate:metadata", System.Threading.CancellationToken)
      	TryGetStateAsync<AggregateMetadata>("tenant:d:aggregate:metadata", System.Threading.CancellationToken)
      	TryGetStateAsync<AggregateMetadata>("tenant:d:aggregate:metadata", System.Threading.CancellationToken)
      	TryGetStateAsync<AggregateMetadata>("tenant:d:aggregate:metadata", System.Threading.CancellationToken)
      	TryGetStateAsync<AggregateMetadata>("tenant:d:aggregate:metadata", System.Threading.CancellationToken)
      	TryGetStateAsync<AggregateMetadata>("tenant:d:aggregate:metadata", System.Threading.CancellationToken)
      	TryGetStateAsync<AggregateMetadata>("tenant:d:aggregate:metadata", System.Threading.CancellationToken)
      	TryGetStateAsync<AggregateMetadata>("tenant:d:aggregate:metadata", System.Threading.CancellationToken)
      	TryGetStateAsync<AggregateMetadata>("tenant:d:aggregate:metadata", System.Threading.CancellationToken)
      	TryGetStateAsync<AggregateMetadata>("tenant:d:aggregate:metadata", System.Threading.CancellationToken)
      	TryGetStateAsync<AggregateMetadata>("tenant:d:aggregate:metadata", System.Threading.CancellationToken)
      	TryGetStateAsync<AggregateMetadata>("tenant:d:aggregate:metadata", System.Threading.CancellationToken)
      	TryGetStateAsync<AggregateMetadata>("tenant:d:aggregate:metadata", System.Threading.CancellationToken)
      	TryGetStateAsync<AggregateMetadata>("tenant:d:aggregate:metadata", System.Threading.CancellationToken)
      	TryGetStateAsync<AggregateMetadata>("tenant:d:aggregate:metadata", System.Threading.CancellationToken)
      	TryGetStateAsync<AggregateMetadata>("tenant:d:aggregate:metadata", System.Threading.CancellationToken)
      	TryGetStateAsync<AggregateMetadata>("tenant:d:aggregate:metadata", System.Threading.CancellationToken)
      	TryGetStateAsync<AggregateMetadata>("tenant:d:aggregate:metadata", System.Threading.CancellationToken)
      	TryGetStateAsync<AggregateMetadata>("tenant:d:aggregate:metadata", System.Threading.CancellationToken)
      	TryGetStateAsync<AggregateMetadata>("tenant:d:aggregate:metadata", System.Threading.CancellationToken)
      	TryGetStateAsync<AggregateMetadata>("tenant:d:aggregate:metadata", System.Threading.CancellationToken)
      	TryGetStateAsync<AggregateMetadata>("tenant:d:aggregate:metadata", System.Threading.CancellationToken)
      	TryGetStateAsync<AggregateMetadata>("tenant:d:aggregate:metadata", System.Threading.CancellationToken)
      	TryGetStateAsync<AggregateMetadata>("tenant:d:aggregate:metadata", System.Threading.CancellationToken)
      	TryGetStateAsync<AggregateMetadata>("tenant:d:aggregate:metadata", System.Threading.CancellationToken)
      	TryGetStateAsync<AggregateMetadata>("tenant:d:aggregate:metadata", System.Threading.CancellationToken)
      	TryGetStateAsync<AggregateMetadata>("tenant:d:aggregate:metadata", System.Threading.CancellationToken)
      	TryGetStateAsync<AggregateMetadata>("tenant:d:aggregate:metadata", System.Threading.CancellationToken)
      	TryGetStateAsync<AggregateMetadata>("tenant:d:aggregate:metadata", System.Threading.CancellationToken)
      	TryGetStateAsync<AggregateMetadata>("tenant:d:aggregate:metadata", System.Threading.CancellationToken)
      	TryGetStateAsync<AggregateMetadata>("tenant:d:aggregate:metadata", System.Threading.CancellationToken)
      	TryGetStateAsync<AggregateMetadata>("tenant:d:aggregate:metadata", System.Threading.CancellationToken)
      	TryGetStateAsync<AggregateMetadata>("tenant:d:aggregate:metadata", System.Threading.CancellationToken)
      	TryGetStateAsync<AggregateMetadata>("tenant:d:aggregate:metadata", System.Threading.CancellationToken)
      	TryGetStateAsync<AggregateMetadata>("tenant:d:aggregate:metadata", System.Threading.CancellationToken)
      	TryGetStateAsync<AggregateMetadata>("tenant:d:aggregate:metadata", System.Threading.CancellationToken)
      	TryGetStateAsync<AggregateMetadata>("tenant:d:aggregate:metadata", System.Threading.CancellationToken)
      	TryGetStateAsync<AggregateMetadata>("tenant:d:aggregate:metadata", System.Threading.CancellationToken)
      	TryGetStateAsync<AggregateMetadata>("tenant:d:aggregate:metadata", System.Threading.CancellationToken)
      	TryGetStateAsync<AggregateMetadata>("tenant:d:aggregate:metadata", System.Threading.CancellationToken)
      	TryGetStateAsync<AggregateMetadata>("tenant:d:aggregate:metadata", System.Threading.CancellationToken)
      	TryGetStateAsync<AggregateMetadata>("tenant:d:aggregate:metadata", System.Threading.CancellationToken)
      	TryGetStateAsync<AggregateMetadata>("tenant:d:aggregate:metadata", System.Threading.CancellationToken)
      	TryGetStateAsync<AggregateMetadata>("tenant:d:aggregate:metadata", System.Threading.CancellationToken)
      	TryGetStateAsync<AggregateMetadata>("tenant:d:aggregate:metadata", System.Threading.CancellationToken)
      	TryGetStateAsync<AggregateMetadata>("tenant:d:aggregate:metadata", System.Threading.CancellationToken)
      	TryGetStateAsync<AggregateMetadata>("tenant:d:aggregate:metadata", System.Threading.CancellationToken)
      	TryGetStateAsync<AggregateMetadata>("tenant:d:aggregate:metadata", System.Threading.CancellationToken)
      	TryGetStateAsync<AggregateMetadata>("tenant:d:aggregate:metadata", System.Threading.CancellationToken)
      	TryGetStateAsync<AggregateMetadata>("tenant:d:aggregate:metadata", System.Threading.CancellationToken)
      	TryGetStateAsync<AggregateMetadata>("tenant:d:aggregate:metadata", System.Threading.CancellationToken)
      	TryGetStateAsync<AggregateMetadata>("tenant:d:aggregate:metadata", System.Threading.CancellationToken)
      	TryGetStateAsync<AggregateMetadata>("tenant:d:aggregate:metadata", System.Threading.CancellationToken)
      	TryGetStateAsync<AggregateMetadata>("tenant:d:aggregate:metadata", System.Threading.CancellationToken)
      	TryGetStateAsync<AggregateMetadata>("tenant:d:aggregate:metadata", System.Threading.CancellationToken)
      	TryGetStateAsync<AggregateMetadata>("tenant:d:aggregate:metadata", System.Threading.CancellationToken)
      	TryGetStateAsync<AggregateMetadata>("tenant:d:aggregate:metadata", System.Threading.CancellationToken)
      	TryGetStateAsync<AggregateMetadata>("tenant:d:aggregate:metadata", System.Threading.CancellationToken)
      	TryGetStateAsync<AggregateMetadata>("tenant:d:aggregate:metadata", System.Threading.CancellationToken)
      	TryGetStateAsync<AggregateMetadata>("tenant:d:aggregate:metadata", System.Threading.CancellationToken)
      	TryGetStateAsync<AggregateMetadata>("tenant:d:aggregate:metadata", System.Threading.CancellationToken)
      	TryGetStateAsync<AggregateMetadata>("tenant:d:aggregate:metadata", System.Threading.CancellationToken)
      	TryGetStateAsync<AggregateMetadata>("tenant:d:aggregate:metadata", System.Threading.CancellationToken)
      	TryGetStateAsync<AggregateMetadata>("tenant:d:aggregate:metadata", System.Threading.CancellationToken)
      	TryGetStateAsync<AggregateMetadata>("tenant:d:aggregate:metadata", System.Threading.CancellationToken)
      	TryGetStateAsync<AggregateMetadata>("tenant:d:aggregate:metadata", System.Threading.CancellationToken)
      	TryGetStateAsync<AggregateMetadata>("tenant:d:aggregate:metadata", System.Threading.CancellationToken)
      	TryGetStateAsync<AggregateMetadata>("tenant:d:aggregate:metadata", System.Threading.CancellationToken)
      	TryGetStateAsync<AggregateMetadata>("tenant:d:aggregate:metadata", System.Threading.CancellationToken)
      	TryGetStateAsync<AggregateMetadata>("tenant:d:aggregate:metadata", System.Threading.CancellationToken)
      	TryGetStateAsync<AggregateMetadata>("tenant:d:aggregate:metadata", System.Threading.CancellationToken)
      	TryGetStateAsync<AggregateMetadata>("tenant:d:aggregate:metadata", System.Threading.CancellationToken)
      	TryGetStateAsync<AggregateMetadata>("tenant:d:aggregate:metadata", System.Threading.CancellationToken)
      	TryGetStateAsync<AggregateMetadata>("tenant:d:aggregate:metadata", System.Threading.CancellationToken)
      	TryGetStateAsync<AggregateMetadata>("tenant:d:aggregate:metadata", System.Threading.CancellationToken)
      	TryGetStateAsync<AggregateMetadata>("tenant:d:aggregate:metadata", System.Threading.CancellationToken)
      	TryGetStateAsync<AggregateMetadata>("tenant:d:aggregate:metadata", System.Threading.CancellationToken)
      	TryGetStateAsync<AggregateMetadata>("tenant:d:aggregate:metadata", System.Threading.CancellationToken)
      	TryGetStateAsync<AggregateMetadata>("tenant:d:aggregate:metadata", System.Threading.CancellationToken)
      	TryGetStateAsync<AggregateMetadata>("tenant:d:aggregate:metadata", System.Threading.CancellationToken)
      	TryGetStateAsync<AggregateMetadata>("tenant:d:aggregate:metadata", System.Threading.CancellationToken)
      	TryGetStateAsync<AggregateMetadata>("tenant:d:aggregate:metadata", System.Threading.CancellationToken)
      	TryGetStateAsync<AggregateMetadata>("tenant:d:aggregate:metadata", System.Threading.CancellationToken)
      	TryGetStateAsync<AggregateMetadata>("tenant:d:aggregate:metadata", System.Threading.CancellationToken)
      	TryGetStateAsync<AggregateMetadata>("tenant:d:aggregate:metadata", System.Threading.CancellationToken)
      	TryGetStateAsync<AggregateMetadata>("tenant:d:aggregate:metadata", System.Threading.CancellationToken)
      	TryGetStateAsync<AggregateMetadata>("tenant:d:aggregate:metadata", System.Threading.CancellationToken)
      	TryGetStateAsync<AggregateMetadata>("tenant:d:aggregate:metadata", System.Threading.CancellationToken)
      	TryGetStateAsync<AggregateMetadata>("tenant:d:aggregate:metadata", System.Threading.CancellationToken)
      	TryGetStateAsync<AggregateMetadata>("tenant:d:aggregate:metadata", System.Threading.CancellationToken)
      	TryGetStateAsync<AggregateMetadata>("tenant:d:aggregate:metadata", System.Threading.CancellationToken)
      	TryGetStateAsync<AggregateMetadata>("tenant:d:aggregate:metadata", System.Threading.CancellationToken)
      	TryGetStateAsync<AggregateMetadata>("tenant:d:aggregate:metadata", System.Threading.CancellationToken)
      	TryGetStateAsync<AggregateMetadata>("tenant:d:aggregate:metadata", System.Threading.CancellationToken)
      	TryGetStateAsync<AggregateMetadata>("tenant:d:aggregate:metadata", System.Threading.CancellationToken)
      	TryGetStateAsync<AggregateMetadata>("tenant:d:aggregate:metadata", System.Threading.CancellationToken)
      	TryGetStateAsync<AggregateMetadata>("tenant:d:aggregate:metadata", System.Threading.CancellationToken)
      	TryGetStateAsync<AggregateMetadata>("tenant:d:aggregate:metadata", System.Threading.CancellationToken)
      	TryGetStateAsync<AggregateMetadata>("tenant:d:aggregate:metadata", System.Threading.CancellationToken)
      	TryGetStateAsync<AggregateMetadata>("tenant:d:aggregate:metadata", System.Threading.CancellationToken)
      	TryGetStateAsync<AggregateMetadata>("tenant:d:aggregate:metadata", System.Threading.CancellationToken)
      	TryGetStateAsync<AggregateMetadata>("tenant:d:aggregate:metadata", System.Threading.CancellationToken)
      	TryGetStateAsync<AggregateMetadata>("tenant:d:aggregate:metadata", System.Threading.CancellationToken)
      	TryGetStateAsync<AggregateMetadata>("tenant:d:aggregate:metadata", System.Threading.CancellationToken)
      	TryGetStateAsync<AggregateMetadata>("tenant:d:aggregate:metadata", System.Threading.CancellationToken)
      	TryGetStateAsync<AggregateMetadata>("tenant:d:aggregate:metadata", System.Threading.CancellationToken)
      	TryGetStateAsync<AggregateMetadata>("tenant:d:aggregate:metadata", System.Threading.CancellationToken)
      	TryGetStateAsync<AggregateMetadata>("tenant:d:aggregate:metadata", System.Threading.CancellationToken)
      	TryGetStateAsync<AggregateMetadata>("tenant:d:aggregate:metadata", System.Threading.CancellationToken)
      	TryGetStateAsync<AggregateMetadata>("tenant:d:aggregate:metadata", System.Threading.CancellationToken)
      	TryGetStateAsync<AggregateMetadata>("tenant:d:aggregate:metadata", System.Threading.CancellationToken)
      	TryGetStateAsync<AggregateMetadata>("tenant:d:aggregate:metadata", System.Threading.CancellationToken)
      	TryGetStateAsync<AggregateMetadata>("tenant:d:aggregate:metadata", System.Threading.CancellationToken)
      	TryGetStateAsync<AggregateMetadata>("tenant:d:aggregate:metadata", System.Threading.CancellationToken)
      	TryGetStateAsync<AggregateMetadata>("tenant:d:aggregate:metadata", System.Threading.CancellationToken)
      	TryGetStateAsync<AggregateMetadata>("tenant:d:aggregate:metadata", System.Threading.CancellationToken)
      	TryGetStateAsync<AggregateMetadata>("tenant:d:aggregate:metadata", System.Threading.CancellationToken)
      	TryGetStateAsync<AggregateMetadata>("tenant:d:aggregate:metadata", System.Threading.CancellationToken)
      	TryGetStateAsync<AggregateMetadata>("tenant:d:aggregate:metadata", System.Threading.CancellationToken)
      	TryGetStateAsync<AggregateMetadata>("tenant:d:aggregate:metadata", System.Threading.CancellationToken)
      	TryGetStateAsync<AggregateMetadata>("tenant:d:aggregate:metadata", System.Threading.CancellationToken)
      	TryGetStateAsync<AggregateMetadata>("tenant:d:aggregate:metadata", System.Threading.CancellationToken)
      	TryGetStateAsync<AggregateMetadata>("tenant:d:aggregate:metadata", System.Threading.CancellationToken)
      	TryGetStateAsync<AggregateMetadata>("tenant:d:aggregate:metadata", System.Threading.CancellationToken)
      	TryGetStateAsync<AggregateMetadata>("tenant:d:aggregate:metadata", System.Threading.CancellationToken)
      	TryGetStateAsync<AggregateMetadata>("tenant:d:aggregate:metadata", System.Threading.CancellationToken)
      	TryGetStateAsync<AggregateMetadata>("tenant:d:aggregate:metadata", System.Threading.CancellationToken)
      	TryGetStateAsync<AggregateMetadata>("tenant:d:aggregate:metadata", System.Threading.CancellationToken)
      	TryGetStateAsync<AggregateMetadata>("tenant:d:aggregate:metadata", System.Threading.CancellationToken)
      	TryGetStateAsync<AggregateMetadata>("tenant:d:aggregate:metadata", System.Threading.CancellationToken)
      	TryGetStateAsync<AggregateMetadata>("tenant:d:aggregate:metadata", System.Threading.CancellationToken)
      	TryGetStateAsync<AggregateMetadata>("tenant:d:aggregate:metadata", System.Threading.CancellationToken)
      	TryGetStateAsync<AggregateMetadata>("tenant:d:aggregate:metadata", System.Threading.CancellationToken)
      	TryGetStateAsync<AggregateMetadata>("tenant:d:aggregate:metadata", System.Threading.CancellationToken)
      	TryGetStateAsync<AggregateMetadata>("tenant:d:aggregate:metadata", System.Threading.CancellationToken)
      	TryGetStateAsync<AggregateMetadata>("tenant:d:aggregate:metadata", System.Threading.CancellationToken)
      	TryGetStateAsync<AggregateMetadata>("tenant:d:aggregate:metadata", System.Threading.CancellationToken)
      	TryGetStateAsync<AggregateMetadata>("tenant:d:aggregate:metadata", System.Threading.CancellationToken)
      	TryGetStateAsync<AggregateMetadata>("tenant:d:aggregate:metadata", System.Threading.CancellationToken)
      	TryGetStateAsync<AggregateMetadata>("tenant:d:aggregate:metadata", System.Threading.CancellationToken)
      	TryGetStateAsync<AggregateMetadata>("tenant:d:aggregate:metadata", System.Threading.CancellationToken)
      	TryGetStateAsync<AggregateMetadata>("tenant:d:aggregate:metadata", System.Threading.CancellationToken)
      	TryGetStateAsync<AggregateMetadata>("tenant:d:aggregate:metadata", System.Threading.CancellationToken)
      	TryGetStateAsync<AggregateMetadata>("tenant:d:aggregate:metadata", System.Threading.CancellationToken)
      	TryGetStateAsync<AggregateMetadata>("tenant:d:aggregate:metadata", System.Threading.CancellationToken)
      	TryGetStateAsync<AggregateMetadata>("tenant:d:aggregate:metadata", System.Threading.CancellationToken)
      	TryGetStateAsync<AggregateMetadata>("tenant:d:aggregate:metadata", System.Threading.CancellationToken)
      	TryGetStateAsync<AggregateMetadata>("tenant:d:aggregate:metadata", System.Threading.CancellationToken)
      	TryGetStateAsync<AggregateMetadata>("tenant:d:aggregate:metadata", System.Threading.CancellationToken)
      	TryGetStateAsync<AggregateMetadata>("tenant:d:aggregate:metadata", System.Threading.CancellationToken)
      	TryGetStateAsync<AggregateMetadata>("tenant:d:aggregate:metadata", System.Threading.CancellationToken)
      	TryGetStateAsync<AggregateMetadata>("tenant:d:aggregate:metadata", System.Threading.CancellationToken)
      	TryGetStateAsync<AggregateMetadata>("tenant:d:aggregate:metadata", System.Threading.CancellationToken)
      	TryGetStateAsync<AggregateMetadata>("tenant:d:aggregate:metadata", System.Threading.CancellationToken)
      	TryGetStateAsync<AggregateMetadata>("tenant:d:aggregate:metadata", System.Threading.CancellationToken)
      	TryGetStateAsync<AggregateMetadata>("tenant:d:aggregate:metadata", System.Threading.CancellationToken)
      	TryGetStateAsync<AggregateMetadata>("tenant:d:aggregate:metadata", System.Threading.CancellationToken)
      	TryGetStateAsync<AggregateMetadata>("tenant:d:aggregate:metadata", System.Threading.CancellationToken)
      	TryGetStateAsync<AggregateMetadata>("tenant:d:aggregate:metadata", System.Threading.CancellationToken)
      	TryGetStateAsync<AggregateMetadata>("tenant:d:aggregate:metadata", System.Threading.CancellationToken)
      	TryGetStateAsync<AggregateMetadata>("tenant:d:aggregate:metadata", System.Threading.CancellationToken)
      	TryGetStateAsync<AggregateMetadata>("tenant:d:aggregate:metadata", System.Threading.CancellationToken)
      	TryGetStateAsync<AggregateMetadata>("tenant:d:aggregate:metadata", System.Threading.CancellationToken)
      	TryGetStateAsync<AggregateMetadata>("tenant:d:aggregate:metadata", System.Threading.CancellationToken)
      	TryGetStateAsync<AggregateMetadata>("tenant:d:aggregate:metadata", System.Threading.CancellationToken)
      	TryGetStateAsync<AggregateMetadata>("tenant:d:aggregate:metadata", System.Threading.CancellationToken)
      	TryGetStateAsync<AggregateMetadata>("tenant:d:aggregate:metadata", System.Threading.CancellationToken)
      	TryGetStateAsync<AggregateMetadata>("tenant:d:aggregate:metadata", System.Threading.CancellationToken)
      	TryGetStateAsync<AggregateMetadata>("tenant:d:aggregate:metadata", System.Threading.CancellationToken)
      	TryGetStateAsync<AggregateMetadata>("tenant:d:aggregate:metadata", System.Threading.CancellationToken)
      	TryGetStateAsync<AggregateMetadata>("tenant:d:aggregate:metadata", System.Threading.CancellationToken)
      	TryGetStateAsync<AggregateMetadata>("tenant:d:aggregate:metadata", System.Threading.CancellationToken)
      	TryGetStateAsync<AggregateMetadata>("tenant:d:aggregate:metadata", System.Threading.CancellationToken)
      	TryGetStateAsync<AggregateMetadata>("tenant:d:aggregate:metadata", System.Threading.CancellationToken)
      	TryGetStateAsync<AggregateMetadata>("tenant:d:aggregate:metadata", System.Threading.CancellationToken)
      	TryGetStateAsync<AggregateMetadata>("tenant:d:aggregate:metadata", System.Threading.CancellationToken)
      	TryGetStateAsync<AggregateMetadata>("tenant:d:aggregate:metadata", System.Threading.CancellationToken)
      	TryGetStateAsync<AggregateMetadata>("tenant:d:aggregate:metadata", System.Threading.CancellationToken)
      	TryGetStateAsync<AggregateMetadata>("tenant:d:aggregate:metadata", System.Threading.CancellationToken)
      	TryGetStateAsync<AggregateMetadata>("tenant:d:aggregate:metadata", System.Threading.CancellationToken)
      	TryGetStateAsync<AggregateMetadata>("tenant:d:aggregate:metadata", System.Threading.CancellationToken)
      	TryGetStateAsync<AggregateMetadata>("tenant:d:aggregate:metadata", System.Threading.CancellationToken)
      	TryGetStateAsync<AggregateMetadata>("tenant:d:aggregate:metadata", System.Threading.CancellationToken)
      	TryGetStateAsync<AggregateMetadata>("tenant:d:aggregate:metadata", System.Threading.CancellationToken)
      	TryGetStateAsync<AggregateMetadata>("tenant:d:aggregate:metadata", System.Threading.CancellationToken)
      	TryGetStateAsync<AggregateMetadata>("tenant:d:aggregate:metadata", System.Threading.CancellationToken)
      	TryGetStateAsync<AggregateMetadata>("tenant:d:aggregate:metadata", System.Threading.CancellationToken)
      	TryGetStateAsync<AggregateMetadata>("tenant:d:aggregate:metadata", System.Threading.CancellationToken)
      	TryGetStateAsync<AggregateMetadata>("tenant:d:aggregate:metadata", System.Threading.CancellationToken)
      	TryGetStateAsync<AggregateMetadata>("tenant:d:aggregate:metadata", System.Threading.CancellationToken)
      	TryGetStateAsync<AggregateMetadata>("tenant:d:aggregate:metadata", System.Threading.CancellationToken)
      	TryGetStateAsync<AggregateMetadata>("tenant:d:aggregate:metadata", System.Threading.CancellationToken)
      	TryGetStateAsync<AggregateMetadata>("tenant:d:aggregate:metadata", System.Threading.CancellationToken)
      	TryGetStateAsync<AggregateMetadata>("tenant:d:aggregate:metadata", System.Threading.CancellationToken)
      	TryGetStateAsync<AggregateMetadata>("tenant:d:aggregate:metadata", System.Threading.CancellationToken)
      	TryGetStateAsync<AggregateMetadata>("tenant:d:aggregate:metadata", System.Threading.CancellationToken)
      	TryGetStateAsync<AggregateMetadata>("tenant:d:aggregate:metadata", System.Threading.CancellationToken)
      	TryGetStateAsync<AggregateMetadata>("tenant:d:aggregate:metadata", System.Threading.CancellationToken)
      	TryGetStateAsync<AggregateMetadata>("tenant:d:aggregate:metadata", System.Threading.CancellationToken)
      	TryGetStateAsync<AggregateMetadata>("tenant:d:aggregate:metadata", System.Threading.CancellationToken)
      	TryGetStateAsync<AggregateMetadata>("tenant:d:aggregate:metadata", System.Threading.CancellationToken)
      	TryGetStateAsync<AggregateMetadata>("tenant:d:aggregate:metadata", System.Threading.CancellationToken)
      	TryGetStateAsync<AggregateMetadata>("tenant:d:aggregate:metadata", System.Threading.CancellationToken)
      	TryGetStateAsync<AggregateMetadata>("tenant:d:aggregate:metadata", System.Threading.CancellationToken)
      	TryGetStateAsync<AggregateMetadata>("tenant:d:aggregate:metadata", System.Threading.CancellationToken)
      	TryGetStateAsync<AggregateMetadata>("tenant:d:aggregate:metadata", System.Threading.CancellationToken)
      	TryGetStateAsync<AggregateMetadata>("tenant:d:aggregate:metadata", System.Threading.CancellationToken)
      	TryGetStateAsync<AggregateMetadata>("tenant:d:aggregate:metadata", System.Threading.CancellationToken)
      	TryGetStateAsync<AggregateMetadata>("tenant:d:aggregate:metadata", System.Threading.CancellationToken)
      	TryGetStateAsync<AggregateMetadata>("tenant:d:aggregate:metadata", System.Threading.CancellationToken)
      	TryGetStateAsync<AggregateMetadata>("tenant:d:aggregate:metadata", System.Threading.CancellationToken)
      	TryGetStateAsync<AggregateMetadata>("tenant:d:aggregate:metadata", System.Threading.CancellationToken)
      	TryGetStateAsync<AggregateMetadata>("tenant:d:aggregate:metadata", System.Threading.CancellationToken)
      	TryGetStateAsync<AggregateMetadata>("tenant:d:aggregate:metadata", System.Threading.CancellationToken)
      	TryGetStateAsync<AggregateMetadata>("tenant:d:aggregate:metadata", System.Threading.CancellationToken)
      	TryGetStateAsync<AggregateMetadata>("tenant:d:aggregate:metadata", System.Threading.CancellationToken)
      	TryGetStateAsync<AggregateMetadata>("tenant:d:aggregate:metadata", System.Threading.CancellationToken)
      	TryGetStateAsync<AggregateMetadata>("tenant:d:aggregate:metadata", System.Threading.CancellationToken)
      	TryGetStateAsync<AggregateMetadata>("tenant:d:aggregate:metadata", System.Threading.CancellationToken)
      	TryGetStateAsync<AggregateMetadata>("tenant:d:aggregate:metadata", System.Threading.CancellationToken)
      	TryGetStateAsync<AggregateMetadata>("tenant:d:aggregate:metadata", System.Threading.CancellationToken)
      	TryGetStateAsync<AggregateMetadata>("tenant:d:aggregate:metadata", System.Threading.CancellationToken)
      	TryGetStateAsync<AggregateMetadata>("tenant:d:aggregate:metadata", System.Threading.CancellationToken)
      	TryGetStateAsync<AggregateMetadata>("tenant:d:aggregate:metadata", System.Threading.CancellationToken)
      	TryGetStateAsync<AggregateMetadata>("tenant:d:aggregate:metadata", System.Threading.CancellationToken)
      	TryGetStateAsync<AggregateMetadata>("tenant:d:aggregate:metadata", System.Threading.CancellationToken)
      	TryGetStateAsync<AggregateMetadata>("tenant:d:aggregate:metadata", System.Threading.CancellationToken)
      	TryGetStateAsync<AggregateMetadata>("tenant:d:aggregate:metadata", System.Threading.CancellationToken)
      	TryGetStateAsync<AggregateMetadata>("tenant:d:aggregate:metadata", System.Threading.CancellationToken)
      	TryGetStateAsync<AggregateMetadata>("tenant:d:aggregate:metadata", System.Threading.CancellationToken)
      	TryGetStateAsync<AggregateMetadata>("tenant:d:aggregate:metadata", System.Threading.CancellationToken)
      	TryGetStateAsync<AggregateMetadata>("tenant:d:aggregate:metadata", System.Threading.CancellationToken)
      	TryGetStateAsync<AggregateMetadata>("tenant:d:aggregate:metadata", System.Threading.CancellationToken)
      	TryGetStateAsync<AggregateMetadata>("tenant:d:aggregate:metadata", System.Threading.CancellationToken)
      	TryGetStateAsync<AggregateMetadata>("tenant:d:aggregate:metadata", System.Threading.CancellationToken)
      	TryGetStateAsync<AggregateMetadata>("tenant:d:aggregate:metadata", System.Threading.CancellationToken)
      	TryGetStateAsync<AggregateMetadata>("tenant:d:aggregate:metadata", System.Threading.CancellationToken)
      	TryGetStateAsync<AggregateMetadata>("tenant:d:aggregate:metadata", System.Threading.CancellationToken)
      	TryGetStateAsync<AggregateMetadata>("tenant:d:aggregate:metadata", System.Threading.CancellationToken)
      	TryGetStateAsync<AggregateMetadata>("tenant:d:aggregate:metadata", System.Threading.CancellationToken)
      	TryGetStateAsync<AggregateMetadata>("tenant:d:aggregate:metadata", System.Threading.CancellationToken)
      	TryGetStateAsync<AggregateMetadata>("tenant:d:aggregate:metadata", System.Threading.CancellationToken)
      	TryGetStateAsync<AggregateMetadata>("tenant:d:aggregate:metadata", System.Threading.CancellationToken)
      	TryGetStateAsync<AggregateMetadata>("tenant:d:aggregate:metadata", System.Threading.CancellationToken)
      	TryGetStateAsync<AggregateMetadata>("tenant:d:aggregate:metadata", System.Threading.CancellationToken)
      	TryGetStateAsync<AggregateMetadata>("tenant:d:aggregate:metadata", System.Threading.CancellationToken)
      	TryGetStateAsync<AggregateMetadata>("tenant:d:aggregate:metadata", System.Threading.CancellationToken)
      	TryGetStateAsync<AggregateMetadata>("tenant:d:aggregate:metadata", System.Threading.CancellationToken)
      	TryGetStateAsync<AggregateMetadata>("tenant:d:aggregate:metadata", System.Threading.CancellationToken)
      	TryGetStateAsync<AggregateMetadata>("tenant:d:aggregate:metadata", System.Threading.CancellationToken)
      	TryGetStateAsync<AggregateMetadata>("tenant:d:aggregate:metadata", System.Threading.CancellationToken)
      
      Stack Trace:
           at NSubstitute.Core.ReceivedCallsExceptionThrower.Throw(ICallSpecification callSpecification, IEnumerable`1 matchingCalls, IEnumerable`1 nonMatchingCalls, Quantity requiredQuantity)
           at NSubstitute.Routing.Handlers.CheckReceivedCallsHandler.Handle(ICall call)
           at NSubstitute.Proxies.CastleDynamicProxy.CastleForwardingInterceptor.Intercept(IInvocation invocation)
           at Castle.DynamicProxy.AbstractInvocation.Proceed()
           at Castle.DynamicProxy.AbstractInvocation.Proceed()
           at Castle.Proxies.ObjectProxy.TryGetStateAsync[T](String stateName, CancellationToken cancellationToken)
        tests/Hexalith.EventStore.Server.Tests/Events/DaprProductionLogicalEventReaderTests.cs(380,0): at Hexalith.EventStore.Server.Tests.Events.DaprProductionLogicalEventReaderTests.MultiPageRangeKeepsContiguousSequencesAndPinsRetainedFloor()
        --- End of stack trace from previous location ---
    Hexalith.EventStore.Server.Tests.Events.DaprLogicalEventReaderTests.ReadsBoundedAddressedPageAtStableLogicalHead [FAIL]
      NSubstitute.Exceptions.ReceivedCallsException : Expected to receive exactly 3 calls matching:
      	TryGetStateAsync<AggregateMetadata>("tenant:d:aggregate:metadata", any CancellationToken)
      Actually received 9 matching calls:
      	TryGetStateAsync<AggregateMetadata>("tenant:d:aggregate:metadata", System.Threading.CancellationToken)
      	TryGetStateAsync<AggregateMetadata>("tenant:d:aggregate:metadata", System.Threading.CancellationToken)
      	TryGetStateAsync<AggregateMetadata>("tenant:d:aggregate:metadata", System.Threading.CancellationToken)
      	TryGetStateAsync<AggregateMetadata>("tenant:d:aggregate:metadata", System.Threading.CancellationToken)
      	TryGetStateAsync<AggregateMetadata>("tenant:d:aggregate:metadata", System.Threading.CancellationToken)
      	TryGetStateAsync<AggregateMetadata>("tenant:d:aggregate:metadata", System.Threading.CancellationToken)
      	TryGetStateAsync<AggregateMetadata>("tenant:d:aggregate:metadata", System.Threading.CancellationToken)
      	TryGetStateAsync<AggregateMetadata>("tenant:d:aggregate:metadata", System.Threading.CancellationToken)
      	TryGetStateAsync<AggregateMetadata>("tenant:d:aggregate:metadata", System.Threading.CancellationToken)
      
      Stack Trace:
           at NSubstitute.Core.ReceivedCallsExceptionThrower.Throw(ICallSpecification callSpecification, IEnumerable`1 matchingCalls, IEnumerable`1 nonMatchingCalls, Quantity requiredQuantity)
           at NSubstitute.Routing.Handlers.CheckReceivedCallsHandler.Handle(ICall call)
           at NSubstitute.Proxies.CastleDynamicProxy.CastleForwardingInterceptor.Intercept(IInvocation invocation)
           at Castle.DynamicProxy.AbstractInvocation.Proceed()
           at Castle.DynamicProxy.AbstractInvocation.Proceed()
           at Castle.Proxies.ObjectProxy.TryGetStateAsync[T](String stateName, CancellationToken cancellationToken)
        tests/Hexalith.EventStore.Server.Tests/Events/DaprLogicalEventReaderTests.cs(52,0): at Hexalith.EventStore.Server.Tests.Events.DaprLogicalEventReaderTests.ReadsBoundedAddressedPageAtStableLogicalHead()
        --- End of stack trace from previous location ---
    Hexalith.EventStore.Server.Tests.Events.DaprLogicalEventReaderTests.FinalMetadataChangeAfterCatalogCallbacksRefusesWholePage(change: "head") [FAIL]
      Shouldly.ShouldAssertException : validators
          should be
      2
          but was
      0
      Stack Trace:
        tests/Hexalith.EventStore.Server.Tests/Events/DaprLogicalEventReaderTests.cs(700,0): at Hexalith.EventStore.Server.Tests.Events.DaprLogicalEventReaderTests.FinalMetadataChangeAfterCatalogCallbacksRefusesWholePage(String change)
           at System.Runtime.ExceptionServices.ExceptionDispatchInfo.Throw()
           at System.Runtime.CompilerServices.TaskAwaiter.HandleNonSuccessAndDebuggerNotification(Task task, ConfigureAwaitOptions options)
        --- End of stack trace from previous location ---
           at System.Runtime.ExceptionServices.ExceptionDispatchInfo.Throw()
           at System.Runtime.CompilerServices.TaskAwaiter.HandleNonSuccessAndDebuggerNotification(Task task, ConfigureAwaitOptions options)
    Hexalith.EventStore.Server.Tests.Events.DaprLogicalEventReaderTests.FinalMetadataChangeAfterCatalogCallbacksRefusesWholePage(change: "floor") [FAIL]
      Shouldly.ShouldAssertException : validators
          should be
      2
          but was
      0
      Stack Trace:
        tests/Hexalith.EventStore.Server.Tests/Events/DaprLogicalEventReaderTests.cs(700,0): at Hexalith.EventStore.Server.Tests.Events.DaprLogicalEventReaderTests.FinalMetadataChangeAfterCatalogCallbacksRefusesWholePage(String change)
           at System.Runtime.ExceptionServices.ExceptionDispatchInfo.Throw()
           at System.Runtime.CompilerServices.TaskAwaiter.HandleNonSuccessAndDebuggerNotification(Task task, ConfigureAwaitOptions options)
        --- End of stack trace from previous location ---
           at System.Runtime.ExceptionServices.ExceptionDispatchInfo.Throw()
           at System.Runtime.CompilerServices.TaskAwaiter.HandleNonSuccessAndDebuggerNotification(Task task, ConfigureAwaitOptions options)
    Hexalith.EventStore.Server.Tests.Events.DaprLogicalEventReaderTests.FinalMetadataChangeAfterCatalogCallbacksRefusesWholePage(change: "etag") [FAIL]
      Shouldly.ShouldAssertException : validators
          should be
      2
          but was
      0
      Stack Trace:
        tests/Hexalith.EventStore.Server.Tests/Events/DaprLogicalEventReaderTests.cs(700,0): at Hexalith.EventStore.Server.Tests.Events.DaprLogicalEventReaderTests.FinalMetadataChangeAfterCatalogCallbacksRefusesWholePage(String change)
           at System.Runtime.ExceptionServices.ExceptionDispatchInfo.Throw()
           at System.Runtime.CompilerServices.TaskAwaiter.HandleNonSuccessAndDebuggerNotification(Task task, ConfigureAwaitOptions options)
        --- End of stack trace from previous location ---
           at System.Runtime.ExceptionServices.ExceptionDispatchInfo.Throw()
           at System.Runtime.CompilerServices.TaskAwaiter.HandleNonSuccessAndDebuggerNotification(Task task, ConfigureAwaitOptions options)
  Finished:    Hexalith.EventStore.Server.Tests (ID = 'a22c81c1644009a3e6b0a7fd61c21c28090d74900df170ecbf330b134b2940c6')
=== TEST EXECUTION SUMMARY ===
   Hexalith.EventStore.Server.Tests  Total: 272, Errors: 0, Failed: 5, Skipped: 0, Not Run: 0, Time: 368.435s
