platform=linux/arm64
image=registry.hexalith.com/eventstore@sha256:bb245eea690cfe521098441c55a1710f81f722591a245f84c2fa45e4707fdc86
container_state=running|0
container_state=running|0
container_state=running|0
container_state=running|0
container_state=running|0
container_state=running|0
container_state=running|0
container_state=running|0
container_state=running|0
container_state=running|0
container_state=running|0
container_state=running|0
container_state=running|0
container_state=running|0
container_state=running|0
container_state=running|0
container_state=running|0
container_state=running|0
container_state=running|0
container_state=running|0
container_state=running|0
container_state=running|0
container_state=running|0
container_state=running|0
container_state=running|0
container_state=running|0
container_state=running|0
container_state=running|0
container_state=running|0
container_state=running|0
container_state=running|0
container_state=running|0
container_state=running|0
container_state=running|0
container_state=running|0
container_state=running|0
container_state=running|0
container_state=running|0
container_state=running|0
container_state=running|0
attempts=40
cleanup=pass
outcome=pass
