platform=linux/amd64
image=registry.hexalith.com/eventstore@sha256:a47978374abf10a033f6d0b63610b05c13496335324371cbf73b155dd295ff6d
container_state=running|0
container_state=running|0
container_state=running|0
container_state=running|0
container_state=running|0
container_state=running|0
container_state=running|0
container_state=running|0
container_state=running|0
container_state=running|0
container_state=running|0
container_state=running|0
container_state=running|0
container_state=running|0
container_state=running|0
container_state=running|0
container_state=running|0
container_state=running|0
attempts=18
cleanup=pass
outcome=pass
