platform=linux/amd64
image=registry.hexalith.com/eventstore@sha256:4d42f969dc5f57e0f9baa927c588346d77c31fd2615793b5d8c12c239585af63
container_state=running|0
container_state=running|0
container_state=running|0
container_state=running|0
container_state=running|0
container_state=running|0
container_state=running|0
container_state=running|0
container_state=running|0
container_state=running|0
container_state=running|0
container_state=running|0
container_state=running|0
container_state=running|0
container_state=running|0
container_state=running|0
container_state=running|0
container_state=running|0
container_state=running|0
container_state=running|0
attempts=20
cleanup=pass
outcome=pass
