platform=linux/arm64
image=registry.hexalith.com/eventstore@sha256:ede853318267146a9888574f79e16ea1e51c1f363a35910fe883b5a9d7256f44
container_state=running|0
container_state=running|0
container_state=running|0
container_state=running|0
container_state=running|0
container_state=running|0
container_state=running|0
container_state=running|0
container_state=running|0
container_state=running|0
container_state=running|0
container_state=running|0
container_state=running|0
container_state=running|0
container_state=running|0
container_state=running|0
container_state=running|0
container_state=running|0
container_state=running|0
container_state=running|0
container_state=running|0
container_state=running|0
container_state=running|0
container_state=running|0
container_state=running|0
container_state=running|0
container_state=running|0
container_state=running|0
container_state=running|0
container_state=running|0
container_state=running|0
container_state=running|0
container_state=running|0
container_state=running|0
container_state=running|0
container_state=running|0
container_state=running|0
container_state=running|0
container_state=running|0
container_state=running|0
container_state=running|0
container_state=running|0
container_state=running|0
container_state=running|0
container_state=running|0
container_state=running|0
container_state=running|0
container_state=running|0
container_state=running|0
container_state=running|0
container_state=running|0
container_state=running|0
container_state=running|0
container_state=running|0
container_state=running|0
container_state=running|0
container_state=running|0
container_state=running|0
container_state=running|0
container_state=running|0
container_state=running|0
container_state=running|0
container_state=running|0
container_state=running|0
container_state=running|0
container_state=running|0
container_state=running|0
container_state=running|0
container_state=running|0
container_state=running|0
container_state=running|0
attempts=71
cleanup=pass
outcome=pass
