.NET SDK:
 Version:           10.0.401
 Commit:            e34a38d2ae
 Workload version:  10.0.400-manifests.63b36e85
 MSBuild version:   18.9.11+e34a38d2a

Runtime Environment:
 OS Name:     ubuntu
 OS Version:  26.04
 OS Platform: Linux
 RID:         linux-x64
 Base Path:   /home/administrator/.dotnet/sdk/10.0.401/

.NET workloads installed:
There are no installed workloads to display.
Configured to use workload sets when installing new manifests.
No workload sets are installed. Run "dotnet workload restore" to install a workload set.

Host:
  Version:      10.0.12
  Architecture: x64
  Commit:       95017c711e

.NET SDKs installed:
  10.0.302 [/home/administrator/.dotnet/sdk]
  10.0.400 [/home/administrator/.dotnet/sdk]
  10.0.401 [/home/administrator/.dotnet/sdk]

.NET runtimes installed:
  Microsoft.AspNetCore.App 10.0.10 [/home/administrator/.dotnet/shared/Microsoft.AspNetCore.App]
  Microsoft.AspNetCore.App 10.0.11 [/home/administrator/.dotnet/shared/Microsoft.AspNetCore.App]
  Microsoft.AspNetCore.App 10.0.12 [/home/administrator/.dotnet/shared/Microsoft.AspNetCore.App]
  Microsoft.NETCore.App 10.0.10 [/home/administrator/.dotnet/shared/Microsoft.NETCore.App]
  Microsoft.NETCore.App 10.0.11 [/home/administrator/.dotnet/shared/Microsoft.NETCore.App]
  Microsoft.NETCore.App 10.0.12 [/home/administrator/.dotnet/shared/Microsoft.NETCore.App]

Other architectures found:
  None

Environment variables:
  DOTNET_BUNDLE_EXTRACT_BASE_DIR           [/home/administrator/.cache/dotnet_bundle_extract]
  DOTNET_ROOT                              [/home/administrator/.dotnet]

global.json file:
  /tmp/story-6-6-loader-probe-nw257blr/global.json

Learn more:
  https://aka.ms/dotnet/info

Download .NET:
  https://aka.ms/dotnet/download
