$ dotnet build tests/Hexalith.EventStore.Client.Tests/Hexalith.EventStore.Client.Tests.csproj --configuration Debug -p:UseHexalithProjectReferences=true -p:HexalithCommonsRoot=/home/administrator/projects/hexalith/eventstore/references/Hexalith.Commons -m:1
Timeout: 180s
Exit: 0
  Determining projects to restore...
  Restored /tmp/event-managed-mutations-yk72hw_e/src/Hexalith.EventStore.ServiceDefaults/Hexalith.EventStore.ServiceDefaults.csproj (in 294 ms).
  Restored /home/administrator/projects/hexalith/eventstore/references/Hexalith.Commons/src/libraries/Hexalith.Commons.UniqueIds/Hexalith.Commons.UniqueIds.csproj (in 294 ms).
  Restored /tmp/event-managed-mutations-yk72hw_e/src/Hexalith.EventStore.Contracts/Hexalith.EventStore.Contracts.csproj (in 294 ms).
  Restored /tmp/event-managed-mutations-yk72hw_e/src/Hexalith.EventStore.Testing/Hexalith.EventStore.Testing.csproj (in 297 ms).
  Restored /tmp/event-managed-mutations-yk72hw_e/src/Hexalith.EventStore.Client/Hexalith.EventStore.Client.csproj (in 294 ms).
  Restored /tmp/event-managed-mutations-yk72hw_e/src/Hexalith.EventStore.Admin.Abstractions/Hexalith.EventStore.Admin.Abstractions.csproj (in 294 ms).
  Restored /tmp/event-managed-mutations-yk72hw_e/src/Hexalith.EventStore.Gateway/Hexalith.EventStore.Gateway.csproj (in 294 ms).
  Restored /tmp/event-managed-mutations-yk72hw_e/src/Hexalith.EventStore.DomainService/Hexalith.EventStore.DomainService.csproj (in 294 ms).
  Restored /tmp/event-managed-mutations-yk72hw_e/src/Hexalith.EventStore.Server/Hexalith.EventStore.Server.csproj (in 297 ms).
  Restored /tmp/event-managed-mutations-yk72hw_e/src/Hexalith.EventStore/Hexalith.EventStore.csproj (in 294 ms).
  Restored /tmp/event-managed-mutations-yk72hw_e/tests/Hexalith.EventStore.Client.Tests/Hexalith.EventStore.Client.Tests.csproj (in 307 ms).
  Hexalith.Commons.UniqueIds -> /home/administrator/projects/hexalith/eventstore/references/Hexalith.Commons/src/libraries/Hexalith.Commons.UniqueIds/bin/Debug/net10.0/Hexalith.Commons.UniqueIds.dll
  Successfully created package '/home/administrator/projects/hexalith/eventstore/references/Hexalith.Commons/src/libraries/Hexalith.Commons.UniqueIds/bin/Debug/Hexalith.Commons.UniqueIds.1.0.0.nupkg'.
  Successfully created package '/home/administrator/projects/hexalith/eventstore/references/Hexalith.Commons/src/libraries/Hexalith.Commons.UniqueIds/bin/Debug/Hexalith.Commons.UniqueIds.1.0.0.snupkg'.
  Hexalith.EventStore.Contracts -> /tmp/event-managed-mutations-yk72hw_e/src/Hexalith.EventStore.Contracts/bin/Debug/net10.0/Hexalith.EventStore.Contracts.dll
  Hexalith.EventStore.Admin.Abstractions -> /tmp/event-managed-mutations-yk72hw_e/src/Hexalith.EventStore.Admin.Abstractions/bin/Debug/net10.0/Hexalith.EventStore.Admin.Abstractions.dll
  Hexalith.EventStore.Client -> /tmp/event-managed-mutations-yk72hw_e/src/Hexalith.EventStore.Client/bin/Debug/net10.0/Hexalith.EventStore.Client.dll
  Hexalith.EventStore.ServiceDefaults -> /tmp/event-managed-mutations-yk72hw_e/src/Hexalith.EventStore.ServiceDefaults/bin/Debug/net10.0/Hexalith.EventStore.ServiceDefaults.dll
  Hexalith.EventStore.DomainService -> /tmp/event-managed-mutations-yk72hw_e/src/Hexalith.EventStore.DomainService/bin/Debug/net10.0/Hexalith.EventStore.DomainService.dll
  Hexalith.EventStore.Server -> /tmp/event-managed-mutations-yk72hw_e/src/Hexalith.EventStore.Server/bin/Debug/net10.0/Hexalith.EventStore.Server.dll
  Hexalith.EventStore.Gateway -> /tmp/event-managed-mutations-yk72hw_e/src/Hexalith.EventStore.Gateway/bin/Debug/net10.0/Hexalith.EventStore.Gateway.dll
  Hexalith.EventStore -> /tmp/event-managed-mutations-yk72hw_e/src/Hexalith.EventStore/bin/Debug/net10.0/Hexalith.EventStore.dll
  Hexalith.EventStore.Testing -> /tmp/event-managed-mutations-yk72hw_e/src/Hexalith.EventStore.Testing/bin/Debug/net10.0/Hexalith.EventStore.Testing.dll
  Hexalith.EventStore.Client.Tests -> /tmp/event-managed-mutations-yk72hw_e/tests/Hexalith.EventStore.Client.Tests/bin/Debug/net10.0/Hexalith.EventStore.Client.Tests.dll

Build succeeded.
    0 Warning(s)
    0 Error(s)

Time Elapsed 00:00:07.82
