$ dotnet build tests/Hexalith.EventStore.Client.Tests/Hexalith.EventStore.Client.Tests.csproj --configuration Debug -p:UseHexalithProjectReferences=true -m:1
Timeout: 180s
Exit: 1
  Determining projects to restore...
  Restored /tmp/event-managed-mutations-2hdroafw/src/Hexalith.EventStore.Contracts/Hexalith.EventStore.Contracts.csproj (in 327 ms).
  Restored /tmp/event-managed-mutations-2hdroafw/src/Hexalith.EventStore.Admin.Abstractions/Hexalith.EventStore.Admin.Abstractions.csproj (in 327 ms).
  Restored /tmp/event-managed-mutations-2hdroafw/src/Hexalith.EventStore.ServiceDefaults/Hexalith.EventStore.ServiceDefaults.csproj (in 328 ms).
  Restored /tmp/event-managed-mutations-2hdroafw/references/Hexalith.Commons/src/libraries/Hexalith.Commons.UniqueIds/Hexalith.Commons.UniqueIds.csproj (in 327 ms).
  Restored /tmp/event-managed-mutations-2hdroafw/src/Hexalith.EventStore.DomainService/Hexalith.EventStore.DomainService.csproj (in 328 ms).
  Restored /tmp/event-managed-mutations-2hdroafw/src/Hexalith.EventStore.Gateway/Hexalith.EventStore.Gateway.csproj (in 329 ms).
  Restored /tmp/event-managed-mutations-2hdroafw/src/Hexalith.EventStore.Testing/Hexalith.EventStore.Testing.csproj (in 332 ms).
  Restored /tmp/event-managed-mutations-2hdroafw/src/Hexalith.EventStore.Server/Hexalith.EventStore.Server.csproj (in 331 ms).
  Restored /tmp/event-managed-mutations-2hdroafw/src/Hexalith.EventStore.Client/Hexalith.EventStore.Client.csproj (in 327 ms).
  Restored /tmp/event-managed-mutations-2hdroafw/src/Hexalith.EventStore/Hexalith.EventStore.csproj (in 329 ms).
  Restored /tmp/event-managed-mutations-2hdroafw/tests/Hexalith.EventStore.Client.Tests/Hexalith.EventStore.Client.Tests.csproj (in 338 ms).
  Hexalith.Commons.UniqueIds -> /tmp/event-managed-mutations-2hdroafw/references/Hexalith.Commons/src/libraries/Hexalith.Commons.UniqueIds/bin/Debug/net10.0/Hexalith.Commons.UniqueIds.dll
  Successfully created package '/home/administrator/projects/hexalith/eventstore/references/Hexalith.Commons/src/libraries/Hexalith.Commons.UniqueIds/bin/Debug/Hexalith.Commons.UniqueIds.1.0.0.nupkg'.
  Successfully created package '/home/administrator/projects/hexalith/eventstore/references/Hexalith.Commons/src/libraries/Hexalith.Commons.UniqueIds/bin/Debug/Hexalith.Commons.UniqueIds.1.0.0.snupkg'.
CSC : error CS0006: Metadata file '/tmp/event-managed-mutations-2hdroafw/references/Hexalith.Commons/src/libraries/Hexalith.Commons.UniqueIds/obj/Debug/net10.0/ref/Hexalith.Commons.UniqueIds.dll' could not be found [/tmp/event-managed-mutations-2hdroafw/src/Hexalith.EventStore.Contracts/Hexalith.EventStore.Contracts.csproj]
  Hexalith.EventStore.ServiceDefaults -> /tmp/event-managed-mutations-2hdroafw/src/Hexalith.EventStore.ServiceDefaults/bin/Debug/net10.0/Hexalith.EventStore.ServiceDefaults.dll

Build FAILED.

CSC : error CS0006: Metadata file '/tmp/event-managed-mutations-2hdroafw/references/Hexalith.Commons/src/libraries/Hexalith.Commons.UniqueIds/obj/Debug/net10.0/ref/Hexalith.Commons.UniqueIds.dll' could not be found [/tmp/event-managed-mutations-2hdroafw/src/Hexalith.EventStore.Contracts/Hexalith.EventStore.Contracts.csproj]
    0 Warning(s)
    1 Error(s)

Time Elapsed 00:00:03.05
